Warp 1.12.1 initialized:
   CUDA Toolkit 12.9, Driver 12.5
   Devices:
     "cpu"      : "x86_64"
     "cuda:0"   : "NVIDIA GeForce RTX 4090" (24 GiB, sm_89, mempool enabled)
   Kernel cache:
     /home/nstaykov/.cache/warp/1.12.1
Warp DeprecationWarning: The symbol `warp.types.warp_type_to_np_dtype` will soon be removed from the public API. It can still be accessed from `warp._src.types.warp_type_to_np_dtype` but might be changed or removed without notice.
/local/home/nstaykov/workspace/mujoco_playground/mujoco_playground/_src/manipulation/tesollo_hand/obs.py:161: UserWarning: obs_noise.scales has keys not in active obs spec: {'fingertip_force_dirs', 'fingertip_forces'}
  warnings.warn(
Environment Config:
action_repeat: 1
ctrl_dt: 0.05
cube_pos_offset:
- 0.0
- 0.0
cube_size_scale: 1.0
domain_rand:
  actuator_kp:
  - 1.0
  - 1.0
  cube_mass:
  - 1.0
  - 1.0
  cube_pos:
  - 0.0
  - 0.0
  cube_size:
  - 0.85
  - 1.15
ema_alpha: 0.15
episode_length: 80
force_target_period: 2.0
force_target_range:
- 2.0
- 5.0
force_target_sinusoid: true
force_tolerance: 0.75
ghost_cube: false
impl: warp
nconmax: 409600
njmax: 1024
obs_noise:
  bias_scales:
    fingertip_force_dirs: 0.0
    fingertip_forces: 0.0
    joint_pos: 0.0
    joint_vel: 0.0
    motor_targets: 0.0
  level: 0.0
  scales:
    fingertip_force_dirs: 0.0
    fingertip_forces: 0.0
    joint_pos: 0.001
    joint_vel: 0.01
    motor_targets: 0.0
pert_config:
  angular_velocity_pert:
  - 0.0
  - 0.5
  enable: false
  linear_velocity_pert:
  - 0.0
  - 3.0
  pert_duration_steps:
  - 1
  - 100
  pert_wait_steps:
  - 60
  - 150
pid_gains:
  enable: false
  finger_kp: 3.0
  finger_kv: 0.0
  kp_per_actuator: []
  kv_per_actuator: []
reward_config:
  scales:
    action_rate: -0.005
    cube_force: 5.0
    fingertip_pos_per_tip: 2.0
    joint_vel: -0.01
  success_reward: 10.0
sensor_bundle: proprio.target
sim_dt: 0.01
success_hold_time: 0.5
use_ctrl_delta: false
weld_cube: true

PPO Training Parameters:
action_repeat: 1
batch_size: 256
discounting: 0.995
entropy_cost: 0.01
episode_length: 80
learning_rate: 0.0001
log_training_metrics: true
max_grad_norm: 1.0
network_factory:
  policy_hidden_layer_sizes: &id001 !!python/tuple
  - 256
  - 128
  - 64
  policy_obs_key: state
  value_hidden_layer_sizes: *id001
  value_obs_key: privileged_state
normalize_observations: true
num_envs: 8192
num_evals: 10
num_minibatches: 64
num_resets_per_eval: 1
num_timesteps: 500000000
num_updates_per_batch: 4
reward_scaling: 1.0
training_metrics_steps: 20000000
unroll_length: 40

CLI overrides: {
  "env_name": "TesolloCubePinch",
  "suffix": "cubepinch_sb_propriotarget_s6",
  "use_wandb": true,
  "log_video_to_wandb": true,
  "domain_randomization": true,
  "seed": 6,
  "num_timesteps": 500000000,
  "num_envs": 8192,
  "log_training_metrics": true,
  "training_metrics_steps": 20000000,
  "env_overrides_file": "logs/_queue/pinch_sweep_size_rand_sinusoid-20260624-142357/run-05-TesolloCubePinch-cubepinch_sb_propriotarget_s6-overrides.yaml"
}
Experiment name: TesolloCubePinch-20260624-154905-cubepinch_sb_propriotarget_s6
Logs are being stored in: /local/home/nstaykov/workspace/mujoco_playground/logs/TesolloCubePinch-20260624-154905-cubepinch_sb_propriotarget_s6
wandb: [wandb.login()] Loaded credentials for https://api.wandb.ai from WANDB_API_KEY.
wandb: Currently logged in as: nstaykov (nikolastaykov) to https://api.wandb.ai. Use `wandb login --relogin` to force relogin
wandb: Tracking run with wandb version 0.26.1
wandb: Run data is saved locally in /local/home/nstaykov/workspace/mujoco_playground/wandb/run-20260624_154906-a4pl2nyu
wandb: Run `wandb offline` to turn off syncing.
wandb: Syncing run TesolloCubePinch-20260624-154905-cubepinch_sb_propriotarget_s6
wandb: ⭐️ View project at https://wandb.ai/nikolastaykov/mjxrl
wandb: 🚀 View run at https://wandb.ai/nikolastaykov/mjxrl/runs/a4pl2nyu
No checkpoint path provided, not restoring from checkpoint
Checkpoint path: /local/home/nstaykov/workspace/mujoco_playground/logs/TesolloCubePinch-20260624-154905-cubepinch_sb_propriotarget_s6/checkpoints
/local/home/nstaykov/workspace/mujoco_playground/mujoco_playground/_src/manipulation/tesollo_hand/obs.py:161: UserWarning: obs_noise.scales has keys not in active obs spec: {'fingertip_force_dirs', 'fingertip_forces'}
  warnings.warn(
Module mujoco.mjx.warp.ffi 98d2031 load on device 'cuda:0' took 0.40 ms  (cached)
Module mujoco.mjx.third_party.mujoco_warp._src.smooth 26bbc02 load on device 'cuda:0' took 6.35 ms  (cached)
Module mujoco.mjx.third_party.mujoco_warp._src.collision_driver 88f7770 load on device 'cuda:0' took 0.27 ms  (cached)
Module _nxn_broadphase__locals__kernel_c763f4cb c763f4c load on device 'cuda:0' took 0.28 ms  (cached)
Module _primitive_narrowphase__locals__primitive_narrowphase_072e9f5e 072e9f5 load on device 'cuda:0' took 0.36 ms  (cached)
Module mujoco.mjx.third_party.mujoco_warp._src.constraint c567367 load on device 'cuda:0' took 0.42 ms  (cached)
Module mujoco.mjx.third_party.mujoco_warp._src.sensor 18a78e5 load on device 'cuda:0' took 0.47 ms  (cached)
Module mujoco.mjx.third_party.mujoco_warp._src.forward 16fbac8 load on device 'cuda:0' took 0.39 ms  (cached)
Module mujoco.mjx.third_party.mujoco_warp._src.passive 8bfe11c load on device 'cuda:0' took 0.33 ms  (cached)
Module mujoco.mjx.third_party.mujoco_warp._src.forward 8f5355c load on device 'cuda:0' took 0.42 ms  (cached)
Module mujoco.mjx.third_party.mujoco_warp._src.support dd3f924 load on device 'cuda:0' took 0.25 ms  (cached)
Module _tile_cholesky_factorize_solve__locals__cholesky_factorize_solve_fb56ecff 06a1263 load on device 'cuda:0' took 25.77 ms  (cached)
Module mujoco.mjx.third_party.mujoco_warp._src.solver b116efb load on device 'cuda:0' took 0.49 ms  (cached)
Module solve_init_jaref__locals__kernel_92ac5104 92ac510 load on device 'cuda:0' took 0.45 ms  (cached)
Module mul_m_dense__locals___mul_m_dense_4674517e 4674517 load on device 'cuda:0' took 0.39 ms  (cached)
Module update_constraint_efc__locals__kernel_81015163 8101516 load on device 'cuda:0' took 0.29 ms  (cached)
Module update_constraint_gauss_cost__locals__kernel_266b2051 266b205 load on device 'cuda:0' took 0.42 ms  (cached)
Module update_gradient_JTDAJ_dense_tiled__locals__kernel_f57d3998 abf76dd load on device 'cuda:0' took 0.56 ms  (cached)
Module update_gradient_cholesky__locals__kernel_84e35302 9d5b72e load on device 'cuda:0' took 29.88 ms  (cached)
Module linesearch_iterative__locals__kernel_94acdc55 9c914fd load on device 'cuda:0' took 0.36 ms  (cached)
Module update_constraint_efc__locals__kernel_25737258 2573725 load on device 'cuda:0' took 0.27 ms  (cached)
Module _contact_sort__locals__contact_sort_44d31eb2 de954a2 load on device 'cuda:0' took 0.35 ms  (cached)
0: reward=7.612

  0%|          | 0/40 [00:00<?, ?it/s]
  5%|▌         | 2/40 [00:00<00:02, 17.57it/s]
 12%|█▎        | 5/40 [00:00<00:01, 20.96it/s]
 20%|██        | 8/40 [00:00<00:01, 22.42it/s]
 28%|██▊       | 11/40 [00:00<00:01, 22.36it/s]
 35%|███▌      | 14/40 [00:00<00:01, 22.41it/s]
 42%|████▎     | 17/40 [00:00<00:01, 22.57it/s]
 50%|█████     | 20/40 [00:00<00:00, 22.53it/s]
 57%|█████▊    | 23/40 [00:01<00:00, 24.14it/s]
 65%|██████▌   | 26/40 [00:01<00:00, 25.18it/s]
 72%|███████▎  | 29/40 [00:01<00:00, 26.34it/s]
 80%|████████  | 32/40 [00:01<00:00, 26.98it/s]
 88%|████████▊ | 35/40 [00:01<00:00, 27.43it/s]
 95%|█████████▌| 38/40 [00:01<00:00, 27.22it/s]
100%|██████████| 40/40 [00:01<00:00, 24.76it/s]
wandb: WARNING `fps` argument does not affect the frame rate of the video when providing a file path or raw bytes.
20316160: mean episode reward=9.934
40632320: mean episode reward=11.331

  0%|          | 0/40 [00:00<?, ?it/s]
  5%|▌         | 2/40 [00:00<00:02, 15.19it/s]
 12%|█▎        | 5/40 [00:00<00:01, 19.17it/s]
 20%|██        | 8/40 [00:00<00:01, 20.59it/s]
 28%|██▊       | 11/40 [00:00<00:01, 21.32it/s]
 35%|███▌      | 14/40 [00:00<00:01, 21.80it/s]
 42%|████▎     | 17/40 [00:00<00:01, 21.83it/s]
 50%|█████     | 20/40 [00:00<00:00, 22.76it/s]
 57%|█████▊    | 23/40 [00:01<00:00, 23.11it/s]
 65%|██████▌   | 26/40 [00:01<00:00, 23.88it/s]
 72%|███████▎  | 29/40 [00:01<00:00, 24.34it/s]
 80%|████████  | 32/40 [00:01<00:00, 25.22it/s]
 88%|████████▊ | 35/40 [00:01<00:00, 25.22it/s]
 95%|█████████▌| 38/40 [00:01<00:00, 24.96it/s]
100%|██████████| 40/40 [00:01<00:00, 23.21it/s]
wandb: WARNING `fps` argument does not affect the frame rate of the video when providing a file path or raw bytes.
55705600: reward=12.355
60948480: mean episode reward=13.155
81264640: mean episode reward=14.786
101580800: mean episode reward=16.094

  0%|          | 0/40 [00:00<?, ?it/s]
  5%|▌         | 2/40 [00:00<00:02, 15.98it/s]
 12%|█▎        | 5/40 [00:00<00:01, 20.30it/s]
 20%|██        | 8/40 [00:00<00:01, 23.06it/s]
 28%|██▊       | 11/40 [00:00<00:01, 24.02it/s]
 35%|███▌      | 14/40 [00:00<00:01, 24.65it/s]
 42%|████▎     | 17/40 [00:00<00:00, 24.90it/s]
 50%|█████     | 20/40 [00:00<00:00, 24.77it/s]
 57%|█████▊    | 23/40 [00:00<00:00, 23.83it/s]
 65%|██████▌   | 26/40 [00:01<00:00, 23.62it/s]
 72%|███████▎  | 29/40 [00:01<00:00, 23.97it/s]
 80%|████████  | 32/40 [00:01<00:00, 24.51it/s]
 88%|████████▊ | 35/40 [00:01<00:00, 23.90it/s]
 95%|█████████▌| 38/40 [00:01<00:00, 23.42it/s]
100%|██████████| 40/40 [00:01<00:00, 23.62it/s]
wandb: WARNING `fps` argument does not affect the frame rate of the video when providing a file path or raw bytes.
111411200: reward=17.258
121896960: mean episode reward=18.251
142213120: mean episode reward=22.849
162529280: mean episode reward=23.074

  0%|          | 0/40 [00:00<?, ?it/s]
  5%|▌         | 2/40 [00:00<00:02, 17.37it/s]
 12%|█▎        | 5/40 [00:00<00:01, 22.47it/s]
 20%|██        | 8/40 [00:00<00:01, 23.56it/s]
 28%|██▊       | 11/40 [00:00<00:01, 24.45it/s]
 35%|███▌      | 14/40 [00:00<00:01, 24.76it/s]
 42%|████▎     | 17/40 [00:00<00:00, 25.34it/s]
 50%|█████     | 20/40 [00:00<00:00, 25.81it/s]
 57%|█████▊    | 23/40 [00:00<00:00, 26.29it/s]
 65%|██████▌   | 26/40 [00:01<00:00, 26.04it/s]
 72%|███████▎  | 29/40 [00:01<00:00, 25.79it/s]
 80%|████████  | 32/40 [00:01<00:00, 26.00it/s]
 88%|████████▊ | 35/40 [00:01<00:00, 25.50it/s]
 95%|█████████▌| 38/40 [00:01<00:00, 24.61it/s]
100%|██████████| 40/40 [00:01<00:00, 24.83it/s]
wandb: WARNING `fps` argument does not affect the frame rate of the video when providing a file path or raw bytes.
167116800: reward=18.684
182845440: mean episode reward=24.462
203161600: mean episode reward=23.728

  0%|          | 0/40 [00:00<?, ?it/s]
  5%|▌         | 2/40 [00:00<00:02, 16.85it/s]
 12%|█▎        | 5/40 [00:00<00:01, 21.20it/s]
 20%|██        | 8/40 [00:00<00:01, 21.53it/s]
 28%|██▊       | 11/40 [00:00<00:01, 22.90it/s]
 35%|███▌      | 14/40 [00:00<00:01, 23.41it/s]
 42%|████▎     | 17/40 [00:00<00:00, 23.66it/s]
 50%|█████     | 20/40 [00:00<00:00, 23.49it/s]
 57%|█████▊    | 23/40 [00:01<00:00, 23.01it/s]
 65%|██████▌   | 26/40 [00:01<00:00, 23.46it/s]
 72%|███████▎  | 29/40 [00:01<00:00, 24.20it/s]
 80%|████████  | 32/40 [00:01<00:00, 24.07it/s]
 88%|████████▊ | 35/40 [00:01<00:00, 23.55it/s]
 95%|█████████▌| 38/40 [00:01<00:00, 24.41it/s]
100%|██████████| 40/40 [00:01<00:00, 23.51it/s]
wandb: WARNING `fps` argument does not affect the frame rate of the video when providing a file path or raw bytes.
222822400: reward=18.612
223477760: mean episode reward=18.897
243793920: mean episode reward=23.817
264110080: mean episode reward=23.671

  0%|          | 0/40 [00:00<?, ?it/s]
  5%|▌         | 2/40 [00:00<00:02, 16.05it/s]
 12%|█▎        | 5/40 [00:00<00:01, 20.59it/s]
 20%|██        | 8/40 [00:00<00:01, 22.60it/s]
 28%|██▊       | 11/40 [00:00<00:01, 23.95it/s]
 35%|███▌      | 14/40 [00:00<00:01, 24.93it/s]
 42%|████▎     | 17/40 [00:00<00:00, 25.37it/s]
 50%|█████     | 20/40 [00:00<00:00, 25.17it/s]
 57%|█████▊    | 23/40 [00:00<00:00, 26.08it/s]
 65%|██████▌   | 26/40 [00:01<00:00, 26.94it/s]
 72%|███████▎  | 29/40 [00:01<00:00, 27.48it/s]
 80%|████████  | 32/40 [00:01<00:00, 27.73it/s]
 88%|████████▊ | 35/40 [00:01<00:00, 27.15it/s]
 95%|█████████▌| 38/40 [00:01<00:00, 26.71it/s]
100%|██████████| 40/40 [00:01<00:00, 25.43it/s]
wandb: WARNING `fps` argument does not affect the frame rate of the video when providing a file path or raw bytes.
278528000: reward=18.617
284426240: mean episode reward=25.693
304742400: mean episode reward=25.368
325058560: mean episode reward=27.607

  0%|          | 0/40 [00:00<?, ?it/s]
  5%|▌         | 2/40 [00:00<00:02, 15.84it/s]
 12%|█▎        | 5/40 [00:00<00:01, 20.49it/s]
 20%|██        | 8/40 [00:00<00:01, 20.99it/s]
 28%|██▊       | 11/40 [00:00<00:01, 22.27it/s]
 35%|███▌      | 14/40 [00:00<00:01, 23.54it/s]
 42%|████▎     | 17/40 [00:00<00:00, 24.64it/s]
 52%|█████▎    | 21/40 [00:00<00:00, 26.54it/s]
 60%|██████    | 24/40 [00:00<00:00, 26.94it/s]
 68%|██████▊   | 27/40 [00:01<00:00, 27.10it/s]
 75%|███████▌  | 30/40 [00:01<00:00, 26.13it/s]
 82%|████████▎ | 33/40 [00:01<00:00, 26.17it/s]
 90%|█████████ | 36/40 [00:01<00:00, 25.78it/s]
 98%|█████████▊| 39/40 [00:01<00:00, 24.16it/s]
100%|██████████| 40/40 [00:01<00:00, 24.43it/s]
wandb: WARNING `fps` argument does not affect the frame rate of the video when providing a file path or raw bytes.
334233600: reward=22.055
345374720: mean episode reward=27.833
365690880: mean episode reward=28.542
386007040: mean episode reward=28.016

  0%|          | 0/40 [00:00<?, ?it/s]
  5%|▌         | 2/40 [00:00<00:02, 16.42it/s]
 12%|█▎        | 5/40 [00:00<00:01, 20.85it/s]
 20%|██        | 8/40 [00:00<00:01, 23.37it/s]
 28%|██▊       | 11/40 [00:00<00:01, 23.51it/s]
 35%|███▌      | 14/40 [00:00<00:01, 23.40it/s]
 42%|████▎     | 17/40 [00:00<00:00, 23.25it/s]
 50%|█████     | 20/40 [00:00<00:00, 22.31it/s]
 57%|█████▊    | 23/40 [00:01<00:00, 21.94it/s]
 65%|██████▌   | 26/40 [00:01<00:00, 21.75it/s]
 72%|███████▎  | 29/40 [00:01<00:00, 23.02it/s]
 80%|████████  | 32/40 [00:01<00:00, 23.40it/s]
 88%|████████▊ | 35/40 [00:01<00:00, 23.30it/s]
 95%|█████████▌| 38/40 [00:01<00:00, 22.73it/s]
100%|██████████| 40/40 [00:01<00:00, 22.57it/s]
wandb: WARNING `fps` argument does not affect the frame rate of the video when providing a file path or raw bytes.
389939200: reward=18.979
406323200: mean episode reward=28.329
426639360: mean episode reward=28.444

  0%|          | 0/40 [00:00<?, ?it/s]
  5%|▌         | 2/40 [00:00<00:01, 19.07it/s]
 12%|█▎        | 5/40 [00:00<00:01, 23.66it/s]
 20%|██        | 8/40 [00:00<00:01, 24.91it/s]
 28%|██▊       | 11/40 [00:00<00:01, 25.34it/s]
 35%|███▌      | 14/40 [00:00<00:01, 25.35it/s]
 42%|████▎     | 17/40 [00:00<00:00, 25.39it/s]
 50%|█████     | 20/40 [00:00<00:00, 26.12it/s]
 57%|█████▊    | 23/40 [00:00<00:00, 26.75it/s]
 65%|██████▌   | 26/40 [00:01<00:00, 27.43it/s]
 72%|███████▎  | 29/40 [00:01<00:00, 27.07it/s]
 80%|████████  | 32/40 [00:01<00:00, 26.87it/s]
 88%|████████▊ | 35/40 [00:01<00:00, 26.40it/s]
 95%|█████████▌| 38/40 [00:01<00:00, 25.43it/s]
100%|██████████| 40/40 [00:01<00:00, 25.71it/s]
wandb: WARNING `fps` argument does not affect the frame rate of the video when providing a file path or raw bytes.
445644800: reward=19.435
446955520: mean episode reward=27.904
467271680: mean episode reward=27.860
487587840: mean episode reward=27.868

  0%|          | 0/40 [00:00<?, ?it/s]
  5%|▌         | 2/40 [00:00<00:02, 16.37it/s]
 12%|█▎        | 5/40 [00:00<00:01, 22.30it/s]
 20%|██        | 8/40 [00:00<00:01, 23.00it/s]
 28%|██▊       | 11/40 [00:00<00:01, 24.85it/s]
 35%|███▌      | 14/40 [00:00<00:01, 25.99it/s]
 42%|████▎     | 17/40 [00:00<00:00, 26.58it/s]
 52%|█████▎    | 21/40 [00:00<00:00, 27.91it/s]
 60%|██████    | 24/40 [00:00<00:00, 27.52it/s]
 68%|██████▊   | 27/40 [00:01<00:00, 27.39it/s]
 75%|███████▌  | 30/40 [00:01<00:00, 27.29it/s]
 82%|████████▎ | 33/40 [00:01<00:00, 26.81it/s]
 90%|█████████ | 36/40 [00:01<00:00, 26.77it/s]
 98%|█████████▊| 39/40 [00:01<00:00, 27.54it/s]
100%|██████████| 40/40 [00:01<00:00, 26.43it/s]
wandb: WARNING `fps` argument does not affect the frame rate of the video when providing a file path or raw bytes.
501350400: reward=22.998
Done training.
Time to JIT compile: 17.906992733478546
Time to train: 955.1770043373108
Starting inference...
FPS for rendering: 10.0

  0%|          | 0/500 [00:00<?, ?it/s]
  0%|          | 2/500 [00:00<00:28, 17.48it/s]
  1%|          | 5/500 [00:00<00:21, 22.61it/s]
  2%|▏         | 8/500 [00:00<00:21, 23.30it/s]
  2%|▏         | 11/500 [00:00<00:20, 23.75it/s]
  3%|▎         | 14/500 [00:00<00:21, 23.04it/s]
  3%|▎         | 17/500 [00:00<00:21, 22.72it/s]
  4%|▍         | 20/500 [00:00<00:19, 24.17it/s]
  5%|▍         | 23/500 [00:00<00:19, 24.95it/s]
  5%|▌         | 26/500 [00:01<00:18, 26.25it/s]
  6%|▌         | 29/500 [00:01<00:17, 26.96it/s]
  6%|▋         | 32/500 [00:01<00:17, 27.04it/s]
  7%|▋         | 35/500 [00:01<00:17, 26.26it/s]
  8%|▊         | 38/500 [00:01<00:17, 26.43it/s]
  8%|▊         | 41/500 [00:01<00:17, 26.33it/s]
  9%|▉         | 44/500 [00:01<00:17, 26.69it/s]
  9%|▉         | 47/500 [00:01<00:16, 26.91it/s]
 10%|█         | 50/500 [00:01<00:16, 26.89it/s]
 11%|█         | 53/500 [00:02<00:16, 27.25it/s]
 11%|█         | 56/500 [00:02<00:16, 27.07it/s]
 12%|█▏        | 59/500 [00:02<00:16, 27.40it/s]
 12%|█▏        | 62/500 [00:02<00:15, 27.43it/s]
 13%|█▎        | 65/500 [00:02<00:16, 26.97it/s]
 14%|█▎        | 68/500 [00:02<00:16, 26.69it/s]
 14%|█▍        | 71/500 [00:02<00:16, 26.20it/s]
 15%|█▍        | 74/500 [00:02<00:16, 25.20it/s]
 15%|█▌        | 77/500 [00:03<00:17, 24.34it/s]
 16%|█▌        | 80/500 [00:03<00:17, 23.58it/s]
 17%|█▋        | 83/500 [00:03<00:18, 22.72it/s]
 17%|█▋        | 86/500 [00:03<00:18, 22.97it/s]
 18%|█▊        | 89/500 [00:03<00:17, 23.47it/s]
 18%|█▊        | 92/500 [00:03<00:17, 23.08it/s]
 19%|█▉        | 95/500 [00:03<00:17, 23.48it/s]
 20%|█▉        | 98/500 [00:03<00:17, 23.13it/s]
 20%|██        | 101/500 [00:04<00:17, 22.77it/s]
 21%|██        | 104/500 [00:04<00:17, 23.07it/s]
 21%|██▏       | 107/500 [00:04<00:16, 23.55it/s]
 22%|██▏       | 110/500 [00:04<00:16, 23.72it/s]
 23%|██▎       | 113/500 [00:04<00:15, 24.32it/s]
 23%|██▎       | 116/500 [00:04<00:15, 24.82it/s]
 24%|██▍       | 119/500 [00:04<00:15, 25.23it/s]
 24%|██▍       | 122/500 [00:04<00:14, 25.28it/s]
 25%|██▌       | 125/500 [00:05<00:14, 26.21it/s]
 26%|██▌       | 128/500 [00:05<00:14, 26.25it/s]
 26%|██▌       | 131/500 [00:05<00:14, 24.97it/s]
 27%|██▋       | 134/500 [00:05<00:15, 23.66it/s]
 27%|██▋       | 137/500 [00:05<00:15, 23.29it/s]
 28%|██▊       | 140/500 [00:05<00:15, 23.37it/s]
 29%|██▊       | 143/500 [00:05<00:15, 23.38it/s]
 29%|██▉       | 146/500 [00:05<00:15, 23.12it/s]
 30%|██▉       | 149/500 [00:06<00:15, 22.87it/s]
 30%|███       | 152/500 [00:06<00:14, 23.80it/s]
 31%|███       | 155/500 [00:06<00:14, 23.59it/s]
 32%|███▏      | 158/500 [00:06<00:14, 23.55it/s]
 32%|███▏      | 161/500 [00:06<00:13, 24.71it/s]
 33%|███▎      | 164/500 [00:06<00:13, 25.69it/s]
 33%|███▎      | 167/500 [00:06<00:12, 26.37it/s]
 34%|███▍      | 170/500 [00:06<00:12, 26.90it/s]
 35%|███▍      | 173/500 [00:06<00:11, 27.33it/s]
 35%|███▌      | 176/500 [00:07<00:11, 27.30it/s]
 36%|███▌      | 179/500 [00:07<00:11, 27.75it/s]
 36%|███▋      | 182/500 [00:07<00:11, 26.96it/s]
 37%|███▋      | 185/500 [00:07<00:12, 25.79it/s]
 38%|███▊      | 188/500 [00:07<00:12, 25.12it/s]
 38%|███▊      | 191/500 [00:07<00:12, 24.54it/s]
 39%|███▉      | 194/500 [00:07<00:12, 24.29it/s]
 39%|███▉      | 197/500 [00:07<00:12, 24.37it/s]
 40%|████      | 200/500 [00:08<00:12, 23.71it/s]
 41%|████      | 203/500 [00:08<00:12, 23.53it/s]
 41%|████      | 206/500 [00:08<00:12, 23.48it/s]
 42%|████▏     | 209/500 [00:08<00:12, 23.50it/s]
 42%|████▏     | 212/500 [00:08<00:12, 23.89it/s]
 43%|████▎     | 215/500 [00:08<00:11, 24.65it/s]
 44%|████▎     | 218/500 [00:08<00:11, 25.30it/s]
 44%|████▍     | 221/500 [00:08<00:10, 25.61it/s]
 45%|████▍     | 224/500 [00:09<00:10, 25.99it/s]
 45%|████▌     | 227/500 [00:09<00:10, 26.29it/s]
 46%|████▌     | 230/500 [00:09<00:10, 25.55it/s]
 47%|████▋     | 233/500 [00:09<00:10, 24.64it/s]
 47%|████▋     | 236/500 [00:09<00:11, 23.88it/s]
 48%|████▊     | 239/500 [00:09<00:10, 24.09it/s]
 48%|████▊     | 242/500 [00:09<00:10, 24.32it/s]
 49%|████▉     | 245/500 [00:09<00:10, 23.78it/s]
 50%|████▉     | 248/500 [00:10<00:10, 23.13it/s]
 50%|█████     | 251/500 [00:10<00:10, 22.88it/s]
 51%|█████     | 254/500 [00:10<00:10, 23.03it/s]
 51%|█████▏    | 257/500 [00:10<00:10, 22.85it/s]
 52%|█████▏    | 260/500 [00:10<00:10, 23.13it/s]
 53%|█████▎    | 263/500 [00:10<00:10, 23.58it/s]
 53%|█████▎    | 266/500 [00:10<00:09, 24.65it/s]
 54%|█████▍    | 269/500 [00:10<00:09, 25.46it/s]
 54%|█████▍    | 272/500 [00:11<00:08, 25.69it/s]
 55%|█████▌    | 275/500 [00:11<00:08, 25.87it/s]
 56%|█████▌    | 278/500 [00:11<00:08, 25.75it/s]
 56%|█████▌    | 281/500 [00:11<00:08, 25.64it/s]
 57%|█████▋    | 284/500 [00:11<00:08, 25.40it/s]
 57%|█████▋    | 287/500 [00:11<00:08, 24.23it/s]
 58%|█████▊    | 290/500 [00:11<00:08, 23.51it/s]
 59%|█████▊    | 293/500 [00:11<00:08, 24.34it/s]
 59%|█████▉    | 296/500 [00:11<00:08, 25.26it/s]
 60%|█████▉    | 299/500 [00:12<00:07, 25.97it/s]
 60%|██████    | 302/500 [00:12<00:07, 26.55it/s]
 61%|██████    | 305/500 [00:12<00:07, 26.87it/s]
 62%|██████▏   | 308/500 [00:12<00:07, 25.49it/s]
 62%|██████▏   | 311/500 [00:12<00:07, 24.57it/s]
 63%|██████▎   | 314/500 [00:12<00:07, 23.69it/s]
 63%|██████▎   | 317/500 [00:12<00:07, 23.86it/s]
 64%|██████▍   | 320/500 [00:12<00:07, 23.90it/s]
 65%|██████▍   | 323/500 [00:13<00:07, 24.16it/s]
 65%|██████▌   | 326/500 [00:13<00:07, 24.43it/s]
 66%|██████▌   | 329/500 [00:13<00:06, 24.64it/s]
 66%|██████▋   | 332/500 [00:13<00:06, 24.81it/s]
 67%|██████▋   | 335/500 [00:13<00:06, 24.54it/s]
 68%|██████▊   | 338/500 [00:13<00:06, 24.73it/s]
 68%|██████▊   | 341/500 [00:13<00:06, 25.16it/s]
 69%|██████▉   | 344/500 [00:13<00:06, 25.36it/s]
 69%|██████▉   | 347/500 [00:14<00:06, 24.58it/s]
 70%|███████   | 350/500 [00:14<00:06, 24.36it/s]
 71%|███████   | 353/500 [00:14<00:06, 24.35it/s]
 71%|███████   | 356/500 [00:14<00:06, 23.94it/s]
 72%|███████▏  | 359/500 [00:14<00:05, 23.83it/s]
 72%|███████▏  | 362/500 [00:14<00:05, 23.43it/s]
 73%|███████▎  | 365/500 [00:14<00:05, 23.70it/s]
 74%|███████▎  | 368/500 [00:14<00:05, 23.53it/s]
 74%|███████▍  | 371/500 [00:15<00:05, 23.06it/s]
 75%|███████▍  | 374/500 [00:15<00:05, 23.23it/s]
 75%|███████▌  | 377/500 [00:15<00:05, 22.85it/s]
 76%|███████▌  | 380/500 [00:15<00:05, 22.74it/s]
 77%|███████▋  | 383/500 [00:15<00:04, 23.47it/s]
 77%|███████▋  | 386/500 [00:15<00:04, 23.73it/s]
 78%|███████▊  | 389/500 [00:15<00:04, 23.92it/s]
 78%|███████▊  | 392/500 [00:15<00:04, 23.70it/s]
 79%|███████▉  | 395/500 [00:16<00:04, 23.42it/s]
 80%|███████▉  | 398/500 [00:16<00:04, 23.69it/s]
 80%|████████  | 401/500 [00:16<00:04, 23.29it/s]
 81%|████████  | 404/500 [00:16<00:04, 23.69it/s]
 81%|████████▏ | 407/500 [00:16<00:04, 22.97it/s]
 82%|████████▏ | 410/500 [00:16<00:03, 22.91it/s]
 83%|████████▎ | 413/500 [00:16<00:03, 23.34it/s]
 83%|████████▎ | 416/500 [00:16<00:03, 23.98it/s]
 84%|████████▍ | 419/500 [00:17<00:03, 24.90it/s]
 84%|████████▍ | 422/500 [00:17<00:03, 25.01it/s]
 85%|████████▌ | 425/500 [00:17<00:03, 24.57it/s]
 86%|████████▌ | 428/500 [00:17<00:03, 23.72it/s]
 86%|████████▌ | 431/500 [00:17<00:02, 24.08it/s]
 87%|████████▋ | 434/500 [00:17<00:02, 24.28it/s]
 87%|████████▋ | 437/500 [00:17<00:02, 24.82it/s]
 88%|████████▊ | 440/500 [00:17<00:02, 24.94it/s]
 89%|████████▊ | 443/500 [00:18<00:02, 25.14it/s]
 89%|████████▉ | 446/500 [00:18<00:02, 25.02it/s]
 90%|████████▉ | 449/500 [00:18<00:02, 24.82it/s]
 90%|█████████ | 452/500 [00:18<00:01, 25.80it/s]
 91%|█████████ | 455/500 [00:18<00:01, 26.43it/s]
 92%|█████████▏| 458/500 [00:18<00:01, 26.42it/s]
 92%|█████████▏| 461/500 [00:18<00:01, 26.40it/s]
 93%|█████████▎| 464/500 [00:18<00:01, 26.04it/s]
 93%|█████████▎| 467/500 [00:18<00:01, 25.75it/s]
 94%|█████████▍| 470/500 [00:19<00:01, 25.66it/s]
 95%|█████████▍| 473/500 [00:19<00:01, 25.72it/s]
 95%|█████████▌| 476/500 [00:19<00:00, 25.58it/s]
 96%|█████████▌| 479/500 [00:19<00:00, 25.13it/s]
 96%|█████████▋| 482/500 [00:19<00:00, 25.12it/s]
 97%|█████████▋| 485/500 [00:19<00:00, 24.54it/s]
 98%|█████████▊| 488/500 [00:19<00:00, 24.64it/s]
 98%|█████████▊| 491/500 [00:19<00:00, 25.21it/s]
 99%|█████████▉| 494/500 [00:20<00:00, 25.55it/s]
 99%|█████████▉| 497/500 [00:20<00:00, 25.62it/s]
100%|██████████| 500/500 [00:20<00:00, 26.13it/s]
100%|██████████| 500/500 [00:20<00:00, 24.66it/s]
Rollout video saved as 'rollout0.mp4'.
[1;34mwandb[0m: 
[1;34mwandb[0m: 🚀 View run [33mTesolloCubePinch-20260624-154905-cubepinch_sb_propriotarget_s6[0m at: [34mhttps://wandb.ai/nikolastaykov/mjxrl/runs/a4pl2nyu[0m
[1;34mwandb[0m: Find logs at: [1;35mwandb/run-20260624_154906-a4pl2nyu/logs[0m
