Warp 1.12.1 initialized:
   CUDA Toolkit 12.9, Driver 12.5
   Devices:
     "cpu"      : "x86_64"
     "cuda:0"   : "NVIDIA GeForce RTX 4090" (24 GiB, sm_89, mempool enabled)
   Kernel cache:
     /home/nstaykov/.cache/warp/1.12.1
Warp DeprecationWarning: The symbol `warp.types.warp_type_to_np_dtype` will soon be removed from the public API. It can still be accessed from `warp._src.types.warp_type_to_np_dtype` but might be changed or removed without notice.
/local/home/nstaykov/workspace/mujoco_playground/mujoco_playground/_src/manipulation/tesollo_hand/obs.py:161: UserWarning: obs_noise.scales has keys not in active obs spec: {'fingertip_forces', 'motor_targets', 'fingertip_force_dirs'}
  warnings.warn(
Environment Config:
action_repeat: 1
ctrl_dt: 0.05
cube_pos_offset:
- 0.0
- 0.0
cube_size_scale: 1.0
domain_rand:
  actuator_kp:
  - 1.0
  - 1.0
  cube_mass:
  - 1.0
  - 1.0
  cube_pos:
  - 0.0
  - 0.0
  cube_size:
  - 0.85
  - 1.15
ema_alpha: 0.15
episode_length: 80
force_target_period: 2.0
force_target_range:
- 2.0
- 5.0
force_target_sinusoid: true
force_tolerance: 0.75
ghost_cube: false
impl: warp
nconmax: 409600
njmax: 1024
obs_noise:
  bias_scales:
    fingertip_force_dirs: 0.0
    fingertip_forces: 0.0
    joint_pos: 0.0
    joint_vel: 0.0
    motor_targets: 0.0
  level: 0.0
  scales:
    fingertip_force_dirs: 0.0
    fingertip_forces: 0.0
    joint_pos: 0.001
    joint_vel: 0.01
    motor_targets: 0.0
pert_config:
  angular_velocity_pert:
  - 0.0
  - 0.5
  enable: false
  linear_velocity_pert:
  - 0.0
  - 3.0
  pert_duration_steps:
  - 1
  - 100
  pert_wait_steps:
  - 60
  - 150
pid_gains:
  enable: false
  finger_kp: 3.0
  finger_kv: 0.0
  kp_per_actuator: []
  kv_per_actuator: []
reward_config:
  scales:
    action_rate: -0.005
    cube_force: 5.0
    fingertip_pos_per_tip: 2.0
    joint_vel: -0.01
  success_reward: 10.0
sensor_bundle: proprio.delta
sim_dt: 0.01
success_hold_time: 0.5
use_ctrl_delta: false
weld_cube: true

PPO Training Parameters:
action_repeat: 1
batch_size: 256
discounting: 0.995
entropy_cost: 0.01
episode_length: 80
learning_rate: 0.0001
log_training_metrics: true
max_grad_norm: 1.0
network_factory:
  policy_hidden_layer_sizes: &id001 !!python/tuple
  - 256
  - 128
  - 64
  policy_obs_key: state
  value_hidden_layer_sizes: *id001
  value_obs_key: privileged_state
normalize_observations: true
num_envs: 8192
num_evals: 10
num_minibatches: 64
num_resets_per_eval: 1
num_timesteps: 500000000
num_updates_per_batch: 4
reward_scaling: 1.0
training_metrics_steps: 20000000
unroll_length: 40

CLI overrides: {
  "env_name": "TesolloCubePinch",
  "suffix": "cubepinch_sb_propriodelta_s4",
  "use_wandb": true,
  "log_video_to_wandb": true,
  "domain_randomization": true,
  "seed": 4,
  "num_timesteps": 500000000,
  "num_envs": 8192,
  "log_training_metrics": true,
  "training_metrics_steps": 20000000,
  "env_overrides_file": "logs/_queue/pinch_sweep_size_rand_sinusoid-20260624-142357/run-18-TesolloCubePinch-cubepinch_sb_propriodelta_s4-overrides.yaml"
}
Experiment name: TesolloCubePinch-20260624-191904-cubepinch_sb_propriodelta_s4
Logs are being stored in: /local/home/nstaykov/workspace/mujoco_playground/logs/TesolloCubePinch-20260624-191904-cubepinch_sb_propriodelta_s4
wandb: [wandb.login()] Loaded credentials for https://api.wandb.ai from WANDB_API_KEY.
wandb: Currently logged in as: nstaykov (nikolastaykov) to https://api.wandb.ai. Use `wandb login --relogin` to force relogin
wandb: Tracking run with wandb version 0.26.1
wandb: Run data is saved locally in /local/home/nstaykov/workspace/mujoco_playground/wandb/run-20260624_191904-rwcvdzx5
wandb: Run `wandb offline` to turn off syncing.
wandb: Syncing run TesolloCubePinch-20260624-191904-cubepinch_sb_propriodelta_s4
wandb: ⭐️ View project at https://wandb.ai/nikolastaykov/mjxrl
wandb: 🚀 View run at https://wandb.ai/nikolastaykov/mjxrl/runs/rwcvdzx5
No checkpoint path provided, not restoring from checkpoint
Checkpoint path: /local/home/nstaykov/workspace/mujoco_playground/logs/TesolloCubePinch-20260624-191904-cubepinch_sb_propriodelta_s4/checkpoints
/local/home/nstaykov/workspace/mujoco_playground/mujoco_playground/_src/manipulation/tesollo_hand/obs.py:161: UserWarning: obs_noise.scales has keys not in active obs spec: {'fingertip_forces', 'motor_targets', 'fingertip_force_dirs'}
  warnings.warn(
Module mujoco.mjx.warp.ffi 98d2031 load on device 'cuda:0' took 0.40 ms  (cached)
Module mujoco.mjx.third_party.mujoco_warp._src.smooth 26bbc02 load on device 'cuda:0' took 6.37 ms  (cached)
Module mujoco.mjx.third_party.mujoco_warp._src.collision_driver 88f7770 load on device 'cuda:0' took 0.29 ms  (cached)
Module _nxn_broadphase__locals__kernel_c763f4cb c763f4c load on device 'cuda:0' took 0.27 ms  (cached)
Module _primitive_narrowphase__locals__primitive_narrowphase_072e9f5e 072e9f5 load on device 'cuda:0' took 0.46 ms  (cached)
Module mujoco.mjx.third_party.mujoco_warp._src.constraint c567367 load on device 'cuda:0' took 0.53 ms  (cached)
Module mujoco.mjx.third_party.mujoco_warp._src.sensor 18a78e5 load on device 'cuda:0' took 0.58 ms  (cached)
Module mujoco.mjx.third_party.mujoco_warp._src.forward 16fbac8 load on device 'cuda:0' took 0.60 ms  (cached)
Module mujoco.mjx.third_party.mujoco_warp._src.passive 8bfe11c load on device 'cuda:0' took 0.34 ms  (cached)
Module mujoco.mjx.third_party.mujoco_warp._src.forward 8f5355c load on device 'cuda:0' took 0.42 ms  (cached)
Module mujoco.mjx.third_party.mujoco_warp._src.support dd3f924 load on device 'cuda:0' took 0.30 ms  (cached)
Module _tile_cholesky_factorize_solve__locals__cholesky_factorize_solve_fb56ecff 06a1263 load on device 'cuda:0' took 25.25 ms  (cached)
Module mujoco.mjx.third_party.mujoco_warp._src.solver b116efb load on device 'cuda:0' took 0.48 ms  (cached)
Module solve_init_jaref__locals__kernel_92ac5104 92ac510 load on device 'cuda:0' took 0.52 ms  (cached)
Module mul_m_dense__locals___mul_m_dense_4674517e 4674517 load on device 'cuda:0' took 0.40 ms  (cached)
Module update_constraint_efc__locals__kernel_81015163 8101516 load on device 'cuda:0' took 0.28 ms  (cached)
Module update_constraint_gauss_cost__locals__kernel_266b2051 266b205 load on device 'cuda:0' took 0.27 ms  (cached)
Module update_gradient_JTDAJ_dense_tiled__locals__kernel_f57d3998 abf76dd load on device 'cuda:0' took 0.54 ms  (cached)
Module update_gradient_cholesky__locals__kernel_84e35302 9d5b72e load on device 'cuda:0' took 27.21 ms  (cached)
Module linesearch_iterative__locals__kernel_94acdc55 9c914fd load on device 'cuda:0' took 0.36 ms  (cached)
Module update_constraint_efc__locals__kernel_25737258 2573725 load on device 'cuda:0' took 0.34 ms  (cached)
Module _contact_sort__locals__contact_sort_44d31eb2 de954a2 load on device 'cuda:0' took 0.35 ms  (cached)
0: reward=6.837

  0%|          | 0/40 [00:00<?, ?it/s]
  5%|▌         | 2/40 [00:00<00:02, 15.87it/s]
 10%|█         | 4/40 [00:00<00:02, 17.98it/s]
 18%|█▊        | 7/40 [00:00<00:01, 19.66it/s]
 25%|██▌       | 10/40 [00:00<00:01, 20.18it/s]
 32%|███▎      | 13/40 [00:00<00:01, 21.13it/s]
 40%|████      | 16/40 [00:00<00:01, 22.37it/s]
 48%|████▊     | 19/40 [00:00<00:00, 23.67it/s]
 55%|█████▌    | 22/40 [00:01<00:00, 23.75it/s]
 62%|██████▎   | 25/40 [00:01<00:00, 24.64it/s]
 70%|███████   | 28/40 [00:01<00:00, 24.92it/s]
 78%|███████▊  | 31/40 [00:01<00:00, 24.48it/s]
 85%|████████▌ | 34/40 [00:01<00:00, 23.59it/s]
 92%|█████████▎| 37/40 [00:01<00:00, 23.10it/s]
100%|██████████| 40/40 [00:01<00:00, 22.75it/s]
100%|██████████| 40/40 [00:01<00:00, 22.62it/s]
wandb: WARNING `fps` argument does not affect the frame rate of the video when providing a file path or raw bytes.
20316160: mean episode reward=9.205
40632320: mean episode reward=8.352

  0%|          | 0/40 [00:00<?, ?it/s]
  5%|▌         | 2/40 [00:00<00:02, 15.95it/s]
 12%|█▎        | 5/40 [00:00<00:01, 19.31it/s]
 20%|██        | 8/40 [00:00<00:01, 20.46it/s]
 28%|██▊       | 11/40 [00:00<00:01, 22.26it/s]
 35%|███▌      | 14/40 [00:00<00:01, 23.50it/s]
 42%|████▎     | 17/40 [00:00<00:00, 23.42it/s]
 50%|█████     | 20/40 [00:00<00:00, 23.66it/s]
 57%|█████▊    | 23/40 [00:01<00:00, 23.17it/s]
 65%|██████▌   | 26/40 [00:01<00:00, 22.39it/s]
 72%|███████▎  | 29/40 [00:01<00:00, 23.15it/s]
 80%|████████  | 32/40 [00:01<00:00, 22.62it/s]
 88%|████████▊ | 35/40 [00:01<00:00, 21.97it/s]
 95%|█████████▌| 38/40 [00:01<00:00, 22.40it/s]
100%|██████████| 40/40 [00:01<00:00, 22.33it/s]
wandb: WARNING `fps` argument does not affect the frame rate of the video when providing a file path or raw bytes.
55705600: reward=8.113
60948480: mean episode reward=8.004
81264640: mean episode reward=7.658
101580800: mean episode reward=7.848

  0%|          | 0/40 [00:00<?, ?it/s]
  5%|▌         | 2/40 [00:00<00:02, 18.22it/s]
 12%|█▎        | 5/40 [00:00<00:01, 21.81it/s]
 20%|██        | 8/40 [00:00<00:01, 22.67it/s]
 28%|██▊       | 11/40 [00:00<00:01, 22.99it/s]
 35%|███▌      | 14/40 [00:00<00:01, 22.44it/s]
 42%|████▎     | 17/40 [00:00<00:01, 22.06it/s]
 50%|█████     | 20/40 [00:00<00:00, 22.00it/s]
 57%|█████▊    | 23/40 [00:01<00:00, 21.75it/s]
 65%|██████▌   | 26/40 [00:01<00:00, 23.03it/s]
 72%|███████▎  | 29/40 [00:01<00:00, 24.03it/s]
 80%|████████  | 32/40 [00:01<00:00, 24.01it/s]
 88%|████████▊ | 35/40 [00:01<00:00, 23.93it/s]
 95%|█████████▌| 38/40 [00:01<00:00, 24.54it/s]
100%|██████████| 40/40 [00:01<00:00, 23.38it/s]
wandb: WARNING `fps` argument does not affect the frame rate of the video when providing a file path or raw bytes.
111411200: reward=7.960
121896960: mean episode reward=7.771
142213120: mean episode reward=7.695
162529280: mean episode reward=7.782

  0%|          | 0/40 [00:00<?, ?it/s]
  5%|▌         | 2/40 [00:00<00:02, 16.76it/s]
 12%|█▎        | 5/40 [00:00<00:01, 21.36it/s]
 20%|██        | 8/40 [00:00<00:01, 23.94it/s]
 28%|██▊       | 11/40 [00:00<00:01, 24.97it/s]
 35%|███▌      | 14/40 [00:00<00:00, 26.32it/s]
 42%|████▎     | 17/40 [00:00<00:00, 26.89it/s]
 50%|█████     | 20/40 [00:00<00:00, 27.19it/s]
 57%|█████▊    | 23/40 [00:00<00:00, 27.44it/s]
 65%|██████▌   | 26/40 [00:00<00:00, 27.63it/s]
 72%|███████▎  | 29/40 [00:01<00:00, 27.11it/s]
 80%|████████  | 32/40 [00:01<00:00, 26.76it/s]
 88%|████████▊ | 35/40 [00:01<00:00, 24.99it/s]
 95%|█████████▌| 38/40 [00:01<00:00, 24.48it/s]
100%|██████████| 40/40 [00:01<00:00, 25.27it/s]
wandb: WARNING `fps` argument does not affect the frame rate of the video when providing a file path or raw bytes.
167116800: reward=7.837
182845440: mean episode reward=7.960
203161600: mean episode reward=7.870

  0%|          | 0/40 [00:00<?, ?it/s]
  5%|▌         | 2/40 [00:00<00:02, 17.31it/s]
 12%|█▎        | 5/40 [00:00<00:01, 22.10it/s]
 20%|██        | 8/40 [00:00<00:01, 22.16it/s]
 28%|██▊       | 11/40 [00:00<00:01, 22.64it/s]
 35%|███▌      | 14/40 [00:00<00:01, 22.80it/s]
 42%|████▎     | 17/40 [00:00<00:01, 22.81it/s]
 50%|█████     | 20/40 [00:00<00:00, 22.75it/s]
 57%|█████▊    | 23/40 [00:01<00:00, 22.86it/s]
 65%|██████▌   | 26/40 [00:01<00:00, 22.74it/s]
 72%|███████▎  | 29/40 [00:01<00:00, 21.71it/s]
 80%|████████  | 32/40 [00:01<00:00, 21.86it/s]
 88%|████████▊ | 35/40 [00:01<00:00, 22.00it/s]
 95%|█████████▌| 38/40 [00:01<00:00, 21.76it/s]
100%|██████████| 40/40 [00:01<00:00, 22.00it/s]
wandb: WARNING `fps` argument does not affect the frame rate of the video when providing a file path or raw bytes.
222822400: reward=7.801
223477760: mean episode reward=7.929
243793920: mean episode reward=7.829
264110080: mean episode reward=7.888

  0%|          | 0/40 [00:00<?, ?it/s]
  5%|▌         | 2/40 [00:00<00:02, 16.81it/s]
 12%|█▎        | 5/40 [00:00<00:01, 21.27it/s]
 20%|██        | 8/40 [00:00<00:01, 23.02it/s]
 28%|██▊       | 11/40 [00:00<00:01, 22.67it/s]
 35%|███▌      | 14/40 [00:00<00:01, 23.76it/s]
 42%|████▎     | 17/40 [00:00<00:00, 23.48it/s]
 50%|█████     | 20/40 [00:00<00:00, 23.59it/s]
 57%|█████▊    | 23/40 [00:00<00:00, 23.57it/s]
 65%|██████▌   | 26/40 [00:01<00:00, 23.80it/s]
 72%|███████▎  | 29/40 [00:01<00:00, 23.46it/s]
 80%|████████  | 32/40 [00:01<00:00, 23.89it/s]
 88%|████████▊ | 35/40 [00:01<00:00, 23.56it/s]
 95%|█████████▌| 38/40 [00:01<00:00, 23.71it/s]
100%|██████████| 40/40 [00:01<00:00, 23.26it/s]
wandb: WARNING `fps` argument does not affect the frame rate of the video when providing a file path or raw bytes.
278528000: reward=7.930
284426240: mean episode reward=7.832
304742400: mean episode reward=7.977
325058560: mean episode reward=8.004

  0%|          | 0/40 [00:00<?, ?it/s]
  5%|▌         | 2/40 [00:00<00:02, 15.95it/s]
 12%|█▎        | 5/40 [00:00<00:01, 19.99it/s]
 20%|██        | 8/40 [00:00<00:01, 21.11it/s]
 28%|██▊       | 11/40 [00:00<00:01, 22.50it/s]
 35%|███▌      | 14/40 [00:00<00:01, 22.74it/s]
 42%|████▎     | 17/40 [00:00<00:01, 22.95it/s]
 50%|█████     | 20/40 [00:00<00:00, 23.68it/s]
 57%|█████▊    | 23/40 [00:01<00:00, 24.15it/s]
 65%|██████▌   | 26/40 [00:01<00:00, 23.93it/s]
 72%|███████▎  | 29/40 [00:01<00:00, 24.11it/s]
 80%|████████  | 32/40 [00:01<00:00, 24.55it/s]
 88%|████████▊ | 35/40 [00:01<00:00, 24.05it/s]
 95%|█████████▌| 38/40 [00:01<00:00, 23.11it/s]
100%|██████████| 40/40 [00:01<00:00, 23.00it/s]
wandb: WARNING `fps` argument does not affect the frame rate of the video when providing a file path or raw bytes.
334233600: reward=7.844
345374720: mean episode reward=7.710
365690880: mean episode reward=7.708
386007040: mean episode reward=7.786

  0%|          | 0/40 [00:00<?, ?it/s]
  5%|▌         | 2/40 [00:00<00:02, 16.44it/s]
 12%|█▎        | 5/40 [00:00<00:01, 20.45it/s]
 20%|██        | 8/40 [00:00<00:01, 21.12it/s]
 28%|██▊       | 11/40 [00:00<00:01, 20.82it/s]
 35%|███▌      | 14/40 [00:00<00:01, 21.81it/s]
 42%|████▎     | 17/40 [00:00<00:01, 21.88it/s]
 50%|█████     | 20/40 [00:00<00:00, 21.30it/s]
 57%|█████▊    | 23/40 [00:01<00:00, 21.56it/s]
 65%|██████▌   | 26/40 [00:01<00:00, 22.06it/s]
 72%|███████▎  | 29/40 [00:01<00:00, 22.36it/s]
 80%|████████  | 32/40 [00:01<00:00, 22.94it/s]
 88%|████████▊ | 35/40 [00:01<00:00, 23.07it/s]
 95%|█████████▌| 38/40 [00:01<00:00, 23.01it/s]
100%|██████████| 40/40 [00:01<00:00, 22.07it/s]
wandb: WARNING `fps` argument does not affect the frame rate of the video when providing a file path or raw bytes.
389939200: reward=7.835
406323200: mean episode reward=7.863
426639360: mean episode reward=7.852

  0%|          | 0/40 [00:00<?, ?it/s]
  5%|▌         | 2/40 [00:00<00:02, 17.09it/s]
 12%|█▎        | 5/40 [00:00<00:01, 22.16it/s]
 20%|██        | 8/40 [00:00<00:01, 23.05it/s]
 28%|██▊       | 11/40 [00:00<00:01, 23.68it/s]
 35%|███▌      | 14/40 [00:00<00:01, 24.15it/s]
 42%|████▎     | 17/40 [00:00<00:00, 24.61it/s]
 50%|█████     | 20/40 [00:00<00:00, 24.29it/s]
 57%|█████▊    | 23/40 [00:00<00:00, 24.42it/s]
 65%|██████▌   | 26/40 [00:01<00:00, 25.15it/s]
 72%|███████▎  | 29/40 [00:01<00:00, 25.05it/s]
 80%|████████  | 32/40 [00:01<00:00, 24.46it/s]
 88%|████████▊ | 35/40 [00:01<00:00, 24.59it/s]
 95%|█████████▌| 38/40 [00:01<00:00, 23.35it/s]
100%|██████████| 40/40 [00:01<00:00, 23.79it/s]
wandb: WARNING `fps` argument does not affect the frame rate of the video when providing a file path or raw bytes.
445644800: reward=7.779
446955520: mean episode reward=7.997
467271680: mean episode reward=7.842
487587840: mean episode reward=7.862

  0%|          | 0/40 [00:00<?, ?it/s]
  5%|▌         | 2/40 [00:00<00:02, 18.48it/s]
 12%|█▎        | 5/40 [00:00<00:01, 23.41it/s]
 20%|██        | 8/40 [00:00<00:01, 24.81it/s]
 28%|██▊       | 11/40 [00:00<00:01, 25.24it/s]
 35%|███▌      | 14/40 [00:00<00:01, 25.60it/s]
 42%|████▎     | 17/40 [00:00<00:00, 25.51it/s]
 50%|█████     | 20/40 [00:00<00:00, 26.06it/s]
 57%|█████▊    | 23/40 [00:00<00:00, 25.01it/s]
 65%|██████▌   | 26/40 [00:01<00:00, 24.88it/s]
 72%|███████▎  | 29/40 [00:01<00:00, 24.34it/s]
 80%|████████  | 32/40 [00:01<00:00, 24.49it/s]
 88%|████████▊ | 35/40 [00:01<00:00, 23.88it/s]
 95%|█████████▌| 38/40 [00:01<00:00, 23.52it/s]
100%|██████████| 40/40 [00:01<00:00, 24.33it/s]
wandb: WARNING `fps` argument does not affect the frame rate of the video when providing a file path or raw bytes.
501350400: reward=7.919
Done training.
Time to JIT compile: 17.31057980656624
Time to train: 959.8251569792628
Starting inference...
FPS for rendering: 10.0

  0%|          | 0/500 [00:00<?, ?it/s]
  0%|          | 2/500 [00:00<00:31, 15.83it/s]
  1%|          | 5/500 [00:00<00:25, 19.21it/s]
  2%|▏         | 8/500 [00:00<00:24, 19.83it/s]
  2%|▏         | 11/500 [00:00<00:24, 20.30it/s]
  3%|▎         | 14/500 [00:00<00:22, 21.17it/s]
  3%|▎         | 17/500 [00:00<00:22, 21.68it/s]
  4%|▍         | 20/500 [00:00<00:21, 22.26it/s]
  5%|▍         | 23/500 [00:01<00:21, 22.22it/s]
  5%|▌         | 26/500 [00:01<00:22, 21.47it/s]
  6%|▌         | 29/500 [00:01<00:20, 22.45it/s]
  6%|▋         | 32/500 [00:01<00:20, 22.71it/s]
  7%|▋         | 35/500 [00:01<00:20, 23.14it/s]
  8%|▊         | 38/500 [00:01<00:19, 23.60it/s]
  8%|▊         | 41/500 [00:01<00:19, 23.84it/s]
  9%|▉         | 44/500 [00:01<00:18, 24.23it/s]
  9%|▉         | 47/500 [00:02<00:18, 23.96it/s]
 10%|█         | 50/500 [00:02<00:19, 23.65it/s]
 11%|█         | 53/500 [00:02<00:19, 23.38it/s]
 11%|█         | 56/500 [00:02<00:18, 23.70it/s]
 12%|█▏        | 59/500 [00:02<00:18, 23.50it/s]
 12%|█▏        | 62/500 [00:02<00:18, 23.96it/s]
 13%|█▎        | 65/500 [00:02<00:18, 23.19it/s]
 14%|█▎        | 68/500 [00:03<00:19, 22.35it/s]
 14%|█▍        | 71/500 [00:03<00:18, 22.63it/s]
 15%|█▍        | 74/500 [00:03<00:18, 22.46it/s]
 15%|█▌        | 77/500 [00:03<00:18, 22.55it/s]
 16%|█▌        | 80/500 [00:03<00:19, 21.79it/s]
 17%|█▋        | 83/500 [00:03<00:19, 21.53it/s]
 17%|█▋        | 86/500 [00:03<00:19, 21.34it/s]
 18%|█▊        | 89/500 [00:03<00:19, 21.60it/s]
 18%|█▊        | 92/500 [00:04<00:18, 22.52it/s]
 19%|█▉        | 95/500 [00:04<00:17, 22.95it/s]
 20%|█▉        | 98/500 [00:04<00:17, 23.34it/s]
 20%|██        | 101/500 [00:04<00:16, 24.01it/s]
 21%|██        | 104/500 [00:04<00:16, 24.10it/s]
 21%|██▏       | 107/500 [00:04<00:16, 23.95it/s]
 22%|██▏       | 110/500 [00:04<00:15, 24.58it/s]
 23%|██▎       | 113/500 [00:04<00:15, 24.66it/s]
 23%|██▎       | 116/500 [00:05<00:15, 24.09it/s]
 24%|██▍       | 119/500 [00:05<00:16, 23.26it/s]
 24%|██▍       | 122/500 [00:05<00:16, 22.99it/s]
 25%|██▌       | 125/500 [00:05<00:15, 23.67it/s]
 26%|██▌       | 128/500 [00:05<00:15, 23.82it/s]
 26%|██▌       | 131/500 [00:05<00:15, 23.44it/s]
 27%|██▋       | 134/500 [00:05<00:15, 23.22it/s]
 27%|██▋       | 137/500 [00:06<00:16, 22.58it/s]
 28%|██▊       | 140/500 [00:06<00:16, 21.57it/s]
 29%|██▊       | 143/500 [00:06<00:16, 21.54it/s]
 29%|██▉       | 146/500 [00:06<00:16, 21.62it/s]
 30%|██▉       | 149/500 [00:06<00:15, 22.38it/s]
 30%|███       | 152/500 [00:06<00:14, 23.27it/s]
 31%|███       | 155/500 [00:06<00:14, 23.51it/s]
 32%|███▏      | 158/500 [00:06<00:14, 23.65it/s]
 32%|███▏      | 161/500 [00:07<00:14, 23.18it/s]
 33%|███▎      | 164/500 [00:07<00:14, 22.68it/s]
 33%|███▎      | 167/500 [00:07<00:14, 22.67it/s]
 34%|███▍      | 170/500 [00:07<00:14, 22.37it/s]
 35%|███▍      | 173/500 [00:07<00:14, 22.56it/s]
 35%|███▌      | 176/500 [00:07<00:14, 21.96it/s]
 36%|███▌      | 179/500 [00:07<00:14, 21.45it/s]
 36%|███▋      | 182/500 [00:08<00:14, 21.34it/s]
 37%|███▋      | 185/500 [00:08<00:14, 21.92it/s]
 38%|███▊      | 188/500 [00:08<00:14, 21.49it/s]
 38%|███▊      | 191/500 [00:08<00:14, 21.66it/s]
 39%|███▉      | 194/500 [00:08<00:14, 21.69it/s]
 39%|███▉      | 197/500 [00:08<00:13, 22.04it/s]
 40%|████      | 200/500 [00:08<00:13, 22.47it/s]
 41%|████      | 203/500 [00:08<00:13, 21.80it/s]
 41%|████      | 206/500 [00:09<00:13, 21.57it/s]
 42%|████▏     | 209/500 [00:09<00:13, 22.16it/s]
 42%|████▏     | 212/500 [00:09<00:12, 23.02it/s]
 43%|████▎     | 215/500 [00:09<00:12, 23.56it/s]
 44%|████▎     | 218/500 [00:09<00:11, 23.98it/s]
 44%|████▍     | 221/500 [00:09<00:11, 24.03it/s]
 45%|████▍     | 224/500 [00:09<00:11, 24.22it/s]
 45%|████▌     | 227/500 [00:09<00:11, 24.24it/s]
 46%|████▌     | 230/500 [00:10<00:11, 23.22it/s]
 47%|████▋     | 233/500 [00:10<00:12, 22.16it/s]
 47%|████▋     | 236/500 [00:10<00:12, 21.65it/s]
 48%|████▊     | 239/500 [00:10<00:12, 21.01it/s]
 48%|████▊     | 242/500 [00:10<00:12, 20.92it/s]
 49%|████▉     | 245/500 [00:10<00:12, 20.88it/s]
 50%|████▉     | 248/500 [00:11<00:11, 21.29it/s]
 50%|█████     | 251/500 [00:11<00:11, 21.74it/s]
 51%|█████     | 254/500 [00:11<00:11, 21.77it/s]
 51%|█████▏    | 257/500 [00:11<00:11, 21.29it/s]
 52%|█████▏    | 260/500 [00:11<00:11, 21.22it/s]
 53%|█████▎    | 263/500 [00:11<00:11, 21.10it/s]
 53%|█████▎    | 266/500 [00:11<00:11, 20.54it/s]
 54%|█████▍    | 269/500 [00:11<00:11, 20.88it/s]
 54%|█████▍    | 272/500 [00:12<00:10, 20.94it/s]
 55%|█████▌    | 275/500 [00:12<00:10, 21.39it/s]
 56%|█████▌    | 278/500 [00:12<00:10, 21.28it/s]
 56%|█████▌    | 281/500 [00:12<00:10, 21.09it/s]
 57%|█████▋    | 284/500 [00:12<00:10, 21.12it/s]
 57%|█████▋    | 287/500 [00:12<00:10, 21.08it/s]
 58%|█████▊    | 290/500 [00:12<00:09, 21.16it/s]
 59%|█████▊    | 293/500 [00:13<00:09, 21.32it/s]
 59%|█████▉    | 296/500 [00:13<00:09, 21.39it/s]
 60%|█████▉    | 299/500 [00:13<00:09, 21.40it/s]
 60%|██████    | 302/500 [00:13<00:09, 21.34it/s]
 61%|██████    | 305/500 [00:13<00:09, 21.54it/s]
 62%|██████▏   | 308/500 [00:13<00:08, 21.52it/s]
 62%|██████▏   | 311/500 [00:13<00:08, 21.17it/s]
 63%|██████▎   | 314/500 [00:14<00:08, 21.24it/s]
 63%|██████▎   | 317/500 [00:14<00:08, 21.30it/s]
 64%|██████▍   | 320/500 [00:14<00:08, 21.46it/s]
 65%|██████▍   | 323/500 [00:14<00:08, 21.28it/s]
 65%|██████▌   | 326/500 [00:14<00:08, 20.98it/s]
 66%|██████▌   | 329/500 [00:14<00:07, 22.39it/s]
 66%|██████▋   | 332/500 [00:14<00:07, 22.76it/s]
 67%|██████▋   | 335/500 [00:15<00:07, 23.11it/s]
 68%|██████▊   | 338/500 [00:15<00:07, 22.73it/s]
 68%|██████▊   | 341/500 [00:15<00:06, 22.74it/s]
 69%|██████▉   | 344/500 [00:15<00:06, 22.90it/s]
 69%|██████▉   | 347/500 [00:15<00:06, 23.78it/s]
 70%|███████   | 350/500 [00:15<00:06, 23.92it/s]
 71%|███████   | 353/500 [00:15<00:06, 23.23it/s]
 71%|███████   | 356/500 [00:15<00:06, 23.15it/s]
 72%|███████▏  | 359/500 [00:16<00:06, 22.80it/s]
 72%|███████▏  | 362/500 [00:16<00:06, 22.55it/s]
 73%|███████▎  | 365/500 [00:16<00:06, 21.86it/s]
 74%|███████▎  | 368/500 [00:16<00:06, 21.24it/s]
 74%|███████▍  | 371/500 [00:16<00:06, 21.49it/s]
 75%|███████▍  | 374/500 [00:16<00:05, 21.69it/s]
 75%|███████▌  | 377/500 [00:16<00:05, 21.58it/s]
 76%|███████▌  | 380/500 [00:17<00:05, 21.15it/s]
 77%|███████▋  | 383/500 [00:17<00:05, 20.72it/s]
 77%|███████▋  | 386/500 [00:17<00:05, 20.42it/s]
 78%|███████▊  | 389/500 [00:17<00:05, 20.57it/s]
 78%|███████▊  | 392/500 [00:17<00:05, 20.51it/s]
 79%|███████▉  | 395/500 [00:17<00:05, 20.78it/s]
 80%|███████▉  | 398/500 [00:17<00:04, 20.65it/s]
 80%|████████  | 401/500 [00:18<00:04, 20.68it/s]
 81%|████████  | 404/500 [00:18<00:04, 20.83it/s]
 81%|████████▏ | 407/500 [00:18<00:04, 20.63it/s]
 82%|████████▏ | 410/500 [00:18<00:04, 20.80it/s]
 83%|████████▎ | 413/500 [00:18<00:04, 20.72it/s]
 83%|████████▎ | 416/500 [00:18<00:04, 20.62it/s]
 84%|████████▍ | 419/500 [00:18<00:03, 20.90it/s]
 84%|████████▍ | 422/500 [00:19<00:03, 20.87it/s]
 85%|████████▌ | 425/500 [00:19<00:03, 20.64it/s]
 86%|████████▌ | 428/500 [00:19<00:03, 21.44it/s]
 86%|████████▌ | 431/500 [00:19<00:03, 22.56it/s]
 87%|████████▋ | 434/500 [00:19<00:02, 22.95it/s]
 87%|████████▋ | 437/500 [00:19<00:02, 22.84it/s]
 88%|████████▊ | 440/500 [00:19<00:02, 23.81it/s]
 89%|████████▊ | 443/500 [00:20<00:02, 23.71it/s]
 89%|████████▉ | 446/500 [00:20<00:02, 24.14it/s]
 90%|████████▉ | 449/500 [00:20<00:02, 23.28it/s]
 90%|█████████ | 452/500 [00:20<00:02, 22.84it/s]
 91%|█████████ | 455/500 [00:20<00:01, 23.08it/s]
 92%|█████████▏| 458/500 [00:20<00:01, 22.58it/s]
 92%|█████████▏| 461/500 [00:20<00:01, 22.01it/s]
 93%|█████████▎| 464/500 [00:20<00:01, 21.82it/s]
 93%|█████████▎| 467/500 [00:21<00:01, 21.42it/s]
 94%|█████████▍| 470/500 [00:21<00:01, 21.28it/s]
 95%|█████████▍| 473/500 [00:21<00:01, 21.37it/s]
 95%|█████████▌| 476/500 [00:21<00:01, 20.87it/s]
 96%|█████████▌| 479/500 [00:21<00:00, 21.21it/s]
 96%|█████████▋| 482/500 [00:21<00:00, 21.17it/s]
 97%|█████████▋| 485/500 [00:21<00:00, 21.83it/s]
 98%|█████████▊| 488/500 [00:22<00:00, 21.89it/s]
 98%|█████████▊| 491/500 [00:22<00:00, 21.92it/s]
 99%|█████████▉| 494/500 [00:22<00:00, 22.15it/s]
 99%|█████████▉| 497/500 [00:22<00:00, 21.87it/s]
100%|██████████| 500/500 [00:22<00:00, 21.26it/s]
100%|██████████| 500/500 [00:22<00:00, 22.09it/s]
Rollout video saved as 'rollout0.mp4'.
[1;34mwandb[0m: 
[1;34mwandb[0m: 🚀 View run [33mTesolloCubePinch-20260624-191904-cubepinch_sb_propriodelta_s4[0m at: [34mhttps://wandb.ai/nikolastaykov/mjxrl/runs/rwcvdzx5[0m
[1;34mwandb[0m: Find logs at: [1;35mwandb/run-20260624_191904-rwcvdzx5/logs[0m
