Warp 1.12.1 initialized:
   CUDA Toolkit 12.9, Driver 12.5
   Devices:
     "cpu"      : "x86_64"
     "cuda:0"   : "NVIDIA GeForce RTX 4090" (24 GiB, sm_89, mempool enabled)
   Kernel cache:
     /home/nstaykov/.cache/warp/1.12.1
Warp DeprecationWarning: The symbol `warp.types.warp_type_to_np_dtype` will soon be removed from the public API. It can still be accessed from `warp._src.types.warp_type_to_np_dtype` but might be changed or removed without notice.
/local/home/nstaykov/workspace/mujoco_playground/mujoco_playground/_src/manipulation/tesollo_hand/obs.py:161: UserWarning: obs_noise.scales has keys not in active obs spec: {'fingertip_force_dirs', 'motor_targets'}
  warnings.warn(
Environment Config:
action_repeat: 1
ctrl_dt: 0.05
cube_pos_offset:
- 0.0
- 0.0
cube_size_scale: 1.0
domain_rand:
  actuator_kp:
  - 1.0
  - 1.0
  cube_mass:
  - 1.0
  - 1.0
  cube_pos:
  - 0.0
  - 0.0
  cube_size:
  - 0.85
  - 1.15
ema_alpha: 0.15
episode_length: 80
force_target_period: 2.0
force_target_range:
- 2.0
- 5.0
force_target_sinusoid: true
force_tolerance: 0.75
ghost_cube: false
impl: warp
nconmax: 409600
njmax: 1024
obs_noise:
  bias_scales:
    fingertip_force_dirs: 0.0
    fingertip_forces: 0.0
    joint_pos: 0.0
    joint_vel: 0.0
    motor_targets: 0.0
  level: 0.0
  scales:
    fingertip_force_dirs: 0.0
    fingertip_forces: 0.0
    joint_pos: 0.001
    joint_vel: 0.01
    motor_targets: 0.0
pert_config:
  angular_velocity_pert:
  - 0.0
  - 0.5
  enable: false
  linear_velocity_pert:
  - 0.0
  - 3.0
  pert_duration_steps:
  - 1
  - 100
  pert_wait_steps:
  - 60
  - 150
pid_gains:
  enable: false
  finger_kp: 3.0
  finger_kv: 0.0
  kp_per_actuator: []
  kv_per_actuator: []
reward_config:
  scales:
    action_rate: -0.005
    cube_force: 5.0
    fingertip_pos_per_tip: 2.0
    joint_vel: -0.01
  success_reward: 10.0
sensor_bundle: force.magnitude
sim_dt: 0.01
success_hold_time: 0.5
use_ctrl_delta: false
weld_cube: true

PPO Training Parameters:
action_repeat: 1
batch_size: 256
discounting: 0.995
entropy_cost: 0.01
episode_length: 80
learning_rate: 0.0001
log_training_metrics: true
max_grad_norm: 1.0
network_factory:
  policy_hidden_layer_sizes: &id001 !!python/tuple
  - 256
  - 128
  - 64
  policy_obs_key: state
  value_hidden_layer_sizes: *id001
  value_obs_key: privileged_state
normalize_observations: true
num_envs: 8192
num_evals: 10
num_minibatches: 64
num_resets_per_eval: 1
num_timesteps: 500000000
num_updates_per_batch: 4
reward_scaling: 1.0
training_metrics_steps: 20000000
unroll_length: 40

CLI overrides: {
  "env_name": "TesolloCubePinch",
  "suffix": "cubepinch_sb_forcemagnitude_s8",
  "use_wandb": true,
  "log_video_to_wandb": true,
  "domain_randomization": true,
  "seed": 8,
  "num_timesteps": 500000000,
  "num_envs": 8192,
  "log_training_metrics": true,
  "training_metrics_steps": 20000000,
  "env_overrides_file": "logs/_queue/pinch_sweep_size_rand_sinusoid-20260624-142357/run-12-TesolloCubePinch-cubepinch_sb_forcemagnitude_s8-overrides.yaml"
}
Experiment name: TesolloCubePinch-20260624-173716-cubepinch_sb_forcemagnitude_s8
Logs are being stored in: /local/home/nstaykov/workspace/mujoco_playground/logs/TesolloCubePinch-20260624-173716-cubepinch_sb_forcemagnitude_s8
wandb: [wandb.login()] Loaded credentials for https://api.wandb.ai from WANDB_API_KEY.
wandb: Currently logged in as: nstaykov (nikolastaykov) to https://api.wandb.ai. Use `wandb login --relogin` to force relogin
wandb: setting up run k3uo665e
wandb: Tracking run with wandb version 0.26.1
wandb: Run data is saved locally in /local/home/nstaykov/workspace/mujoco_playground/wandb/run-20260624_173716-k3uo665e
wandb: Run `wandb offline` to turn off syncing.
wandb: Syncing run TesolloCubePinch-20260624-173716-cubepinch_sb_forcemagnitude_s8
wandb: ⭐️ View project at https://wandb.ai/nikolastaykov/mjxrl
wandb: 🚀 View run at https://wandb.ai/nikolastaykov/mjxrl/runs/k3uo665e
No checkpoint path provided, not restoring from checkpoint
Checkpoint path: /local/home/nstaykov/workspace/mujoco_playground/logs/TesolloCubePinch-20260624-173716-cubepinch_sb_forcemagnitude_s8/checkpoints
/local/home/nstaykov/workspace/mujoco_playground/mujoco_playground/_src/manipulation/tesollo_hand/obs.py:161: UserWarning: obs_noise.scales has keys not in active obs spec: {'fingertip_force_dirs', 'motor_targets'}
  warnings.warn(
Module mujoco.mjx.warp.ffi 98d2031 load on device 'cuda:0' took 0.40 ms  (cached)
Module mujoco.mjx.third_party.mujoco_warp._src.smooth 26bbc02 load on device 'cuda:0' took 6.37 ms  (cached)
Module mujoco.mjx.third_party.mujoco_warp._src.collision_driver 88f7770 load on device 'cuda:0' took 0.27 ms  (cached)
Module _nxn_broadphase__locals__kernel_c763f4cb c763f4c load on device 'cuda:0' took 0.28 ms  (cached)
Module _primitive_narrowphase__locals__primitive_narrowphase_072e9f5e 072e9f5 load on device 'cuda:0' took 0.42 ms  (cached)
Module mujoco.mjx.third_party.mujoco_warp._src.constraint c567367 load on device 'cuda:0' took 0.47 ms  (cached)
Module mujoco.mjx.third_party.mujoco_warp._src.sensor 18a78e5 load on device 'cuda:0' took 0.51 ms  (cached)
Module mujoco.mjx.third_party.mujoco_warp._src.forward 16fbac8 load on device 'cuda:0' took 0.45 ms  (cached)
Module mujoco.mjx.third_party.mujoco_warp._src.passive 8bfe11c load on device 'cuda:0' took 0.33 ms  (cached)
Module mujoco.mjx.third_party.mujoco_warp._src.forward 8f5355c load on device 'cuda:0' took 0.41 ms  (cached)
Module mujoco.mjx.third_party.mujoco_warp._src.support dd3f924 load on device 'cuda:0' took 0.28 ms  (cached)
Module _tile_cholesky_factorize_solve__locals__cholesky_factorize_solve_fb56ecff 06a1263 load on device 'cuda:0' took 26.26 ms  (cached)
Module mujoco.mjx.third_party.mujoco_warp._src.solver b116efb load on device 'cuda:0' took 0.48 ms  (cached)
Module solve_init_jaref__locals__kernel_92ac5104 92ac510 load on device 'cuda:0' took 0.57 ms  (cached)
Module mul_m_dense__locals___mul_m_dense_4674517e 4674517 load on device 'cuda:0' took 0.29 ms  (cached)
Module update_constraint_efc__locals__kernel_81015163 8101516 load on device 'cuda:0' took 0.28 ms  (cached)
Module update_constraint_gauss_cost__locals__kernel_266b2051 266b205 load on device 'cuda:0' took 0.27 ms  (cached)
Module update_gradient_JTDAJ_dense_tiled__locals__kernel_f57d3998 abf76dd load on device 'cuda:0' took 0.54 ms  (cached)
Module update_gradient_cholesky__locals__kernel_84e35302 9d5b72e load on device 'cuda:0' took 27.49 ms  (cached)
Module linesearch_iterative__locals__kernel_94acdc55 9c914fd load on device 'cuda:0' took 0.36 ms  (cached)
Module update_constraint_efc__locals__kernel_25737258 2573725 load on device 'cuda:0' took 0.31 ms  (cached)
Module _contact_sort__locals__contact_sort_44d31eb2 de954a2 load on device 'cuda:0' took 0.34 ms  (cached)
0: reward=6.120

  0%|          | 0/40 [00:00<?, ?it/s]
  5%|▌         | 2/40 [00:00<00:02, 17.50it/s]
 12%|█▎        | 5/40 [00:00<00:01, 20.80it/s]
 20%|██        | 8/40 [00:00<00:01, 22.17it/s]
 28%|██▊       | 11/40 [00:00<00:01, 24.11it/s]
 35%|███▌      | 14/40 [00:00<00:01, 24.78it/s]
 42%|████▎     | 17/40 [00:00<00:00, 25.24it/s]
 50%|█████     | 20/40 [00:00<00:00, 25.02it/s]
 57%|█████▊    | 23/40 [00:00<00:00, 24.54it/s]
 65%|██████▌   | 26/40 [00:01<00:00, 24.19it/s]
 72%|███████▎  | 29/40 [00:01<00:00, 24.16it/s]
 80%|████████  | 32/40 [00:01<00:00, 23.51it/s]
 88%|████████▊ | 35/40 [00:01<00:00, 23.29it/s]
 95%|█████████▌| 38/40 [00:01<00:00, 22.89it/s]
100%|██████████| 40/40 [00:01<00:00, 23.54it/s]
wandb: WARNING `fps` argument does not affect the frame rate of the video when providing a file path or raw bytes.
20316160: mean episode reward=10.378
40632320: mean episode reward=18.080

  0%|          | 0/40 [00:00<?, ?it/s]
  5%|▌         | 2/40 [00:00<00:02, 15.50it/s]
 12%|█▎        | 5/40 [00:00<00:01, 19.36it/s]
 20%|██        | 8/40 [00:00<00:01, 20.95it/s]
 28%|██▊       | 11/40 [00:00<00:01, 21.92it/s]
 35%|███▌      | 14/40 [00:00<00:01, 23.29it/s]
 42%|████▎     | 17/40 [00:00<00:00, 24.49it/s]
 50%|█████     | 20/40 [00:00<00:00, 24.43it/s]
 57%|█████▊    | 23/40 [00:01<00:00, 24.17it/s]
 65%|██████▌   | 26/40 [00:01<00:00, 24.30it/s]
 72%|███████▎  | 29/40 [00:01<00:00, 24.12it/s]
 80%|████████  | 32/40 [00:01<00:00, 23.63it/s]
 88%|████████▊ | 35/40 [00:01<00:00, 23.19it/s]
 95%|█████████▌| 38/40 [00:01<00:00, 22.99it/s]
100%|██████████| 40/40 [00:01<00:00, 23.01it/s]
wandb: WARNING `fps` argument does not affect the frame rate of the video when providing a file path or raw bytes.
55705600: reward=20.640
60948480: mean episode reward=25.548
81264640: mean episode reward=28.339
101580800: mean episode reward=27.498

  0%|          | 0/40 [00:00<?, ?it/s]
  5%|▌         | 2/40 [00:00<00:02, 18.00it/s]
 12%|█▎        | 5/40 [00:00<00:01, 22.43it/s]
 20%|██        | 8/40 [00:00<00:01, 23.19it/s]
 28%|██▊       | 11/40 [00:00<00:01, 22.69it/s]
 35%|███▌      | 14/40 [00:00<00:01, 22.78it/s]
 42%|████▎     | 17/40 [00:00<00:01, 21.67it/s]
 50%|█████     | 20/40 [00:00<00:00, 21.87it/s]
 57%|█████▊    | 23/40 [00:01<00:00, 21.26it/s]
 65%|██████▌   | 26/40 [00:01<00:00, 21.41it/s]
 72%|███████▎  | 29/40 [00:01<00:00, 21.18it/s]
 80%|████████  | 32/40 [00:01<00:00, 21.93it/s]
 88%|████████▊ | 35/40 [00:01<00:00, 22.21it/s]
 95%|█████████▌| 38/40 [00:01<00:00, 22.97it/s]
100%|██████████| 40/40 [00:01<00:00, 22.17it/s]
wandb: WARNING `fps` argument does not affect the frame rate of the video when providing a file path or raw bytes.
111411200: reward=24.392
121896960: mean episode reward=29.950
142213120: mean episode reward=32.964
162529280: mean episode reward=34.911

  0%|          | 0/40 [00:00<?, ?it/s]
  5%|▌         | 2/40 [00:00<00:02, 16.32it/s]
 12%|█▎        | 5/40 [00:00<00:01, 19.28it/s]
 20%|██        | 8/40 [00:00<00:01, 20.69it/s]
 28%|██▊       | 11/40 [00:00<00:01, 21.53it/s]
 35%|███▌      | 14/40 [00:00<00:01, 22.48it/s]
 42%|████▎     | 17/40 [00:00<00:00, 23.25it/s]
 50%|█████     | 20/40 [00:00<00:00, 23.34it/s]
 57%|█████▊    | 23/40 [00:01<00:00, 23.39it/s]
 65%|██████▌   | 26/40 [00:01<00:00, 22.63it/s]
 72%|███████▎  | 29/40 [00:01<00:00, 22.49it/s]
 80%|████████  | 32/40 [00:01<00:00, 22.90it/s]
 88%|████████▊ | 35/40 [00:01<00:00, 23.29it/s]
 95%|█████████▌| 38/40 [00:01<00:00, 23.19it/s]
100%|██████████| 40/40 [00:01<00:00, 22.56it/s]
wandb: WARNING `fps` argument does not affect the frame rate of the video when providing a file path or raw bytes.
167116800: reward=32.910
182845440: mean episode reward=39.661
203161600: mean episode reward=42.880

  0%|          | 0/40 [00:00<?, ?it/s]
  5%|▌         | 2/40 [00:00<00:02, 16.24it/s]
 12%|█▎        | 5/40 [00:00<00:01, 20.07it/s]
 20%|██        | 8/40 [00:00<00:01, 21.48it/s]
 28%|██▊       | 11/40 [00:00<00:01, 21.26it/s]
 35%|███▌      | 14/40 [00:00<00:01, 21.86it/s]
 42%|████▎     | 17/40 [00:00<00:01, 22.51it/s]
 50%|█████     | 20/40 [00:00<00:00, 23.07it/s]
 57%|█████▊    | 23/40 [00:01<00:00, 22.57it/s]
 65%|██████▌   | 26/40 [00:01<00:00, 23.07it/s]
 72%|███████▎  | 29/40 [00:01<00:00, 23.94it/s]
 80%|████████  | 32/40 [00:01<00:00, 24.47it/s]
 88%|████████▊ | 35/40 [00:01<00:00, 23.97it/s]
 95%|█████████▌| 38/40 [00:01<00:00, 23.30it/s]
100%|██████████| 40/40 [00:01<00:00, 22.78it/s]
wandb: WARNING `fps` argument does not affect the frame rate of the video when providing a file path or raw bytes.
222822400: reward=41.172
223477760: mean episode reward=41.461
243793920: mean episode reward=44.503
264110080: mean episode reward=45.422

  0%|          | 0/40 [00:00<?, ?it/s]
  5%|▌         | 2/40 [00:00<00:02, 15.98it/s]
 12%|█▎        | 5/40 [00:00<00:01, 19.05it/s]
 20%|██        | 8/40 [00:00<00:01, 20.13it/s]
 28%|██▊       | 11/40 [00:00<00:01, 19.90it/s]
 32%|███▎      | 13/40 [00:00<00:01, 19.74it/s]
 40%|████      | 16/40 [00:00<00:01, 20.12it/s]
 48%|████▊     | 19/40 [00:00<00:01, 20.45it/s]
 55%|█████▌    | 22/40 [00:01<00:00, 20.34it/s]
 62%|██████▎   | 25/40 [00:01<00:00, 21.14it/s]
 70%|███████   | 28/40 [00:01<00:00, 21.44it/s]
 78%|███████▊  | 31/40 [00:01<00:00, 21.44it/s]
 85%|████████▌ | 34/40 [00:01<00:00, 21.57it/s]
 92%|█████████▎| 37/40 [00:01<00:00, 21.32it/s]
100%|██████████| 40/40 [00:01<00:00, 21.53it/s]
100%|██████████| 40/40 [00:01<00:00, 20.78it/s]
wandb: WARNING `fps` argument does not affect the frame rate of the video when providing a file path or raw bytes.
278528000: reward=42.462
284426240: mean episode reward=46.041
304742400: mean episode reward=47.166
325058560: mean episode reward=47.318

  0%|          | 0/40 [00:00<?, ?it/s]
  5%|▌         | 2/40 [00:00<00:02, 16.41it/s]
 12%|█▎        | 5/40 [00:00<00:01, 19.30it/s]
 20%|██        | 8/40 [00:00<00:01, 20.34it/s]
 28%|██▊       | 11/40 [00:00<00:01, 21.35it/s]
 35%|███▌      | 14/40 [00:00<00:01, 21.25it/s]
 42%|████▎     | 17/40 [00:00<00:01, 21.18it/s]
 50%|█████     | 20/40 [00:00<00:00, 21.00it/s]
 57%|█████▊    | 23/40 [00:01<00:00, 21.42it/s]
 65%|██████▌   | 26/40 [00:01<00:00, 21.94it/s]
 72%|███████▎  | 29/40 [00:01<00:00, 22.71it/s]
 80%|████████  | 32/40 [00:01<00:00, 23.03it/s]
 88%|████████▊ | 35/40 [00:01<00:00, 22.60it/s]
 95%|█████████▌| 38/40 [00:01<00:00, 22.72it/s]
100%|██████████| 40/40 [00:01<00:00, 21.84it/s]
wandb: WARNING `fps` argument does not affect the frame rate of the video when providing a file path or raw bytes.
334233600: reward=42.833
345374720: mean episode reward=48.045
365690880: mean episode reward=48.681
386007040: mean episode reward=49.414

  0%|          | 0/40 [00:00<?, ?it/s]
  5%|▌         | 2/40 [00:00<00:02, 16.29it/s]
 12%|█▎        | 5/40 [00:00<00:01, 21.45it/s]
 20%|██        | 8/40 [00:00<00:01, 23.03it/s]
 28%|██▊       | 11/40 [00:00<00:01, 24.58it/s]
 35%|███▌      | 14/40 [00:00<00:01, 25.39it/s]
 42%|████▎     | 17/40 [00:00<00:00, 25.95it/s]
 50%|█████     | 20/40 [00:00<00:00, 26.22it/s]
 57%|█████▊    | 23/40 [00:00<00:00, 26.15it/s]
 65%|██████▌   | 26/40 [00:01<00:00, 26.51it/s]
 72%|███████▎  | 29/40 [00:01<00:00, 26.82it/s]
 80%|████████  | 32/40 [00:01<00:00, 25.61it/s]
 88%|████████▊ | 35/40 [00:01<00:00, 24.25it/s]
 95%|█████████▌| 38/40 [00:01<00:00, 23.61it/s]
100%|██████████| 40/40 [00:01<00:00, 24.52it/s]
wandb: WARNING `fps` argument does not affect the frame rate of the video when providing a file path or raw bytes.
389939200: reward=40.076
406323200: mean episode reward=49.424
426639360: mean episode reward=49.915

  0%|          | 0/40 [00:00<?, ?it/s]
  5%|▌         | 2/40 [00:00<00:02, 17.68it/s]
 12%|█▎        | 5/40 [00:00<00:01, 20.54it/s]
 20%|██        | 8/40 [00:00<00:01, 21.11it/s]
 28%|██▊       | 11/40 [00:00<00:01, 21.31it/s]
 35%|███▌      | 14/40 [00:00<00:01, 22.44it/s]
 42%|████▎     | 17/40 [00:00<00:01, 22.90it/s]
 50%|█████     | 20/40 [00:00<00:00, 23.15it/s]
 57%|█████▊    | 23/40 [00:01<00:00, 24.10it/s]
 65%|██████▌   | 26/40 [00:01<00:00, 24.56it/s]
 72%|███████▎  | 29/40 [00:01<00:00, 24.86it/s]
 80%|████████  | 32/40 [00:01<00:00, 24.95it/s]
 88%|████████▊ | 35/40 [00:01<00:00, 24.87it/s]
 95%|█████████▌| 38/40 [00:01<00:00, 24.05it/s]
100%|██████████| 40/40 [00:01<00:00, 23.38it/s]
wandb: WARNING `fps` argument does not affect the frame rate of the video when providing a file path or raw bytes.
445644800: reward=40.142
446955520: mean episode reward=46.348
467271680: mean episode reward=49.549
487587840: mean episode reward=49.873

  0%|          | 0/40 [00:00<?, ?it/s]
  5%|▌         | 2/40 [00:00<00:02, 17.01it/s]
 12%|█▎        | 5/40 [00:00<00:01, 21.82it/s]
 20%|██        | 8/40 [00:00<00:01, 22.66it/s]
 28%|██▊       | 11/40 [00:00<00:01, 23.42it/s]
 35%|███▌      | 14/40 [00:00<00:01, 23.44it/s]
 42%|████▎     | 17/40 [00:00<00:00, 23.88it/s]
 50%|█████     | 20/40 [00:00<00:00, 23.03it/s]
 57%|█████▊    | 23/40 [00:01<00:00, 22.85it/s]
 65%|██████▌   | 26/40 [00:01<00:00, 22.59it/s]
 72%|███████▎  | 29/40 [00:01<00:00, 22.35it/s]
 80%|████████  | 32/40 [00:01<00:00, 23.55it/s]
 88%|████████▊ | 35/40 [00:01<00:00, 24.10it/s]
 95%|█████████▌| 38/40 [00:01<00:00, 24.64it/s]
100%|██████████| 40/40 [00:01<00:00, 23.41it/s]
wandb: WARNING `fps` argument does not affect the frame rate of the video when providing a file path or raw bytes.
501350400: reward=40.890
Done training.
Time to JIT compile: 17.641831755638123
Time to train: 950.517951592803
Starting inference...
FPS for rendering: 10.0

  0%|          | 0/500 [00:00<?, ?it/s]
  0%|          | 2/500 [00:00<00:32, 15.17it/s]
  1%|          | 5/500 [00:00<00:26, 18.62it/s]
  2%|▏         | 8/500 [00:00<00:24, 19.75it/s]
  2%|▏         | 10/500 [00:00<00:24, 19.70it/s]
  3%|▎         | 13/500 [00:00<00:23, 20.74it/s]
  3%|▎         | 16/500 [00:00<00:23, 20.98it/s]
  4%|▍         | 19/500 [00:00<00:22, 21.60it/s]
  4%|▍         | 22/500 [00:01<00:21, 22.72it/s]
  5%|▌         | 25/500 [00:01<00:20, 23.00it/s]
  6%|▌         | 28/500 [00:01<00:20, 23.59it/s]
  6%|▌         | 31/500 [00:01<00:19, 23.49it/s]
  7%|▋         | 34/500 [00:01<00:20, 23.06it/s]
  7%|▋         | 37/500 [00:01<00:19, 23.68it/s]
  8%|▊         | 40/500 [00:01<00:19, 24.05it/s]
  9%|▊         | 43/500 [00:01<00:19, 23.64it/s]
  9%|▉         | 46/500 [00:02<00:19, 23.19it/s]
 10%|▉         | 49/500 [00:02<00:19, 22.65it/s]
 10%|█         | 52/500 [00:02<00:20, 22.23it/s]
 11%|█         | 55/500 [00:02<00:20, 22.12it/s]
 12%|█▏        | 58/500 [00:02<00:19, 22.32it/s]
 12%|█▏        | 61/500 [00:02<00:19, 22.59it/s]
 13%|█▎        | 64/500 [00:02<00:19, 22.93it/s]
 13%|█▎        | 67/500 [00:02<00:18, 23.46it/s]
 14%|█▍        | 70/500 [00:03<00:18, 23.61it/s]
 15%|█▍        | 73/500 [00:03<00:18, 22.82it/s]
 15%|█▌        | 76/500 [00:03<00:18, 22.89it/s]
 16%|█▌        | 79/500 [00:03<00:18, 22.57it/s]
 16%|█▋        | 82/500 [00:03<00:18, 22.36it/s]
 17%|█▋        | 85/500 [00:03<00:18, 22.62it/s]
 18%|█▊        | 88/500 [00:03<00:18, 22.78it/s]
 18%|█▊        | 91/500 [00:04<00:18, 22.65it/s]
 19%|█▉        | 94/500 [00:04<00:18, 22.35it/s]
 19%|█▉        | 97/500 [00:04<00:17, 22.58it/s]
 20%|██        | 100/500 [00:04<00:17, 22.54it/s]
 21%|██        | 103/500 [00:04<00:17, 22.56it/s]
 21%|██        | 106/500 [00:04<00:17, 22.13it/s]
 22%|██▏       | 109/500 [00:04<00:17, 21.89it/s]
 22%|██▏       | 112/500 [00:05<00:17, 21.69it/s]
 23%|██▎       | 115/500 [00:05<00:17, 22.41it/s]
 24%|██▎       | 118/500 [00:05<00:17, 22.36it/s]
 24%|██▍       | 121/500 [00:05<00:16, 22.38it/s]
 25%|██▍       | 124/500 [00:05<00:16, 22.76it/s]
 25%|██▌       | 127/500 [00:05<00:16, 22.53it/s]
 26%|██▌       | 130/500 [00:05<00:16, 23.02it/s]
 27%|██▋       | 133/500 [00:05<00:15, 23.41it/s]
 27%|██▋       | 136/500 [00:06<00:15, 23.74it/s]
 28%|██▊       | 139/500 [00:06<00:15, 22.97it/s]
 28%|██▊       | 142/500 [00:06<00:16, 22.17it/s]
 29%|██▉       | 145/500 [00:06<00:15, 22.60it/s]
 30%|██▉       | 148/500 [00:06<00:15, 22.97it/s]
 30%|███       | 151/500 [00:06<00:14, 23.41it/s]
 31%|███       | 154/500 [00:06<00:14, 23.58it/s]
 31%|███▏      | 157/500 [00:06<00:14, 23.86it/s]
 32%|███▏      | 160/500 [00:07<00:14, 23.72it/s]
 33%|███▎      | 163/500 [00:07<00:13, 24.48it/s]
 33%|███▎      | 166/500 [00:07<00:13, 24.51it/s]
 34%|███▍      | 169/500 [00:07<00:14, 23.46it/s]
 34%|███▍      | 172/500 [00:07<00:14, 22.96it/s]
 35%|███▌      | 175/500 [00:07<00:14, 22.12it/s]
 36%|███▌      | 178/500 [00:07<00:14, 21.53it/s]
 36%|███▌      | 181/500 [00:08<00:14, 21.47it/s]
 37%|███▋      | 184/500 [00:08<00:14, 21.62it/s]
 37%|███▋      | 187/500 [00:08<00:14, 21.53it/s]
 38%|███▊      | 190/500 [00:08<00:14, 21.48it/s]
 39%|███▊      | 193/500 [00:08<00:14, 21.78it/s]
 39%|███▉      | 196/500 [00:08<00:13, 21.87it/s]
 40%|███▉      | 199/500 [00:08<00:13, 22.69it/s]
 40%|████      | 202/500 [00:08<00:12, 23.08it/s]
 41%|████      | 205/500 [00:09<00:12, 22.85it/s]
 42%|████▏     | 208/500 [00:09<00:12, 23.29it/s]
 42%|████▏     | 211/500 [00:09<00:12, 22.55it/s]
 43%|████▎     | 214/500 [00:09<00:12, 22.78it/s]
 43%|████▎     | 217/500 [00:09<00:12, 23.30it/s]
 44%|████▍     | 220/500 [00:09<00:11, 23.77it/s]
 45%|████▍     | 223/500 [00:09<00:11, 23.44it/s]
 45%|████▌     | 226/500 [00:09<00:12, 22.77it/s]
 46%|████▌     | 229/500 [00:10<00:11, 22.64it/s]
 46%|████▋     | 232/500 [00:10<00:12, 22.21it/s]
 47%|████▋     | 235/500 [00:10<00:12, 21.58it/s]
 48%|████▊     | 238/500 [00:10<00:11, 21.88it/s]
 48%|████▊     | 241/500 [00:10<00:11, 22.00it/s]
 49%|████▉     | 244/500 [00:10<00:11, 22.51it/s]
 49%|████▉     | 247/500 [00:10<00:11, 22.88it/s]
 50%|█████     | 250/500 [00:11<00:10, 23.68it/s]
 51%|█████     | 253/500 [00:11<00:10, 23.68it/s]
 51%|█████     | 256/500 [00:11<00:10, 23.69it/s]
 52%|█████▏    | 259/500 [00:11<00:10, 22.89it/s]
 52%|█████▏    | 262/500 [00:11<00:10, 22.85it/s]
 53%|█████▎    | 265/500 [00:11<00:10, 22.96it/s]
 54%|█████▎    | 268/500 [00:11<00:10, 22.85it/s]
 54%|█████▍    | 271/500 [00:11<00:09, 23.02it/s]
 55%|█████▍    | 274/500 [00:12<00:09, 23.19it/s]
 55%|█████▌    | 277/500 [00:12<00:09, 22.87it/s]
 56%|█████▌    | 280/500 [00:12<00:09, 22.97it/s]
 57%|█████▋    | 283/500 [00:12<00:09, 23.07it/s]
 57%|█████▋    | 286/500 [00:12<00:09, 23.36it/s]
 58%|█████▊    | 289/500 [00:12<00:09, 23.34it/s]
 58%|█████▊    | 292/500 [00:12<00:09, 22.68it/s]
 59%|█████▉    | 295/500 [00:13<00:09, 22.68it/s]
 60%|█████▉    | 298/500 [00:13<00:08, 22.83it/s]
 60%|██████    | 301/500 [00:13<00:08, 22.89it/s]
 61%|██████    | 304/500 [00:13<00:08, 22.89it/s]
 61%|██████▏   | 307/500 [00:13<00:08, 22.94it/s]
 62%|██████▏   | 310/500 [00:13<00:08, 22.69it/s]
 63%|██████▎   | 313/500 [00:13<00:08, 23.18it/s]
 63%|██████▎   | 316/500 [00:13<00:07, 23.09it/s]
 64%|██████▍   | 319/500 [00:14<00:07, 23.33it/s]
 64%|██████▍   | 322/500 [00:14<00:07, 23.26it/s]
 65%|██████▌   | 325/500 [00:14<00:07, 23.49it/s]
 66%|██████▌   | 328/500 [00:14<00:07, 23.06it/s]
 66%|██████▌   | 331/500 [00:14<00:07, 22.16it/s]
 67%|██████▋   | 334/500 [00:14<00:07, 22.06it/s]
 67%|██████▋   | 337/500 [00:14<00:07, 22.35it/s]
 68%|██████▊   | 340/500 [00:14<00:07, 22.35it/s]
 69%|██████▊   | 343/500 [00:15<00:06, 22.85it/s]
 69%|██████▉   | 346/500 [00:15<00:06, 23.57it/s]
 70%|██████▉   | 349/500 [00:15<00:06, 24.26it/s]
 70%|███████   | 352/500 [00:15<00:05, 24.68it/s]
 71%|███████   | 355/500 [00:15<00:05, 24.47it/s]
 72%|███████▏  | 358/500 [00:15<00:06, 22.96it/s]
 72%|███████▏  | 361/500 [00:15<00:06, 22.22it/s]
 73%|███████▎  | 364/500 [00:16<00:06, 22.38it/s]
 73%|███████▎  | 367/500 [00:16<00:05, 23.01it/s]
 74%|███████▍  | 370/500 [00:16<00:05, 23.61it/s]
 75%|███████▍  | 373/500 [00:16<00:05, 24.01it/s]
 75%|███████▌  | 376/500 [00:16<00:05, 23.73it/s]
 76%|███████▌  | 379/500 [00:16<00:05, 22.91it/s]
 76%|███████▋  | 382/500 [00:16<00:05, 22.63it/s]
 77%|███████▋  | 385/500 [00:16<00:05, 21.85it/s]
 78%|███████▊  | 388/500 [00:17<00:05, 21.71it/s]
 78%|███████▊  | 391/500 [00:17<00:05, 21.46it/s]
 79%|███████▉  | 394/500 [00:17<00:04, 21.29it/s]
 79%|███████▉  | 397/500 [00:17<00:04, 21.52it/s]
 80%|████████  | 400/500 [00:17<00:04, 22.14it/s]
 81%|████████  | 403/500 [00:17<00:04, 22.82it/s]
 81%|████████  | 406/500 [00:17<00:04, 22.62it/s]
 82%|████████▏ | 409/500 [00:18<00:04, 22.58it/s]
 82%|████████▏ | 412/500 [00:18<00:03, 22.02it/s]
 83%|████████▎ | 415/500 [00:18<00:03, 21.94it/s]
 84%|████████▎ | 418/500 [00:18<00:03, 21.83it/s]
 84%|████████▍ | 421/500 [00:18<00:03, 22.19it/s]
 85%|████████▍ | 424/500 [00:18<00:03, 22.15it/s]
 85%|████████▌ | 427/500 [00:18<00:03, 21.68it/s]
 86%|████████▌ | 430/500 [00:18<00:03, 21.18it/s]
 87%|████████▋ | 433/500 [00:19<00:03, 20.92it/s]
 87%|████████▋ | 436/500 [00:19<00:03, 20.51it/s]
 88%|████████▊ | 439/500 [00:19<00:02, 20.81it/s]
 88%|████████▊ | 442/500 [00:19<00:02, 20.65it/s]
 89%|████████▉ | 445/500 [00:19<00:02, 20.55it/s]
 90%|████████▉ | 448/500 [00:19<00:02, 20.92it/s]
 90%|█████████ | 451/500 [00:20<00:02, 20.95it/s]
 91%|█████████ | 454/500 [00:20<00:02, 20.77it/s]
 91%|█████████▏| 457/500 [00:20<00:02, 21.05it/s]
 92%|█████████▏| 460/500 [00:20<00:01, 20.89it/s]
 93%|█████████▎| 463/500 [00:20<00:01, 20.92it/s]
 93%|█████████▎| 466/500 [00:20<00:01, 20.90it/s]
 94%|█████████▍| 469/500 [00:20<00:01, 21.03it/s]
 94%|█████████▍| 472/500 [00:21<00:01, 21.65it/s]
 95%|█████████▌| 475/500 [00:21<00:01, 21.88it/s]
 96%|█████████▌| 478/500 [00:21<00:01, 21.86it/s]
 96%|█████████▌| 481/500 [00:21<00:00, 21.67it/s]
 97%|█████████▋| 484/500 [00:21<00:00, 21.16it/s]
 97%|█████████▋| 487/500 [00:21<00:00, 21.37it/s]
 98%|█████████▊| 490/500 [00:21<00:00, 20.93it/s]
 99%|█████████▊| 493/500 [00:21<00:00, 21.02it/s]
 99%|█████████▉| 496/500 [00:22<00:00, 21.09it/s]
100%|█████████▉| 499/500 [00:22<00:00, 20.89it/s]
100%|██████████| 500/500 [00:22<00:00, 22.40it/s]
Rollout video saved as 'rollout0.mp4'.
[1;34mwandb[0m: 
[1;34mwandb[0m: 🚀 View run [33mTesolloCubePinch-20260624-173716-cubepinch_sb_forcemagnitude_s8[0m at: [34mhttps://wandb.ai/nikolastaykov/mjxrl/runs/k3uo665e[0m
[1;34mwandb[0m: Find logs at: [1;35mwandb/run-20260624_173716-k3uo665e/logs[0m
