Warp 1.12.1 initialized:
   CUDA Toolkit 12.9, Driver 12.5
   Devices:
     "cpu"      : "x86_64"
     "cuda:0"   : "NVIDIA GeForce RTX 4090" (24 GiB, sm_89, mempool enabled)
   Kernel cache:
     /home/nstaykov/.cache/warp/1.12.1
Warp DeprecationWarning: The symbol `warp.types.warp_type_to_np_dtype` will soon be removed from the public API. It can still be accessed from `warp._src.types.warp_type_to_np_dtype` but might be changed or removed without notice.
/local/home/nstaykov/workspace/mujoco_playground/mujoco_playground/_src/manipulation/tesollo_hand/obs.py:161: UserWarning: obs_noise.scales has keys not in active obs spec: {'motor_targets', 'fingertip_forces', 'fingertip_force_dirs'}
  warnings.warn(
Environment Config:
action_repeat: 1
ctrl_dt: 0.05
cube_pos_offset:
- 0.0
- 0.0
cube_size_scale: 1.0
domain_rand:
  actuator_kp:
  - 1.0
  - 1.0
  cube_mass:
  - 1.0
  - 1.0
  cube_pos:
  - 0.0
  - 0.0
  cube_size:
  - 0.85
  - 1.15
ema_alpha: 0.15
episode_length: 80
force_target_period: 2.0
force_target_range:
- 2.0
- 5.0
force_target_sinusoid: true
force_tolerance: 0.75
ghost_cube: false
impl: warp
nconmax: 409600
njmax: 1024
obs_noise:
  bias_scales:
    fingertip_force_dirs: 0.0
    fingertip_forces: 0.0
    joint_pos: 0.0
    joint_vel: 0.0
    motor_targets: 0.0
  level: 0.0
  scales:
    fingertip_force_dirs: 0.0
    fingertip_forces: 0.0
    joint_pos: 0.001
    joint_vel: 0.01
    motor_targets: 0.0
pert_config:
  angular_velocity_pert:
  - 0.0
  - 0.5
  enable: false
  linear_velocity_pert:
  - 0.0
  - 3.0
  pert_duration_steps:
  - 1
  - 100
  pert_wait_steps:
  - 60
  - 150
pid_gains:
  enable: false
  finger_kp: 3.0
  finger_kv: 0.0
  kp_per_actuator: []
  kv_per_actuator: []
reward_config:
  scales:
    action_rate: -0.005
    cube_force: 5.0
    fingertip_pos_per_tip: 2.0
    joint_vel: -0.01
  success_reward: 10.0
sensor_bundle: proprio.delta
sim_dt: 0.01
success_hold_time: 0.5
use_ctrl_delta: false
weld_cube: true

PPO Training Parameters:
action_repeat: 1
batch_size: 256
discounting: 0.995
entropy_cost: 0.01
episode_length: 80
learning_rate: 0.0001
log_training_metrics: true
max_grad_norm: 1.0
network_factory:
  policy_hidden_layer_sizes: &id001 !!python/tuple
  - 256
  - 128
  - 64
  policy_obs_key: state
  value_hidden_layer_sizes: *id001
  value_obs_key: privileged_state
normalize_observations: true
num_envs: 8192
num_evals: 10
num_minibatches: 64
num_resets_per_eval: 1
num_timesteps: 500000000
num_updates_per_batch: 4
reward_scaling: 1.0
training_metrics_steps: 20000000
unroll_length: 40

CLI overrides: {
  "env_name": "TesolloCubePinch",
  "suffix": "cubepinch_sb_propriodelta_s7",
  "use_wandb": true,
  "log_video_to_wandb": true,
  "domain_randomization": true,
  "seed": 7,
  "num_timesteps": 500000000,
  "num_envs": 8192,
  "log_training_metrics": true,
  "training_metrics_steps": 20000000,
  "env_overrides_file": "logs/_queue/pinch_sweep_size_rand_sinusoid-20260624-142357/run-16-TesolloCubePinch-cubepinch_sb_propriodelta_s7-overrides.yaml"
}
Experiment name: TesolloCubePinch-20260624-184508-cubepinch_sb_propriodelta_s7
Logs are being stored in: /local/home/nstaykov/workspace/mujoco_playground/logs/TesolloCubePinch-20260624-184508-cubepinch_sb_propriodelta_s7
wandb: [wandb.login()] Loaded credentials for https://api.wandb.ai from WANDB_API_KEY.
wandb: Currently logged in as: nstaykov (nikolastaykov) to https://api.wandb.ai. Use `wandb login --relogin` to force relogin
wandb: Tracking run with wandb version 0.26.1
wandb: Run data is saved locally in /local/home/nstaykov/workspace/mujoco_playground/wandb/run-20260624_184509-wp2fxwkf
wandb: Run `wandb offline` to turn off syncing.
wandb: Syncing run TesolloCubePinch-20260624-184508-cubepinch_sb_propriodelta_s7
wandb: ⭐️ View project at https://wandb.ai/nikolastaykov/mjxrl
wandb: 🚀 View run at https://wandb.ai/nikolastaykov/mjxrl/runs/wp2fxwkf
No checkpoint path provided, not restoring from checkpoint
Checkpoint path: /local/home/nstaykov/workspace/mujoco_playground/logs/TesolloCubePinch-20260624-184508-cubepinch_sb_propriodelta_s7/checkpoints
/local/home/nstaykov/workspace/mujoco_playground/mujoco_playground/_src/manipulation/tesollo_hand/obs.py:161: UserWarning: obs_noise.scales has keys not in active obs spec: {'motor_targets', 'fingertip_forces', 'fingertip_force_dirs'}
  warnings.warn(
Module mujoco.mjx.warp.ffi 98d2031 load on device 'cuda:0' took 0.40 ms  (cached)
Module mujoco.mjx.third_party.mujoco_warp._src.smooth 26bbc02 load on device 'cuda:0' took 6.35 ms  (cached)
Module mujoco.mjx.third_party.mujoco_warp._src.collision_driver 88f7770 load on device 'cuda:0' took 0.28 ms  (cached)
Module _nxn_broadphase__locals__kernel_c763f4cb c763f4c load on device 'cuda:0' took 0.28 ms  (cached)
Module _primitive_narrowphase__locals__primitive_narrowphase_072e9f5e 072e9f5 load on device 'cuda:0' took 0.31 ms  (cached)
Module mujoco.mjx.third_party.mujoco_warp._src.constraint c567367 load on device 'cuda:0' took 0.46 ms  (cached)
Module mujoco.mjx.third_party.mujoco_warp._src.sensor 18a78e5 load on device 'cuda:0' took 0.46 ms  (cached)
Module mujoco.mjx.third_party.mujoco_warp._src.forward 16fbac8 load on device 'cuda:0' took 0.43 ms  (cached)
Module mujoco.mjx.third_party.mujoco_warp._src.passive 8bfe11c load on device 'cuda:0' took 0.32 ms  (cached)
Module mujoco.mjx.third_party.mujoco_warp._src.forward 8f5355c load on device 'cuda:0' took 0.39 ms  (cached)
Module mujoco.mjx.third_party.mujoco_warp._src.support dd3f924 load on device 'cuda:0' took 0.27 ms  (cached)
Module _tile_cholesky_factorize_solve__locals__cholesky_factorize_solve_fb56ecff 06a1263 load on device 'cuda:0' took 24.20 ms  (cached)
Module mujoco.mjx.third_party.mujoco_warp._src.solver b116efb load on device 'cuda:0' took 0.48 ms  (cached)
Module solve_init_jaref__locals__kernel_92ac5104 92ac510 load on device 'cuda:0' took 0.46 ms  (cached)
Module mul_m_dense__locals___mul_m_dense_4674517e 4674517 load on device 'cuda:0' took 0.27 ms  (cached)
Module update_constraint_efc__locals__kernel_81015163 8101516 load on device 'cuda:0' took 0.28 ms  (cached)
Module update_constraint_gauss_cost__locals__kernel_266b2051 266b205 load on device 'cuda:0' took 0.27 ms  (cached)
Module update_gradient_JTDAJ_dense_tiled__locals__kernel_f57d3998 abf76dd load on device 'cuda:0' took 0.46 ms  (cached)
Module update_gradient_cholesky__locals__kernel_84e35302 9d5b72e load on device 'cuda:0' took 26.25 ms  (cached)
Module linesearch_iterative__locals__kernel_94acdc55 9c914fd load on device 'cuda:0' took 0.35 ms  (cached)
Module update_constraint_efc__locals__kernel_25737258 2573725 load on device 'cuda:0' took 0.29 ms  (cached)
Module _contact_sort__locals__contact_sort_44d31eb2 de954a2 load on device 'cuda:0' took 0.34 ms  (cached)
0: reward=6.649

  0%|          | 0/40 [00:00<?, ?it/s]
  5%|▌         | 2/40 [00:00<00:02, 16.84it/s]
 12%|█▎        | 5/40 [00:00<00:01, 19.73it/s]
 20%|██        | 8/40 [00:00<00:01, 20.79it/s]
 28%|██▊       | 11/40 [00:00<00:01, 20.97it/s]
 35%|███▌      | 14/40 [00:00<00:01, 21.42it/s]
 42%|████▎     | 17/40 [00:00<00:01, 21.96it/s]
 50%|█████     | 20/40 [00:00<00:00, 21.83it/s]
 57%|█████▊    | 23/40 [00:01<00:00, 21.89it/s]
 65%|██████▌   | 26/40 [00:01<00:00, 22.26it/s]
 72%|███████▎  | 29/40 [00:01<00:00, 22.46it/s]
 80%|████████  | 32/40 [00:01<00:00, 22.37it/s]
 88%|████████▊ | 35/40 [00:01<00:00, 22.79it/s]
 95%|█████████▌| 38/40 [00:01<00:00, 23.13it/s]
100%|██████████| 40/40 [00:01<00:00, 22.08it/s]
wandb: WARNING `fps` argument does not affect the frame rate of the video when providing a file path or raw bytes.
20316160: mean episode reward=10.386
40632320: mean episode reward=14.588

  0%|          | 0/40 [00:00<?, ?it/s]
  5%|▌         | 2/40 [00:00<00:02, 16.43it/s]
 12%|█▎        | 5/40 [00:00<00:01, 20.22it/s]
 20%|██        | 8/40 [00:00<00:01, 21.55it/s]
 28%|██▊       | 11/40 [00:00<00:01, 23.20it/s]
 35%|███▌      | 14/40 [00:00<00:01, 23.73it/s]
 42%|████▎     | 17/40 [00:00<00:00, 23.42it/s]
 50%|█████     | 20/40 [00:00<00:00, 23.38it/s]
 57%|█████▊    | 23/40 [00:01<00:00, 23.12it/s]
 65%|██████▌   | 26/40 [00:01<00:00, 23.15it/s]
 72%|███████▎  | 29/40 [00:01<00:00, 23.41it/s]
 80%|████████  | 32/40 [00:01<00:00, 23.30it/s]
 88%|████████▊ | 35/40 [00:01<00:00, 23.09it/s]
 95%|█████████▌| 38/40 [00:01<00:00, 22.50it/s]
100%|██████████| 40/40 [00:01<00:00, 22.61it/s]
wandb: WARNING `fps` argument does not affect the frame rate of the video when providing a file path or raw bytes.
55705600: reward=16.883
60948480: mean episode reward=18.457
81264640: mean episode reward=20.042
101580800: mean episode reward=21.477

  0%|          | 0/40 [00:00<?, ?it/s]
  5%|▌         | 2/40 [00:00<00:02, 16.90it/s]
 12%|█▎        | 5/40 [00:00<00:01, 21.13it/s]
 20%|██        | 8/40 [00:00<00:01, 22.52it/s]
 28%|██▊       | 11/40 [00:00<00:01, 22.27it/s]
 35%|███▌      | 14/40 [00:00<00:01, 22.56it/s]
 42%|████▎     | 17/40 [00:00<00:01, 22.57it/s]
 50%|█████     | 20/40 [00:00<00:00, 22.49it/s]
 57%|█████▊    | 23/40 [00:01<00:00, 22.71it/s]
 65%|██████▌   | 26/40 [00:01<00:00, 23.29it/s]
 72%|███████▎  | 29/40 [00:01<00:00, 24.07it/s]
 80%|████████  | 32/40 [00:01<00:00, 24.16it/s]
 88%|████████▊ | 35/40 [00:01<00:00, 24.59it/s]
 95%|█████████▌| 38/40 [00:01<00:00, 24.45it/s]
100%|██████████| 40/40 [00:01<00:00, 23.38it/s]
wandb: WARNING `fps` argument does not affect the frame rate of the video when providing a file path or raw bytes.
111411200: reward=18.369
121896960: mean episode reward=22.754
142213120: mean episode reward=24.005
162529280: mean episode reward=23.881

  0%|          | 0/40 [00:00<?, ?it/s]
  5%|▌         | 2/40 [00:00<00:02, 17.46it/s]
 12%|█▎        | 5/40 [00:00<00:01, 21.92it/s]
 20%|██        | 8/40 [00:00<00:01, 23.05it/s]
 28%|██▊       | 11/40 [00:00<00:01, 24.36it/s]
 35%|███▌      | 14/40 [00:00<00:01, 24.53it/s]
 42%|████▎     | 17/40 [00:00<00:00, 25.30it/s]
 50%|█████     | 20/40 [00:00<00:00, 25.33it/s]
 57%|█████▊    | 23/40 [00:00<00:00, 24.09it/s]
 65%|██████▌   | 26/40 [00:01<00:00, 23.92it/s]
 72%|███████▎  | 29/40 [00:01<00:00, 24.03it/s]
 80%|████████  | 32/40 [00:01<00:00, 24.34it/s]
 88%|████████▊ | 35/40 [00:01<00:00, 24.28it/s]
 95%|█████████▌| 38/40 [00:01<00:00, 23.94it/s]
100%|██████████| 40/40 [00:01<00:00, 23.92it/s]
wandb: WARNING `fps` argument does not affect the frame rate of the video when providing a file path or raw bytes.
167116800: reward=20.040
182845440: mean episode reward=25.962
203161600: mean episode reward=28.011

  0%|          | 0/40 [00:00<?, ?it/s]
  5%|▌         | 2/40 [00:00<00:02, 17.74it/s]
 12%|█▎        | 5/40 [00:00<00:01, 22.13it/s]
 20%|██        | 8/40 [00:00<00:01, 22.66it/s]
 28%|██▊       | 11/40 [00:00<00:01, 23.32it/s]
 35%|███▌      | 14/40 [00:00<00:01, 25.34it/s]
 42%|████▎     | 17/40 [00:00<00:00, 26.43it/s]
 50%|█████     | 20/40 [00:00<00:00, 26.29it/s]
 57%|█████▊    | 23/40 [00:00<00:00, 26.49it/s]
 65%|██████▌   | 26/40 [00:01<00:00, 24.70it/s]
 72%|███████▎  | 29/40 [00:01<00:00, 25.05it/s]
 80%|████████  | 32/40 [00:01<00:00, 25.43it/s]
 88%|████████▊ | 35/40 [00:01<00:00, 24.68it/s]
 95%|█████████▌| 38/40 [00:01<00:00, 25.23it/s]
100%|██████████| 40/40 [00:01<00:00, 24.94it/s]
wandb: WARNING `fps` argument does not affect the frame rate of the video when providing a file path or raw bytes.
222822400: reward=22.022
223477760: mean episode reward=21.887
243793920: mean episode reward=25.307
264110080: mean episode reward=25.353

  0%|          | 0/40 [00:00<?, ?it/s]
  5%|▌         | 2/40 [00:00<00:02, 17.12it/s]
 12%|█▎        | 5/40 [00:00<00:01, 21.44it/s]
 20%|██        | 8/40 [00:00<00:01, 23.55it/s]
 28%|██▊       | 11/40 [00:00<00:01, 24.98it/s]
 35%|███▌      | 14/40 [00:00<00:01, 25.64it/s]
 42%|████▎     | 17/40 [00:00<00:00, 26.51it/s]
 50%|█████     | 20/40 [00:00<00:00, 26.22it/s]
 57%|█████▊    | 23/40 [00:00<00:00, 25.99it/s]
 65%|██████▌   | 26/40 [00:01<00:00, 25.21it/s]
 72%|███████▎  | 29/40 [00:01<00:00, 24.48it/s]
 80%|████████  | 32/40 [00:01<00:00, 23.77it/s]
 88%|████████▊ | 35/40 [00:01<00:00, 23.62it/s]
 95%|█████████▌| 38/40 [00:01<00:00, 22.58it/s]
100%|██████████| 40/40 [00:01<00:00, 24.01it/s]
wandb: WARNING `fps` argument does not affect the frame rate of the video when providing a file path or raw bytes.
278528000: reward=21.023
284426240: mean episode reward=27.789
304742400: mean episode reward=28.554
325058560: mean episode reward=28.961

  0%|          | 0/40 [00:00<?, ?it/s]
  5%|▌         | 2/40 [00:00<00:02, 15.57it/s]
 12%|█▎        | 5/40 [00:00<00:01, 20.14it/s]
 20%|██        | 8/40 [00:00<00:01, 22.21it/s]
 28%|██▊       | 11/40 [00:00<00:01, 23.81it/s]
 35%|███▌      | 14/40 [00:00<00:01, 24.72it/s]
 42%|████▎     | 17/40 [00:00<00:00, 26.29it/s]
 50%|█████     | 20/40 [00:00<00:00, 26.55it/s]
 57%|█████▊    | 23/40 [00:00<00:00, 26.77it/s]
 65%|██████▌   | 26/40 [00:01<00:00, 25.50it/s]
 72%|███████▎  | 29/40 [00:01<00:00, 24.61it/s]
 80%|████████  | 32/40 [00:01<00:00, 25.06it/s]
 88%|████████▊ | 35/40 [00:01<00:00, 24.38it/s]
 95%|█████████▌| 38/40 [00:01<00:00, 24.32it/s]
100%|██████████| 40/40 [00:01<00:00, 24.22it/s]
wandb: WARNING `fps` argument does not affect the frame rate of the video when providing a file path or raw bytes.
334233600: reward=23.058
345374720: mean episode reward=28.952
365690880: mean episode reward=29.203
386007040: mean episode reward=29.083

  0%|          | 0/40 [00:00<?, ?it/s]
  5%|▌         | 2/40 [00:00<00:02, 18.58it/s]
 12%|█▎        | 5/40 [00:00<00:01, 22.38it/s]
 20%|██        | 8/40 [00:00<00:01, 22.90it/s]
 28%|██▊       | 11/40 [00:00<00:01, 23.30it/s]
 35%|███▌      | 14/40 [00:00<00:01, 23.89it/s]
 42%|████▎     | 17/40 [00:00<00:00, 23.58it/s]
 50%|█████     | 20/40 [00:00<00:00, 23.29it/s]
 57%|█████▊    | 23/40 [00:00<00:00, 23.26it/s]
 65%|██████▌   | 26/40 [00:01<00:00, 23.47it/s]
 72%|███████▎  | 29/40 [00:01<00:00, 23.22it/s]
 80%|████████  | 32/40 [00:01<00:00, 23.05it/s]
 88%|████████▊ | 35/40 [00:01<00:00, 23.13it/s]
 95%|█████████▌| 38/40 [00:01<00:00, 23.39it/s]
100%|██████████| 40/40 [00:01<00:00, 23.26it/s]
wandb: WARNING `fps` argument does not affect the frame rate of the video when providing a file path or raw bytes.
389939200: reward=26.200
406323200: mean episode reward=31.960
426639360: mean episode reward=31.786

  0%|          | 0/40 [00:00<?, ?it/s]
  5%|▌         | 2/40 [00:00<00:02, 16.44it/s]
 12%|█▎        | 5/40 [00:00<00:01, 19.76it/s]
 20%|██        | 8/40 [00:00<00:01, 20.60it/s]
 28%|██▊       | 11/40 [00:00<00:01, 20.62it/s]
 35%|███▌      | 14/40 [00:00<00:01, 21.17it/s]
 42%|████▎     | 17/40 [00:00<00:01, 21.45it/s]
 50%|█████     | 20/40 [00:00<00:00, 22.01it/s]
 57%|█████▊    | 23/40 [00:01<00:00, 22.77it/s]
 65%|██████▌   | 26/40 [00:01<00:00, 22.84it/s]
 72%|███████▎  | 29/40 [00:01<00:00, 22.75it/s]
 80%|████████  | 32/40 [00:01<00:00, 22.24it/s]
 88%|████████▊ | 35/40 [00:01<00:00, 22.63it/s]
 95%|█████████▌| 38/40 [00:01<00:00, 22.96it/s]
100%|██████████| 40/40 [00:01<00:00, 21.98it/s]
wandb: WARNING `fps` argument does not affect the frame rate of the video when providing a file path or raw bytes.
445644800: reward=25.717
446955520: mean episode reward=29.267
467271680: mean episode reward=29.094
487587840: mean episode reward=28.775

  0%|          | 0/40 [00:00<?, ?it/s]
  5%|▌         | 2/40 [00:00<00:02, 16.00it/s]
 12%|█▎        | 5/40 [00:00<00:01, 19.06it/s]
 20%|██        | 8/40 [00:00<00:01, 20.16it/s]
 28%|██▊       | 11/40 [00:00<00:01, 21.09it/s]
 35%|███▌      | 14/40 [00:00<00:01, 21.58it/s]
 42%|████▎     | 17/40 [00:00<00:01, 21.35it/s]
 50%|█████     | 20/40 [00:00<00:00, 21.52it/s]
 57%|█████▊    | 23/40 [00:01<00:00, 21.57it/s]
 65%|██████▌   | 26/40 [00:01<00:00, 22.27it/s]
 72%|███████▎  | 29/40 [00:01<00:00, 23.55it/s]
 80%|████████  | 32/40 [00:01<00:00, 24.20it/s]
 88%|████████▊ | 35/40 [00:01<00:00, 25.01it/s]
 95%|█████████▌| 38/40 [00:01<00:00, 25.31it/s]
100%|██████████| 40/40 [00:01<00:00, 22.86it/s]
wandb: WARNING `fps` argument does not affect the frame rate of the video when providing a file path or raw bytes.
501350400: reward=26.450
Done training.
Time to JIT compile: 17.696370258927345
Time to train: 957.9094170704484
Starting inference...
FPS for rendering: 10.0

  0%|          | 0/500 [00:00<?, ?it/s]
  0%|          | 2/500 [00:00<00:32, 15.55it/s]
  1%|          | 5/500 [00:00<00:25, 19.11it/s]
  2%|▏         | 8/500 [00:00<00:23, 21.00it/s]
  2%|▏         | 11/500 [00:00<00:22, 21.79it/s]
  3%|▎         | 14/500 [00:00<00:21, 22.24it/s]
  3%|▎         | 17/500 [00:00<00:21, 22.75it/s]
  4%|▍         | 20/500 [00:00<00:20, 23.14it/s]
  5%|▍         | 23/500 [00:01<00:20, 23.62it/s]
  5%|▌         | 26/500 [00:01<00:20, 22.72it/s]
  6%|▌         | 29/500 [00:01<00:20, 22.59it/s]
  6%|▋         | 32/500 [00:01<00:21, 22.25it/s]
  7%|▋         | 35/500 [00:01<00:19, 23.28it/s]
  8%|▊         | 38/500 [00:01<00:19, 24.09it/s]
  8%|▊         | 41/500 [00:01<00:18, 24.36it/s]
  9%|▉         | 44/500 [00:01<00:19, 23.74it/s]
  9%|▉         | 47/500 [00:02<00:19, 23.57it/s]
 10%|█         | 50/500 [00:02<00:18, 24.14it/s]
 11%|█         | 53/500 [00:02<00:18, 23.81it/s]
 11%|█         | 56/500 [00:02<00:18, 23.63it/s]
 12%|█▏        | 59/500 [00:02<00:18, 23.34it/s]
 12%|█▏        | 62/500 [00:02<00:18, 23.27it/s]
 13%|█▎        | 65/500 [00:02<00:19, 22.15it/s]
 14%|█▎        | 68/500 [00:02<00:19, 22.06it/s]
 14%|█▍        | 71/500 [00:03<00:18, 22.65it/s]
 15%|█▍        | 74/500 [00:03<00:18, 22.81it/s]
 15%|█▌        | 77/500 [00:03<00:18, 22.63it/s]
 16%|█▌        | 80/500 [00:03<00:18, 22.42it/s]
 17%|█▋        | 83/500 [00:03<00:18, 22.25it/s]
 17%|█▋        | 86/500 [00:03<00:18, 21.94it/s]
 18%|█▊        | 89/500 [00:03<00:18, 21.95it/s]
 18%|█▊        | 92/500 [00:04<00:18, 21.60it/s]
 19%|█▉        | 95/500 [00:04<00:18, 21.44it/s]
 20%|█▉        | 98/500 [00:04<00:19, 21.07it/s]
 20%|██        | 101/500 [00:04<00:19, 20.89it/s]
 21%|██        | 104/500 [00:04<00:18, 21.00it/s]
 21%|██▏       | 107/500 [00:04<00:19, 20.50it/s]
 22%|██▏       | 110/500 [00:04<00:18, 20.69it/s]
 23%|██▎       | 113/500 [00:05<00:18, 20.55it/s]
 23%|██▎       | 116/500 [00:05<00:18, 20.34it/s]
 24%|██▍       | 119/500 [00:05<00:17, 21.18it/s]
 24%|██▍       | 122/500 [00:05<00:17, 21.65it/s]
 25%|██▌       | 125/500 [00:05<00:16, 22.34it/s]
 26%|██▌       | 128/500 [00:05<00:16, 22.64it/s]
 26%|██▌       | 131/500 [00:05<00:16, 22.78it/s]
 27%|██▋       | 134/500 [00:06<00:15, 23.32it/s]
 27%|██▋       | 137/500 [00:06<00:15, 23.34it/s]
 28%|██▊       | 140/500 [00:06<00:15, 23.37it/s]
 29%|██▊       | 143/500 [00:06<00:15, 23.57it/s]
 29%|██▉       | 146/500 [00:06<00:14, 23.70it/s]
 30%|██▉       | 149/500 [00:06<00:14, 23.77it/s]
 30%|███       | 152/500 [00:06<00:14, 24.29it/s]
 31%|███       | 155/500 [00:06<00:14, 23.40it/s]
 32%|███▏      | 158/500 [00:07<00:15, 22.39it/s]
 32%|███▏      | 161/500 [00:07<00:15, 22.13it/s]
 33%|███▎      | 164/500 [00:07<00:15, 21.80it/s]
 33%|███▎      | 167/500 [00:07<00:15, 21.41it/s]
 34%|███▍      | 170/500 [00:07<00:15, 21.13it/s]
 35%|███▍      | 173/500 [00:07<00:14, 22.12it/s]
 35%|███▌      | 176/500 [00:07<00:14, 22.17it/s]
 36%|███▌      | 179/500 [00:08<00:14, 21.51it/s]
 36%|███▋      | 182/500 [00:08<00:15, 20.55it/s]
 37%|███▋      | 185/500 [00:08<00:16, 19.65it/s]
 37%|███▋      | 187/500 [00:08<00:16, 19.42it/s]
 38%|███▊      | 190/500 [00:08<00:15, 20.33it/s]
 39%|███▊      | 193/500 [00:08<00:14, 21.82it/s]
 39%|███▉      | 196/500 [00:08<00:13, 22.96it/s]
 40%|███▉      | 199/500 [00:08<00:12, 23.88it/s]
 40%|████      | 202/500 [00:09<00:12, 23.80it/s]
 41%|████      | 205/500 [00:09<00:12, 23.43it/s]
 42%|████▏     | 208/500 [00:09<00:12, 23.09it/s]
 42%|████▏     | 211/500 [00:09<00:12, 22.67it/s]
 43%|████▎     | 214/500 [00:09<00:12, 22.98it/s]
 43%|████▎     | 217/500 [00:09<00:12, 22.47it/s]
 44%|████▍     | 220/500 [00:09<00:12, 21.94it/s]
 45%|████▍     | 223/500 [00:10<00:12, 21.71it/s]
 45%|████▌     | 226/500 [00:10<00:12, 21.72it/s]
 46%|████▌     | 229/500 [00:10<00:12, 21.35it/s]
 46%|████▋     | 232/500 [00:10<00:12, 20.83it/s]
 47%|████▋     | 235/500 [00:10<00:12, 21.20it/s]
 48%|████▊     | 238/500 [00:10<00:12, 21.02it/s]
 48%|████▊     | 241/500 [00:10<00:12, 21.33it/s]
 49%|████▉     | 244/500 [00:11<00:11, 21.66it/s]
 49%|████▉     | 247/500 [00:11<00:11, 21.97it/s]
 50%|█████     | 250/500 [00:11<00:11, 22.67it/s]
 51%|█████     | 253/500 [00:11<00:10, 22.74it/s]
 51%|█████     | 256/500 [00:11<00:10, 22.62it/s]
 52%|█████▏    | 259/500 [00:11<00:10, 23.32it/s]
 52%|█████▏    | 262/500 [00:11<00:09, 24.04it/s]
 53%|█████▎    | 265/500 [00:11<00:09, 23.59it/s]
 54%|█████▎    | 268/500 [00:12<00:10, 22.70it/s]
 54%|█████▍    | 271/500 [00:12<00:09, 23.57it/s]
 55%|█████▍    | 274/500 [00:12<00:09, 23.72it/s]
 55%|█████▌    | 277/500 [00:12<00:09, 23.53it/s]
 56%|█████▌    | 280/500 [00:12<00:09, 22.80it/s]
 57%|█████▋    | 283/500 [00:12<00:09, 22.56it/s]
 57%|█████▋    | 286/500 [00:12<00:09, 21.94it/s]
 58%|█████▊    | 289/500 [00:12<00:09, 21.98it/s]
 58%|█████▊    | 292/500 [00:13<00:09, 22.02it/s]
 59%|█████▉    | 295/500 [00:13<00:09, 21.31it/s]
 60%|█████▉    | 298/500 [00:13<00:09, 21.56it/s]
 60%|██████    | 301/500 [00:13<00:09, 21.57it/s]
 61%|██████    | 304/500 [00:13<00:08, 21.79it/s]
 61%|██████▏   | 307/500 [00:13<00:08, 22.14it/s]
 62%|██████▏   | 310/500 [00:13<00:08, 22.06it/s]
 63%|██████▎   | 313/500 [00:14<00:08, 22.29it/s]
 63%|██████▎   | 316/500 [00:14<00:08, 22.22it/s]
 64%|██████▍   | 319/500 [00:14<00:08, 21.93it/s]
 64%|██████▍   | 322/500 [00:14<00:08, 21.83it/s]
 65%|██████▌   | 325/500 [00:14<00:08, 21.74it/s]
 66%|██████▌   | 328/500 [00:14<00:07, 21.83it/s]
 66%|██████▌   | 331/500 [00:14<00:07, 21.51it/s]
 67%|██████▋   | 334/500 [00:15<00:07, 21.48it/s]
 67%|██████▋   | 337/500 [00:15<00:07, 21.62it/s]
 68%|██████▊   | 340/500 [00:15<00:07, 21.99it/s]
 69%|██████▊   | 343/500 [00:15<00:07, 21.55it/s]
 69%|██████▉   | 346/500 [00:15<00:07, 21.75it/s]
 70%|██████▉   | 349/500 [00:15<00:06, 22.02it/s]
 70%|███████   | 352/500 [00:15<00:06, 22.48it/s]
 71%|███████   | 355/500 [00:15<00:06, 22.51it/s]
 72%|███████▏  | 358/500 [00:16<00:06, 23.28it/s]
 72%|███████▏  | 361/500 [00:16<00:05, 24.02it/s]
 73%|███████▎  | 364/500 [00:16<00:05, 24.60it/s]
 73%|███████▎  | 367/500 [00:16<00:05, 24.92it/s]
 74%|███████▍  | 370/500 [00:16<00:05, 25.33it/s]
 75%|███████▍  | 373/500 [00:16<00:04, 25.48it/s]
 75%|███████▌  | 376/500 [00:16<00:04, 25.20it/s]
 76%|███████▌  | 379/500 [00:16<00:04, 25.16it/s]
 76%|███████▋  | 382/500 [00:17<00:04, 24.79it/s]
 77%|███████▋  | 385/500 [00:17<00:04, 24.21it/s]
 78%|███████▊  | 388/500 [00:17<00:04, 23.49it/s]
 78%|███████▊  | 391/500 [00:17<00:04, 22.46it/s]
 79%|███████▉  | 394/500 [00:17<00:04, 22.07it/s]
 79%|███████▉  | 397/500 [00:17<00:04, 21.75it/s]
 80%|████████  | 400/500 [00:17<00:04, 21.47it/s]
 81%|████████  | 403/500 [00:18<00:04, 21.68it/s]
 81%|████████  | 406/500 [00:18<00:04, 22.13it/s]
 82%|████████▏ | 409/500 [00:18<00:04, 21.99it/s]
 82%|████████▏ | 412/500 [00:18<00:04, 21.53it/s]
 83%|████████▎ | 415/500 [00:18<00:03, 22.34it/s]
 84%|████████▎ | 418/500 [00:18<00:03, 22.20it/s]
 84%|████████▍ | 421/500 [00:18<00:03, 22.39it/s]
 85%|████████▍ | 424/500 [00:18<00:03, 22.59it/s]
 85%|████████▌ | 427/500 [00:19<00:03, 23.18it/s]
 86%|████████▌ | 430/500 [00:19<00:03, 23.33it/s]
 87%|████████▋ | 433/500 [00:19<00:02, 23.22it/s]
 87%|████████▋ | 436/500 [00:19<00:02, 22.91it/s]
 88%|████████▊ | 439/500 [00:19<00:02, 21.83it/s]
 88%|████████▊ | 442/500 [00:19<00:02, 21.57it/s]
 89%|████████▉ | 445/500 [00:19<00:02, 21.06it/s]
 90%|████████▉ | 448/500 [00:20<00:02, 20.97it/s]
 90%|█████████ | 451/500 [00:20<00:02, 20.67it/s]
 91%|█████████ | 454/500 [00:20<00:02, 20.82it/s]
 91%|█████████▏| 457/500 [00:20<00:02, 20.24it/s]
 92%|█████████▏| 460/500 [00:20<00:02, 19.90it/s]
 93%|█████████▎| 463/500 [00:20<00:01, 20.15it/s]
 93%|█████████▎| 466/500 [00:20<00:01, 20.00it/s]
 94%|█████████▍| 469/500 [00:21<00:01, 20.18it/s]
 94%|█████████▍| 472/500 [00:21<00:01, 20.60it/s]
 95%|█████████▌| 475/500 [00:21<00:01, 21.38it/s]
 96%|█████████▌| 478/500 [00:21<00:00, 22.23it/s]
 96%|█████████▌| 481/500 [00:21<00:00, 23.13it/s]
 97%|█████████▋| 484/500 [00:21<00:00, 23.87it/s]
 97%|█████████▋| 487/500 [00:21<00:00, 23.72it/s]
 98%|█████████▊| 490/500 [00:21<00:00, 23.22it/s]
 99%|█████████▊| 493/500 [00:22<00:00, 23.69it/s]
 99%|█████████▉| 496/500 [00:22<00:00, 24.08it/s]
100%|█████████▉| 499/500 [00:22<00:00, 24.18it/s]
100%|██████████| 500/500 [00:22<00:00, 22.32it/s]
Rollout video saved as 'rollout0.mp4'.
[1;34mwandb[0m: 
[1;34mwandb[0m: 🚀 View run [33mTesolloCubePinch-20260624-184508-cubepinch_sb_propriodelta_s7[0m at: [34mhttps://wandb.ai/nikolastaykov/mjxrl/runs/wp2fxwkf[0m
[1;34mwandb[0m: Find logs at: [1;35mwandb/run-20260624_184509-wp2fxwkf/logs[0m
