Warp 1.12.1 initialized:
   CUDA Toolkit 12.9, Driver 12.5
   Devices:
     "cpu"      : "x86_64"
     "cuda:0"   : "NVIDIA GeForce RTX 4090" (24 GiB, sm_89, mempool enabled)
   Kernel cache:
     /home/nstaykov/.cache/warp/1.12.1
Warp DeprecationWarning: The symbol `warp.types.warp_type_to_np_dtype` will soon be removed from the public API. It can still be accessed from `warp._src.types.warp_type_to_np_dtype` but might be changed or removed without notice.
/local/home/nstaykov/workspace/mujoco_playground/mujoco_playground/_src/manipulation/tesollo_hand/obs.py:161: UserWarning: obs_noise.scales has keys not in active obs spec: {'fingertip_forces', 'fingertip_force_dirs', 'motor_targets'}
  warnings.warn(
Environment Config:
action_repeat: 1
ctrl_dt: 0.05
cube_pos_offset:
- 0.0
- 0.0
cube_size_scale: 1.0
domain_rand:
  cube_mass:
  - 1.0
  - 1.0
  cube_pos:
  - 0.0
  - 0.0
  cube_size:
  - 0.85
  - 1.15
ema_alpha: 0.15
episode_length: 80
force_target_range:
- 2.0
- 5.0
force_tolerance: 0.75
ghost_cube: false
impl: warp
nconmax: 409600
njmax: 1024
obs_noise:
  bias_scales:
    fingertip_force_dirs: 0.0
    fingertip_forces: 0.0
    joint_pos: 0.0
    joint_vel: 0.0
    motor_targets: 0.0
  level: 0.0
  scales:
    fingertip_force_dirs: 0.0
    fingertip_forces: 0.0
    joint_pos: 0.001
    joint_vel: 0.01
    motor_targets: 0.0
pert_config:
  angular_velocity_pert:
  - 0.0
  - 0.5
  enable: false
  linear_velocity_pert:
  - 0.0
  - 3.0
  pert_duration_steps:
  - 1
  - 100
  pert_wait_steps:
  - 60
  - 150
pid_gains:
  enable: false
  finger_kp: 3.0
  finger_kv: 0.0
  kp_per_actuator: []
  kv_per_actuator: []
reward_config:
  scales:
    action_rate: -0.005
    cube_force: 5.0
    fingertip_pos_per_tip: 2.0
    joint_vel: -0.01
  success_reward: 10.0
sensor_bundle: proprio.delta
sim_dt: 0.01
success_hold_time: 0.5
use_ctrl_delta: false
weld_cube: true

PPO Training Parameters:
action_repeat: 1
batch_size: 256
discounting: 0.995
entropy_cost: 0.01
episode_length: 80
learning_rate: 0.0001
log_training_metrics: true
max_grad_norm: 1.0
network_factory:
  policy_hidden_layer_sizes: &id001 !!python/tuple
  - 256
  - 128
  - 64
  policy_obs_key: state
  value_hidden_layer_sizes: *id001
  value_obs_key: privileged_state
normalize_observations: true
num_envs: 8192
num_evals: 10
num_minibatches: 64
num_resets_per_eval: 1
num_timesteps: 300000000
num_updates_per_batch: 4
reward_scaling: 1.0
training_metrics_steps: 10000000
unroll_length: 40

CLI overrides: {
  "env_name": "TesolloCubePinch",
  "suffix": "cubepinch_sb_propriodelta_s3",
  "use_wandb": true,
  "log_video_to_wandb": true,
  "domain_randomization": true,
  "seed": 3,
  "num_timesteps": 300000000,
  "num_envs": 8192,
  "log_training_metrics": true,
  "training_metrics_steps": 10000000,
  "env_overrides_file": "logs/_queue/pinch_sweep_size_rand-20260622-222627/run-14-TesolloCubePinch-cubepinch_sb_propriodelta_s3-overrides.yaml"
}
Experiment name: TesolloCubePinch-20260622-224916-cubepinch_sb_propriodelta_s3
Logs are being stored in: /local/home/nstaykov/workspace/mujoco_playground/logs/TesolloCubePinch-20260622-224916-cubepinch_sb_propriodelta_s3
wandb: [wandb.login()] Loaded credentials for https://api.wandb.ai from WANDB_API_KEY.
wandb: Currently logged in as: nstaykov (nikolastaykov) to https://api.wandb.ai. Use `wandb login --relogin` to force relogin
wandb: Tracking run with wandb version 0.26.1
wandb: Run data is saved locally in /local/home/nstaykov/workspace/mujoco_playground/wandb/run-20260622_224916-xnci8gav
wandb: Run `wandb offline` to turn off syncing.
wandb: Syncing run TesolloCubePinch-20260622-224916-cubepinch_sb_propriodelta_s3
wandb: ⭐️ View project at https://wandb.ai/nikolastaykov/mjxrl
wandb: 🚀 View run at https://wandb.ai/nikolastaykov/mjxrl/runs/xnci8gav
No checkpoint path provided, not restoring from checkpoint
Checkpoint path: /local/home/nstaykov/workspace/mujoco_playground/logs/TesolloCubePinch-20260622-224916-cubepinch_sb_propriodelta_s3/checkpoints
/local/home/nstaykov/workspace/mujoco_playground/mujoco_playground/_src/manipulation/tesollo_hand/obs.py:161: UserWarning: obs_noise.scales has keys not in active obs spec: {'fingertip_forces', 'fingertip_force_dirs', 'motor_targets'}
  warnings.warn(
Module mujoco.mjx.warp.ffi 98d2031 load on device 'cuda:0' took 0.40 ms  (cached)
Module mujoco.mjx.third_party.mujoco_warp._src.smooth 26bbc02 load on device 'cuda:0' took 6.36 ms  (cached)
Module mujoco.mjx.third_party.mujoco_warp._src.collision_driver 88f7770 load on device 'cuda:0' took 0.27 ms  (cached)
Module _nxn_broadphase__locals__kernel_c763f4cb c763f4c load on device 'cuda:0' took 0.27 ms  (cached)
Module _primitive_narrowphase__locals__primitive_narrowphase_072e9f5e 072e9f5 load on device 'cuda:0' took 0.37 ms  (cached)
Module mujoco.mjx.third_party.mujoco_warp._src.constraint c567367 load on device 'cuda:0' took 0.45 ms  (cached)
Module mujoco.mjx.third_party.mujoco_warp._src.sensor 18a78e5 load on device 'cuda:0' took 0.49 ms  (cached)
Module mujoco.mjx.third_party.mujoco_warp._src.forward 16fbac8 load on device 'cuda:0' took 0.42 ms  (cached)
Module mujoco.mjx.third_party.mujoco_warp._src.passive 8bfe11c load on device 'cuda:0' took 0.32 ms  (cached)
Module mujoco.mjx.third_party.mujoco_warp._src.forward 8f5355c load on device 'cuda:0' took 0.39 ms  (cached)
Module mujoco.mjx.third_party.mujoco_warp._src.support dd3f924 load on device 'cuda:0' took 0.28 ms  (cached)
Module _tile_cholesky_factorize_solve__locals__cholesky_factorize_solve_fb56ecff 06a1263 load on device 'cuda:0' took 25.25 ms  (cached)
Module mujoco.mjx.third_party.mujoco_warp._src.solver b116efb load on device 'cuda:0' took 0.52 ms  (cached)
Module solve_init_jaref__locals__kernel_92ac5104 92ac510 load on device 'cuda:0' took 0.40 ms  (cached)
Module mul_m_dense__locals___mul_m_dense_4674517e 4674517 load on device 'cuda:0' took 0.29 ms  (cached)
Module update_constraint_efc__locals__kernel_81015163 8101516 load on device 'cuda:0' took 0.27 ms  (cached)
Module update_constraint_gauss_cost__locals__kernel_266b2051 266b205 load on device 'cuda:0' took 0.45 ms  (cached)
Module update_gradient_JTDAJ_dense_tiled__locals__kernel_f57d3998 abf76dd load on device 'cuda:0' took 0.53 ms  (cached)
Module update_gradient_cholesky__locals__kernel_84e35302 9d5b72e load on device 'cuda:0' took 26.68 ms  (cached)
Module linesearch_iterative__locals__kernel_94acdc55 9c914fd load on device 'cuda:0' took 0.36 ms  (cached)
Module update_constraint_efc__locals__kernel_25737258 2573725 load on device 'cuda:0' took 0.28 ms  (cached)
Module _contact_sort__locals__contact_sort_44d31eb2 de954a2 load on device 'cuda:0' took 0.35 ms  (cached)
0: reward=7.015

  0%|          | 0/40 [00:00<?, ?it/s]
  5%|▌         | 2/40 [00:00<00:02, 15.43it/s]
 12%|█▎        | 5/40 [00:00<00:01, 19.66it/s]
 20%|██        | 8/40 [00:00<00:01, 20.08it/s]
 28%|██▊       | 11/40 [00:00<00:01, 20.27it/s]
 35%|███▌      | 14/40 [00:00<00:01, 20.23it/s]
 42%|████▎     | 17/40 [00:00<00:01, 20.42it/s]
 50%|█████     | 20/40 [00:00<00:00, 20.89it/s]
 57%|█████▊    | 23/40 [00:01<00:00, 20.87it/s]
 65%|██████▌   | 26/40 [00:01<00:00, 21.25it/s]
 72%|███████▎  | 29/40 [00:01<00:00, 20.66it/s]
 80%|████████  | 32/40 [00:01<00:00, 20.72it/s]
 88%|████████▊ | 35/40 [00:01<00:00, 20.94it/s]
 95%|█████████▌| 38/40 [00:01<00:00, 20.98it/s]
100%|██████████| 40/40 [00:01<00:00, 20.61it/s]
wandb: WARNING `fps` argument does not affect the frame rate of the video when providing a file path or raw bytes.
10485760: mean episode reward=10.905
20971520: mean episode reward=12.726
31457280: mean episode reward=15.857

  0%|          | 0/40 [00:00<?, ?it/s]
  5%|▌         | 2/40 [00:00<00:02, 18.22it/s]
 12%|█▎        | 5/40 [00:00<00:01, 21.57it/s]
 20%|██        | 8/40 [00:00<00:01, 23.93it/s]
 28%|██▊       | 11/40 [00:00<00:01, 24.15it/s]
 35%|███▌      | 14/40 [00:00<00:01, 24.13it/s]
 42%|████▎     | 17/40 [00:00<00:00, 24.35it/s]
 50%|█████     | 20/40 [00:00<00:00, 24.34it/s]
 57%|█████▊    | 23/40 [00:00<00:00, 24.11it/s]
 65%|██████▌   | 26/40 [00:01<00:00, 23.65it/s]
 72%|███████▎  | 29/40 [00:01<00:00, 22.67it/s]
 80%|████████  | 32/40 [00:01<00:00, 22.56it/s]
 88%|████████▊ | 35/40 [00:01<00:00, 22.57it/s]
 95%|█████████▌| 38/40 [00:01<00:00, 22.26it/s]
100%|██████████| 40/40 [00:01<00:00, 23.00it/s]
wandb: WARNING `fps` argument does not affect the frame rate of the video when providing a file path or raw bytes.
33423360: reward=16.603
41943040: mean episode reward=18.507
52428800: mean episode reward=19.631
62914560: mean episode reward=22.066

  0%|          | 0/40 [00:00<?, ?it/s]
  5%|▌         | 2/40 [00:00<00:02, 17.46it/s]
 12%|█▎        | 5/40 [00:00<00:01, 19.83it/s]
 20%|██        | 8/40 [00:00<00:01, 20.49it/s]
 28%|██▊       | 11/40 [00:00<00:01, 21.19it/s]
 35%|███▌      | 14/40 [00:00<00:01, 21.94it/s]
 42%|████▎     | 17/40 [00:00<00:01, 22.67it/s]
 50%|█████     | 20/40 [00:00<00:00, 23.34it/s]
 57%|█████▊    | 23/40 [00:01<00:00, 23.82it/s]
 65%|██████▌   | 26/40 [00:01<00:00, 24.12it/s]
 72%|███████▎  | 29/40 [00:01<00:00, 23.79it/s]
 80%|████████  | 32/40 [00:01<00:00, 23.50it/s]
 88%|████████▊ | 35/40 [00:01<00:00, 22.33it/s]
 95%|█████████▌| 38/40 [00:01<00:00, 22.56it/s]
100%|██████████| 40/40 [00:01<00:00, 22.41it/s]
wandb: WARNING `fps` argument does not affect the frame rate of the video when providing a file path or raw bytes.
66846720: reward=20.629
73400320: mean episode reward=21.076
83886080: mean episode reward=22.414
94371840: mean episode reward=23.147

  0%|          | 0/40 [00:00<?, ?it/s]
  5%|▌         | 2/40 [00:00<00:02, 17.42it/s]
 12%|█▎        | 5/40 [00:00<00:01, 19.89it/s]
 20%|██        | 8/40 [00:00<00:01, 20.82it/s]
 28%|██▊       | 11/40 [00:00<00:01, 20.78it/s]
 35%|███▌      | 14/40 [00:00<00:01, 21.42it/s]
 42%|████▎     | 17/40 [00:00<00:01, 22.86it/s]
 50%|█████     | 20/40 [00:00<00:00, 22.54it/s]
 57%|█████▊    | 23/40 [00:01<00:00, 22.61it/s]
 65%|██████▌   | 26/40 [00:01<00:00, 22.46it/s]
 72%|███████▎  | 29/40 [00:01<00:00, 22.16it/s]
 80%|████████  | 32/40 [00:01<00:00, 22.16it/s]
 88%|████████▊ | 35/40 [00:01<00:00, 21.82it/s]
 95%|█████████▌| 38/40 [00:01<00:00, 21.56it/s]
100%|██████████| 40/40 [00:01<00:00, 21.76it/s]
wandb: WARNING `fps` argument does not affect the frame rate of the video when providing a file path or raw bytes.
100270080: reward=23.108
104857600: mean episode reward=24.908
115343360: mean episode reward=24.890
125829120: mean episode reward=25.212

  0%|          | 0/40 [00:00<?, ?it/s]
  5%|▌         | 2/40 [00:00<00:02, 15.95it/s]
 12%|█▎        | 5/40 [00:00<00:01, 20.20it/s]
 20%|██        | 8/40 [00:00<00:01, 20.85it/s]
 28%|██▊       | 11/40 [00:00<00:01, 22.37it/s]
 35%|███▌      | 14/40 [00:00<00:01, 24.08it/s]
 42%|████▎     | 17/40 [00:00<00:00, 24.93it/s]
 50%|█████     | 20/40 [00:00<00:00, 24.82it/s]
 57%|█████▊    | 23/40 [00:00<00:00, 24.95it/s]
 65%|██████▌   | 26/40 [00:01<00:00, 25.46it/s]
 72%|███████▎  | 29/40 [00:01<00:00, 24.54it/s]
 80%|████████  | 32/40 [00:01<00:00, 23.46it/s]
 88%|████████▊ | 35/40 [00:01<00:00, 23.18it/s]
 95%|█████████▌| 38/40 [00:01<00:00, 23.18it/s]
100%|██████████| 40/40 [00:01<00:00, 23.43it/s]
wandb: WARNING `fps` argument does not affect the frame rate of the video when providing a file path or raw bytes.
133693440: reward=23.712
136314880: mean episode reward=22.423
146800640: mean episode reward=21.166
157286400: mean episode reward=21.825

  0%|          | 0/40 [00:00<?, ?it/s]
  5%|▌         | 2/40 [00:00<00:02, 15.60it/s]
 12%|█▎        | 5/40 [00:00<00:01, 19.58it/s]
 20%|██        | 8/40 [00:00<00:01, 20.69it/s]
 28%|██▊       | 11/40 [00:00<00:01, 21.65it/s]
 35%|███▌      | 14/40 [00:00<00:01, 23.46it/s]
 42%|████▎     | 17/40 [00:00<00:00, 24.06it/s]
 50%|█████     | 20/40 [00:00<00:00, 23.84it/s]
 57%|█████▊    | 23/40 [00:01<00:00, 23.30it/s]
 65%|██████▌   | 26/40 [00:01<00:00, 23.58it/s]
 72%|███████▎  | 29/40 [00:01<00:00, 23.66it/s]
 80%|████████  | 32/40 [00:01<00:00, 23.14it/s]
 88%|████████▊ | 35/40 [00:01<00:00, 23.05it/s]
 95%|█████████▌| 38/40 [00:01<00:00, 22.78it/s]
100%|██████████| 40/40 [00:01<00:00, 22.75it/s]
wandb: WARNING `fps` argument does not affect the frame rate of the video when providing a file path or raw bytes.
167116800: reward=20.795
167772160: mean episode reward=24.465
178257920: mean episode reward=27.642
188743680: mean episode reward=27.624
199229440: mean episode reward=27.656

  0%|          | 0/40 [00:00<?, ?it/s]
  5%|▌         | 2/40 [00:00<00:02, 16.78it/s]
 12%|█▎        | 5/40 [00:00<00:01, 23.45it/s]
 20%|██        | 8/40 [00:00<00:01, 24.04it/s]
 28%|██▊       | 11/40 [00:00<00:01, 24.83it/s]
 35%|███▌      | 14/40 [00:00<00:01, 23.64it/s]
 42%|████▎     | 17/40 [00:00<00:00, 23.57it/s]
 50%|█████     | 20/40 [00:00<00:00, 24.76it/s]
 57%|█████▊    | 23/40 [00:00<00:00, 24.95it/s]
 65%|██████▌   | 26/40 [00:01<00:00, 25.03it/s]
 72%|███████▎  | 29/40 [00:01<00:00, 24.53it/s]
 80%|████████  | 32/40 [00:01<00:00, 23.34it/s]
 88%|████████▊ | 35/40 [00:01<00:00, 22.64it/s]
 95%|█████████▌| 38/40 [00:01<00:00, 22.04it/s]
100%|██████████| 40/40 [00:01<00:00, 23.24it/s]
wandb: WARNING `fps` argument does not affect the frame rate of the video when providing a file path or raw bytes.
200540160: reward=25.138
209715200: mean episode reward=26.451
220200960: mean episode reward=26.495
230686720: mean episode reward=26.825

  0%|          | 0/40 [00:00<?, ?it/s]
  5%|▌         | 2/40 [00:00<00:02, 18.61it/s]
 12%|█▎        | 5/40 [00:00<00:01, 22.63it/s]
 20%|██        | 8/40 [00:00<00:01, 23.08it/s]
 28%|██▊       | 11/40 [00:00<00:01, 23.64it/s]
 35%|███▌      | 14/40 [00:00<00:01, 23.63it/s]
 42%|████▎     | 17/40 [00:00<00:00, 23.81it/s]
 50%|█████     | 20/40 [00:00<00:00, 24.10it/s]
 60%|██████    | 24/40 [00:00<00:00, 26.12it/s]
 68%|██████▊   | 27/40 [00:01<00:00, 26.07it/s]
 75%|███████▌  | 30/40 [00:01<00:00, 26.48it/s]
 82%|████████▎ | 33/40 [00:01<00:00, 26.33it/s]
 90%|█████████ | 36/40 [00:01<00:00, 26.46it/s]
 98%|█████████▊| 39/40 [00:01<00:00, 26.59it/s]
100%|██████████| 40/40 [00:01<00:00, 25.22it/s]
wandb: WARNING `fps` argument does not affect the frame rate of the video when providing a file path or raw bytes.
233963520: reward=23.337
241172480: mean episode reward=24.986
251658240: mean episode reward=25.157
262144000: mean episode reward=25.878

  0%|          | 0/40 [00:00<?, ?it/s]
  5%|▌         | 2/40 [00:00<00:02, 16.15it/s]
 12%|█▎        | 5/40 [00:00<00:01, 22.16it/s]
 22%|██▎       | 9/40 [00:00<00:01, 26.09it/s]
 30%|███       | 12/40 [00:00<00:01, 26.35it/s]
 38%|███▊      | 15/40 [00:00<00:00, 27.20it/s]
 45%|████▌     | 18/40 [00:00<00:00, 27.08it/s]
 52%|█████▎    | 21/40 [00:00<00:00, 27.02it/s]
 60%|██████    | 24/40 [00:00<00:00, 27.52it/s]
 68%|██████▊   | 27/40 [00:01<00:00, 26.77it/s]
 75%|███████▌  | 30/40 [00:01<00:00, 25.59it/s]
 82%|████████▎ | 33/40 [00:01<00:00, 26.24it/s]
 90%|█████████ | 36/40 [00:01<00:00, 26.41it/s]
 98%|█████████▊| 39/40 [00:01<00:00, 25.94it/s]
100%|██████████| 40/40 [00:01<00:00, 25.98it/s]
wandb: WARNING `fps` argument does not affect the frame rate of the video when providing a file path or raw bytes.
267386880: reward=25.995
272629760: mean episode reward=27.446
283115520: mean episode reward=27.556
293601280: mean episode reward=27.263

  0%|          | 0/40 [00:00<?, ?it/s]
  5%|▌         | 2/40 [00:00<00:02, 18.93it/s]
 12%|█▎        | 5/40 [00:00<00:01, 22.69it/s]
 20%|██        | 8/40 [00:00<00:01, 23.10it/s]
 28%|██▊       | 11/40 [00:00<00:01, 23.49it/s]
 35%|███▌      | 14/40 [00:00<00:01, 24.34it/s]
 42%|████▎     | 17/40 [00:00<00:00, 25.64it/s]
 50%|█████     | 20/40 [00:00<00:00, 25.80it/s]
 57%|█████▊    | 23/40 [00:00<00:00, 26.57it/s]
 65%|██████▌   | 26/40 [00:01<00:00, 26.49it/s]
 72%|███████▎  | 29/40 [00:01<00:00, 25.52it/s]
 80%|████████  | 32/40 [00:01<00:00, 25.95it/s]
 88%|████████▊ | 35/40 [00:01<00:00, 25.55it/s]
 95%|█████████▌| 38/40 [00:01<00:00, 25.57it/s]
100%|██████████| 40/40 [00:01<00:00, 25.32it/s]
wandb: WARNING `fps` argument does not affect the frame rate of the video when providing a file path or raw bytes.
300810240: reward=25.820
Done training.
Time to JIT compile: 16.84189945459366
Time to train: 614.5403544902802
Starting inference...
FPS for rendering: 10.0

  0%|          | 0/500 [00:00<?, ?it/s]
  0%|          | 2/500 [00:00<00:29, 17.07it/s]
  1%|          | 5/500 [00:00<00:21, 23.19it/s]
  2%|▏         | 8/500 [00:00<00:19, 25.26it/s]
  2%|▏         | 11/500 [00:00<00:19, 25.03it/s]
  3%|▎         | 14/500 [00:00<00:20, 23.95it/s]
  3%|▎         | 17/500 [00:00<00:20, 23.83it/s]
  4%|▍         | 20/500 [00:00<00:20, 23.45it/s]
  5%|▍         | 23/500 [00:00<00:20, 22.85it/s]
  5%|▌         | 26/500 [00:01<00:19, 24.01it/s]
  6%|▌         | 29/500 [00:01<00:19, 24.66it/s]
  6%|▋         | 32/500 [00:01<00:18, 24.69it/s]
  7%|▋         | 35/500 [00:01<00:18, 25.69it/s]
  8%|▊         | 38/500 [00:01<00:17, 26.05it/s]
  8%|▊         | 41/500 [00:01<00:18, 25.25it/s]
  9%|▉         | 44/500 [00:01<00:19, 23.97it/s]
  9%|▉         | 47/500 [00:01<00:19, 23.20it/s]
 10%|█         | 50/500 [00:02<00:18, 24.16it/s]
 11%|█         | 53/500 [00:02<00:17, 25.15it/s]
 11%|█         | 56/500 [00:02<00:17, 25.79it/s]
 12%|█▏        | 59/500 [00:02<00:17, 25.87it/s]
 12%|█▏        | 62/500 [00:02<00:18, 24.22it/s]
 13%|█▎        | 65/500 [00:02<00:19, 22.74it/s]
 14%|█▎        | 68/500 [00:02<00:19, 22.20it/s]
 14%|█▍        | 71/500 [00:02<00:19, 21.85it/s]
 15%|█▍        | 74/500 [00:03<00:18, 22.95it/s]
 15%|█▌        | 77/500 [00:03<00:17, 23.79it/s]
 16%|█▌        | 80/500 [00:03<00:17, 24.58it/s]
 17%|█▋        | 83/500 [00:03<00:16, 24.90it/s]
 17%|█▋        | 86/500 [00:03<00:16, 25.10it/s]
 18%|█▊        | 89/500 [00:03<00:16, 25.61it/s]
 18%|█▊        | 92/500 [00:03<00:15, 26.11it/s]
 19%|█▉        | 95/500 [00:03<00:15, 26.04it/s]
 20%|█▉        | 98/500 [00:04<00:15, 26.02it/s]
 20%|██        | 101/500 [00:04<00:15, 26.41it/s]
 21%|██        | 104/500 [00:04<00:14, 26.77it/s]
 21%|██▏       | 107/500 [00:04<00:14, 27.38it/s]
 22%|██▏       | 110/500 [00:04<00:14, 27.54it/s]
 23%|██▎       | 113/500 [00:04<00:15, 25.64it/s]
 23%|██▎       | 116/500 [00:04<00:14, 25.68it/s]
 24%|██▍       | 119/500 [00:04<00:15, 24.71it/s]
 24%|██▍       | 122/500 [00:04<00:14, 25.46it/s]
 25%|██▌       | 125/500 [00:05<00:14, 25.83it/s]
 26%|██▌       | 128/500 [00:05<00:14, 25.16it/s]
 26%|██▌       | 131/500 [00:05<00:14, 25.53it/s]
 27%|██▋       | 134/500 [00:05<00:14, 25.46it/s]
 27%|██▋       | 137/500 [00:05<00:15, 24.19it/s]
 28%|██▊       | 140/500 [00:05<00:15, 23.73it/s]
 29%|██▊       | 143/500 [00:05<00:15, 22.46it/s]
 29%|██▉       | 146/500 [00:05<00:14, 23.69it/s]
 30%|██▉       | 149/500 [00:06<00:14, 24.88it/s]
 30%|███       | 152/500 [00:06<00:13, 25.11it/s]
 31%|███       | 155/500 [00:06<00:13, 24.94it/s]
 32%|███▏      | 158/500 [00:06<00:14, 24.24it/s]
 32%|███▏      | 161/500 [00:06<00:14, 23.40it/s]
 33%|███▎      | 164/500 [00:06<00:14, 23.00it/s]
 33%|███▎      | 167/500 [00:06<00:14, 22.55it/s]
 34%|███▍      | 170/500 [00:06<00:13, 23.78it/s]
 35%|███▍      | 173/500 [00:07<00:13, 24.22it/s]
 35%|███▌      | 176/500 [00:07<00:13, 24.22it/s]
 36%|███▌      | 179/500 [00:07<00:13, 23.37it/s]
 36%|███▋      | 182/500 [00:07<00:13, 22.96it/s]
 37%|███▋      | 185/500 [00:07<00:13, 23.24it/s]
 38%|███▊      | 188/500 [00:07<00:13, 23.05it/s]
 38%|███▊      | 191/500 [00:07<00:12, 23.91it/s]
 39%|███▉      | 194/500 [00:07<00:12, 25.21it/s]
 39%|███▉      | 197/500 [00:08<00:12, 25.22it/s]
 40%|████      | 200/500 [00:08<00:11, 25.71it/s]
 41%|████      | 203/500 [00:08<00:11, 26.08it/s]
 41%|████      | 206/500 [00:08<00:11, 25.50it/s]
 42%|████▏     | 209/500 [00:08<00:11, 24.95it/s]
 42%|████▏     | 212/500 [00:08<00:11, 24.75it/s]
 43%|████▎     | 215/500 [00:08<00:11, 24.64it/s]
 44%|████▎     | 218/500 [00:08<00:11, 24.43it/s]
 44%|████▍     | 221/500 [00:09<00:11, 23.89it/s]
 45%|████▍     | 224/500 [00:09<00:11, 23.33it/s]
 45%|████▌     | 227/500 [00:09<00:11, 22.91it/s]
 46%|████▌     | 230/500 [00:09<00:11, 23.00it/s]
 47%|████▋     | 233/500 [00:09<00:11, 23.19it/s]
 47%|████▋     | 236/500 [00:09<00:11, 23.24it/s]
 48%|████▊     | 240/500 [00:09<00:10, 25.44it/s]
 49%|████▊     | 243/500 [00:09<00:09, 26.07it/s]
 49%|████▉     | 246/500 [00:10<00:09, 26.98it/s]
 50%|████▉     | 249/500 [00:10<00:09, 27.25it/s]
 50%|█████     | 252/500 [00:10<00:09, 27.26it/s]
 51%|█████     | 255/500 [00:10<00:09, 26.20it/s]
 52%|█████▏    | 258/500 [00:10<00:09, 25.03it/s]
 52%|█████▏    | 261/500 [00:10<00:09, 24.32it/s]
 53%|█████▎    | 264/500 [00:10<00:09, 23.92it/s]
 53%|█████▎    | 267/500 [00:10<00:09, 23.48it/s]
 54%|█████▍    | 270/500 [00:11<00:09, 23.59it/s]
 55%|█████▍    | 273/500 [00:11<00:09, 23.99it/s]
 55%|█████▌    | 276/500 [00:11<00:09, 24.82it/s]
 56%|█████▌    | 279/500 [00:11<00:08, 24.58it/s]
 56%|█████▋    | 282/500 [00:11<00:09, 23.72it/s]
 57%|█████▋    | 285/500 [00:11<00:09, 23.27it/s]
 58%|█████▊    | 288/500 [00:11<00:08, 24.03it/s]
 58%|█████▊    | 291/500 [00:11<00:08, 24.29it/s]
 59%|█████▉    | 294/500 [00:11<00:08, 24.53it/s]
 59%|█████▉    | 297/500 [00:12<00:08, 23.83it/s]
 60%|██████    | 300/500 [00:12<00:08, 22.49it/s]
 61%|██████    | 303/500 [00:12<00:08, 22.40it/s]
 61%|██████    | 306/500 [00:12<00:08, 22.07it/s]
 62%|██████▏   | 309/500 [00:12<00:08, 23.05it/s]
 62%|██████▏   | 312/500 [00:12<00:08, 23.30it/s]
 63%|██████▎   | 315/500 [00:12<00:07, 24.14it/s]
 64%|██████▎   | 318/500 [00:13<00:07, 24.17it/s]
 64%|██████▍   | 321/500 [00:13<00:07, 24.22it/s]
 65%|██████▍   | 324/500 [00:13<00:07, 23.34it/s]
 65%|██████▌   | 327/500 [00:13<00:07, 23.25it/s]
 66%|██████▌   | 330/500 [00:13<00:07, 23.93it/s]
 67%|██████▋   | 333/500 [00:13<00:06, 24.73it/s]
 67%|██████▋   | 336/500 [00:13<00:06, 24.79it/s]
 68%|██████▊   | 339/500 [00:13<00:06, 24.44it/s]
 68%|██████▊   | 342/500 [00:14<00:06, 23.33it/s]
 69%|██████▉   | 345/500 [00:14<00:06, 23.08it/s]
 70%|██████▉   | 348/500 [00:14<00:06, 23.22it/s]
 70%|███████   | 351/500 [00:14<00:06, 22.93it/s]
 71%|███████   | 354/500 [00:14<00:06, 23.27it/s]
 71%|███████▏  | 357/500 [00:14<00:05, 24.25it/s]
 72%|███████▏  | 360/500 [00:14<00:05, 24.37it/s]
 73%|███████▎  | 363/500 [00:14<00:05, 24.03it/s]
 73%|███████▎  | 366/500 [00:15<00:05, 24.06it/s]
 74%|███████▍  | 369/500 [00:15<00:05, 23.35it/s]
 74%|███████▍  | 372/500 [00:15<00:05, 22.52it/s]
 75%|███████▌  | 375/500 [00:15<00:05, 22.20it/s]
 76%|███████▌  | 378/500 [00:15<00:05, 22.62it/s]
 76%|███████▌  | 381/500 [00:15<00:05, 22.96it/s]
 77%|███████▋  | 384/500 [00:15<00:05, 22.84it/s]
 77%|███████▋  | 387/500 [00:15<00:04, 22.76it/s]
 78%|███████▊  | 390/500 [00:16<00:04, 22.95it/s]
 79%|███████▊  | 393/500 [00:16<00:04, 22.92it/s]
 79%|███████▉  | 396/500 [00:16<00:04, 22.53it/s]
 80%|███████▉  | 399/500 [00:16<00:04, 23.76it/s]
 80%|████████  | 402/500 [00:16<00:03, 24.58it/s]
 81%|████████  | 405/500 [00:16<00:03, 25.17it/s]
 82%|████████▏ | 408/500 [00:16<00:03, 24.66it/s]
 82%|████████▏ | 411/500 [00:16<00:03, 24.71it/s]
 83%|████████▎ | 414/500 [00:17<00:03, 23.84it/s]
 83%|████████▎ | 417/500 [00:17<00:03, 23.34it/s]
 84%|████████▍ | 420/500 [00:17<00:03, 23.26it/s]
 85%|████████▍ | 423/500 [00:17<00:03, 24.16it/s]
 85%|████████▌ | 426/500 [00:17<00:02, 25.04it/s]
 86%|████████▌ | 429/500 [00:17<00:02, 25.00it/s]
 86%|████████▋ | 432/500 [00:17<00:02, 24.72it/s]
 87%|████████▋ | 435/500 [00:17<00:02, 23.81it/s]
 88%|████████▊ | 438/500 [00:18<00:02, 22.86it/s]
 88%|████████▊ | 441/500 [00:18<00:02, 22.25it/s]
 89%|████████▉ | 444/500 [00:18<00:02, 22.96it/s]
 89%|████████▉ | 447/500 [00:18<00:02, 23.86it/s]
 90%|█████████ | 450/500 [00:18<00:02, 24.88it/s]
 91%|█████████ | 453/500 [00:18<00:01, 26.11it/s]
 91%|█████████ | 456/500 [00:18<00:01, 26.46it/s]
 92%|█████████▏| 459/500 [00:18<00:01, 26.17it/s]
 92%|█████████▏| 462/500 [00:19<00:01, 26.05it/s]
 93%|█████████▎| 465/500 [00:19<00:01, 25.68it/s]
 94%|█████████▎| 468/500 [00:19<00:01, 25.86it/s]
 94%|█████████▍| 471/500 [00:19<00:01, 26.26it/s]
 95%|█████████▍| 474/500 [00:19<00:00, 26.94it/s]
 95%|█████████▌| 477/500 [00:19<00:00, 27.03it/s]
 96%|█████████▌| 480/500 [00:19<00:00, 26.87it/s]
 97%|█████████▋| 483/500 [00:19<00:00, 25.68it/s]
 97%|█████████▋| 486/500 [00:19<00:00, 25.07it/s]
 98%|█████████▊| 489/500 [00:20<00:00, 24.89it/s]
 98%|█████████▊| 492/500 [00:20<00:00, 24.43it/s]
 99%|█████████▉| 495/500 [00:20<00:00, 25.20it/s]
100%|█████████▉| 498/500 [00:20<00:00, 25.63it/s]
100%|██████████| 500/500 [00:20<00:00, 24.34it/s]
Rollout video saved as 'rollout0.mp4'.
[1;34mwandb[0m: 
[1;34mwandb[0m: 🚀 View run [33mTesolloCubePinch-20260622-224916-cubepinch_sb_propriodelta_s3[0m at: [34mhttps://wandb.ai/nikolastaykov/mjxrl/runs/xnci8gav[0m
[1;34mwandb[0m: Find logs at: [1;35mwandb/run-20260622_224916-xnci8gav/logs[0m
