Warp 1.12.1 initialized:
   CUDA Toolkit 12.9, Driver 12.5
   Devices:
     "cpu"      : "x86_64"
     "cuda:0"   : "NVIDIA GeForce RTX 4090" (24 GiB, sm_89, mempool enabled)
   Kernel cache:
     /home/nstaykov/.cache/warp/1.12.1
Warp DeprecationWarning: The symbol `warp.types.warp_type_to_np_dtype` will soon be removed from the public API. It can still be accessed from `warp._src.types.warp_type_to_np_dtype` but might be changed or removed without notice.
/local/home/nstaykov/workspace/mujoco_playground/mujoco_playground/_src/manipulation/tesollo_hand/obs.py:161: UserWarning: obs_noise.scales has keys not in active obs spec: {'motor_targets'}
  warnings.warn(
Environment Config:
action_mode: absolute
action_repeat: 1
action_scale: 0.5
constrain_wrist_translation: false
ctrl_dt: 0.05
curriculum:
  band_width: 0.08726646259971647
  enable: false
  promote_after: 5
  success_count_threshold: 70
ema_alpha: 0.2
episode_length: 120
impl: warp
kp_scale: 1.0
max_target_angle: 2.0943951023931953
min_target_angle: 0.0
nconmax: 1638400
njmax: 2200
obs_noise:
  level: 1.0
  scales:
    goal_quat: 0.0
    joint_pos: 0.0
    joint_vel: 0.0
    motor_targets: 0.0
ori_tolerance_rad: 0.05235987755982988
pert_config:
  angular_velocity_pert:
  - 0.0
  - 0.5
  enable: false
  linear_velocity_pert:
  - 0.0
  - 3.0
  pert_duration_steps:
  - 1
  - 100
  pert_wait_steps:
  - 60
  - 150
reward_config:
  ori_reward_margin_rad: 0.5235987755982988
  scales:
    action_rate: -0.5
    cube_on_floor: -0.5
    cube_ori: 2.0
    fingertip_pos: 1.5
    joint_vel: -0.002
    wrist_vel: -0.02
  success_reward: 2.0
scene:
  cube_mass: 0.108
sensor_bundle: proprio.delta
sim_dt: 0.01
symmetric_target: true
target_hold_time: 0.05

PPO Training Parameters:
action_repeat: 1
batch_size: 256
discounting: 0.99
entropy_cost: 0.005
episode_length: 120
learning_rate: 0.0001
log_training_metrics: true
network_factory:
  policy_hidden_layer_sizes: &id001 !!python/tuple
  - 512
  - 256
  - 128
  policy_obs_key: state
  value_hidden_layer_sizes: *id001
  value_obs_key: privileged_state
normalize_observations: true
num_envs: 8192
num_evals: 20
num_minibatches: 64
num_resets_per_eval: 0
num_timesteps: 1000000000
num_updates_per_batch: 4
reward_scaling: 1.0
training_metrics_steps: 20000000
unroll_length: 40

CLI overrides: {
  "env_name": "TesolloDownwardsRotateZ",
  "suffix": "downwardsrotatez_sb_propriodelta_s0",
  "use_wandb": true,
  "log_video_to_wandb": true,
  "domain_randomization": true,
  "seed": 0,
  "num_timesteps": 1000000000,
  "num_envs": 8192,
  "log_training_metrics": true,
  "training_metrics_steps": 20000000,
  "env_overrides_file": "logs/_queue/downwards_sensor_sweep_120_cubesizeDR-20260626-215239/run-02-TesolloDownwardsRotateZ-downwardsrotatez_sb_propriodelta_s0-overrides.yaml"
}
Experiment name: TesolloDownwardsRotateZ-20260627-013545-downwardsrotatez_sb_propriodelta_s0
Logs are being stored in: /local/home/nstaykov/workspace/mujoco_playground/logs/TesolloDownwardsRotateZ-20260627-013545-downwardsrotatez_sb_propriodelta_s0
wandb: [wandb.login()] Loaded credentials for https://api.wandb.ai from WANDB_API_KEY.
wandb: Currently logged in as: nstaykov (nikolastaykov) to https://api.wandb.ai. Use `wandb login --relogin` to force relogin
wandb: Tracking run with wandb version 0.26.1
wandb: Run data is saved locally in /local/home/nstaykov/workspace/mujoco_playground/wandb/run-20260627_013545-yus3ob8x
wandb: Run `wandb offline` to turn off syncing.
wandb: Syncing run TesolloDownwardsRotateZ-20260627-013545-downwardsrotatez_sb_propriodelta_s0
wandb: ⭐️ View project at https://wandb.ai/nikolastaykov/mjxrl
wandb: 🚀 View run at https://wandb.ai/nikolastaykov/mjxrl/runs/yus3ob8x
No checkpoint path provided, not restoring from checkpoint
Checkpoint path: /local/home/nstaykov/workspace/mujoco_playground/logs/TesolloDownwardsRotateZ-20260627-013545-downwardsrotatez_sb_propriodelta_s0/checkpoints
/local/home/nstaykov/workspace/mujoco_playground/mujoco_playground/_src/manipulation/tesollo_hand/obs.py:161: UserWarning: obs_noise.scales has keys not in active obs spec: {'motor_targets'}
  warnings.warn(
Module mujoco.mjx.warp.ffi 98d2031 load on device 'cuda:0' took 0.43 ms  (cached)
Module mujoco.mjx.third_party.mujoco_warp._src.smooth 26bbc02 load on device 'cuda:0' took 6.42 ms  (cached)
Module mujoco.mjx.third_party.mujoco_warp._src.collision_driver 88f7770 load on device 'cuda:0' took 0.29 ms  (cached)
Module _nxn_broadphase__locals__kernel_c763f4cb c763f4c load on device 'cuda:0' took 0.29 ms  (cached)
Module _primitive_narrowphase__locals__primitive_narrowphase_072e9f5e 072e9f5 load on device 'cuda:0' took 0.37 ms  (cached)
Module mujoco.mjx.third_party.mujoco_warp._src.constraint c567367 load on device 'cuda:0' took 0.48 ms  (cached)
Module mujoco.mjx.third_party.mujoco_warp._src.sensor 18a78e5 load on device 'cuda:0' took 0.50 ms  (cached)
Module mujoco.mjx.third_party.mujoco_warp._src.forward 16fbac8 load on device 'cuda:0' took 0.45 ms  (cached)
Module mujoco.mjx.third_party.mujoco_warp._src.passive 8bfe11c load on device 'cuda:0' took 0.35 ms  (cached)
Module mujoco.mjx.third_party.mujoco_warp._src.forward 8f5355c load on device 'cuda:0' took 0.43 ms  (cached)
Module mujoco.mjx.third_party.mujoco_warp._src.support dd3f924 load on device 'cuda:0' took 0.28 ms  (cached)
Module _tile_cholesky_factorize_solve__locals__cholesky_factorize_solve_98799697 3154237 load on device 'cuda:0' took 24.61 ms  (cached)
Module _tile_cholesky_factorize_solve__locals__cholesky_factorize_solve_b2744b1b e16af87 load on device 'cuda:0' took 25.77 ms  (cached)
Module mujoco.mjx.third_party.mujoco_warp._src.solver b116efb load on device 'cuda:0' took 0.52 ms  (cached)
Module solve_init_jaref__locals__kernel_feadd581 feadd58 load on device 'cuda:0' took 0.30 ms  (cached)
Module mul_m_dense__locals___mul_m_dense_e34139c1 e34139c load on device 'cuda:0' took 0.30 ms  (cached)
Module update_constraint_efc__locals__kernel_81015163 8101516 load on device 'cuda:0' took 0.30 ms  (cached)
Module update_constraint_gauss_cost__locals__kernel_6370b491 6370b49 load on device 'cuda:0' took 0.37 ms  (cached)
Module update_gradient_JTDAJ_dense_tiled__locals__kernel_e0063ce2 85330e7 load on device 'cuda:0' took 0.59 ms  (cached)
Module update_gradient_cholesky__locals__kernel_c54e7710 b74aeaf load on device 'cuda:0' took 26.92 ms  (cached)
Module linesearch_iterative__locals__kernel_94acdc55 9c914fd load on device 'cuda:0' took 0.40 ms  (cached)
Module update_constraint_efc__locals__kernel_25737258 2573725 load on device 'cuda:0' took 0.30 ms  (cached)
Module _contact_sort__locals__contact_sort_44d31eb2 de954a2 load on device 'cuda:0' took 0.37 ms  (cached)
0: reward=-0.969

  0%|          | 0/60 [00:00<?, ?it/s]
  3%|▎         | 2/60 [00:00<00:03, 18.33it/s]
  8%|▊         | 5/60 [00:00<00:02, 19.62it/s]
 13%|█▎        | 8/60 [00:00<00:02, 20.37it/s]
 18%|█▊        | 11/60 [00:00<00:02, 20.99it/s]
 23%|██▎       | 14/60 [00:00<00:02, 21.26it/s]
 28%|██▊       | 17/60 [00:00<00:02, 21.32it/s]
 33%|███▎      | 20/60 [00:00<00:01, 21.68it/s]
 38%|███▊      | 23/60 [00:01<00:01, 21.55it/s]
 43%|████▎     | 26/60 [00:01<00:01, 21.85it/s]
 48%|████▊     | 29/60 [00:01<00:01, 21.88it/s]
 53%|█████▎    | 32/60 [00:01<00:01, 21.97it/s]
 58%|█████▊    | 35/60 [00:01<00:01, 22.11it/s]
 63%|██████▎   | 38/60 [00:01<00:00, 22.23it/s]
 68%|██████▊   | 41/60 [00:01<00:00, 22.20it/s]
 73%|███████▎  | 44/60 [00:02<00:00, 22.70it/s]
 78%|███████▊  | 47/60 [00:02<00:00, 22.68it/s]
 83%|████████▎ | 50/60 [00:02<00:00, 22.74it/s]
 88%|████████▊ | 53/60 [00:02<00:00, 22.79it/s]
 93%|█████████▎| 56/60 [00:02<00:00, 23.17it/s]
 98%|█████████▊| 59/60 [00:02<00:00, 23.24it/s]
100%|██████████| 60/60 [00:02<00:00, 22.18it/s]
wandb: WARNING `fps` argument does not affect the frame rate of the video when providing a file path or raw bytes.
20316160: mean episode reward=2.794
40632320: mean episode reward=4.340

  0%|          | 0/60 [00:00<?, ?it/s]
  3%|▎         | 2/60 [00:00<00:03, 15.44it/s]
  8%|▊         | 5/60 [00:00<00:02, 19.53it/s]
 13%|█▎        | 8/60 [00:00<00:02, 20.18it/s]
 18%|█▊        | 11/60 [00:00<00:02, 21.34it/s]
 23%|██▎       | 14/60 [00:00<00:02, 21.55it/s]
 28%|██▊       | 17/60 [00:00<00:02, 21.43it/s]
 33%|███▎      | 20/60 [00:00<00:01, 21.29it/s]
 38%|███▊      | 23/60 [00:01<00:01, 22.84it/s]
 43%|████▎     | 26/60 [00:01<00:01, 23.54it/s]
 48%|████▊     | 29/60 [00:01<00:01, 23.60it/s]
 53%|█████▎    | 32/60 [00:01<00:01, 23.70it/s]
 58%|█████▊    | 35/60 [00:01<00:01, 23.09it/s]
 63%|██████▎   | 38/60 [00:01<00:00, 22.63it/s]
 68%|██████▊   | 41/60 [00:01<00:00, 22.41it/s]
 73%|███████▎  | 44/60 [00:01<00:00, 22.05it/s]
 78%|███████▊  | 47/60 [00:02<00:00, 21.59it/s]
 83%|████████▎ | 50/60 [00:02<00:00, 21.42it/s]
 88%|████████▊ | 53/60 [00:02<00:00, 21.20it/s]
 93%|█████████▎| 56/60 [00:02<00:00, 21.11it/s]
 98%|█████████▊| 59/60 [00:02<00:00, 20.96it/s]
100%|██████████| 60/60 [00:02<00:00, 21.68it/s]
wandb: WARNING `fps` argument does not affect the frame rate of the video when providing a file path or raw bytes.
53084160: reward=4.974
60948480: mean episode reward=5.362
81264640: mean episode reward=7.397
101580800: mean episode reward=9.239

  0%|          | 0/60 [00:00<?, ?it/s]
  3%|▎         | 2/60 [00:00<00:03, 14.54it/s]
  7%|▋         | 4/60 [00:00<00:03, 17.11it/s]
 12%|█▏        | 7/60 [00:00<00:02, 19.72it/s]
 17%|█▋        | 10/60 [00:00<00:02, 21.63it/s]
 22%|██▏       | 13/60 [00:00<00:02, 21.95it/s]
 27%|██▋       | 16/60 [00:00<00:01, 22.34it/s]
 32%|███▏      | 19/60 [00:00<00:01, 22.83it/s]
 37%|███▋      | 22/60 [00:01<00:01, 23.04it/s]
 42%|████▏     | 25/60 [00:01<00:01, 23.72it/s]
 47%|████▋     | 28/60 [00:01<00:01, 24.59it/s]
 52%|█████▏    | 31/60 [00:01<00:01, 25.26it/s]
 57%|█████▋    | 34/60 [00:01<00:01, 24.93it/s]
 62%|██████▏   | 37/60 [00:01<00:00, 24.81it/s]
 67%|██████▋   | 40/60 [00:01<00:00, 25.18it/s]
 72%|███████▏  | 43/60 [00:01<00:00, 24.18it/s]
 77%|███████▋  | 46/60 [00:01<00:00, 23.78it/s]
 82%|████████▏ | 49/60 [00:02<00:00, 23.50it/s]
 87%|████████▋ | 52/60 [00:02<00:00, 23.75it/s]
 92%|█████████▏| 55/60 [00:02<00:00, 23.41it/s]
 97%|█████████▋| 58/60 [00:02<00:00, 23.07it/s]
100%|██████████| 60/60 [00:02<00:00, 23.06it/s]
wandb: WARNING `fps` argument does not affect the frame rate of the video when providing a file path or raw bytes.
106168320: reward=9.794
121896960: mean episode reward=10.139
142213120: mean episode reward=10.036

  0%|          | 0/60 [00:00<?, ?it/s]
  3%|▎         | 2/60 [00:00<00:03, 16.56it/s]
  8%|▊         | 5/60 [00:00<00:02, 20.93it/s]
 13%|█▎        | 8/60 [00:00<00:02, 22.76it/s]
 18%|█▊        | 11/60 [00:00<00:02, 23.93it/s]
 23%|██▎       | 14/60 [00:00<00:01, 23.99it/s]
 28%|██▊       | 17/60 [00:00<00:01, 23.42it/s]
 33%|███▎      | 20/60 [00:00<00:01, 23.23it/s]
 38%|███▊      | 23/60 [00:01<00:01, 22.86it/s]
 43%|████▎     | 26/60 [00:01<00:01, 22.71it/s]
 48%|████▊     | 29/60 [00:01<00:01, 22.54it/s]
 53%|█████▎    | 32/60 [00:01<00:01, 22.79it/s]
 58%|█████▊    | 35/60 [00:01<00:01, 22.71it/s]
 63%|██████▎   | 38/60 [00:01<00:00, 22.13it/s]
 68%|██████▊   | 41/60 [00:01<00:00, 22.09it/s]
 73%|███████▎  | 44/60 [00:01<00:00, 21.45it/s]
 78%|███████▊  | 47/60 [00:02<00:00, 21.49it/s]
 83%|████████▎ | 50/60 [00:02<00:00, 21.93it/s]
 88%|████████▊ | 53/60 [00:02<00:00, 21.93it/s]
 93%|█████████▎| 56/60 [00:02<00:00, 22.61it/s]
 98%|█████████▊| 59/60 [00:02<00:00, 23.91it/s]
100%|██████████| 60/60 [00:02<00:00, 22.71it/s]
wandb: WARNING `fps` argument does not affect the frame rate of the video when providing a file path or raw bytes.
159252480: reward=9.751
162529280: mean episode reward=11.318
182845440: mean episode reward=10.145
203161600: mean episode reward=11.446

  0%|          | 0/60 [00:00<?, ?it/s]
  3%|▎         | 2/60 [00:00<00:03, 14.52it/s]
  8%|▊         | 5/60 [00:00<00:02, 18.87it/s]
 13%|█▎        | 8/60 [00:00<00:02, 20.21it/s]
 18%|█▊        | 11/60 [00:00<00:02, 19.97it/s]
 22%|██▏       | 13/60 [00:00<00:02, 19.89it/s]
 27%|██▋       | 16/60 [00:00<00:02, 19.96it/s]
 30%|███       | 18/60 [00:00<00:02, 19.85it/s]
 35%|███▌      | 21/60 [00:01<00:01, 20.24it/s]
 40%|████      | 24/60 [00:01<00:01, 20.87it/s]
 45%|████▌     | 27/60 [00:01<00:01, 20.92it/s]
 50%|█████     | 30/60 [00:01<00:01, 21.27it/s]
 55%|█████▌    | 33/60 [00:01<00:01, 21.65it/s]
 60%|██████    | 36/60 [00:01<00:01, 22.25it/s]
 65%|██████▌   | 39/60 [00:01<00:00, 22.39it/s]
 70%|███████   | 42/60 [00:01<00:00, 22.70it/s]
 75%|███████▌  | 45/60 [00:02<00:00, 22.93it/s]
 80%|████████  | 48/60 [00:02<00:00, 22.56it/s]
 85%|████████▌ | 51/60 [00:02<00:00, 22.84it/s]
 90%|█████████ | 54/60 [00:02<00:00, 23.02it/s]
 95%|█████████▌| 57/60 [00:02<00:00, 23.80it/s]
100%|██████████| 60/60 [00:02<00:00, 25.22it/s]
100%|██████████| 60/60 [00:02<00:00, 21.94it/s]
wandb: WARNING `fps` argument does not affect the frame rate of the video when providing a file path or raw bytes.
212336640: reward=10.753
223477760: mean episode reward=10.713
243793920: mean episode reward=12.116
264110080: mean episode reward=11.765

  0%|          | 0/60 [00:00<?, ?it/s]
  3%|▎         | 2/60 [00:00<00:03, 15.25it/s]
  8%|▊         | 5/60 [00:00<00:02, 19.52it/s]
 13%|█▎        | 8/60 [00:00<00:02, 21.95it/s]
 18%|█▊        | 11/60 [00:00<00:02, 23.32it/s]
 23%|██▎       | 14/60 [00:00<00:01, 24.46it/s]
 28%|██▊       | 17/60 [00:00<00:01, 25.22it/s]
 33%|███▎      | 20/60 [00:00<00:01, 25.53it/s]
 38%|███▊      | 23/60 [00:00<00:01, 25.42it/s]
 43%|████▎     | 26/60 [00:01<00:01, 25.51it/s]
 48%|████▊     | 29/60 [00:01<00:01, 25.13it/s]
 53%|█████▎    | 32/60 [00:01<00:01, 25.46it/s]
 58%|█████▊    | 35/60 [00:01<00:00, 25.47it/s]
 63%|██████▎   | 38/60 [00:01<00:00, 25.59it/s]
 68%|██████▊   | 41/60 [00:01<00:00, 25.58it/s]
 73%|███████▎  | 44/60 [00:01<00:00, 25.58it/s]
 78%|███████▊  | 47/60 [00:01<00:00, 25.46it/s]
 83%|████████▎ | 50/60 [00:02<00:00, 25.26it/s]
 88%|████████▊ | 53/60 [00:02<00:00, 25.24it/s]
 93%|█████████▎| 56/60 [00:02<00:00, 24.95it/s]
 98%|█████████▊| 59/60 [00:02<00:00, 25.02it/s]
100%|██████████| 60/60 [00:02<00:00, 24.75it/s]
wandb: WARNING `fps` argument does not affect the frame rate of the video when providing a file path or raw bytes.
265420800: reward=11.000
284426240: mean episode reward=12.103
304742400: mean episode reward=11.987

  0%|          | 0/60 [00:00<?, ?it/s]
  3%|▎         | 2/60 [00:00<00:03, 15.60it/s]
  8%|▊         | 5/60 [00:00<00:02, 19.81it/s]
 13%|█▎        | 8/60 [00:00<00:02, 21.46it/s]
 18%|█▊        | 11/60 [00:00<00:02, 22.47it/s]
 23%|██▎       | 14/60 [00:00<00:02, 22.51it/s]
 28%|██▊       | 17/60 [00:00<00:01, 22.55it/s]
 33%|███▎      | 20/60 [00:00<00:01, 22.39it/s]
 38%|███▊      | 23/60 [00:01<00:01, 22.33it/s]
 43%|████▎     | 26/60 [00:01<00:01, 22.12it/s]
 48%|████▊     | 29/60 [00:01<00:01, 22.51it/s]
 53%|█████▎    | 32/60 [00:01<00:01, 22.76it/s]
 58%|█████▊    | 35/60 [00:01<00:01, 21.77it/s]
 63%|██████▎   | 38/60 [00:01<00:01, 21.23it/s]
 68%|██████▊   | 41/60 [00:01<00:00, 21.10it/s]
 73%|███████▎  | 44/60 [00:02<00:00, 21.56it/s]
 78%|███████▊  | 47/60 [00:02<00:00, 21.65it/s]
 83%|████████▎ | 50/60 [00:02<00:00, 21.37it/s]
 88%|████████▊ | 53/60 [00:02<00:00, 21.34it/s]
 93%|█████████▎| 56/60 [00:02<00:00, 21.45it/s]
 98%|█████████▊| 59/60 [00:02<00:00, 21.15it/s]
100%|██████████| 60/60 [00:02<00:00, 21.60it/s]
wandb: WARNING `fps` argument does not affect the frame rate of the video when providing a file path or raw bytes.
318504960: reward=12.316
325058560: mean episode reward=12.306
345374720: mean episode reward=13.842
365690880: mean episode reward=12.943

  0%|          | 0/60 [00:00<?, ?it/s]
  3%|▎         | 2/60 [00:00<00:03, 15.67it/s]
  8%|▊         | 5/60 [00:00<00:02, 18.82it/s]
 13%|█▎        | 8/60 [00:00<00:02, 20.77it/s]
 18%|█▊        | 11/60 [00:00<00:02, 21.39it/s]
 23%|██▎       | 14/60 [00:00<00:02, 21.80it/s]
 28%|██▊       | 17/60 [00:00<00:01, 22.16it/s]
 33%|███▎      | 20/60 [00:00<00:01, 22.12it/s]
 38%|███▊      | 23/60 [00:01<00:01, 22.29it/s]
 43%|████▎     | 26/60 [00:01<00:01, 22.84it/s]
 48%|████▊     | 29/60 [00:01<00:01, 22.42it/s]
 53%|█████▎    | 32/60 [00:01<00:01, 22.81it/s]
 58%|█████▊    | 35/60 [00:01<00:01, 23.03it/s]
 63%|██████▎   | 38/60 [00:01<00:00, 23.86it/s]
 68%|██████▊   | 41/60 [00:01<00:00, 23.80it/s]
 73%|███████▎  | 44/60 [00:01<00:00, 24.08it/s]
 78%|███████▊  | 47/60 [00:02<00:00, 24.49it/s]
 83%|████████▎ | 50/60 [00:02<00:00, 25.15it/s]
 88%|████████▊ | 53/60 [00:02<00:00, 25.39it/s]
 93%|█████████▎| 56/60 [00:02<00:00, 25.33it/s]
 98%|█████████▊| 59/60 [00:02<00:00, 25.06it/s]
100%|██████████| 60/60 [00:02<00:00, 23.30it/s]
wandb: WARNING `fps` argument does not affect the frame rate of the video when providing a file path or raw bytes.
371589120: reward=13.138
386007040: mean episode reward=11.534
406323200: mean episode reward=13.629

  0%|          | 0/60 [00:00<?, ?it/s]
  3%|▎         | 2/60 [00:00<00:03, 16.78it/s]
  8%|▊         | 5/60 [00:00<00:02, 20.89it/s]
 13%|█▎        | 8/60 [00:00<00:02, 22.20it/s]
 18%|█▊        | 11/60 [00:00<00:02, 22.16it/s]
 23%|██▎       | 14/60 [00:00<00:02, 22.10it/s]
 28%|██▊       | 17/60 [00:00<00:01, 22.07it/s]
 33%|███▎      | 20/60 [00:00<00:01, 22.62it/s]
 38%|███▊      | 23/60 [00:01<00:01, 22.92it/s]
 43%|████▎     | 26/60 [00:01<00:01, 23.28it/s]
 48%|████▊     | 29/60 [00:01<00:01, 23.35it/s]
 53%|█████▎    | 32/60 [00:01<00:01, 23.70it/s]
 58%|█████▊    | 35/60 [00:01<00:01, 24.09it/s]
 63%|██████▎   | 38/60 [00:01<00:00, 24.16it/s]
 68%|██████▊   | 41/60 [00:01<00:00, 24.30it/s]
 73%|███████▎  | 44/60 [00:01<00:00, 24.10it/s]
 78%|███████▊  | 47/60 [00:02<00:00, 23.92it/s]
 83%|████████▎ | 50/60 [00:02<00:00, 23.66it/s]
 88%|████████▊ | 53/60 [00:02<00:00, 23.95it/s]
 93%|█████████▎| 56/60 [00:02<00:00, 23.48it/s]
 98%|█████████▊| 59/60 [00:02<00:00, 23.58it/s]
100%|██████████| 60/60 [00:02<00:00, 23.21it/s]
wandb: WARNING `fps` argument does not affect the frame rate of the video when providing a file path or raw bytes.
424673280: reward=13.415
426639360: mean episode reward=13.732
446955520: mean episode reward=11.816
467271680: mean episode reward=13.169

  0%|          | 0/60 [00:00<?, ?it/s]
  3%|▎         | 2/60 [00:00<00:03, 14.99it/s]
  8%|▊         | 5/60 [00:00<00:02, 19.17it/s]
 13%|█▎        | 8/60 [00:00<00:02, 20.55it/s]
 18%|█▊        | 11/60 [00:00<00:02, 21.23it/s]
 23%|██▎       | 14/60 [00:00<00:02, 21.24it/s]
 28%|██▊       | 17/60 [00:00<00:02, 21.45it/s]
 33%|███▎      | 20/60 [00:00<00:01, 21.57it/s]
 38%|███▊      | 23/60 [00:01<00:01, 21.88it/s]
 43%|████▎     | 26/60 [00:01<00:01, 22.29it/s]
 48%|████▊     | 29/60 [00:01<00:01, 22.08it/s]
 53%|█████▎    | 32/60 [00:01<00:01, 22.16it/s]
 58%|█████▊    | 35/60 [00:01<00:01, 22.30it/s]
 63%|██████▎   | 38/60 [00:01<00:00, 22.79it/s]
 68%|██████▊   | 41/60 [00:01<00:00, 23.18it/s]
 73%|███████▎  | 44/60 [00:02<00:00, 23.14it/s]
 78%|███████▊  | 47/60 [00:02<00:00, 22.92it/s]
 83%|████████▎ | 50/60 [00:02<00:00, 22.89it/s]
 88%|████████▊ | 53/60 [00:02<00:00, 23.04it/s]
 93%|█████████▎| 56/60 [00:02<00:00, 23.07it/s]
 98%|█████████▊| 59/60 [00:02<00:00, 22.85it/s]
100%|██████████| 60/60 [00:02<00:00, 22.17it/s]
wandb: WARNING `fps` argument does not affect the frame rate of the video when providing a file path or raw bytes.
477757440: reward=15.143
487587840: mean episode reward=14.541
507904000: mean episode reward=14.401
528220160: mean episode reward=13.806

  0%|          | 0/60 [00:00<?, ?it/s]
  3%|▎         | 2/60 [00:00<00:03, 14.93it/s]
  8%|▊         | 5/60 [00:00<00:02, 19.39it/s]
 13%|█▎        | 8/60 [00:00<00:02, 20.40it/s]
 18%|█▊        | 11/60 [00:00<00:02, 21.51it/s]
 23%|██▎       | 14/60 [00:00<00:02, 22.76it/s]
 28%|██▊       | 17/60 [00:00<00:01, 23.48it/s]
 33%|███▎      | 20/60 [00:00<00:01, 24.01it/s]
 38%|███▊      | 23/60 [00:01<00:01, 24.31it/s]
 43%|████▎     | 26/60 [00:01<00:01, 25.14it/s]
 48%|████▊     | 29/60 [00:01<00:01, 26.39it/s]
 53%|█████▎    | 32/60 [00:01<00:01, 27.36it/s]
 60%|██████    | 36/60 [00:01<00:00, 28.69it/s]
 67%|██████▋   | 40/60 [00:01<00:00, 29.65it/s]
 73%|███████▎  | 44/60 [00:01<00:00, 30.22it/s]
 80%|████████  | 48/60 [00:01<00:00, 30.39it/s]
 87%|████████▋ | 52/60 [00:01<00:00, 30.14it/s]
 93%|█████████▎| 56/60 [00:02<00:00, 30.01it/s]
100%|██████████| 60/60 [00:02<00:00, 29.91it/s]
100%|██████████| 60/60 [00:02<00:00, 26.77it/s]
wandb: WARNING `fps` argument does not affect the frame rate of the video when providing a file path or raw bytes.
530841600: reward=14.230
548536320: mean episode reward=14.731
568852480: mean episode reward=14.127

  0%|          | 0/60 [00:00<?, ?it/s]
  3%|▎         | 2/60 [00:00<00:03, 15.35it/s]
  8%|▊         | 5/60 [00:00<00:02, 18.71it/s]
 13%|█▎        | 8/60 [00:00<00:02, 21.17it/s]
 18%|█▊        | 11/60 [00:00<00:02, 22.38it/s]
 23%|██▎       | 14/60 [00:00<00:02, 22.45it/s]
 28%|██▊       | 17/60 [00:00<00:01, 22.16it/s]
 33%|███▎      | 20/60 [00:00<00:01, 21.83it/s]
 38%|███▊      | 23/60 [00:01<00:01, 22.06it/s]
 43%|████▎     | 26/60 [00:01<00:01, 22.20it/s]
 48%|████▊     | 29/60 [00:01<00:01, 22.21it/s]
 53%|█████▎    | 32/60 [00:01<00:01, 22.02it/s]
 58%|█████▊    | 35/60 [00:01<00:01, 22.24it/s]
 63%|██████▎   | 38/60 [00:01<00:00, 22.18it/s]
 68%|██████▊   | 41/60 [00:01<00:00, 21.73it/s]
 73%|███████▎  | 44/60 [00:02<00:00, 21.88it/s]
 78%|███████▊  | 47/60 [00:02<00:00, 22.05it/s]
 83%|████████▎ | 50/60 [00:02<00:00, 22.09it/s]
 88%|████████▊ | 53/60 [00:02<00:00, 21.45it/s]
 93%|█████████▎| 56/60 [00:02<00:00, 21.45it/s]
 98%|█████████▊| 59/60 [00:02<00:00, 21.94it/s]
100%|██████████| 60/60 [00:02<00:00, 21.81it/s]
wandb: WARNING `fps` argument does not affect the frame rate of the video when providing a file path or raw bytes.
583925760: reward=14.124
589168640: mean episode reward=15.403
609484800: mean episode reward=13.951
629800960: mean episode reward=13.700

  0%|          | 0/60 [00:00<?, ?it/s]
  3%|▎         | 2/60 [00:00<00:03, 15.92it/s]
  8%|▊         | 5/60 [00:00<00:02, 20.11it/s]
 13%|█▎        | 8/60 [00:00<00:02, 22.00it/s]
 18%|█▊        | 11/60 [00:00<00:02, 22.83it/s]
 23%|██▎       | 14/60 [00:00<00:02, 22.03it/s]
 28%|██▊       | 17/60 [00:00<00:01, 22.63it/s]
 33%|███▎      | 20/60 [00:00<00:01, 23.06it/s]
 38%|███▊      | 23/60 [00:01<00:01, 23.40it/s]
 43%|████▎     | 26/60 [00:01<00:01, 23.60it/s]
 48%|████▊     | 29/60 [00:01<00:01, 23.44it/s]
 53%|█████▎    | 32/60 [00:01<00:01, 23.66it/s]
 58%|█████▊    | 35/60 [00:01<00:01, 23.78it/s]
 63%|██████▎   | 38/60 [00:01<00:00, 23.44it/s]
 68%|██████▊   | 41/60 [00:01<00:00, 22.83it/s]
 73%|███████▎  | 44/60 [00:01<00:00, 22.81it/s]
 78%|███████▊  | 47/60 [00:02<00:00, 23.40it/s]
 83%|████████▎ | 50/60 [00:02<00:00, 23.47it/s]
 88%|████████▊ | 53/60 [00:02<00:00, 23.51it/s]
 93%|█████████▎| 56/60 [00:02<00:00, 23.72it/s]
 98%|█████████▊| 59/60 [00:02<00:00, 23.68it/s]
100%|██████████| 60/60 [00:02<00:00, 23.08it/s]
wandb: WARNING `fps` argument does not affect the frame rate of the video when providing a file path or raw bytes.
637009920: reward=15.772
650117120: mean episode reward=14.689
670433280: mean episode reward=14.670

  0%|          | 0/60 [00:00<?, ?it/s]
  3%|▎         | 2/60 [00:00<00:03, 16.82it/s]
  8%|▊         | 5/60 [00:00<00:02, 20.73it/s]
 13%|█▎        | 8/60 [00:00<00:02, 23.19it/s]
 18%|█▊        | 11/60 [00:00<00:01, 24.61it/s]
 23%|██▎       | 14/60 [00:00<00:01, 25.04it/s]
 28%|██▊       | 17/60 [00:00<00:01, 26.41it/s]
 33%|███▎      | 20/60 [00:00<00:01, 26.72it/s]
 38%|███▊      | 23/60 [00:00<00:01, 27.44it/s]
 45%|████▌     | 27/60 [00:01<00:01, 28.23it/s]
 50%|█████     | 30/60 [00:01<00:01, 27.68it/s]
 55%|█████▌    | 33/60 [00:01<00:00, 27.19it/s]
 60%|██████    | 36/60 [00:01<00:00, 26.61it/s]
 65%|██████▌   | 39/60 [00:01<00:00, 25.65it/s]
 70%|███████   | 42/60 [00:01<00:00, 25.06it/s]
 75%|███████▌  | 45/60 [00:01<00:00, 24.82it/s]
 80%|████████  | 48/60 [00:01<00:00, 24.43it/s]
 85%|████████▌ | 51/60 [00:02<00:00, 24.17it/s]
 90%|█████████ | 54/60 [00:02<00:00, 24.17it/s]
 95%|█████████▌| 57/60 [00:02<00:00, 23.93it/s]
100%|██████████| 60/60 [00:02<00:00, 23.78it/s]
100%|██████████| 60/60 [00:02<00:00, 25.02it/s]
wandb: WARNING `fps` argument does not affect the frame rate of the video when providing a file path or raw bytes.
690094080: reward=15.543
690749440: mean episode reward=15.254
711065600: mean episode reward=14.598
731381760: mean episode reward=14.810

  0%|          | 0/60 [00:00<?, ?it/s]
  3%|▎         | 2/60 [00:00<00:03, 18.56it/s]
  8%|▊         | 5/60 [00:00<00:02, 20.83it/s]
 13%|█▎        | 8/60 [00:00<00:02, 21.98it/s]
 18%|█▊        | 11/60 [00:00<00:02, 22.85it/s]
 23%|██▎       | 14/60 [00:00<00:01, 23.48it/s]
 28%|██▊       | 17/60 [00:00<00:01, 23.43it/s]
 33%|███▎      | 20/60 [00:00<00:01, 23.52it/s]
 38%|███▊      | 23/60 [00:00<00:01, 24.08it/s]
 43%|████▎     | 26/60 [00:01<00:01, 24.41it/s]
 48%|████▊     | 29/60 [00:01<00:01, 24.22it/s]
 53%|█████▎    | 32/60 [00:01<00:01, 23.98it/s]
 58%|█████▊    | 35/60 [00:01<00:01, 23.98it/s]
 63%|██████▎   | 38/60 [00:01<00:00, 23.98it/s]
 68%|██████▊   | 41/60 [00:01<00:00, 24.52it/s]
 73%|███████▎  | 44/60 [00:01<00:00, 24.59it/s]
 78%|███████▊  | 47/60 [00:01<00:00, 24.10it/s]
 83%|████████▎ | 50/60 [00:02<00:00, 23.87it/s]
 88%|████████▊ | 53/60 [00:02<00:00, 23.48it/s]
 93%|█████████▎| 56/60 [00:02<00:00, 23.14it/s]
 98%|█████████▊| 59/60 [00:02<00:00, 22.65it/s]
100%|██████████| 60/60 [00:02<00:00, 23.42it/s]
wandb: WARNING `fps` argument does not affect the frame rate of the video when providing a file path or raw bytes.
743178240: reward=16.256
751697920: mean episode reward=15.090
772014080: mean episode reward=14.423
792330240: mean episode reward=15.215

  0%|          | 0/60 [00:00<?, ?it/s]
  3%|▎         | 2/60 [00:00<00:03, 15.90it/s]
  8%|▊         | 5/60 [00:00<00:02, 20.81it/s]
 13%|█▎        | 8/60 [00:00<00:02, 22.66it/s]
 18%|█▊        | 11/60 [00:00<00:02, 23.71it/s]
 23%|██▎       | 14/60 [00:00<00:01, 24.30it/s]
 28%|██▊       | 17/60 [00:00<00:01, 24.94it/s]
 33%|███▎      | 20/60 [00:00<00:01, 25.77it/s]
 38%|███▊      | 23/60 [00:00<00:01, 25.48it/s]
 43%|████▎     | 26/60 [00:01<00:01, 25.32it/s]
 48%|████▊     | 29/60 [00:01<00:01, 24.98it/s]
 53%|█████▎    | 32/60 [00:01<00:01, 25.41it/s]
 58%|█████▊    | 35/60 [00:01<00:01, 24.70it/s]
 63%|██████▎   | 38/60 [00:01<00:00, 24.19it/s]
 68%|██████▊   | 41/60 [00:01<00:00, 23.89it/s]
 73%|███████▎  | 44/60 [00:01<00:00, 23.76it/s]
 78%|███████▊  | 47/60 [00:01<00:00, 23.07it/s]
 83%|████████▎ | 50/60 [00:02<00:00, 22.95it/s]
 88%|████████▊ | 53/60 [00:02<00:00, 22.82it/s]
 93%|█████████▎| 56/60 [00:02<00:00, 22.83it/s]
 98%|█████████▊| 59/60 [00:02<00:00, 22.43it/s]
100%|██████████| 60/60 [00:02<00:00, 23.62it/s]
wandb: WARNING `fps` argument does not affect the frame rate of the video when providing a file path or raw bytes.
796262400: reward=14.556
812646400: mean episode reward=15.755
832962560: mean episode reward=14.614

  0%|          | 0/60 [00:00<?, ?it/s]
  3%|▎         | 2/60 [00:00<00:03, 18.77it/s]
  8%|▊         | 5/60 [00:00<00:02, 22.46it/s]
 13%|█▎        | 8/60 [00:00<00:02, 22.51it/s]
 18%|█▊        | 11/60 [00:00<00:02, 23.69it/s]
 23%|██▎       | 14/60 [00:00<00:01, 23.92it/s]
 28%|██▊       | 17/60 [00:00<00:01, 23.77it/s]
 33%|███▎      | 20/60 [00:00<00:01, 24.85it/s]
 38%|███▊      | 23/60 [00:00<00:01, 25.22it/s]
 43%|████▎     | 26/60 [00:01<00:01, 25.44it/s]
 48%|████▊     | 29/60 [00:01<00:01, 25.42it/s]
 53%|█████▎    | 32/60 [00:01<00:01, 25.55it/s]
 58%|█████▊    | 35/60 [00:01<00:00, 25.77it/s]
 63%|██████▎   | 38/60 [00:01<00:00, 26.13it/s]
 68%|██████▊   | 41/60 [00:01<00:00, 25.59it/s]
 73%|███████▎  | 44/60 [00:01<00:00, 25.64it/s]
 78%|███████▊  | 47/60 [00:01<00:00, 24.45it/s]
 83%|████████▎ | 50/60 [00:02<00:00, 23.96it/s]
 88%|████████▊ | 53/60 [00:02<00:00, 23.62it/s]
 93%|█████████▎| 56/60 [00:02<00:00, 23.26it/s]
 98%|█████████▊| 59/60 [00:02<00:00, 22.79it/s]
100%|██████████| 60/60 [00:02<00:00, 24.15it/s]
wandb: WARNING `fps` argument does not affect the frame rate of the video when providing a file path or raw bytes.
849346560: reward=16.046
853278720: mean episode reward=14.659
873594880: mean episode reward=15.829
893911040: mean episode reward=16.308

  0%|          | 0/60 [00:00<?, ?it/s]
  3%|▎         | 2/60 [00:00<00:03, 17.55it/s]
  8%|▊         | 5/60 [00:00<00:02, 21.24it/s]
 13%|█▎        | 8/60 [00:00<00:02, 22.37it/s]
 18%|█▊        | 11/60 [00:00<00:02, 22.61it/s]
 23%|██▎       | 14/60 [00:00<00:01, 23.16it/s]
 28%|██▊       | 17/60 [00:00<00:01, 23.62it/s]
 33%|███▎      | 20/60 [00:00<00:01, 24.26it/s]
 38%|███▊      | 23/60 [00:00<00:01, 24.40it/s]
 43%|████▎     | 26/60 [00:01<00:01, 24.39it/s]
 48%|████▊     | 29/60 [00:01<00:01, 24.80it/s]
 53%|█████▎    | 32/60 [00:01<00:01, 26.11it/s]
 58%|█████▊    | 35/60 [00:01<00:00, 26.77it/s]
 63%|██████▎   | 38/60 [00:01<00:00, 26.28it/s]
 68%|██████▊   | 41/60 [00:01<00:00, 25.55it/s]
 73%|███████▎  | 44/60 [00:01<00:00, 25.04it/s]
 78%|███████▊  | 47/60 [00:01<00:00, 24.26it/s]
 83%|████████▎ | 50/60 [00:02<00:00, 24.47it/s]
 88%|████████▊ | 53/60 [00:02<00:00, 24.50it/s]
 93%|█████████▎| 56/60 [00:02<00:00, 23.99it/s]
 98%|█████████▊| 59/60 [00:02<00:00, 23.31it/s]
100%|██████████| 60/60 [00:02<00:00, 24.13it/s]
wandb: WARNING `fps` argument does not affect the frame rate of the video when providing a file path or raw bytes.
902430720: reward=14.510
914227200: mean episode reward=16.388
934543360: mean episode reward=16.757
954859520: mean episode reward=16.034

  0%|          | 0/60 [00:00<?, ?it/s]
  3%|▎         | 2/60 [00:00<00:03, 15.78it/s]
  8%|▊         | 5/60 [00:00<00:02, 20.00it/s]
 13%|█▎        | 8/60 [00:00<00:02, 21.42it/s]
 18%|█▊        | 11/60 [00:00<00:02, 21.14it/s]
 23%|██▎       | 14/60 [00:00<00:02, 21.93it/s]
 28%|██▊       | 17/60 [00:00<00:01, 22.17it/s]
 33%|███▎      | 20/60 [00:00<00:01, 22.66it/s]
 38%|███▊      | 23/60 [00:01<00:01, 22.66it/s]
 43%|████▎     | 26/60 [00:01<00:01, 23.13it/s]
 48%|████▊     | 29/60 [00:01<00:01, 23.87it/s]
 53%|█████▎    | 32/60 [00:01<00:01, 24.55it/s]
 58%|█████▊    | 35/60 [00:01<00:01, 24.41it/s]
 63%|██████▎   | 38/60 [00:01<00:00, 24.32it/s]
 68%|██████▊   | 41/60 [00:01<00:00, 24.71it/s]
 73%|███████▎  | 44/60 [00:01<00:00, 25.29it/s]
 78%|███████▊  | 47/60 [00:01<00:00, 25.77it/s]
 83%|████████▎ | 50/60 [00:02<00:00, 26.39it/s]
 88%|████████▊ | 53/60 [00:02<00:00, 26.14it/s]
 93%|█████████▎| 56/60 [00:02<00:00, 25.70it/s]
 98%|█████████▊| 59/60 [00:02<00:00, 25.21it/s]
100%|██████████| 60/60 [00:02<00:00, 23.92it/s]
wandb: WARNING `fps` argument does not affect the frame rate of the video when providing a file path or raw bytes.
955514880: reward=16.447
975175680: mean episode reward=15.746
995491840: mean episode reward=15.819

  0%|          | 0/60 [00:00<?, ?it/s]
  3%|▎         | 2/60 [00:00<00:03, 16.64it/s]
  8%|▊         | 5/60 [00:00<00:02, 20.10it/s]
 13%|█▎        | 8/60 [00:00<00:02, 21.46it/s]
 18%|█▊        | 11/60 [00:00<00:02, 21.49it/s]
 23%|██▎       | 14/60 [00:00<00:02, 21.77it/s]
 28%|██▊       | 17/60 [00:00<00:01, 21.93it/s]
 33%|███▎      | 20/60 [00:00<00:01, 22.66it/s]
 38%|███▊      | 23/60 [00:01<00:01, 23.90it/s]
 43%|████▎     | 26/60 [00:01<00:01, 24.53it/s]
 48%|████▊     | 29/60 [00:01<00:01, 25.01it/s]
 53%|█████▎    | 32/60 [00:01<00:01, 25.68it/s]
 58%|█████▊    | 35/60 [00:01<00:00, 26.17it/s]
 63%|██████▎   | 38/60 [00:01<00:00, 25.29it/s]
 68%|██████▊   | 41/60 [00:01<00:00, 24.94it/s]
 73%|███████▎  | 44/60 [00:01<00:00, 25.29it/s]
 78%|███████▊  | 47/60 [00:01<00:00, 25.14it/s]
 83%|████████▎ | 50/60 [00:02<00:00, 24.92it/s]
 88%|████████▊ | 53/60 [00:02<00:00, 25.04it/s]
 93%|█████████▎| 56/60 [00:02<00:00, 25.03it/s]
 98%|█████████▊| 59/60 [00:02<00:00, 25.11it/s]
100%|██████████| 60/60 [00:02<00:00, 24.14it/s]
wandb: WARNING `fps` argument does not affect the frame rate of the video when providing a file path or raw bytes.
1008599040: reward=16.000
Done training.
Time to JIT compile: 23.5990956351161
Time to train: 6671.580207660794
Starting inference...
FPS for rendering: 10.0

  0%|          | 0/500 [00:00<?, ?it/s]
  0%|          | 2/500 [00:00<00:34, 14.58it/s]
  1%|          | 4/500 [00:00<00:28, 17.12it/s]
  1%|▏         | 7/500 [00:00<00:25, 19.33it/s]
  2%|▏         | 10/500 [00:00<00:24, 20.09it/s]
  3%|▎         | 13/500 [00:00<00:23, 20.55it/s]
  3%|▎         | 16/500 [00:00<00:23, 20.65it/s]
  4%|▍         | 19/500 [00:00<00:22, 21.14it/s]
  4%|▍         | 22/500 [00:01<00:22, 21.60it/s]
  5%|▌         | 25/500 [00:01<00:21, 22.09it/s]
  6%|▌         | 28/500 [00:01<00:21, 22.07it/s]
  6%|▌         | 31/500 [00:01<00:21, 22.15it/s]
  7%|▋         | 34/500 [00:01<00:20, 22.37it/s]
  7%|▋         | 37/500 [00:01<00:20, 22.21it/s]
  8%|▊         | 40/500 [00:01<00:20, 22.25it/s]
  9%|▊         | 43/500 [00:02<00:20, 22.60it/s]
  9%|▉         | 46/500 [00:02<00:20, 22.53it/s]
 10%|▉         | 49/500 [00:02<00:20, 22.45it/s]
 10%|█         | 52/500 [00:02<00:20, 21.82it/s]
 11%|█         | 55/500 [00:02<00:20, 22.23it/s]
 12%|█▏        | 58/500 [00:02<00:20, 22.06it/s]
 12%|█▏        | 61/500 [00:02<00:19, 22.40it/s]
 13%|█▎        | 64/500 [00:02<00:19, 22.34it/s]
 13%|█▎        | 67/500 [00:03<00:19, 22.68it/s]
 14%|█▍        | 70/500 [00:03<00:18, 22.90it/s]
 15%|█▍        | 73/500 [00:03<00:18, 23.08it/s]
 15%|█▌        | 76/500 [00:03<00:18, 22.51it/s]
 16%|█▌        | 79/500 [00:03<00:19, 22.15it/s]
 16%|█▋        | 82/500 [00:03<00:18, 22.17it/s]
 17%|█▋        | 85/500 [00:03<00:18, 22.28it/s]
 18%|█▊        | 88/500 [00:04<00:18, 21.94it/s]
 18%|█▊        | 91/500 [00:04<00:18, 21.98it/s]
 19%|█▉        | 94/500 [00:04<00:18, 21.46it/s]
 19%|█▉        | 97/500 [00:04<00:18, 22.05it/s]
 20%|██        | 100/500 [00:04<00:18, 21.55it/s]
 21%|██        | 103/500 [00:04<00:18, 21.97it/s]
 21%|██        | 106/500 [00:04<00:17, 21.98it/s]
 22%|██▏       | 109/500 [00:04<00:17, 22.42it/s]
 22%|██▏       | 112/500 [00:05<00:17, 22.18it/s]
 23%|██▎       | 115/500 [00:05<00:17, 22.61it/s]
 24%|██▎       | 118/500 [00:05<00:16, 22.83it/s]
 24%|██▍       | 121/500 [00:05<00:16, 22.47it/s]
 25%|██▍       | 124/500 [00:05<00:16, 22.19it/s]
 25%|██▌       | 127/500 [00:05<00:16, 22.59it/s]
 26%|██▌       | 130/500 [00:05<00:16, 22.21it/s]
 27%|██▋       | 133/500 [00:06<00:16, 21.86it/s]
 27%|██▋       | 136/500 [00:06<00:16, 21.97it/s]
 28%|██▊       | 139/500 [00:06<00:16, 21.97it/s]
 28%|██▊       | 142/500 [00:06<00:16, 22.02it/s]
 29%|██▉       | 145/500 [00:06<00:16, 22.18it/s]
 30%|██▉       | 148/500 [00:06<00:15, 22.24it/s]
 30%|███       | 151/500 [00:06<00:15, 21.95it/s]
 31%|███       | 154/500 [00:07<00:15, 21.88it/s]
 31%|███▏      | 157/500 [00:07<00:15, 21.83it/s]
 32%|███▏      | 160/500 [00:07<00:15, 21.80it/s]
 33%|███▎      | 163/500 [00:07<00:15, 21.09it/s]
 33%|███▎      | 166/500 [00:07<00:15, 21.20it/s]
 34%|███▍      | 169/500 [00:07<00:15, 21.32it/s]
 34%|███▍      | 172/500 [00:07<00:15, 21.56it/s]
 35%|███▌      | 175/500 [00:07<00:15, 21.65it/s]
 36%|███▌      | 178/500 [00:08<00:14, 21.98it/s]
 36%|███▌      | 181/500 [00:08<00:14, 22.10it/s]
 37%|███▋      | 184/500 [00:08<00:14, 21.68it/s]
 37%|███▋      | 187/500 [00:08<00:14, 22.02it/s]
 38%|███▊      | 190/500 [00:08<00:13, 22.19it/s]
 39%|███▊      | 193/500 [00:08<00:13, 22.14it/s]
 39%|███▉      | 196/500 [00:08<00:13, 22.32it/s]
 40%|███▉      | 199/500 [00:09<00:13, 22.46it/s]
 40%|████      | 202/500 [00:09<00:12, 23.23it/s]
 41%|████      | 205/500 [00:09<00:12, 23.62it/s]
 42%|████▏     | 208/500 [00:09<00:12, 23.70it/s]
 42%|████▏     | 211/500 [00:09<00:12, 23.78it/s]
 43%|████▎     | 214/500 [00:09<00:12, 23.57it/s]
 43%|████▎     | 217/500 [00:09<00:12, 23.55it/s]
 44%|████▍     | 220/500 [00:09<00:12, 23.28it/s]
 45%|████▍     | 223/500 [00:10<00:11, 23.49it/s]
 45%|████▌     | 226/500 [00:10<00:11, 23.39it/s]
 46%|████▌     | 229/500 [00:10<00:11, 23.24it/s]
 46%|████▋     | 232/500 [00:10<00:11, 22.79it/s]
 47%|████▋     | 235/500 [00:10<00:11, 22.62it/s]
 48%|████▊     | 238/500 [00:10<00:11, 22.45it/s]
 48%|████▊     | 241/500 [00:10<00:11, 22.16it/s]
 49%|████▉     | 244/500 [00:11<00:11, 21.77it/s]
 49%|████▉     | 247/500 [00:11<00:11, 21.66it/s]
 50%|█████     | 250/500 [00:11<00:11, 21.83it/s]
 51%|█████     | 253/500 [00:11<00:11, 21.77it/s]
 51%|█████     | 256/500 [00:11<00:11, 21.79it/s]
 52%|█████▏    | 259/500 [00:11<00:11, 21.71it/s]
 52%|█████▏    | 262/500 [00:11<00:10, 21.72it/s]
 53%|█████▎    | 265/500 [00:11<00:10, 21.71it/s]
 54%|█████▎    | 268/500 [00:12<00:10, 22.28it/s]
 54%|█████▍    | 271/500 [00:12<00:10, 22.43it/s]
 55%|█████▍    | 274/500 [00:12<00:10, 22.53it/s]
 55%|█████▌    | 277/500 [00:12<00:09, 22.44it/s]
 56%|█████▌    | 280/500 [00:12<00:09, 22.46it/s]
 57%|█████▋    | 283/500 [00:12<00:09, 22.23it/s]
 57%|█████▋    | 286/500 [00:12<00:09, 21.82it/s]
 58%|█████▊    | 289/500 [00:13<00:09, 21.69it/s]
 58%|█████▊    | 292/500 [00:13<00:09, 21.60it/s]
 59%|█████▉    | 295/500 [00:13<00:09, 21.66it/s]
 60%|█████▉    | 298/500 [00:13<00:09, 21.53it/s]
 60%|██████    | 301/500 [00:13<00:09, 21.41it/s]
 61%|██████    | 304/500 [00:13<00:09, 21.24it/s]
 61%|██████▏   | 307/500 [00:13<00:09, 21.12it/s]
 62%|██████▏   | 310/500 [00:14<00:09, 21.07it/s]
 63%|██████▎   | 313/500 [00:14<00:09, 20.75it/s]
 63%|██████▎   | 316/500 [00:14<00:08, 20.69it/s]
 64%|██████▍   | 319/500 [00:14<00:08, 20.67it/s]
 64%|██████▍   | 322/500 [00:14<00:08, 20.71it/s]
 65%|██████▌   | 325/500 [00:14<00:08, 21.10it/s]
 66%|██████▌   | 328/500 [00:14<00:07, 21.63it/s]
 66%|██████▌   | 331/500 [00:15<00:07, 22.74it/s]
 67%|██████▋   | 334/500 [00:15<00:06, 23.75it/s]
 67%|██████▋   | 337/500 [00:15<00:06, 24.32it/s]
 68%|██████▊   | 340/500 [00:15<00:06, 23.88it/s]
 69%|██████▊   | 343/500 [00:15<00:06, 23.30it/s]
 69%|██████▉   | 346/500 [00:15<00:06, 23.44it/s]
 70%|██████▉   | 349/500 [00:15<00:06, 22.99it/s]
 70%|███████   | 352/500 [00:15<00:06, 22.67it/s]
 71%|███████   | 355/500 [00:16<00:06, 22.77it/s]
 72%|███████▏  | 358/500 [00:16<00:06, 22.38it/s]
 72%|███████▏  | 361/500 [00:16<00:06, 21.95it/s]
 73%|███████▎  | 364/500 [00:16<00:06, 21.69it/s]
 73%|███████▎  | 367/500 [00:16<00:06, 21.88it/s]
 74%|███████▍  | 370/500 [00:16<00:05, 22.42it/s]
 75%|███████▍  | 373/500 [00:16<00:05, 22.38it/s]
 75%|███████▌  | 376/500 [00:17<00:05, 22.54it/s]
 76%|███████▌  | 379/500 [00:17<00:05, 22.64it/s]
 76%|███████▋  | 382/500 [00:17<00:05, 22.43it/s]
 77%|███████▋  | 385/500 [00:17<00:05, 22.01it/s]
 78%|███████▊  | 388/500 [00:17<00:05, 22.01it/s]
 78%|███████▊  | 391/500 [00:17<00:05, 21.78it/s]
 79%|███████▉  | 394/500 [00:17<00:04, 22.29it/s]
 79%|███████▉  | 397/500 [00:17<00:04, 22.60it/s]
 80%|████████  | 400/500 [00:18<00:04, 22.31it/s]
 81%|████████  | 403/500 [00:18<00:04, 21.62it/s]
 81%|████████  | 406/500 [00:18<00:04, 21.98it/s]
 82%|████████▏ | 409/500 [00:18<00:04, 22.08it/s]
 82%|████████▏ | 412/500 [00:18<00:04, 21.85it/s]
 83%|████████▎ | 415/500 [00:18<00:03, 21.83it/s]
 84%|████████▎ | 418/500 [00:18<00:03, 22.11it/s]
 84%|████████▍ | 421/500 [00:19<00:03, 22.25it/s]
 85%|████████▍ | 424/500 [00:19<00:03, 23.31it/s]
 85%|████████▌ | 427/500 [00:19<00:02, 24.42it/s]
 86%|████████▌ | 430/500 [00:19<00:02, 24.76it/s]
 87%|████████▋ | 433/500 [00:19<00:02, 24.01it/s]
 87%|████████▋ | 436/500 [00:19<00:02, 23.61it/s]
 88%|████████▊ | 439/500 [00:19<00:02, 23.06it/s]
 88%|████████▊ | 442/500 [00:19<00:02, 23.58it/s]
 89%|████████▉ | 445/500 [00:20<00:02, 23.49it/s]
 90%|████████▉ | 448/500 [00:20<00:02, 23.01it/s]
 90%|█████████ | 451/500 [00:20<00:02, 22.77it/s]
 91%|█████████ | 454/500 [00:20<00:01, 23.05it/s]
 91%|█████████▏| 457/500 [00:20<00:01, 22.56it/s]
 92%|█████████▏| 460/500 [00:20<00:01, 22.51it/s]
 93%|█████████▎| 463/500 [00:20<00:01, 23.14it/s]
 93%|█████████▎| 466/500 [00:20<00:01, 22.96it/s]
 94%|█████████▍| 469/500 [00:21<00:01, 23.08it/s]
 94%|█████████▍| 472/500 [00:21<00:01, 24.13it/s]
 95%|█████████▌| 475/500 [00:21<00:01, 24.56it/s]
 96%|█████████▌| 478/500 [00:21<00:00, 24.54it/s]
 96%|█████████▌| 481/500 [00:21<00:00, 23.77it/s]
 97%|█████████▋| 484/500 [00:21<00:00, 22.65it/s]
 97%|█████████▋| 487/500 [00:21<00:00, 21.67it/s]
 98%|█████████▊| 490/500 [00:22<00:00, 21.89it/s]
 99%|█████████▊| 493/500 [00:22<00:00, 22.20it/s]
 99%|█████████▉| 496/500 [00:22<00:00, 22.74it/s]
100%|█████████▉| 499/500 [00:22<00:00, 22.75it/s]
100%|██████████| 500/500 [00:22<00:00, 22.27it/s]
Rollout video saved as 'rollout0.mp4'.
[1;34mwandb[0m: 
[1;34mwandb[0m: 🚀 View run [33mTesolloDownwardsRotateZ-20260627-013545-downwardsrotatez_sb_propriodelta_s0[0m at: [34mhttps://wandb.ai/nikolastaykov/mjxrl/runs/yus3ob8x[0m
[1;34mwandb[0m: Find logs at: [1;35mwandb/run-20260627_013545-yus3ob8x/logs[0m
