Warp 1.12.1 initialized:
   CUDA Toolkit 12.9, Driver 12.5
   Devices:
     "cpu"      : "x86_64"
     "cuda:0"   : "NVIDIA GeForce RTX 4090" (24 GiB, sm_89, mempool enabled)
   Kernel cache:
     /home/nstaykov/.cache/warp/1.12.1
Warp DeprecationWarning: The symbol `warp.types.warp_type_to_np_dtype` will soon be removed from the public API. It can still be accessed from `warp._src.types.warp_type_to_np_dtype` but might be changed or removed without notice.
Environment Config:
action_mode: absolute
action_repeat: 1
action_scale: 0.5
constrain_wrist_translation: false
ctrl_dt: 0.05
curriculum:
  band_width: 0.08726646259971647
  enable: false
  promote_after: 5
  success_count_threshold: 70
ema_alpha: 0.2
episode_length: 120
impl: warp
kp_scale: 1.0
max_target_angle: 2.0943951023931953
min_target_angle: 0.0
nconmax: 1638400
njmax: 2200
obs_noise:
  level: 1.0
  scales:
    goal_quat: 0.0
    joint_pos: 0.0
    joint_vel: 0.0
    motor_targets: 0.0
ori_tolerance_rad: 0.05235987755982988
pert_config:
  angular_velocity_pert:
  - 0.0
  - 0.5
  enable: false
  linear_velocity_pert:
  - 0.0
  - 3.0
  pert_duration_steps:
  - 1
  - 100
  pert_wait_steps:
  - 60
  - 150
reward_config:
  ori_reward_margin_rad: 0.5235987755982988
  scales:
    action_rate: -0.5
    cube_on_floor: -0.5
    cube_ori: 2.0
    fingertip_pos: 1.5
    joint_vel: -0.002
    wrist_vel: -0.02
  success_reward: 2.0
scene:
  cube_mass: 0.108
sensor_bundle: proprio.target
sim_dt: 0.01
symmetric_target: true
target_hold_time: 0.05

PPO Training Parameters:
action_repeat: 1
batch_size: 256
discounting: 0.99
entropy_cost: 0.005
episode_length: 120
learning_rate: 0.0001
log_training_metrics: true
network_factory:
  policy_hidden_layer_sizes: &id001 !!python/tuple
  - 512
  - 256
  - 128
  policy_obs_key: state
  value_hidden_layer_sizes: *id001
  value_obs_key: privileged_state
normalize_observations: true
num_envs: 8192
num_evals: 20
num_minibatches: 64
num_resets_per_eval: 0
num_timesteps: 1000000000
num_updates_per_batch: 4
reward_scaling: 1.0
training_metrics_steps: 20000000
unroll_length: 40

CLI overrides: {
  "env_name": "TesolloDownwardsRotateZ",
  "suffix": "downwardsrotatez_sb_propriotarget_s0",
  "use_wandb": true,
  "log_video_to_wandb": true,
  "domain_randomization": true,
  "seed": 0,
  "num_timesteps": 1000000000,
  "num_envs": 8192,
  "log_training_metrics": true,
  "training_metrics_steps": 20000000,
  "env_overrides_file": "logs/_queue/downwards_sensor_sweep_120_cubesizeDR-20260626-215239/run-03-TesolloDownwardsRotateZ-downwardsrotatez_sb_propriotarget_s0-overrides.yaml"
}
Experiment name: TesolloDownwardsRotateZ-20260627-032809-downwardsrotatez_sb_propriotarget_s0
Logs are being stored in: /local/home/nstaykov/workspace/mujoco_playground/logs/TesolloDownwardsRotateZ-20260627-032809-downwardsrotatez_sb_propriotarget_s0
wandb: [wandb.login()] Loaded credentials for https://api.wandb.ai from WANDB_API_KEY.
wandb: Currently logged in as: nstaykov (nikolastaykov) to https://api.wandb.ai. Use `wandb login --relogin` to force relogin
wandb: setting up run er7t14hd
wandb: Tracking run with wandb version 0.26.1
wandb: Run data is saved locally in /local/home/nstaykov/workspace/mujoco_playground/wandb/run-20260627_032809-er7t14hd
wandb: Run `wandb offline` to turn off syncing.
wandb: Syncing run TesolloDownwardsRotateZ-20260627-032809-downwardsrotatez_sb_propriotarget_s0
wandb: ⭐️ View project at https://wandb.ai/nikolastaykov/mjxrl
wandb: 🚀 View run at https://wandb.ai/nikolastaykov/mjxrl/runs/er7t14hd
No checkpoint path provided, not restoring from checkpoint
Checkpoint path: /local/home/nstaykov/workspace/mujoco_playground/logs/TesolloDownwardsRotateZ-20260627-032809-downwardsrotatez_sb_propriotarget_s0/checkpoints
Module mujoco.mjx.warp.ffi 98d2031 load on device 'cuda:0' took 0.42 ms  (cached)
Module mujoco.mjx.third_party.mujoco_warp._src.smooth 26bbc02 load on device 'cuda:0' took 6.35 ms  (cached)
Module mujoco.mjx.third_party.mujoco_warp._src.collision_driver 88f7770 load on device 'cuda:0' took 0.28 ms  (cached)
Module _nxn_broadphase__locals__kernel_c763f4cb c763f4c load on device 'cuda:0' took 0.28 ms  (cached)
Module _primitive_narrowphase__locals__primitive_narrowphase_072e9f5e 072e9f5 load on device 'cuda:0' took 0.46 ms  (cached)
Module mujoco.mjx.third_party.mujoco_warp._src.constraint c567367 load on device 'cuda:0' took 0.49 ms  (cached)
Module mujoco.mjx.third_party.mujoco_warp._src.sensor 18a78e5 load on device 'cuda:0' took 0.55 ms  (cached)
Module mujoco.mjx.third_party.mujoco_warp._src.forward 16fbac8 load on device 'cuda:0' took 0.45 ms  (cached)
Module mujoco.mjx.third_party.mujoco_warp._src.passive 8bfe11c load on device 'cuda:0' took 0.35 ms  (cached)
Module mujoco.mjx.third_party.mujoco_warp._src.forward 8f5355c load on device 'cuda:0' took 0.43 ms  (cached)
Module mujoco.mjx.third_party.mujoco_warp._src.support dd3f924 load on device 'cuda:0' took 0.27 ms  (cached)
Module _tile_cholesky_factorize_solve__locals__cholesky_factorize_solve_98799697 3154237 load on device 'cuda:0' took 26.42 ms  (cached)
Module _tile_cholesky_factorize_solve__locals__cholesky_factorize_solve_b2744b1b e16af87 load on device 'cuda:0' took 26.70 ms  (cached)
Module mujoco.mjx.third_party.mujoco_warp._src.solver b116efb load on device 'cuda:0' took 0.50 ms  (cached)
Module solve_init_jaref__locals__kernel_feadd581 feadd58 load on device 'cuda:0' took 0.45 ms  (cached)
Module mul_m_dense__locals___mul_m_dense_e34139c1 e34139c load on device 'cuda:0' took 0.41 ms  (cached)
Module update_constraint_efc__locals__kernel_81015163 8101516 load on device 'cuda:0' took 0.28 ms  (cached)
Module update_constraint_gauss_cost__locals__kernel_6370b491 6370b49 load on device 'cuda:0' took 0.28 ms  (cached)
Module update_gradient_JTDAJ_dense_tiled__locals__kernel_e0063ce2 85330e7 load on device 'cuda:0' took 0.57 ms  (cached)
Module update_gradient_cholesky__locals__kernel_c54e7710 b74aeaf load on device 'cuda:0' took 27.28 ms  (cached)
Module linesearch_iterative__locals__kernel_94acdc55 9c914fd load on device 'cuda:0' took 0.37 ms  (cached)
Module update_constraint_efc__locals__kernel_25737258 2573725 load on device 'cuda:0' took 0.29 ms  (cached)
Module _contact_sort__locals__contact_sort_44d31eb2 de954a2 load on device 'cuda:0' took 0.35 ms  (cached)
0: reward=-0.917

  0%|          | 0/60 [00:00<?, ?it/s]
  3%|▎         | 2/60 [00:00<00:03, 17.24it/s]
  8%|▊         | 5/60 [00:00<00:02, 21.84it/s]
 13%|█▎        | 8/60 [00:00<00:02, 22.41it/s]
 18%|█▊        | 11/60 [00:00<00:02, 22.32it/s]
 23%|██▎       | 14/60 [00:00<00:02, 22.92it/s]
 28%|██▊       | 17/60 [00:00<00:01, 23.60it/s]
 33%|███▎      | 20/60 [00:00<00:01, 24.34it/s]
 38%|███▊      | 23/60 [00:00<00:01, 25.38it/s]
 43%|████▎     | 26/60 [00:01<00:01, 25.21it/s]
 48%|████▊     | 29/60 [00:01<00:01, 24.79it/s]
 53%|█████▎    | 32/60 [00:01<00:01, 24.64it/s]
 58%|█████▊    | 35/60 [00:01<00:01, 24.20it/s]
 63%|██████▎   | 38/60 [00:01<00:00, 24.06it/s]
 68%|██████▊   | 41/60 [00:01<00:00, 23.47it/s]
 73%|███████▎  | 44/60 [00:01<00:00, 23.53it/s]
 78%|███████▊  | 47/60 [00:01<00:00, 24.19it/s]
 83%|████████▎ | 50/60 [00:02<00:00, 24.31it/s]
 88%|████████▊ | 53/60 [00:02<00:00, 24.32it/s]
 93%|█████████▎| 56/60 [00:02<00:00, 24.67it/s]
 98%|█████████▊| 59/60 [00:02<00:00, 24.89it/s]
100%|██████████| 60/60 [00:02<00:00, 24.02it/s]
wandb: WARNING `fps` argument does not affect the frame rate of the video when providing a file path or raw bytes.
20316160: mean episode reward=2.819
40632320: mean episode reward=4.359

  0%|          | 0/60 [00:00<?, ?it/s]
  3%|▎         | 2/60 [00:00<00:03, 15.29it/s]
  8%|▊         | 5/60 [00:00<00:02, 19.10it/s]
 13%|█▎        | 8/60 [00:00<00:02, 20.14it/s]
 18%|█▊        | 11/60 [00:00<00:02, 20.85it/s]
 23%|██▎       | 14/60 [00:00<00:02, 21.72it/s]
 28%|██▊       | 17/60 [00:00<00:01, 22.12it/s]
 33%|███▎      | 20/60 [00:00<00:01, 22.42it/s]
 38%|███▊      | 23/60 [00:01<00:01, 22.50it/s]
 43%|████▎     | 26/60 [00:01<00:01, 22.15it/s]
 48%|████▊     | 29/60 [00:01<00:01, 21.98it/s]
 53%|█████▎    | 32/60 [00:01<00:01, 21.66it/s]
 58%|█████▊    | 35/60 [00:01<00:01, 21.58it/s]
 63%|██████▎   | 38/60 [00:01<00:01, 21.32it/s]
 68%|██████▊   | 41/60 [00:01<00:00, 21.00it/s]
 73%|███████▎  | 44/60 [00:02<00:00, 20.81it/s]
 78%|███████▊  | 47/60 [00:02<00:00, 20.62it/s]
 83%|████████▎ | 50/60 [00:02<00:00, 20.68it/s]
 88%|████████▊ | 53/60 [00:02<00:00, 20.79it/s]
 93%|█████████▎| 56/60 [00:02<00:00, 20.59it/s]
 98%|█████████▊| 59/60 [00:02<00:00, 20.58it/s]
100%|██████████| 60/60 [00:02<00:00, 21.05it/s]
wandb: WARNING `fps` argument does not affect the frame rate of the video when providing a file path or raw bytes.
53084160: reward=5.385
60948480: mean episode reward=5.205
81264640: mean episode reward=7.511
101580800: mean episode reward=9.550

  0%|          | 0/60 [00:00<?, ?it/s]
  3%|▎         | 2/60 [00:00<00:03, 16.89it/s]
  7%|▋         | 4/60 [00:00<00:03, 18.46it/s]
 12%|█▏        | 7/60 [00:00<00:02, 19.77it/s]
 17%|█▋        | 10/60 [00:00<00:02, 20.66it/s]
 22%|██▏       | 13/60 [00:00<00:02, 20.99it/s]
 27%|██▋       | 16/60 [00:00<00:02, 21.36it/s]
 32%|███▏      | 19/60 [00:00<00:01, 21.91it/s]
 37%|███▋      | 22/60 [00:01<00:01, 22.17it/s]
 42%|████▏     | 25/60 [00:01<00:01, 22.60it/s]
 47%|████▋     | 28/60 [00:01<00:01, 22.48it/s]
 52%|█████▏    | 31/60 [00:01<00:01, 22.49it/s]
 57%|█████▋    | 34/60 [00:01<00:01, 22.27it/s]
 62%|██████▏   | 37/60 [00:01<00:01, 22.40it/s]
 67%|██████▋   | 40/60 [00:01<00:00, 22.13it/s]
 72%|███████▏  | 43/60 [00:01<00:00, 22.30it/s]
 77%|███████▋  | 46/60 [00:02<00:00, 22.35it/s]
 82%|████████▏ | 49/60 [00:02<00:00, 22.67it/s]
 87%|████████▋ | 52/60 [00:02<00:00, 23.60it/s]
 92%|█████████▏| 55/60 [00:02<00:00, 23.92it/s]
 97%|█████████▋| 58/60 [00:02<00:00, 23.81it/s]
100%|██████████| 60/60 [00:02<00:00, 22.31it/s]
wandb: WARNING `fps` argument does not affect the frame rate of the video when providing a file path or raw bytes.
106168320: reward=9.668
121896960: mean episode reward=10.225
142213120: mean episode reward=10.614

  0%|          | 0/60 [00:00<?, ?it/s]
  3%|▎         | 2/60 [00:00<00:03, 17.01it/s]
  7%|▋         | 4/60 [00:00<00:03, 18.53it/s]
 12%|█▏        | 7/60 [00:00<00:02, 19.50it/s]
 17%|█▋        | 10/60 [00:00<00:02, 20.62it/s]
 22%|██▏       | 13/60 [00:00<00:02, 21.69it/s]
 27%|██▋       | 16/60 [00:00<00:01, 23.08it/s]
 32%|███▏      | 19/60 [00:00<00:01, 24.19it/s]
 37%|███▋      | 22/60 [00:00<00:01, 25.46it/s]
 42%|████▏     | 25/60 [00:01<00:01, 25.62it/s]
 47%|████▋     | 28/60 [00:01<00:01, 24.94it/s]
 52%|█████▏    | 31/60 [00:01<00:01, 24.88it/s]
 57%|█████▋    | 34/60 [00:01<00:01, 24.65it/s]
 62%|██████▏   | 37/60 [00:01<00:00, 24.94it/s]
 67%|██████▋   | 40/60 [00:01<00:00, 24.56it/s]
 72%|███████▏  | 43/60 [00:01<00:00, 24.06it/s]
 77%|███████▋  | 46/60 [00:01<00:00, 23.91it/s]
 82%|████████▏ | 49/60 [00:02<00:00, 24.03it/s]
 87%|████████▋ | 52/60 [00:02<00:00, 23.82it/s]
 92%|█████████▏| 55/60 [00:02<00:00, 24.11it/s]
 97%|█████████▋| 58/60 [00:02<00:00, 24.17it/s]
100%|██████████| 60/60 [00:02<00:00, 23.76it/s]
wandb: WARNING `fps` argument does not affect the frame rate of the video when providing a file path or raw bytes.
159252480: reward=10.000
162529280: mean episode reward=11.509
182845440: mean episode reward=11.263
203161600: mean episode reward=12.341

  0%|          | 0/60 [00:00<?, ?it/s]
  3%|▎         | 2/60 [00:00<00:03, 16.87it/s]
  8%|▊         | 5/60 [00:00<00:02, 20.45it/s]
 13%|█▎        | 8/60 [00:00<00:02, 21.66it/s]
 18%|█▊        | 11/60 [00:00<00:02, 22.55it/s]
 23%|██▎       | 14/60 [00:00<00:02, 22.93it/s]
 28%|██▊       | 17/60 [00:00<00:01, 23.39it/s]
 33%|███▎      | 20/60 [00:00<00:01, 23.46it/s]
 38%|███▊      | 23/60 [00:01<00:01, 23.43it/s]
 43%|████▎     | 26/60 [00:01<00:01, 23.08it/s]
 48%|████▊     | 29/60 [00:01<00:01, 23.21it/s]
 53%|█████▎    | 32/60 [00:01<00:01, 23.31it/s]
 58%|█████▊    | 35/60 [00:01<00:01, 23.04it/s]
 63%|██████▎   | 38/60 [00:01<00:00, 22.83it/s]
 68%|██████▊   | 41/60 [00:01<00:00, 22.63it/s]
 73%|███████▎  | 44/60 [00:01<00:00, 23.20it/s]
 78%|███████▊  | 47/60 [00:02<00:00, 23.23it/s]
 83%|████████▎ | 50/60 [00:02<00:00, 23.87it/s]
 88%|████████▊ | 53/60 [00:02<00:00, 23.85it/s]
 93%|█████████▎| 56/60 [00:02<00:00, 24.22it/s]
 98%|█████████▊| 59/60 [00:02<00:00, 24.40it/s]
100%|██████████| 60/60 [00:02<00:00, 23.28it/s]
wandb: WARNING `fps` argument does not affect the frame rate of the video when providing a file path or raw bytes.
212336640: reward=10.962
223477760: mean episode reward=11.634
243793920: mean episode reward=12.306
264110080: mean episode reward=12.216

  0%|          | 0/60 [00:00<?, ?it/s]
  3%|▎         | 2/60 [00:00<00:03, 15.52it/s]
  8%|▊         | 5/60 [00:00<00:02, 19.87it/s]
 13%|█▎        | 8/60 [00:00<00:02, 20.81it/s]
 18%|█▊        | 11/60 [00:00<00:02, 21.55it/s]
 23%|██▎       | 14/60 [00:00<00:02, 22.58it/s]
 28%|██▊       | 17/60 [00:00<00:01, 23.61it/s]
 33%|███▎      | 20/60 [00:00<00:01, 24.37it/s]
 38%|███▊      | 23/60 [00:00<00:01, 25.22it/s]
 43%|████▎     | 26/60 [00:01<00:01, 25.78it/s]
 48%|████▊     | 29/60 [00:01<00:01, 26.48it/s]
 53%|█████▎    | 32/60 [00:01<00:01, 26.44it/s]
 58%|█████▊    | 35/60 [00:01<00:00, 26.18it/s]
 63%|██████▎   | 38/60 [00:01<00:00, 26.37it/s]
 68%|██████▊   | 41/60 [00:01<00:00, 25.58it/s]
 73%|███████▎  | 44/60 [00:01<00:00, 25.19it/s]
 78%|███████▊  | 47/60 [00:01<00:00, 24.75it/s]
 83%|████████▎ | 50/60 [00:02<00:00, 24.45it/s]
 88%|████████▊ | 53/60 [00:02<00:00, 23.87it/s]
 93%|█████████▎| 56/60 [00:02<00:00, 23.55it/s]
 98%|█████████▊| 59/60 [00:02<00:00, 24.12it/s]
100%|██████████| 60/60 [00:02<00:00, 24.25it/s]
wandb: WARNING `fps` argument does not affect the frame rate of the video when providing a file path or raw bytes.
265420800: reward=11.880
284426240: mean episode reward=12.309
304742400: mean episode reward=12.764

  0%|          | 0/60 [00:00<?, ?it/s]
  3%|▎         | 2/60 [00:00<00:03, 16.59it/s]
  8%|▊         | 5/60 [00:00<00:02, 20.92it/s]
 13%|█▎        | 8/60 [00:00<00:02, 21.88it/s]
 18%|█▊        | 11/60 [00:00<00:02, 21.61it/s]
 23%|██▎       | 14/60 [00:00<00:02, 20.94it/s]
 28%|██▊       | 17/60 [00:00<00:02, 20.46it/s]
 33%|███▎      | 20/60 [00:00<00:01, 20.66it/s]
 38%|███▊      | 23/60 [00:01<00:01, 20.44it/s]
 43%|████▎     | 26/60 [00:01<00:01, 21.48it/s]
 48%|████▊     | 29/60 [00:01<00:01, 22.23it/s]
 53%|█████▎    | 32/60 [00:01<00:01, 22.78it/s]
 58%|█████▊    | 35/60 [00:01<00:01, 22.66it/s]
 63%|██████▎   | 38/60 [00:01<00:00, 22.39it/s]
 68%|██████▊   | 41/60 [00:01<00:00, 22.34it/s]
 73%|███████▎  | 44/60 [00:02<00:00, 21.95it/s]
 78%|███████▊  | 47/60 [00:02<00:00, 21.61it/s]
 83%|████████▎ | 50/60 [00:02<00:00, 21.41it/s]
 88%|████████▊ | 53/60 [00:02<00:00, 21.04it/s]
 93%|█████████▎| 56/60 [00:02<00:00, 20.81it/s]
 98%|█████████▊| 59/60 [00:02<00:00, 20.79it/s]
100%|██████████| 60/60 [00:02<00:00, 21.34it/s]
wandb: WARNING `fps` argument does not affect the frame rate of the video when providing a file path or raw bytes.
318504960: reward=13.144
325058560: mean episode reward=12.430
345374720: mean episode reward=14.678
365690880: mean episode reward=13.207

  0%|          | 0/60 [00:00<?, ?it/s]
  3%|▎         | 2/60 [00:00<00:03, 17.10it/s]
  8%|▊         | 5/60 [00:00<00:02, 20.62it/s]
 13%|█▎        | 8/60 [00:00<00:02, 19.69it/s]
 18%|█▊        | 11/60 [00:00<00:02, 21.13it/s]
 23%|██▎       | 14/60 [00:00<00:02, 21.51it/s]
 28%|██▊       | 17/60 [00:00<00:01, 21.79it/s]
 33%|███▎      | 20/60 [00:00<00:01, 22.46it/s]
 38%|███▊      | 23/60 [00:01<00:01, 22.44it/s]
 43%|████▎     | 26/60 [00:01<00:01, 22.76it/s]
 48%|████▊     | 29/60 [00:01<00:01, 22.86it/s]
 53%|█████▎    | 32/60 [00:01<00:01, 22.86it/s]
 58%|█████▊    | 35/60 [00:01<00:01, 23.14it/s]
 63%|██████▎   | 38/60 [00:01<00:00, 23.60it/s]
 68%|██████▊   | 41/60 [00:01<00:00, 24.17it/s]
 73%|███████▎  | 44/60 [00:01<00:00, 24.71it/s]
 78%|███████▊  | 47/60 [00:02<00:00, 25.93it/s]
 83%|████████▎ | 50/60 [00:02<00:00, 26.82it/s]
 88%|████████▊ | 53/60 [00:02<00:00, 26.63it/s]
 93%|█████████▎| 56/60 [00:02<00:00, 25.46it/s]
 98%|█████████▊| 59/60 [00:02<00:00, 25.03it/s]
100%|██████████| 60/60 [00:02<00:00, 23.55it/s]
wandb: WARNING `fps` argument does not affect the frame rate of the video when providing a file path or raw bytes.
371589120: reward=13.606
386007040: mean episode reward=11.534
406323200: mean episode reward=13.976

  0%|          | 0/60 [00:00<?, ?it/s]
  3%|▎         | 2/60 [00:00<00:03, 17.28it/s]
  8%|▊         | 5/60 [00:00<00:02, 21.74it/s]
 13%|█▎        | 8/60 [00:00<00:02, 23.15it/s]
 18%|█▊        | 11/60 [00:00<00:02, 24.41it/s]
 23%|██▎       | 14/60 [00:00<00:01, 24.53it/s]
 28%|██▊       | 17/60 [00:00<00:01, 25.04it/s]
 33%|███▎      | 20/60 [00:00<00:01, 25.42it/s]
 38%|███▊      | 23/60 [00:00<00:01, 25.14it/s]
 43%|████▎     | 26/60 [00:01<00:01, 24.68it/s]
 48%|████▊     | 29/60 [00:01<00:01, 24.58it/s]
 53%|█████▎    | 32/60 [00:01<00:01, 24.62it/s]
 58%|█████▊    | 35/60 [00:01<00:01, 24.23it/s]
 63%|██████▎   | 38/60 [00:01<00:00, 23.57it/s]
 68%|██████▊   | 41/60 [00:01<00:00, 23.10it/s]
 73%|███████▎  | 44/60 [00:01<00:00, 22.89it/s]
 78%|███████▊  | 47/60 [00:01<00:00, 23.05it/s]
 83%|████████▎ | 50/60 [00:02<00:00, 22.73it/s]
 88%|████████▊ | 53/60 [00:02<00:00, 22.98it/s]
 93%|█████████▎| 56/60 [00:02<00:00, 23.36it/s]
 98%|█████████▊| 59/60 [00:02<00:00, 23.32it/s]
100%|██████████| 60/60 [00:02<00:00, 23.63it/s]
wandb: WARNING `fps` argument does not affect the frame rate of the video when providing a file path or raw bytes.
424673280: reward=13.838
426639360: mean episode reward=14.344
446955520: mean episode reward=12.391
467271680: mean episode reward=13.570

  0%|          | 0/60 [00:00<?, ?it/s]
  3%|▎         | 2/60 [00:00<00:03, 16.07it/s]
  8%|▊         | 5/60 [00:00<00:02, 20.98it/s]
 13%|█▎        | 8/60 [00:00<00:02, 22.39it/s]
 18%|█▊        | 11/60 [00:00<00:02, 22.83it/s]
 23%|██▎       | 14/60 [00:00<00:02, 22.59it/s]
 28%|██▊       | 17/60 [00:00<00:01, 22.99it/s]
 33%|███▎      | 20/60 [00:00<00:01, 22.84it/s]
 38%|███▊      | 23/60 [00:01<00:01, 22.68it/s]
 43%|████▎     | 26/60 [00:01<00:01, 22.64it/s]
 48%|████▊     | 29/60 [00:01<00:01, 22.58it/s]
 53%|█████▎    | 32/60 [00:01<00:01, 22.72it/s]
 58%|█████▊    | 35/60 [00:01<00:01, 22.64it/s]
 63%|██████▎   | 38/60 [00:01<00:00, 22.83it/s]
 68%|██████▊   | 41/60 [00:01<00:00, 22.93it/s]
 73%|███████▎  | 44/60 [00:01<00:00, 23.19it/s]
 78%|███████▊  | 47/60 [00:02<00:00, 22.77it/s]
 83%|████████▎ | 50/60 [00:02<00:00, 22.63it/s]
 88%|████████▊ | 53/60 [00:02<00:00, 22.69it/s]
 93%|█████████▎| 56/60 [00:02<00:00, 22.58it/s]
 98%|█████████▊| 59/60 [00:02<00:00, 22.62it/s]
100%|██████████| 60/60 [00:02<00:00, 22.59it/s]
wandb: WARNING `fps` argument does not affect the frame rate of the video when providing a file path or raw bytes.
477757440: reward=15.149
487587840: mean episode reward=14.779
507904000: mean episode reward=14.348
528220160: mean episode reward=13.693

  0%|          | 0/60 [00:00<?, ?it/s]
  3%|▎         | 2/60 [00:00<00:03, 16.08it/s]
  7%|▋         | 4/60 [00:00<00:03, 18.17it/s]
 12%|█▏        | 7/60 [00:00<00:02, 19.25it/s]
 17%|█▋        | 10/60 [00:00<00:02, 19.89it/s]
 22%|██▏       | 13/60 [00:00<00:02, 20.62it/s]
 27%|██▋       | 16/60 [00:00<00:02, 21.15it/s]
 32%|███▏      | 19/60 [00:00<00:01, 21.65it/s]
 37%|███▋      | 22/60 [00:01<00:01, 21.76it/s]
 42%|████▏     | 25/60 [00:01<00:01, 21.46it/s]
 47%|████▋     | 28/60 [00:01<00:01, 21.86it/s]
 52%|█████▏    | 31/60 [00:01<00:01, 21.48it/s]
 57%|█████▋    | 34/60 [00:01<00:01, 21.45it/s]
 62%|██████▏   | 37/60 [00:01<00:01, 21.65it/s]
 67%|██████▋   | 40/60 [00:01<00:00, 21.69it/s]
 72%|███████▏  | 43/60 [00:02<00:00, 22.17it/s]
 77%|███████▋  | 46/60 [00:02<00:00, 21.84it/s]
 82%|████████▏ | 49/60 [00:02<00:00, 21.32it/s]
 87%|████████▋ | 52/60 [00:02<00:00, 21.80it/s]
 92%|█████████▏| 55/60 [00:02<00:00, 21.59it/s]
 97%|█████████▋| 58/60 [00:02<00:00, 21.82it/s]
100%|██████████| 60/60 [00:02<00:00, 21.33it/s]
wandb: WARNING `fps` argument does not affect the frame rate of the video when providing a file path or raw bytes.
530841600: reward=14.551
548536320: mean episode reward=14.838
568852480: mean episode reward=14.623

  0%|          | 0/60 [00:00<?, ?it/s]
  3%|▎         | 2/60 [00:00<00:03, 17.28it/s]
  8%|▊         | 5/60 [00:00<00:02, 21.08it/s]
 13%|█▎        | 8/60 [00:00<00:02, 23.37it/s]
 18%|█▊        | 11/60 [00:00<00:02, 24.35it/s]
 23%|██▎       | 14/60 [00:00<00:01, 24.70it/s]
 28%|██▊       | 17/60 [00:00<00:01, 24.99it/s]
 33%|███▎      | 20/60 [00:00<00:01, 25.36it/s]
 38%|███▊      | 23/60 [00:00<00:01, 25.47it/s]
 43%|████▎     | 26/60 [00:01<00:01, 25.15it/s]
 48%|████▊     | 29/60 [00:01<00:01, 25.32it/s]
 53%|█████▎    | 32/60 [00:01<00:01, 25.26it/s]
 58%|█████▊    | 35/60 [00:01<00:00, 25.43it/s]
 63%|██████▎   | 38/60 [00:01<00:00, 25.35it/s]
 68%|██████▊   | 41/60 [00:01<00:00, 25.22it/s]
 73%|███████▎  | 44/60 [00:01<00:00, 25.45it/s]
 78%|███████▊  | 47/60 [00:01<00:00, 25.26it/s]
 83%|████████▎ | 50/60 [00:02<00:00, 25.59it/s]
 88%|████████▊ | 53/60 [00:02<00:00, 25.41it/s]
 93%|█████████▎| 56/60 [00:02<00:00, 25.78it/s]
 98%|█████████▊| 59/60 [00:02<00:00, 26.02it/s]
100%|██████████| 60/60 [00:02<00:00, 25.11it/s]
wandb: WARNING `fps` argument does not affect the frame rate of the video when providing a file path or raw bytes.
583925760: reward=14.225
589168640: mean episode reward=14.955
609484800: mean episode reward=14.072
629800960: mean episode reward=13.408

  0%|          | 0/60 [00:00<?, ?it/s]
  3%|▎         | 2/60 [00:00<00:03, 17.09it/s]
  8%|▊         | 5/60 [00:00<00:02, 20.25it/s]
 13%|█▎        | 8/60 [00:00<00:02, 22.61it/s]
 18%|█▊        | 11/60 [00:00<00:02, 23.03it/s]
 23%|██▎       | 14/60 [00:00<00:01, 23.58it/s]
 28%|██▊       | 17/60 [00:00<00:01, 24.57it/s]
 33%|███▎      | 20/60 [00:00<00:01, 25.22it/s]
 38%|███▊      | 23/60 [00:00<00:01, 25.51it/s]
 43%|████▎     | 26/60 [00:01<00:01, 25.48it/s]
 48%|████▊     | 29/60 [00:01<00:01, 25.04it/s]
 53%|█████▎    | 32/60 [00:01<00:01, 24.97it/s]
 58%|█████▊    | 35/60 [00:01<00:01, 24.29it/s]
 63%|██████▎   | 38/60 [00:01<00:00, 23.80it/s]
 68%|██████▊   | 41/60 [00:01<00:00, 23.71it/s]
 73%|███████▎  | 44/60 [00:01<00:00, 23.91it/s]
 78%|███████▊  | 47/60 [00:01<00:00, 25.20it/s]
 83%|████████▎ | 50/60 [00:02<00:00, 25.54it/s]
 88%|████████▊ | 53/60 [00:02<00:00, 25.95it/s]
 93%|█████████▎| 56/60 [00:02<00:00, 26.76it/s]
 98%|█████████▊| 59/60 [00:02<00:00, 26.87it/s]
100%|██████████| 60/60 [00:02<00:00, 24.86it/s]
wandb: WARNING `fps` argument does not affect the frame rate of the video when providing a file path or raw bytes.
637009920: reward=15.878
650117120: mean episode reward=14.564
670433280: mean episode reward=14.776

  0%|          | 0/60 [00:00<?, ?it/s]
  3%|▎         | 2/60 [00:00<00:03, 17.27it/s]
  8%|▊         | 5/60 [00:00<00:02, 19.93it/s]
 13%|█▎        | 8/60 [00:00<00:02, 22.33it/s]
 18%|█▊        | 11/60 [00:00<00:02, 23.04it/s]
 23%|██▎       | 14/60 [00:00<00:01, 23.52it/s]
 28%|██▊       | 17/60 [00:00<00:01, 23.57it/s]
 33%|███▎      | 20/60 [00:00<00:01, 24.11it/s]
 38%|███▊      | 23/60 [00:00<00:01, 24.87it/s]
 43%|████▎     | 26/60 [00:01<00:01, 25.97it/s]
 48%|████▊     | 29/60 [00:01<00:01, 26.26it/s]
 53%|█████▎    | 32/60 [00:01<00:01, 26.57it/s]
 58%|█████▊    | 35/60 [00:01<00:00, 25.53it/s]
 63%|██████▎   | 38/60 [00:01<00:00, 25.53it/s]
 68%|██████▊   | 41/60 [00:01<00:00, 25.24it/s]
 73%|███████▎  | 44/60 [00:01<00:00, 24.59it/s]
 78%|███████▊  | 47/60 [00:01<00:00, 24.21it/s]
 83%|████████▎ | 50/60 [00:02<00:00, 23.83it/s]
 88%|████████▊ | 53/60 [00:02<00:00, 23.73it/s]
 93%|█████████▎| 56/60 [00:02<00:00, 23.48it/s]
 98%|█████████▊| 59/60 [00:02<00:00, 23.23it/s]
100%|██████████| 60/60 [00:02<00:00, 24.03it/s]
wandb: WARNING `fps` argument does not affect the frame rate of the video when providing a file path or raw bytes.
690094080: reward=15.334
690749440: mean episode reward=15.307
711065600: mean episode reward=14.390
731381760: mean episode reward=14.824

  0%|          | 0/60 [00:00<?, ?it/s]
  3%|▎         | 2/60 [00:00<00:03, 16.09it/s]
  8%|▊         | 5/60 [00:00<00:02, 20.00it/s]
 13%|█▎        | 8/60 [00:00<00:02, 20.88it/s]
 18%|█▊        | 11/60 [00:00<00:02, 22.16it/s]
 23%|██▎       | 14/60 [00:00<00:01, 23.07it/s]
 28%|██▊       | 17/60 [00:00<00:01, 22.73it/s]
 33%|███▎      | 20/60 [00:00<00:01, 23.48it/s]
 38%|███▊      | 23/60 [00:01<00:01, 24.32it/s]
 43%|████▎     | 26/60 [00:01<00:01, 23.59it/s]
 48%|████▊     | 29/60 [00:01<00:01, 22.61it/s]
 53%|█████▎    | 32/60 [00:01<00:01, 22.26it/s]
 58%|█████▊    | 35/60 [00:01<00:01, 22.18it/s]
 63%|██████▎   | 38/60 [00:01<00:00, 22.18it/s]
 68%|██████▊   | 41/60 [00:01<00:00, 22.03it/s]
 73%|███████▎  | 44/60 [00:01<00:00, 21.51it/s]
 78%|███████▊  | 47/60 [00:02<00:00, 21.86it/s]
 83%|████████▎ | 50/60 [00:02<00:00, 21.93it/s]
 88%|████████▊ | 53/60 [00:02<00:00, 21.60it/s]
 93%|█████████▎| 56/60 [00:02<00:00, 22.05it/s]
 98%|█████████▊| 59/60 [00:02<00:00, 23.49it/s]
100%|██████████| 60/60 [00:02<00:00, 22.44it/s]
wandb: WARNING `fps` argument does not affect the frame rate of the video when providing a file path or raw bytes.
743178240: reward=15.937
751697920: mean episode reward=15.482
772014080: mean episode reward=14.855
792330240: mean episode reward=15.104

  0%|          | 0/60 [00:00<?, ?it/s]
  3%|▎         | 2/60 [00:00<00:03, 15.64it/s]
  8%|▊         | 5/60 [00:00<00:02, 21.45it/s]
 13%|█▎        | 8/60 [00:00<00:02, 24.07it/s]
 18%|█▊        | 11/60 [00:00<00:01, 25.43it/s]
 23%|██▎       | 14/60 [00:00<00:01, 26.45it/s]
 28%|██▊       | 17/60 [00:00<00:01, 27.13it/s]
 33%|███▎      | 20/60 [00:00<00:01, 26.94it/s]
 38%|███▊      | 23/60 [00:00<00:01, 27.05it/s]
 43%|████▎     | 26/60 [00:01<00:01, 26.48it/s]
 48%|████▊     | 29/60 [00:01<00:01, 25.69it/s]
 53%|█████▎    | 32/60 [00:01<00:01, 25.63it/s]
 58%|█████▊    | 35/60 [00:01<00:00, 26.05it/s]
 63%|██████▎   | 38/60 [00:01<00:00, 26.20it/s]
 68%|██████▊   | 41/60 [00:01<00:00, 26.28it/s]
 73%|███████▎  | 44/60 [00:01<00:00, 26.10it/s]
 78%|███████▊  | 47/60 [00:01<00:00, 25.58it/s]
 83%|████████▎ | 50/60 [00:01<00:00, 25.55it/s]
 88%|████████▊ | 53/60 [00:02<00:00, 25.36it/s]
 93%|█████████▎| 56/60 [00:02<00:00, 25.72it/s]
 98%|█████████▊| 59/60 [00:02<00:00, 25.32it/s]
100%|██████████| 60/60 [00:02<00:00, 25.57it/s]
wandb: WARNING `fps` argument does not affect the frame rate of the video when providing a file path or raw bytes.
796262400: reward=14.313
812646400: mean episode reward=15.872
832962560: mean episode reward=14.175

  0%|          | 0/60 [00:00<?, ?it/s]
  3%|▎         | 2/60 [00:00<00:03, 16.68it/s]
  8%|▊         | 5/60 [00:00<00:02, 19.90it/s]
 13%|█▎        | 8/60 [00:00<00:02, 20.61it/s]
 18%|█▊        | 11/60 [00:00<00:02, 21.30it/s]
 23%|██▎       | 14/60 [00:00<00:02, 22.46it/s]
 28%|██▊       | 17/60 [00:00<00:01, 22.71it/s]
 33%|███▎      | 20/60 [00:00<00:01, 22.53it/s]
 38%|███▊      | 23/60 [00:01<00:01, 22.28it/s]
 43%|████▎     | 26/60 [00:01<00:01, 22.48it/s]
 48%|████▊     | 29/60 [00:01<00:01, 22.53it/s]
 53%|█████▎    | 32/60 [00:01<00:01, 22.95it/s]
 58%|█████▊    | 35/60 [00:01<00:01, 22.86it/s]
 63%|██████▎   | 38/60 [00:01<00:00, 23.10it/s]
 68%|██████▊   | 41/60 [00:01<00:00, 22.86it/s]
 73%|███████▎  | 44/60 [00:01<00:00, 23.04it/s]
 78%|███████▊  | 47/60 [00:02<00:00, 23.39it/s]
 83%|████████▎ | 50/60 [00:02<00:00, 23.44it/s]
 88%|████████▊ | 53/60 [00:02<00:00, 23.79it/s]
 93%|█████████▎| 56/60 [00:02<00:00, 23.81it/s]
 98%|█████████▊| 59/60 [00:02<00:00, 23.79it/s]
100%|██████████| 60/60 [00:02<00:00, 22.79it/s]
wandb: WARNING `fps` argument does not affect the frame rate of the video when providing a file path or raw bytes.
849346560: reward=15.594
853278720: mean episode reward=14.177
873594880: mean episode reward=15.546
893911040: mean episode reward=15.722

  0%|          | 0/60 [00:00<?, ?it/s]
  3%|▎         | 2/60 [00:00<00:03, 17.38it/s]
  8%|▊         | 5/60 [00:00<00:02, 22.88it/s]
 13%|█▎        | 8/60 [00:00<00:02, 24.93it/s]
 18%|█▊        | 11/60 [00:00<00:01, 26.03it/s]
 23%|██▎       | 14/60 [00:00<00:01, 26.95it/s]
 28%|██▊       | 17/60 [00:00<00:01, 27.38it/s]
 33%|███▎      | 20/60 [00:00<00:01, 27.64it/s]
 38%|███▊      | 23/60 [00:00<00:01, 27.64it/s]
 43%|████▎     | 26/60 [00:00<00:01, 28.17it/s]
 48%|████▊     | 29/60 [00:01<00:01, 28.61it/s]
 53%|█████▎    | 32/60 [00:01<00:00, 28.89it/s]
 58%|█████▊    | 35/60 [00:01<00:00, 28.90it/s]
 63%|██████▎   | 38/60 [00:01<00:00, 28.82it/s]
 68%|██████▊   | 41/60 [00:01<00:00, 28.82it/s]
 73%|███████▎  | 44/60 [00:01<00:00, 28.81it/s]
 78%|███████▊  | 47/60 [00:01<00:00, 28.63it/s]
 83%|████████▎ | 50/60 [00:01<00:00, 28.46it/s]
 88%|████████▊ | 53/60 [00:01<00:00, 28.40it/s]
 93%|█████████▎| 56/60 [00:02<00:00, 28.46it/s]
 98%|█████████▊| 59/60 [00:02<00:00, 28.29it/s]
100%|██████████| 60/60 [00:02<00:00, 27.75it/s]
wandb: WARNING `fps` argument does not affect the frame rate of the video when providing a file path or raw bytes.
902430720: reward=13.855
914227200: mean episode reward=15.716
934543360: mean episode reward=15.853
954859520: mean episode reward=15.303

  0%|          | 0/60 [00:00<?, ?it/s]
  3%|▎         | 2/60 [00:00<00:03, 18.29it/s]
  8%|▊         | 5/60 [00:00<00:02, 21.28it/s]
 13%|█▎        | 8/60 [00:00<00:02, 21.96it/s]
 18%|█▊        | 11/60 [00:00<00:02, 23.36it/s]
 23%|██▎       | 14/60 [00:00<00:01, 23.46it/s]
 28%|██▊       | 17/60 [00:00<00:01, 23.16it/s]
 33%|███▎      | 20/60 [00:00<00:01, 23.20it/s]
 38%|███▊      | 23/60 [00:01<00:01, 23.18it/s]
 43%|████▎     | 26/60 [00:01<00:01, 23.21it/s]
 48%|████▊     | 29/60 [00:01<00:01, 23.53it/s]
 53%|█████▎    | 32/60 [00:01<00:01, 24.12it/s]
 58%|█████▊    | 35/60 [00:01<00:01, 24.34it/s]
 63%|██████▎   | 38/60 [00:01<00:00, 24.80it/s]
 68%|██████▊   | 41/60 [00:01<00:00, 25.32it/s]
 73%|███████▎  | 44/60 [00:01<00:00, 25.37it/s]
 78%|███████▊  | 47/60 [00:01<00:00, 25.64it/s]
 83%|████████▎ | 50/60 [00:02<00:00, 25.62it/s]
 88%|████████▊ | 53/60 [00:02<00:00, 25.90it/s]
 93%|█████████▎| 56/60 [00:02<00:00, 26.21it/s]
 98%|█████████▊| 59/60 [00:02<00:00, 26.51it/s]
100%|██████████| 60/60 [00:02<00:00, 24.51it/s]
wandb: WARNING `fps` argument does not affect the frame rate of the video when providing a file path or raw bytes.
955514880: reward=15.311
975175680: mean episode reward=15.043
995491840: mean episode reward=15.242

  0%|          | 0/60 [00:00<?, ?it/s]
  3%|▎         | 2/60 [00:00<00:03, 16.89it/s]
  8%|▊         | 5/60 [00:00<00:02, 19.43it/s]
 13%|█▎        | 8/60 [00:00<00:02, 20.69it/s]
 18%|█▊        | 11/60 [00:00<00:02, 21.33it/s]
 23%|██▎       | 14/60 [00:00<00:02, 22.20it/s]
 28%|██▊       | 17/60 [00:00<00:01, 23.17it/s]
 33%|███▎      | 20/60 [00:00<00:01, 24.70it/s]
 38%|███▊      | 23/60 [00:00<00:01, 25.85it/s]
 43%|████▎     | 26/60 [00:01<00:01, 26.58it/s]
 48%|████▊     | 29/60 [00:01<00:01, 27.03it/s]
 53%|█████▎    | 32/60 [00:01<00:01, 27.40it/s]
 58%|█████▊    | 35/60 [00:01<00:00, 27.85it/s]
 63%|██████▎   | 38/60 [00:01<00:00, 27.54it/s]
 68%|██████▊   | 41/60 [00:01<00:00, 27.21it/s]
 73%|███████▎  | 44/60 [00:01<00:00, 27.18it/s]
 78%|███████▊  | 47/60 [00:01<00:00, 26.80it/s]
 83%|████████▎ | 50/60 [00:01<00:00, 26.57it/s]
 88%|████████▊ | 53/60 [00:02<00:00, 25.61it/s]
 93%|█████████▎| 56/60 [00:02<00:00, 25.26it/s]
 98%|█████████▊| 59/60 [00:02<00:00, 24.67it/s]
100%|██████████| 60/60 [00:02<00:00, 25.03it/s]
wandb: WARNING `fps` argument does not affect the frame rate of the video when providing a file path or raw bytes.
1008599040: reward=15.644
Done training.
Time to JIT compile: 23.74300440400839
Time to train: 6674.841675065458
Starting inference...
FPS for rendering: 10.0

  0%|          | 0/500 [00:00<?, ?it/s]
  0%|          | 2/500 [00:00<00:35, 13.91it/s]
  1%|          | 5/500 [00:00<00:26, 18.34it/s]
  2%|▏         | 8/500 [00:00<00:24, 19.94it/s]
  2%|▏         | 11/500 [00:00<00:23, 20.99it/s]
  3%|▎         | 14/500 [00:00<00:22, 21.70it/s]
  3%|▎         | 17/500 [00:00<00:21, 22.24it/s]
  4%|▍         | 20/500 [00:00<00:21, 22.80it/s]
  5%|▍         | 23/500 [00:01<00:20, 22.80it/s]
  5%|▌         | 26/500 [00:01<00:20, 22.79it/s]
  6%|▌         | 29/500 [00:01<00:20, 22.75it/s]
  6%|▋         | 32/500 [00:01<00:20, 22.78it/s]
  7%|▋         | 35/500 [00:01<00:20, 22.85it/s]
  8%|▊         | 38/500 [00:01<00:20, 22.85it/s]
  8%|▊         | 41/500 [00:01<00:20, 22.83it/s]
  9%|▉         | 44/500 [00:01<00:19, 22.96it/s]
  9%|▉         | 47/500 [00:02<00:19, 22.95it/s]
 10%|█         | 50/500 [00:02<00:19, 22.93it/s]
 11%|█         | 53/500 [00:02<00:19, 22.43it/s]
 11%|█         | 56/500 [00:02<00:20, 21.98it/s]
 12%|█▏        | 59/500 [00:02<00:20, 22.01it/s]
 12%|█▏        | 62/500 [00:02<00:20, 21.69it/s]
 13%|█▎        | 65/500 [00:02<00:20, 21.73it/s]
 14%|█▎        | 68/500 [00:03<00:20, 21.58it/s]
 14%|█▍        | 71/500 [00:03<00:20, 21.25it/s]
 15%|█▍        | 74/500 [00:03<00:19, 21.42it/s]
 15%|█▌        | 77/500 [00:03<00:19, 21.59it/s]
 16%|█▌        | 80/500 [00:03<00:18, 22.51it/s]
 17%|█▋        | 83/500 [00:03<00:17, 23.26it/s]
 17%|█▋        | 86/500 [00:03<00:17, 23.51it/s]
 18%|█▊        | 89/500 [00:03<00:17, 23.65it/s]
 18%|█▊        | 92/500 [00:04<00:17, 23.77it/s]
 19%|█▉        | 95/500 [00:04<00:17, 23.60it/s]
 20%|█▉        | 98/500 [00:04<00:17, 23.60it/s]
 20%|██        | 101/500 [00:04<00:16, 23.81it/s]
 21%|██        | 104/500 [00:04<00:16, 23.47it/s]
 21%|██▏       | 107/500 [00:04<00:16, 23.68it/s]
 22%|██▏       | 110/500 [00:04<00:16, 23.64it/s]
 23%|██▎       | 113/500 [00:05<00:16, 23.56it/s]
 23%|██▎       | 116/500 [00:05<00:16, 23.41it/s]
 24%|██▍       | 119/500 [00:05<00:16, 23.18it/s]
 24%|██▍       | 122/500 [00:05<00:16, 22.92it/s]
 25%|██▌       | 125/500 [00:05<00:16, 22.79it/s]
 26%|██▌       | 128/500 [00:05<00:16, 22.49it/s]
 26%|██▌       | 131/500 [00:05<00:16, 22.62it/s]
 27%|██▋       | 134/500 [00:05<00:15, 23.16it/s]
 27%|██▋       | 137/500 [00:06<00:15, 23.66it/s]
 28%|██▊       | 140/500 [00:06<00:15, 23.34it/s]
 29%|██▊       | 143/500 [00:06<00:15, 22.74it/s]
 29%|██▉       | 146/500 [00:06<00:15, 22.79it/s]
 30%|██▉       | 149/500 [00:06<00:14, 23.53it/s]
 30%|███       | 152/500 [00:06<00:14, 23.64it/s]
 31%|███       | 155/500 [00:06<00:14, 23.50it/s]
 32%|███▏      | 158/500 [00:06<00:14, 23.62it/s]
 32%|███▏      | 161/500 [00:07<00:14, 23.39it/s]
 33%|███▎      | 164/500 [00:07<00:14, 23.43it/s]
 33%|███▎      | 167/500 [00:07<00:14, 23.12it/s]
 34%|███▍      | 170/500 [00:07<00:14, 22.77it/s]
 35%|███▍      | 173/500 [00:07<00:14, 22.89it/s]
 35%|███▌      | 176/500 [00:07<00:14, 22.67it/s]
 36%|███▌      | 179/500 [00:07<00:14, 22.48it/s]
 36%|███▋      | 182/500 [00:08<00:13, 22.95it/s]
 37%|███▋      | 185/500 [00:08<00:13, 23.13it/s]
 38%|███▊      | 188/500 [00:08<00:13, 23.66it/s]
 38%|███▊      | 191/500 [00:08<00:12, 23.86it/s]
 39%|███▉      | 194/500 [00:08<00:12, 23.81it/s]
 39%|███▉      | 197/500 [00:08<00:12, 23.75it/s]
 40%|████      | 200/500 [00:08<00:12, 23.85it/s]
 41%|████      | 203/500 [00:08<00:12, 23.83it/s]
 41%|████      | 206/500 [00:09<00:12, 23.71it/s]
 42%|████▏     | 209/500 [00:09<00:12, 23.56it/s]
 42%|████▏     | 212/500 [00:09<00:12, 23.44it/s]
 43%|████▎     | 215/500 [00:09<00:12, 23.18it/s]
 44%|████▎     | 218/500 [00:09<00:12, 23.07it/s]
 44%|████▍     | 221/500 [00:09<00:12, 23.07it/s]
 45%|████▍     | 224/500 [00:09<00:11, 23.04it/s]
 45%|████▌     | 227/500 [00:09<00:11, 23.27it/s]
 46%|████▌     | 230/500 [00:10<00:11, 23.19it/s]
 47%|████▋     | 233/500 [00:10<00:11, 23.26it/s]
 47%|████▋     | 236/500 [00:10<00:11, 23.47it/s]
 48%|████▊     | 239/500 [00:10<00:11, 23.44it/s]
 48%|████▊     | 242/500 [00:10<00:10, 23.86it/s]
 49%|████▉     | 245/500 [00:10<00:10, 23.71it/s]
 50%|████▉     | 248/500 [00:10<00:10, 23.55it/s]
 50%|█████     | 251/500 [00:10<00:10, 23.63it/s]
 51%|█████     | 254/500 [00:11<00:10, 23.84it/s]
 51%|█████▏    | 257/500 [00:11<00:10, 23.90it/s]
 52%|█████▏    | 260/500 [00:11<00:10, 23.83it/s]
 53%|█████▎    | 263/500 [00:11<00:09, 23.81it/s]
 53%|█████▎    | 266/500 [00:11<00:09, 23.65it/s]
 54%|█████▍    | 269/500 [00:11<00:09, 23.53it/s]
 54%|█████▍    | 272/500 [00:11<00:09, 23.77it/s]
 55%|█████▌    | 275/500 [00:11<00:09, 23.90it/s]
 56%|█████▌    | 278/500 [00:12<00:09, 24.33it/s]
 56%|█████▌    | 281/500 [00:12<00:08, 24.64it/s]
 57%|█████▋    | 284/500 [00:12<00:08, 24.72it/s]
 57%|█████▋    | 287/500 [00:12<00:08, 24.26it/s]
 58%|█████▊    | 290/500 [00:12<00:08, 24.34it/s]
 59%|█████▊    | 293/500 [00:12<00:08, 24.22it/s]
 59%|█████▉    | 296/500 [00:12<00:08, 24.22it/s]
 60%|█████▉    | 299/500 [00:12<00:08, 24.00it/s]
 60%|██████    | 302/500 [00:13<00:08, 23.94it/s]
 61%|██████    | 305/500 [00:13<00:08, 23.49it/s]
 62%|██████▏   | 308/500 [00:13<00:08, 23.65it/s]
 62%|██████▏   | 311/500 [00:13<00:07, 24.00it/s]
 63%|██████▎   | 314/500 [00:13<00:07, 23.87it/s]
 63%|██████▎   | 317/500 [00:13<00:07, 23.91it/s]
 64%|██████▍   | 320/500 [00:13<00:07, 24.43it/s]
 65%|██████▍   | 323/500 [00:13<00:07, 23.99it/s]
 65%|██████▌   | 326/500 [00:14<00:07, 24.06it/s]
 66%|██████▌   | 329/500 [00:14<00:07, 24.12it/s]
 66%|██████▋   | 332/500 [00:14<00:07, 23.89it/s]
 67%|██████▋   | 335/500 [00:14<00:07, 23.53it/s]
 68%|██████▊   | 338/500 [00:14<00:06, 23.18it/s]
 68%|██████▊   | 341/500 [00:14<00:06, 23.73it/s]
 69%|██████▉   | 344/500 [00:14<00:06, 23.80it/s]
 69%|██████▉   | 347/500 [00:14<00:06, 23.66it/s]
 70%|███████   | 350/500 [00:15<00:06, 23.52it/s]
 71%|███████   | 353/500 [00:15<00:06, 23.54it/s]
 71%|███████   | 356/500 [00:15<00:06, 22.59it/s]
 72%|███████▏  | 359/500 [00:15<00:06, 21.89it/s]
 72%|███████▏  | 362/500 [00:15<00:06, 22.46it/s]
 73%|███████▎  | 365/500 [00:15<00:05, 22.58it/s]
 74%|███████▎  | 368/500 [00:15<00:05, 22.12it/s]
 74%|███████▍  | 371/500 [00:16<00:05, 21.78it/s]
 75%|███████▍  | 374/500 [00:16<00:05, 21.84it/s]
 75%|███████▌  | 377/500 [00:16<00:05, 22.26it/s]
 76%|███████▌  | 380/500 [00:16<00:05, 22.33it/s]
 77%|███████▋  | 383/500 [00:16<00:05, 22.42it/s]
 77%|███████▋  | 386/500 [00:16<00:04, 22.81it/s]
 78%|███████▊  | 389/500 [00:16<00:04, 22.64it/s]
 78%|███████▊  | 392/500 [00:16<00:04, 22.74it/s]
 79%|███████▉  | 395/500 [00:17<00:04, 22.88it/s]
 80%|███████▉  | 398/500 [00:17<00:04, 22.57it/s]
 80%|████████  | 401/500 [00:17<00:04, 22.50it/s]
 81%|████████  | 404/500 [00:17<00:04, 22.65it/s]
 81%|████████▏ | 407/500 [00:17<00:04, 22.82it/s]
 82%|████████▏ | 410/500 [00:17<00:03, 22.83it/s]
 83%|████████▎ | 413/500 [00:17<00:03, 22.68it/s]
 83%|████████▎ | 416/500 [00:18<00:03, 22.77it/s]
 84%|████████▍ | 419/500 [00:18<00:03, 22.45it/s]
 84%|████████▍ | 422/500 [00:18<00:03, 22.80it/s]
 85%|████████▌ | 425/500 [00:18<00:03, 23.21it/s]
 86%|████████▌ | 428/500 [00:18<00:03, 23.51it/s]
 86%|████████▌ | 431/500 [00:18<00:02, 24.06it/s]
 87%|████████▋ | 434/500 [00:18<00:02, 24.30it/s]
 87%|████████▋ | 437/500 [00:18<00:02, 24.84it/s]
 88%|████████▊ | 440/500 [00:19<00:02, 24.69it/s]
 89%|████████▊ | 443/500 [00:19<00:02, 24.24it/s]
 89%|████████▉ | 446/500 [00:19<00:02, 23.78it/s]
 90%|████████▉ | 449/500 [00:19<00:02, 23.72it/s]
 90%|█████████ | 452/500 [00:19<00:02, 23.45it/s]
 91%|█████████ | 455/500 [00:19<00:01, 23.05it/s]
 92%|█████████▏| 458/500 [00:19<00:01, 23.26it/s]
 92%|█████████▏| 461/500 [00:19<00:01, 22.90it/s]
 93%|█████████▎| 464/500 [00:20<00:01, 23.12it/s]
 93%|█████████▎| 467/500 [00:20<00:01, 23.11it/s]
 94%|█████████▍| 470/500 [00:20<00:01, 23.35it/s]
 95%|█████████▍| 473/500 [00:20<00:01, 23.09it/s]
 95%|█████████▌| 476/500 [00:20<00:01, 23.88it/s]
 96%|█████████▌| 479/500 [00:20<00:00, 24.18it/s]
 96%|█████████▋| 482/500 [00:20<00:00, 24.29it/s]
 97%|█████████▋| 485/500 [00:20<00:00, 24.98it/s]
 98%|█████████▊| 488/500 [00:21<00:00, 24.97it/s]
 98%|█████████▊| 491/500 [00:21<00:00, 25.24it/s]
 99%|█████████▉| 494/500 [00:21<00:00, 24.54it/s]
 99%|█████████▉| 497/500 [00:21<00:00, 24.39it/s]
100%|██████████| 500/500 [00:21<00:00, 24.55it/s]
100%|██████████| 500/500 [00:21<00:00, 23.23it/s]
Rollout video saved as 'rollout0.mp4'.
[1;34mwandb[0m: 
[1;34mwandb[0m: 🚀 View run [33mTesolloDownwardsRotateZ-20260627-032809-downwardsrotatez_sb_propriotarget_s0[0m at: [34mhttps://wandb.ai/nikolastaykov/mjxrl/runs/er7t14hd[0m
[1;34mwandb[0m: Find logs at: [1;35mwandb/run-20260627_032809-er7t14hd/logs[0m
