Warp 1.12.1 initialized:
   CUDA Toolkit 12.9, Driver 12.5
   Devices:
     "cpu"      : "x86_64"
     "cuda:0"   : "NVIDIA GeForce RTX 4090" (24 GiB, sm_89, mempool enabled)
   Kernel cache:
     /home/nstaykov/.cache/warp/1.12.1
Warp DeprecationWarning: The symbol `warp.types.warp_type_to_np_dtype` will soon be removed from the public API. It can still be accessed from `warp._src.types.warp_type_to_np_dtype` but might be changed or removed without notice.
/local/home/nstaykov/workspace/mujoco_playground/mujoco_playground/_src/manipulation/tesollo_hand/obs.py:161: UserWarning: obs_noise.scales has keys not in active obs spec: {'motor_targets'}
  warnings.warn(
Environment Config:
action_mode: absolute
action_repeat: 1
action_scale: 0.5
constrain_wrist_translation: false
ctrl_dt: 0.05
curriculum:
  band_width: 0.08726646259971647
  enable: false
  promote_after: 5
  success_count_threshold: 70
ema_alpha: 0.2
episode_length: 120
impl: warp
kp_scale: 1.0
max_target_angle: 2.0943951023931953
min_target_angle: 0.0
nconmax: 1638400
njmax: 2200
obs_noise:
  level: 1.0
  scales:
    goal_quat: 0.0
    joint_pos: 0.0
    joint_vel: 0.0
    motor_targets: 0.0
ori_tolerance_rad: 0.05235987755982988
pert_config:
  angular_velocity_pert:
  - 0.0
  - 0.5
  enable: false
  linear_velocity_pert:
  - 0.0
  - 3.0
  pert_duration_steps:
  - 1
  - 100
  pert_wait_steps:
  - 60
  - 150
reward_config:
  ori_reward_margin_rad: 0.5235987755982988
  scales:
    action_rate: -0.5
    cube_on_floor: -0.5
    cube_ori: 2.0
    fingertip_pos: 1.5
    joint_vel: -0.002
    wrist_vel: -0.02
  success_reward: 2.0
scene:
  cube_mass: 0.108
sensor_bundle: baseline
sim_dt: 0.01
symmetric_target: true
target_hold_time: 0.05

PPO Training Parameters:
action_repeat: 1
batch_size: 256
discounting: 0.99
entropy_cost: 0.005
episode_length: 120
learning_rate: 0.0001
log_training_metrics: true
network_factory:
  policy_hidden_layer_sizes: &id001 !!python/tuple
  - 512
  - 256
  - 128
  policy_obs_key: state
  value_hidden_layer_sizes: *id001
  value_obs_key: privileged_state
normalize_observations: true
num_envs: 8192
num_evals: 20
num_minibatches: 64
num_resets_per_eval: 0
num_timesteps: 1000000000
num_updates_per_batch: 4
reward_scaling: 1.0
training_metrics_steps: 20000000
unroll_length: 40

CLI overrides: {
  "env_name": "TesolloDownwardsRotateZ",
  "suffix": "downwardsrotatez_sb_baseline_s0",
  "use_wandb": true,
  "log_video_to_wandb": true,
  "domain_randomization": true,
  "seed": 0,
  "num_timesteps": 1000000000,
  "num_envs": 8192,
  "log_training_metrics": true,
  "training_metrics_steps": 20000000,
  "env_overrides_file": "logs/_queue/downwards_sensor_sweep_120_cubesizeDR-20260626-215239/run-01-TesolloDownwardsRotateZ-downwardsrotatez_sb_baseline_s0-overrides.yaml"
}
Experiment name: TesolloDownwardsRotateZ-20260626-234400-downwardsrotatez_sb_baseline_s0
Logs are being stored in: /local/home/nstaykov/workspace/mujoco_playground/logs/TesolloDownwardsRotateZ-20260626-234400-downwardsrotatez_sb_baseline_s0
wandb: [wandb.login()] Loaded credentials for https://api.wandb.ai from WANDB_API_KEY.
wandb: Currently logged in as: nstaykov (nikolastaykov) to https://api.wandb.ai. Use `wandb login --relogin` to force relogin
wandb: setting up run jwdfkaif
wandb: Tracking run with wandb version 0.26.1
wandb: Run data is saved locally in /local/home/nstaykov/workspace/mujoco_playground/wandb/run-20260626_234400-jwdfkaif
wandb: Run `wandb offline` to turn off syncing.
wandb: Syncing run TesolloDownwardsRotateZ-20260626-234400-downwardsrotatez_sb_baseline_s0
wandb: ⭐️ View project at https://wandb.ai/nikolastaykov/mjxrl
wandb: 🚀 View run at https://wandb.ai/nikolastaykov/mjxrl/runs/jwdfkaif
No checkpoint path provided, not restoring from checkpoint
Checkpoint path: /local/home/nstaykov/workspace/mujoco_playground/logs/TesolloDownwardsRotateZ-20260626-234400-downwardsrotatez_sb_baseline_s0/checkpoints
/local/home/nstaykov/workspace/mujoco_playground/mujoco_playground/_src/manipulation/tesollo_hand/obs.py:161: UserWarning: obs_noise.scales has keys not in active obs spec: {'motor_targets'}
  warnings.warn(
Module mujoco.mjx.warp.ffi 98d2031 load on device 'cuda:0' took 0.42 ms  (cached)
Module mujoco.mjx.third_party.mujoco_warp._src.smooth 26bbc02 load on device 'cuda:0' took 6.38 ms  (cached)
Module mujoco.mjx.third_party.mujoco_warp._src.collision_driver 88f7770 load on device 'cuda:0' took 0.30 ms  (cached)
Module _nxn_broadphase__locals__kernel_c763f4cb c763f4c load on device 'cuda:0' took 0.28 ms  (cached)
Module _primitive_narrowphase__locals__primitive_narrowphase_072e9f5e 072e9f5 load on device 'cuda:0' took 0.37 ms  (cached)
Module mujoco.mjx.third_party.mujoco_warp._src.constraint c567367 load on device 'cuda:0' took 0.46 ms  (cached)
Module mujoco.mjx.third_party.mujoco_warp._src.sensor 18a78e5 load on device 'cuda:0' took 0.51 ms  (cached)
Module mujoco.mjx.third_party.mujoco_warp._src.forward 16fbac8 load on device 'cuda:0' took 0.43 ms  (cached)
Module mujoco.mjx.third_party.mujoco_warp._src.passive 8bfe11c load on device 'cuda:0' took 0.35 ms  (cached)
Module mujoco.mjx.third_party.mujoco_warp._src.forward 8f5355c load on device 'cuda:0' took 0.42 ms  (cached)
Module mujoco.mjx.third_party.mujoco_warp._src.support dd3f924 load on device 'cuda:0' took 0.27 ms  (cached)
Module _tile_cholesky_factorize_solve__locals__cholesky_factorize_solve_98799697 3154237 load on device 'cuda:0' took 24.84 ms  (cached)
Module _tile_cholesky_factorize_solve__locals__cholesky_factorize_solve_b2744b1b e16af87 load on device 'cuda:0' took 27.34 ms  (cached)
Module mujoco.mjx.third_party.mujoco_warp._src.solver b116efb load on device 'cuda:0' took 0.51 ms  (cached)
Module solve_init_jaref__locals__kernel_feadd581 feadd58 load on device 'cuda:0' took 0.30 ms  (cached)
Module mul_m_dense__locals___mul_m_dense_e34139c1 e34139c load on device 'cuda:0' took 0.29 ms  (cached)
Module update_constraint_efc__locals__kernel_81015163 8101516 load on device 'cuda:0' took 0.28 ms  (cached)
Module update_constraint_gauss_cost__locals__kernel_6370b491 6370b49 load on device 'cuda:0' took 0.28 ms  (cached)
Module update_gradient_JTDAJ_dense_tiled__locals__kernel_e0063ce2 85330e7 load on device 'cuda:0' took 0.57 ms  (cached)
Module update_gradient_cholesky__locals__kernel_c54e7710 b74aeaf load on device 'cuda:0' took 27.59 ms  (cached)
Module linesearch_iterative__locals__kernel_94acdc55 9c914fd load on device 'cuda:0' took 0.37 ms  (cached)
Module update_constraint_efc__locals__kernel_25737258 2573725 load on device 'cuda:0' took 0.30 ms  (cached)
Module _contact_sort__locals__contact_sort_44d31eb2 de954a2 load on device 'cuda:0' took 0.36 ms  (cached)
0: reward=-0.942

  0%|          | 0/60 [00:00<?, ?it/s]
  3%|▎         | 2/60 [00:00<00:03, 16.63it/s]
  8%|▊         | 5/60 [00:00<00:02, 21.53it/s]
 13%|█▎        | 8/60 [00:00<00:02, 21.86it/s]
 18%|█▊        | 11/60 [00:00<00:02, 22.94it/s]
 23%|██▎       | 14/60 [00:00<00:01, 23.30it/s]
 28%|██▊       | 17/60 [00:00<00:01, 23.60it/s]
 33%|███▎      | 20/60 [00:00<00:01, 24.32it/s]
 38%|███▊      | 23/60 [00:00<00:01, 25.00it/s]
 43%|████▎     | 26/60 [00:01<00:01, 25.26it/s]
 48%|████▊     | 29/60 [00:01<00:01, 25.53it/s]
 53%|█████▎    | 32/60 [00:01<00:01, 24.95it/s]
 58%|█████▊    | 35/60 [00:01<00:00, 25.22it/s]
 63%|██████▎   | 38/60 [00:01<00:00, 24.54it/s]
 68%|██████▊   | 41/60 [00:01<00:00, 24.03it/s]
 73%|███████▎  | 44/60 [00:01<00:00, 23.82it/s]
 78%|███████▊  | 47/60 [00:01<00:00, 23.12it/s]
 83%|████████▎ | 50/60 [00:02<00:00, 22.58it/s]
 88%|████████▊ | 53/60 [00:02<00:00, 22.51it/s]
 93%|█████████▎| 56/60 [00:02<00:00, 22.48it/s]
 98%|█████████▊| 59/60 [00:02<00:00, 22.90it/s]
100%|██████████| 60/60 [00:02<00:00, 23.55it/s]
wandb: WARNING `fps` argument does not affect the frame rate of the video when providing a file path or raw bytes.
20316160: mean episode reward=2.733
40632320: mean episode reward=4.553

  0%|          | 0/60 [00:00<?, ?it/s]
  3%|▎         | 2/60 [00:00<00:03, 17.46it/s]
  7%|▋         | 4/60 [00:00<00:02, 18.85it/s]
 12%|█▏        | 7/60 [00:00<00:02, 19.16it/s]
 17%|█▋        | 10/60 [00:00<00:02, 20.57it/s]
 22%|██▏       | 13/60 [00:00<00:02, 22.07it/s]
 27%|██▋       | 16/60 [00:00<00:01, 22.91it/s]
 32%|███▏      | 19/60 [00:00<00:01, 23.20it/s]
 37%|███▋      | 22/60 [00:01<00:01, 23.01it/s]
 42%|████▏     | 25/60 [00:01<00:01, 22.60it/s]
 47%|████▋     | 28/60 [00:01<00:01, 22.77it/s]
 52%|█████▏    | 31/60 [00:01<00:01, 23.18it/s]
 57%|█████▋    | 34/60 [00:01<00:01, 23.43it/s]
 62%|██████▏   | 37/60 [00:01<00:00, 23.18it/s]
 67%|██████▋   | 40/60 [00:01<00:00, 22.72it/s]
 72%|███████▏  | 43/60 [00:01<00:00, 23.12it/s]
 77%|███████▋  | 46/60 [00:02<00:00, 23.53it/s]
 82%|████████▏ | 49/60 [00:02<00:00, 23.16it/s]
 87%|████████▋ | 52/60 [00:02<00:00, 23.16it/s]
 92%|█████████▏| 55/60 [00:02<00:00, 23.61it/s]
 97%|█████████▋| 58/60 [00:02<00:00, 22.38it/s]
100%|██████████| 60/60 [00:02<00:00, 22.55it/s]
wandb: WARNING `fps` argument does not affect the frame rate of the video when providing a file path or raw bytes.
53084160: reward=5.513
60948480: mean episode reward=5.286
81264640: mean episode reward=7.669
101580800: mean episode reward=9.647

  0%|          | 0/60 [00:00<?, ?it/s]
  3%|▎         | 2/60 [00:00<00:03, 15.99it/s]
  8%|▊         | 5/60 [00:00<00:02, 19.38it/s]
 13%|█▎        | 8/60 [00:00<00:02, 21.47it/s]
 18%|█▊        | 11/60 [00:00<00:02, 22.09it/s]
 23%|██▎       | 14/60 [00:00<00:02, 22.72it/s]
 28%|██▊       | 17/60 [00:00<00:01, 22.80it/s]
 33%|███▎      | 20/60 [00:00<00:01, 22.93it/s]
 38%|███▊      | 23/60 [00:01<00:01, 23.65it/s]
 43%|████▎     | 26/60 [00:01<00:01, 24.14it/s]
 48%|████▊     | 29/60 [00:01<00:01, 24.98it/s]
 53%|█████▎    | 32/60 [00:01<00:01, 25.36it/s]
 58%|█████▊    | 35/60 [00:01<00:00, 25.53it/s]
 63%|██████▎   | 38/60 [00:01<00:00, 25.99it/s]
 68%|██████▊   | 41/60 [00:01<00:00, 25.89it/s]
 73%|███████▎  | 44/60 [00:01<00:00, 25.34it/s]
 78%|███████▊  | 47/60 [00:01<00:00, 24.97it/s]
 83%|████████▎ | 50/60 [00:02<00:00, 25.33it/s]
 88%|████████▊ | 53/60 [00:02<00:00, 25.22it/s]
 93%|█████████▎| 56/60 [00:02<00:00, 25.06it/s]
 98%|█████████▊| 59/60 [00:02<00:00, 24.37it/s]
100%|██████████| 60/60 [00:02<00:00, 24.11it/s]
wandb: WARNING `fps` argument does not affect the frame rate of the video when providing a file path or raw bytes.
106168320: reward=10.356
121896960: mean episode reward=10.314
142213120: mean episode reward=10.316

  0%|          | 0/60 [00:00<?, ?it/s]
  3%|▎         | 2/60 [00:00<00:03, 14.74it/s]
  7%|▋         | 4/60 [00:00<00:03, 17.13it/s]
 12%|█▏        | 7/60 [00:00<00:02, 19.16it/s]
 17%|█▋        | 10/60 [00:00<00:02, 20.68it/s]
 22%|██▏       | 13/60 [00:00<00:02, 22.25it/s]
 27%|██▋       | 16/60 [00:00<00:01, 22.98it/s]
 32%|███▏      | 19/60 [00:00<00:01, 23.39it/s]
 37%|███▋      | 22/60 [00:01<00:01, 23.62it/s]
 42%|████▏     | 25/60 [00:01<00:01, 24.27it/s]
 47%|████▋     | 28/60 [00:01<00:01, 24.12it/s]
 52%|█████▏    | 31/60 [00:01<00:01, 24.59it/s]
 57%|█████▋    | 34/60 [00:01<00:01, 24.79it/s]
 62%|██████▏   | 37/60 [00:01<00:00, 25.21it/s]
 67%|██████▋   | 40/60 [00:01<00:00, 24.83it/s]
 72%|███████▏  | 43/60 [00:01<00:00, 24.87it/s]
 77%|███████▋  | 46/60 [00:01<00:00, 24.86it/s]
 82%|████████▏ | 49/60 [00:02<00:00, 24.86it/s]
 87%|████████▋ | 52/60 [00:02<00:00, 25.20it/s]
 92%|█████████▏| 55/60 [00:02<00:00, 25.76it/s]
 97%|█████████▋| 58/60 [00:02<00:00, 25.43it/s]
100%|██████████| 60/60 [00:02<00:00, 23.99it/s]
wandb: WARNING `fps` argument does not affect the frame rate of the video when providing a file path or raw bytes.
159252480: reward=10.149
162529280: mean episode reward=11.547
182845440: mean episode reward=11.163
203161600: mean episode reward=12.208

  0%|          | 0/60 [00:00<?, ?it/s]
  3%|▎         | 2/60 [00:00<00:03, 18.53it/s]
  8%|▊         | 5/60 [00:00<00:02, 21.59it/s]
 13%|█▎        | 8/60 [00:00<00:02, 22.95it/s]
 18%|█▊        | 11/60 [00:00<00:02, 23.95it/s]
 23%|██▎       | 14/60 [00:00<00:01, 24.04it/s]
 28%|██▊       | 17/60 [00:00<00:01, 24.01it/s]
 33%|███▎      | 20/60 [00:00<00:01, 23.86it/s]
 38%|███▊      | 23/60 [00:00<00:01, 23.61it/s]
 43%|████▎     | 26/60 [00:01<00:01, 23.73it/s]
 48%|████▊     | 29/60 [00:01<00:01, 22.98it/s]
 53%|█████▎    | 32/60 [00:01<00:01, 23.12it/s]
 58%|█████▊    | 35/60 [00:01<00:01, 23.48it/s]
 63%|██████▎   | 38/60 [00:01<00:00, 24.00it/s]
 68%|██████▊   | 41/60 [00:01<00:00, 24.72it/s]
 73%|███████▎  | 44/60 [00:01<00:00, 25.53it/s]
 78%|███████▊  | 47/60 [00:01<00:00, 24.79it/s]
 83%|████████▎ | 50/60 [00:02<00:00, 24.52it/s]
 88%|████████▊ | 53/60 [00:02<00:00, 24.43it/s]
 93%|█████████▎| 56/60 [00:02<00:00, 24.16it/s]
 98%|█████████▊| 59/60 [00:02<00:00, 24.15it/s]
100%|██████████| 60/60 [00:02<00:00, 23.95it/s]
wandb: WARNING `fps` argument does not affect the frame rate of the video when providing a file path or raw bytes.
212336640: reward=11.606
223477760: mean episode reward=11.636
243793920: mean episode reward=12.815
264110080: mean episode reward=12.980

  0%|          | 0/60 [00:00<?, ?it/s]
  3%|▎         | 2/60 [00:00<00:03, 15.78it/s]
  8%|▊         | 5/60 [00:00<00:02, 18.76it/s]
 12%|█▏        | 7/60 [00:00<00:02, 19.22it/s]
 17%|█▋        | 10/60 [00:00<00:02, 20.02it/s]
 22%|██▏       | 13/60 [00:00<00:02, 20.98it/s]
 27%|██▋       | 16/60 [00:00<00:02, 21.90it/s]
 32%|███▏      | 19/60 [00:00<00:01, 22.76it/s]
 37%|███▋      | 22/60 [00:01<00:01, 22.84it/s]
 42%|████▏     | 25/60 [00:01<00:01, 23.85it/s]
 47%|████▋     | 28/60 [00:01<00:01, 24.71it/s]
 52%|█████▏    | 31/60 [00:01<00:01, 24.35it/s]
 57%|█████▋    | 34/60 [00:01<00:01, 24.52it/s]
 62%|██████▏   | 37/60 [00:01<00:00, 23.93it/s]
 67%|██████▋   | 40/60 [00:01<00:00, 24.12it/s]
 72%|███████▏  | 43/60 [00:01<00:00, 24.03it/s]
 77%|███████▋  | 46/60 [00:01<00:00, 24.46it/s]
 82%|████████▏ | 49/60 [00:02<00:00, 24.18it/s]
 87%|████████▋ | 52/60 [00:02<00:00, 24.12it/s]
 92%|█████████▏| 55/60 [00:02<00:00, 23.50it/s]
 97%|█████████▋| 58/60 [00:02<00:00, 24.22it/s]
100%|██████████| 60/60 [00:02<00:00, 23.33it/s]
wandb: WARNING `fps` argument does not affect the frame rate of the video when providing a file path or raw bytes.
265420800: reward=12.162
284426240: mean episode reward=12.996
304742400: mean episode reward=13.047

  0%|          | 0/60 [00:00<?, ?it/s]
  3%|▎         | 2/60 [00:00<00:03, 16.12it/s]
  8%|▊         | 5/60 [00:00<00:02, 19.45it/s]
 13%|█▎        | 8/60 [00:00<00:02, 20.99it/s]
 18%|█▊        | 11/60 [00:00<00:02, 21.64it/s]
 23%|██▎       | 14/60 [00:00<00:02, 22.03it/s]
 28%|██▊       | 17/60 [00:00<00:01, 23.52it/s]
 33%|███▎      | 20/60 [00:00<00:01, 23.56it/s]
 38%|███▊      | 23/60 [00:01<00:01, 24.29it/s]
 43%|████▎     | 26/60 [00:01<00:01, 24.89it/s]
 48%|████▊     | 29/60 [00:01<00:01, 25.30it/s]
 53%|█████▎    | 32/60 [00:01<00:01, 25.97it/s]
 58%|█████▊    | 35/60 [00:01<00:00, 25.87it/s]
 63%|██████▎   | 38/60 [00:01<00:00, 25.57it/s]
 68%|██████▊   | 41/60 [00:01<00:00, 25.86it/s]
 73%|███████▎  | 44/60 [00:01<00:00, 26.26it/s]
 78%|███████▊  | 47/60 [00:01<00:00, 26.24it/s]
 83%|████████▎ | 50/60 [00:02<00:00, 25.65it/s]
 88%|████████▊ | 53/60 [00:02<00:00, 25.57it/s]
 93%|█████████▎| 56/60 [00:02<00:00, 25.25it/s]
 98%|█████████▊| 59/60 [00:02<00:00, 25.47it/s]
100%|██████████| 60/60 [00:02<00:00, 24.55it/s]
wandb: WARNING `fps` argument does not affect the frame rate of the video when providing a file path or raw bytes.
318504960: reward=13.403
325058560: mean episode reward=13.381
345374720: mean episode reward=14.933
365690880: mean episode reward=14.143

  0%|          | 0/60 [00:00<?, ?it/s]
  3%|▎         | 2/60 [00:00<00:04, 14.47it/s]
  7%|▋         | 4/60 [00:00<00:03, 17.17it/s]
 10%|█         | 6/60 [00:00<00:02, 18.17it/s]
 15%|█▌        | 9/60 [00:00<00:02, 19.17it/s]
 20%|██        | 12/60 [00:00<00:02, 19.87it/s]
 25%|██▌       | 15/60 [00:00<00:02, 20.44it/s]
 30%|███       | 18/60 [00:00<00:01, 21.16it/s]
 35%|███▌      | 21/60 [00:01<00:01, 21.82it/s]
 40%|████      | 24/60 [00:01<00:01, 23.48it/s]
 45%|████▌     | 27/60 [00:01<00:01, 24.35it/s]
 50%|█████     | 30/60 [00:01<00:01, 24.15it/s]
 55%|█████▌    | 33/60 [00:01<00:01, 24.10it/s]
 60%|██████    | 36/60 [00:01<00:00, 24.28it/s]
 65%|██████▌   | 39/60 [00:01<00:00, 24.18it/s]
 70%|███████   | 42/60 [00:01<00:00, 23.64it/s]
 75%|███████▌  | 45/60 [00:02<00:00, 23.93it/s]
 80%|████████  | 48/60 [00:02<00:00, 23.42it/s]
 85%|████████▌ | 51/60 [00:02<00:00, 23.37it/s]
 90%|█████████ | 54/60 [00:02<00:00, 23.63it/s]
 95%|█████████▌| 57/60 [00:02<00:00, 22.71it/s]
100%|██████████| 60/60 [00:02<00:00, 22.81it/s]
100%|██████████| 60/60 [00:02<00:00, 22.48it/s]
wandb: WARNING `fps` argument does not affect the frame rate of the video when providing a file path or raw bytes.
371589120: reward=14.809
386007040: mean episode reward=12.892
406323200: mean episode reward=14.520

  0%|          | 0/60 [00:00<?, ?it/s]
  3%|▎         | 2/60 [00:00<00:03, 15.89it/s]
  8%|▊         | 5/60 [00:00<00:02, 19.95it/s]
 13%|█▎        | 8/60 [00:00<00:02, 21.04it/s]
 18%|█▊        | 11/60 [00:00<00:02, 22.32it/s]
 23%|██▎       | 14/60 [00:00<00:02, 22.95it/s]
 28%|██▊       | 17/60 [00:00<00:01, 23.38it/s]
 33%|███▎      | 20/60 [00:00<00:01, 23.60it/s]
 38%|███▊      | 23/60 [00:01<00:01, 23.78it/s]
 43%|████▎     | 26/60 [00:01<00:01, 23.70it/s]
 48%|████▊     | 29/60 [00:01<00:01, 23.87it/s]
 53%|█████▎    | 32/60 [00:01<00:01, 23.23it/s]
 58%|█████▊    | 35/60 [00:01<00:01, 22.84it/s]
 63%|██████▎   | 38/60 [00:01<00:00, 22.25it/s]
 68%|██████▊   | 41/60 [00:01<00:00, 21.68it/s]
 73%|███████▎  | 44/60 [00:01<00:00, 21.50it/s]
 78%|███████▊  | 47/60 [00:02<00:00, 21.42it/s]
 83%|████████▎ | 50/60 [00:02<00:00, 22.39it/s]
 88%|████████▊ | 53/60 [00:02<00:00, 23.16it/s]
 93%|█████████▎| 56/60 [00:02<00:00, 23.70it/s]
 98%|█████████▊| 59/60 [00:02<00:00, 23.51it/s]
100%|██████████| 60/60 [00:02<00:00, 22.68it/s]
wandb: WARNING `fps` argument does not affect the frame rate of the video when providing a file path or raw bytes.
424673280: reward=14.637
426639360: mean episode reward=14.658
446955520: mean episode reward=13.233
467271680: mean episode reward=13.935

  0%|          | 0/60 [00:00<?, ?it/s]
  3%|▎         | 2/60 [00:00<00:03, 16.35it/s]
  8%|▊         | 5/60 [00:00<00:02, 20.38it/s]
 13%|█▎        | 8/60 [00:00<00:02, 21.76it/s]
 18%|█▊        | 11/60 [00:00<00:02, 23.07it/s]
 23%|██▎       | 14/60 [00:00<00:01, 23.70it/s]
 28%|██▊       | 17/60 [00:00<00:01, 23.93it/s]
 33%|███▎      | 20/60 [00:00<00:01, 24.46it/s]
 38%|███▊      | 23/60 [00:00<00:01, 24.16it/s]
 43%|████▎     | 26/60 [00:01<00:01, 24.05it/s]
 48%|████▊     | 29/60 [00:01<00:01, 23.96it/s]
 53%|█████▎    | 32/60 [00:01<00:01, 24.00it/s]
 58%|█████▊    | 35/60 [00:01<00:01, 24.40it/s]
 63%|██████▎   | 38/60 [00:01<00:00, 24.32it/s]
 68%|██████▊   | 41/60 [00:01<00:00, 24.18it/s]
 73%|███████▎  | 44/60 [00:01<00:00, 23.86it/s]
 78%|███████▊  | 47/60 [00:01<00:00, 23.44it/s]
 83%|████████▎ | 50/60 [00:02<00:00, 23.73it/s]
 88%|████████▊ | 53/60 [00:02<00:00, 23.33it/s]
 93%|█████████▎| 56/60 [00:02<00:00, 23.55it/s]
 98%|█████████▊| 59/60 [00:02<00:00, 23.50it/s]
100%|██████████| 60/60 [00:02<00:00, 23.54it/s]
wandb: WARNING `fps` argument does not affect the frame rate of the video when providing a file path or raw bytes.
477757440: reward=15.974
487587840: mean episode reward=15.070
507904000: mean episode reward=14.526
528220160: mean episode reward=14.097

  0%|          | 0/60 [00:00<?, ?it/s]
  3%|▎         | 2/60 [00:00<00:03, 15.20it/s]
  8%|▊         | 5/60 [00:00<00:02, 19.86it/s]
 13%|█▎        | 8/60 [00:00<00:02, 20.17it/s]
 18%|█▊        | 11/60 [00:00<00:02, 21.19it/s]
 23%|██▎       | 14/60 [00:00<00:02, 21.84it/s]
 28%|██▊       | 17/60 [00:00<00:01, 22.43it/s]
 33%|███▎      | 20/60 [00:00<00:01, 23.62it/s]
 38%|███▊      | 23/60 [00:01<00:01, 24.29it/s]
 43%|████▎     | 26/60 [00:01<00:01, 24.71it/s]
 48%|████▊     | 29/60 [00:01<00:01, 24.95it/s]
 53%|█████▎    | 32/60 [00:01<00:01, 23.83it/s]
 58%|█████▊    | 35/60 [00:01<00:01, 24.55it/s]
 63%|██████▎   | 38/60 [00:01<00:00, 25.44it/s]
 68%|██████▊   | 41/60 [00:01<00:00, 26.25it/s]
 73%|███████▎  | 44/60 [00:01<00:00, 27.16it/s]
 78%|███████▊  | 47/60 [00:01<00:00, 26.73it/s]
 83%|████████▎ | 50/60 [00:02<00:00, 26.17it/s]
 88%|████████▊ | 53/60 [00:02<00:00, 26.22it/s]
 93%|█████████▎| 56/60 [00:02<00:00, 25.67it/s]
 98%|█████████▊| 59/60 [00:02<00:00, 26.12it/s]
100%|██████████| 60/60 [00:02<00:00, 24.57it/s]
wandb: WARNING `fps` argument does not affect the frame rate of the video when providing a file path or raw bytes.
530841600: reward=14.910
548536320: mean episode reward=15.314
568852480: mean episode reward=15.067

  0%|          | 0/60 [00:00<?, ?it/s]
  3%|▎         | 2/60 [00:00<00:03, 16.43it/s]
  8%|▊         | 5/60 [00:00<00:02, 20.12it/s]
 13%|█▎        | 8/60 [00:00<00:02, 21.53it/s]
 18%|█▊        | 11/60 [00:00<00:02, 21.59it/s]
 23%|██▎       | 14/60 [00:00<00:02, 21.52it/s]
 28%|██▊       | 17/60 [00:00<00:01, 21.64it/s]
 33%|███▎      | 20/60 [00:00<00:01, 22.04it/s]
 38%|███▊      | 23/60 [00:01<00:01, 22.19it/s]
 43%|████▎     | 26/60 [00:01<00:01, 21.88it/s]
 48%|████▊     | 29/60 [00:01<00:01, 21.81it/s]
 53%|█████▎    | 32/60 [00:01<00:01, 22.07it/s]
 58%|█████▊    | 35/60 [00:01<00:01, 22.26it/s]
 63%|██████▎   | 38/60 [00:01<00:01, 21.94it/s]
 68%|██████▊   | 41/60 [00:01<00:00, 22.46it/s]
 73%|███████▎  | 44/60 [00:02<00:00, 22.17it/s]
 78%|███████▊  | 47/60 [00:02<00:00, 22.79it/s]
 83%|████████▎ | 50/60 [00:02<00:00, 22.88it/s]
 88%|████████▊ | 53/60 [00:02<00:00, 22.81it/s]
 93%|█████████▎| 56/60 [00:02<00:00, 22.48it/s]
 98%|█████████▊| 59/60 [00:02<00:00, 22.56it/s]
100%|██████████| 60/60 [00:02<00:00, 22.08it/s]
wandb: WARNING `fps` argument does not affect the frame rate of the video when providing a file path or raw bytes.
583925760: reward=15.012
589168640: mean episode reward=15.403
609484800: mean episode reward=14.948
629800960: mean episode reward=13.901

  0%|          | 0/60 [00:00<?, ?it/s]
  3%|▎         | 2/60 [00:00<00:03, 15.79it/s]
  8%|▊         | 5/60 [00:00<00:02, 19.04it/s]
 13%|█▎        | 8/60 [00:00<00:02, 20.20it/s]
 18%|█▊        | 11/60 [00:00<00:02, 20.73it/s]
 23%|██▎       | 14/60 [00:00<00:02, 21.13it/s]
 28%|██▊       | 17/60 [00:00<00:01, 21.54it/s]
 33%|███▎      | 20/60 [00:00<00:01, 21.40it/s]
 38%|███▊      | 23/60 [00:01<00:01, 21.73it/s]
 43%|████▎     | 26/60 [00:01<00:01, 22.08it/s]
 48%|████▊     | 29/60 [00:01<00:01, 22.31it/s]
 53%|█████▎    | 32/60 [00:01<00:01, 22.05it/s]
 58%|█████▊    | 35/60 [00:01<00:01, 22.40it/s]
 63%|██████▎   | 38/60 [00:01<00:00, 23.03it/s]
 68%|██████▊   | 41/60 [00:01<00:00, 23.72it/s]
 73%|███████▎  | 44/60 [00:01<00:00, 23.94it/s]
 78%|███████▊  | 47/60 [00:02<00:00, 23.53it/s]
 83%|████████▎ | 50/60 [00:02<00:00, 23.21it/s]
 88%|████████▊ | 53/60 [00:02<00:00, 23.00it/s]
 93%|█████████▎| 56/60 [00:02<00:00, 23.96it/s]
 98%|█████████▊| 59/60 [00:02<00:00, 25.10it/s]
100%|██████████| 60/60 [00:02<00:00, 22.70it/s]
wandb: WARNING `fps` argument does not affect the frame rate of the video when providing a file path or raw bytes.
637009920: reward=15.877
650117120: mean episode reward=14.597
670433280: mean episode reward=14.668

  0%|          | 0/60 [00:00<?, ?it/s]
  3%|▎         | 2/60 [00:00<00:03, 15.27it/s]
  8%|▊         | 5/60 [00:00<00:02, 18.56it/s]
 13%|█▎        | 8/60 [00:00<00:02, 19.90it/s]
 18%|█▊        | 11/60 [00:00<00:02, 20.95it/s]
 23%|██▎       | 14/60 [00:00<00:02, 21.70it/s]
 28%|██▊       | 17/60 [00:00<00:01, 21.95it/s]
 33%|███▎      | 20/60 [00:00<00:01, 22.20it/s]
 38%|███▊      | 23/60 [00:01<00:01, 22.40it/s]
 43%|████▎     | 26/60 [00:01<00:01, 22.82it/s]
 48%|████▊     | 29/60 [00:01<00:01, 23.78it/s]
 53%|█████▎    | 32/60 [00:01<00:01, 24.73it/s]
 58%|█████▊    | 35/60 [00:01<00:00, 25.40it/s]
 63%|██████▎   | 38/60 [00:01<00:00, 25.94it/s]
 68%|██████▊   | 41/60 [00:01<00:00, 26.36it/s]
 73%|███████▎  | 44/60 [00:01<00:00, 26.56it/s]
 78%|███████▊  | 47/60 [00:01<00:00, 26.58it/s]
 83%|████████▎ | 50/60 [00:02<00:00, 26.70it/s]
 88%|████████▊ | 53/60 [00:02<00:00, 26.46it/s]
 93%|█████████▎| 56/60 [00:02<00:00, 26.06it/s]
 98%|█████████▊| 59/60 [00:02<00:00, 25.58it/s]
100%|██████████| 60/60 [00:02<00:00, 24.12it/s]
wandb: WARNING `fps` argument does not affect the frame rate of the video when providing a file path or raw bytes.
690094080: reward=15.620
690749440: mean episode reward=15.437
711065600: mean episode reward=14.835
731381760: mean episode reward=14.914

  0%|          | 0/60 [00:00<?, ?it/s]
  3%|▎         | 2/60 [00:00<00:03, 17.04it/s]
  8%|▊         | 5/60 [00:00<00:02, 20.41it/s]
 13%|█▎        | 8/60 [00:00<00:02, 21.33it/s]
 18%|█▊        | 11/60 [00:00<00:02, 21.85it/s]
 23%|██▎       | 14/60 [00:00<00:01, 23.05it/s]
 28%|██▊       | 17/60 [00:00<00:01, 23.55it/s]
 33%|███▎      | 20/60 [00:00<00:01, 23.72it/s]
 38%|███▊      | 23/60 [00:01<00:01, 23.93it/s]
 43%|████▎     | 26/60 [00:01<00:01, 24.07it/s]
 48%|████▊     | 29/60 [00:01<00:01, 24.26it/s]
 53%|█████▎    | 32/60 [00:01<00:01, 24.48it/s]
 58%|█████▊    | 35/60 [00:01<00:01, 24.61it/s]
 63%|██████▎   | 38/60 [00:01<00:00, 24.72it/s]
 68%|██████▊   | 41/60 [00:01<00:00, 24.60it/s]
 73%|███████▎  | 44/60 [00:01<00:00, 24.24it/s]
 78%|███████▊  | 47/60 [00:01<00:00, 24.49it/s]
 83%|████████▎ | 50/60 [00:02<00:00, 25.06it/s]
 88%|████████▊ | 53/60 [00:02<00:00, 25.49it/s]
 93%|█████████▎| 56/60 [00:02<00:00, 25.39it/s]
 98%|█████████▊| 59/60 [00:02<00:00, 25.52it/s]
100%|██████████| 60/60 [00:02<00:00, 24.18it/s]
wandb: WARNING `fps` argument does not affect the frame rate of the video when providing a file path or raw bytes.
743178240: reward=16.444
751697920: mean episode reward=15.354
772014080: mean episode reward=14.515
792330240: mean episode reward=14.984

  0%|          | 0/60 [00:00<?, ?it/s]
  3%|▎         | 2/60 [00:00<00:03, 16.99it/s]
  8%|▊         | 5/60 [00:00<00:02, 21.26it/s]
 13%|█▎        | 8/60 [00:00<00:02, 22.09it/s]
 18%|█▊        | 11/60 [00:00<00:02, 22.43it/s]
 23%|██▎       | 14/60 [00:00<00:01, 24.08it/s]
 28%|██▊       | 17/60 [00:00<00:01, 24.06it/s]
 33%|███▎      | 20/60 [00:00<00:01, 24.72it/s]
 38%|███▊      | 23/60 [00:00<00:01, 24.97it/s]
 43%|████▎     | 26/60 [00:01<00:01, 24.64it/s]
 48%|████▊     | 29/60 [00:01<00:01, 24.73it/s]
 53%|█████▎    | 32/60 [00:01<00:01, 24.30it/s]
 58%|█████▊    | 35/60 [00:01<00:01, 23.45it/s]
 63%|██████▎   | 38/60 [00:01<00:00, 23.25it/s]
 68%|██████▊   | 41/60 [00:01<00:00, 22.93it/s]
 73%|███████▎  | 44/60 [00:01<00:00, 22.76it/s]
 78%|███████▊  | 47/60 [00:02<00:00, 22.45it/s]
 83%|████████▎ | 50/60 [00:02<00:00, 21.95it/s]
 88%|████████▊ | 53/60 [00:02<00:00, 21.87it/s]
 93%|█████████▎| 56/60 [00:02<00:00, 21.96it/s]
 98%|█████████▊| 59/60 [00:02<00:00, 21.82it/s]
100%|██████████| 60/60 [00:02<00:00, 22.85it/s]
wandb: WARNING `fps` argument does not affect the frame rate of the video when providing a file path or raw bytes.
796262400: reward=14.124
812646400: mean episode reward=16.110
832962560: mean episode reward=14.182

  0%|          | 0/60 [00:00<?, ?it/s]
  3%|▎         | 2/60 [00:00<00:03, 16.29it/s]
  8%|▊         | 5/60 [00:00<00:02, 19.73it/s]
 13%|█▎        | 8/60 [00:00<00:02, 20.63it/s]
 18%|█▊        | 11/60 [00:00<00:02, 21.68it/s]
 23%|██▎       | 14/60 [00:00<00:02, 22.78it/s]
 28%|██▊       | 17/60 [00:00<00:01, 23.31it/s]
 33%|███▎      | 20/60 [00:00<00:01, 23.44it/s]
 38%|███▊      | 23/60 [00:01<00:01, 24.15it/s]
 43%|████▎     | 26/60 [00:01<00:01, 24.08it/s]
 48%|████▊     | 29/60 [00:01<00:01, 24.12it/s]
 53%|█████▎    | 32/60 [00:01<00:01, 24.23it/s]
 58%|█████▊    | 35/60 [00:01<00:01, 24.87it/s]
 63%|██████▎   | 38/60 [00:01<00:00, 25.86it/s]
 68%|██████▊   | 41/60 [00:01<00:00, 26.19it/s]
 73%|███████▎  | 44/60 [00:01<00:00, 26.76it/s]
 78%|███████▊  | 47/60 [00:01<00:00, 26.34it/s]
 83%|████████▎ | 50/60 [00:02<00:00, 26.20it/s]
 88%|████████▊ | 53/60 [00:02<00:00, 26.90it/s]
 93%|█████████▎| 56/60 [00:02<00:00, 26.58it/s]
 98%|█████████▊| 59/60 [00:02<00:00, 25.74it/s]
100%|██████████| 60/60 [00:02<00:00, 24.58it/s]
wandb: WARNING `fps` argument does not affect the frame rate of the video when providing a file path or raw bytes.
849346560: reward=15.759
853278720: mean episode reward=13.898
873594880: mean episode reward=15.979
893911040: mean episode reward=15.660

  0%|          | 0/60 [00:00<?, ?it/s]
  3%|▎         | 2/60 [00:00<00:03, 16.54it/s]
  8%|▊         | 5/60 [00:00<00:02, 21.48it/s]
 13%|█▎        | 8/60 [00:00<00:02, 21.51it/s]
 18%|█▊        | 11/60 [00:00<00:02, 21.90it/s]
 23%|██▎       | 14/60 [00:00<00:02, 22.62it/s]
 28%|██▊       | 17/60 [00:00<00:01, 22.46it/s]
 33%|███▎      | 20/60 [00:00<00:01, 22.49it/s]
 38%|███▊      | 23/60 [00:01<00:01, 22.72it/s]
 43%|████▎     | 26/60 [00:01<00:01, 23.08it/s]
 48%|████▊     | 29/60 [00:01<00:01, 23.46it/s]
 53%|█████▎    | 32/60 [00:01<00:01, 23.18it/s]
 58%|█████▊    | 35/60 [00:01<00:01, 23.95it/s]
 63%|██████▎   | 38/60 [00:01<00:00, 23.40it/s]
 68%|██████▊   | 41/60 [00:01<00:00, 23.67it/s]
 73%|███████▎  | 44/60 [00:01<00:00, 23.86it/s]
 78%|███████▊  | 47/60 [00:02<00:00, 23.95it/s]
 83%|████████▎ | 50/60 [00:02<00:00, 24.69it/s]
 88%|████████▊ | 53/60 [00:02<00:00, 24.33it/s]
 93%|█████████▎| 56/60 [00:02<00:00, 24.32it/s]
 98%|█████████▊| 59/60 [00:02<00:00, 24.71it/s]
100%|██████████| 60/60 [00:02<00:00, 23.40it/s]
wandb: WARNING `fps` argument does not affect the frame rate of the video when providing a file path or raw bytes.
902430720: reward=14.304
914227200: mean episode reward=16.081
934543360: mean episode reward=16.404
954859520: mean episode reward=15.512

  0%|          | 0/60 [00:00<?, ?it/s]
  3%|▎         | 2/60 [00:00<00:03, 14.99it/s]
  7%|▋         | 4/60 [00:00<00:03, 17.40it/s]
 12%|█▏        | 7/60 [00:00<00:02, 20.43it/s]
 17%|█▋        | 10/60 [00:00<00:02, 22.09it/s]
 22%|██▏       | 13/60 [00:00<00:02, 23.16it/s]
 27%|██▋       | 16/60 [00:00<00:01, 23.94it/s]
 32%|███▏      | 19/60 [00:00<00:01, 24.56it/s]
 37%|███▋      | 22/60 [00:00<00:01, 24.81it/s]
 42%|████▏     | 25/60 [00:01<00:01, 25.01it/s]
 47%|████▋     | 28/60 [00:01<00:01, 25.47it/s]
 52%|█████▏    | 31/60 [00:01<00:01, 24.99it/s]
 57%|█████▋    | 34/60 [00:01<00:01, 24.52it/s]
 62%|██████▏   | 37/60 [00:01<00:00, 24.23it/s]
 67%|██████▋   | 40/60 [00:01<00:00, 23.87it/s]
 72%|███████▏  | 43/60 [00:01<00:00, 23.37it/s]
 77%|███████▋  | 46/60 [00:01<00:00, 23.08it/s]
 82%|████████▏ | 49/60 [00:02<00:00, 23.02it/s]
 87%|████████▋ | 52/60 [00:02<00:00, 23.30it/s]
 92%|█████████▏| 55/60 [00:02<00:00, 23.61it/s]
 97%|█████████▋| 58/60 [00:02<00:00, 23.59it/s]
100%|██████████| 60/60 [00:02<00:00, 23.47it/s]
wandb: WARNING `fps` argument does not affect the frame rate of the video when providing a file path or raw bytes.
955514880: reward=15.795
975175680: mean episode reward=15.412
995491840: mean episode reward=15.399

  0%|          | 0/60 [00:00<?, ?it/s]
  3%|▎         | 2/60 [00:00<00:03, 15.37it/s]
  8%|▊         | 5/60 [00:00<00:02, 18.84it/s]
 13%|█▎        | 8/60 [00:00<00:02, 20.42it/s]
 18%|█▊        | 11/60 [00:00<00:02, 21.13it/s]
 23%|██▎       | 14/60 [00:00<00:02, 21.56it/s]
 28%|██▊       | 17/60 [00:00<00:01, 21.54it/s]
 33%|███▎      | 20/60 [00:00<00:01, 21.98it/s]
 38%|███▊      | 23/60 [00:01<00:01, 22.57it/s]
 43%|████▎     | 26/60 [00:01<00:01, 23.20it/s]
 48%|████▊     | 29/60 [00:01<00:01, 23.38it/s]
 53%|█████▎    | 32/60 [00:01<00:01, 23.38it/s]
 58%|█████▊    | 35/60 [00:01<00:01, 23.29it/s]
 63%|██████▎   | 38/60 [00:01<00:00, 23.45it/s]
 68%|██████▊   | 41/60 [00:01<00:00, 23.73it/s]
 73%|███████▎  | 44/60 [00:01<00:00, 23.80it/s]
 78%|███████▊  | 47/60 [00:02<00:00, 24.02it/s]
 83%|████████▎ | 50/60 [00:02<00:00, 24.57it/s]
 88%|████████▊ | 53/60 [00:02<00:00, 24.40it/s]
 93%|█████████▎| 56/60 [00:02<00:00, 24.38it/s]
 98%|█████████▊| 59/60 [00:02<00:00, 24.16it/s]
100%|██████████| 60/60 [00:02<00:00, 22.99it/s]
wandb: WARNING `fps` argument does not affect the frame rate of the video when providing a file path or raw bytes.
1008599040: reward=15.907
Done training.
Time to JIT compile: 23.1900747269392
Time to train: 6633.916275031865
Starting inference...
FPS for rendering: 10.0

  0%|          | 0/500 [00:00<?, ?it/s]
  0%|          | 2/500 [00:00<00:35, 14.01it/s]
  1%|          | 4/500 [00:00<00:29, 16.65it/s]
  1%|▏         | 7/500 [00:00<00:26, 18.53it/s]
  2%|▏         | 10/500 [00:00<00:25, 19.50it/s]
  3%|▎         | 13/500 [00:00<00:23, 20.40it/s]
  3%|▎         | 16/500 [00:00<00:22, 21.05it/s]
  4%|▍         | 19/500 [00:00<00:22, 21.48it/s]
  4%|▍         | 22/500 [00:01<00:21, 21.83it/s]
  5%|▌         | 25/500 [00:01<00:21, 22.01it/s]
  6%|▌         | 28/500 [00:01<00:21, 22.11it/s]
  6%|▌         | 31/500 [00:01<00:21, 22.27it/s]
  7%|▋         | 34/500 [00:01<00:20, 22.33it/s]
  7%|▋         | 37/500 [00:01<00:20, 22.74it/s]
  8%|▊         | 40/500 [00:01<00:19, 23.32it/s]
  9%|▊         | 43/500 [00:01<00:19, 23.63it/s]
  9%|▉         | 46/500 [00:02<00:18, 24.16it/s]
 10%|▉         | 49/500 [00:02<00:18, 24.56it/s]
 10%|█         | 52/500 [00:02<00:18, 24.81it/s]
 11%|█         | 55/500 [00:02<00:17, 25.26it/s]
 12%|█▏        | 58/500 [00:02<00:17, 25.18it/s]
 12%|█▏        | 61/500 [00:02<00:17, 25.37it/s]
 13%|█▎        | 64/500 [00:02<00:17, 25.45it/s]
 13%|█▎        | 67/500 [00:02<00:16, 25.61it/s]
 14%|█▍        | 70/500 [00:03<00:16, 25.49it/s]
 15%|█▍        | 73/500 [00:03<00:16, 25.76it/s]
 15%|█▌        | 76/500 [00:03<00:16, 25.97it/s]
 16%|█▌        | 79/500 [00:03<00:16, 25.36it/s]
 16%|█▋        | 82/500 [00:03<00:16, 25.15it/s]
 17%|█▋        | 85/500 [00:03<00:16, 25.23it/s]
 18%|█▊        | 88/500 [00:03<00:16, 24.95it/s]
 18%|█▊        | 91/500 [00:03<00:16, 24.64it/s]
 19%|█▉        | 94/500 [00:03<00:16, 24.55it/s]
 19%|█▉        | 97/500 [00:04<00:16, 24.20it/s]
 20%|██        | 100/500 [00:04<00:16, 24.44it/s]
 21%|██        | 103/500 [00:04<00:16, 24.20it/s]
 21%|██        | 106/500 [00:04<00:16, 24.12it/s]
 22%|██▏       | 109/500 [00:04<00:16, 24.01it/s]
 22%|██▏       | 112/500 [00:04<00:16, 23.90it/s]
 23%|██▎       | 115/500 [00:04<00:16, 23.77it/s]
 24%|██▎       | 118/500 [00:05<00:16, 23.66it/s]
 24%|██▍       | 121/500 [00:05<00:15, 23.75it/s]
 25%|██▍       | 124/500 [00:05<00:15, 23.71it/s]
 25%|██▌       | 127/500 [00:05<00:15, 24.14it/s]
 26%|██▌       | 130/500 [00:05<00:15, 24.07it/s]
 27%|██▋       | 133/500 [00:05<00:15, 23.97it/s]
 27%|██▋       | 136/500 [00:05<00:15, 23.96it/s]
 28%|██▊       | 139/500 [00:05<00:15, 23.92it/s]
 28%|██▊       | 142/500 [00:06<00:14, 24.09it/s]
 29%|██▉       | 145/500 [00:06<00:14, 23.74it/s]
 30%|██▉       | 148/500 [00:06<00:14, 23.71it/s]
 30%|███       | 151/500 [00:06<00:14, 23.87it/s]
 31%|███       | 154/500 [00:06<00:14, 23.92it/s]
 31%|███▏      | 157/500 [00:06<00:14, 24.27it/s]
 32%|███▏      | 160/500 [00:06<00:13, 24.30it/s]
 33%|███▎      | 163/500 [00:06<00:13, 24.42it/s]
 33%|███▎      | 166/500 [00:06<00:13, 24.67it/s]
 34%|███▍      | 169/500 [00:07<00:13, 24.75it/s]
 34%|███▍      | 172/500 [00:07<00:13, 24.62it/s]
 35%|███▌      | 175/500 [00:07<00:13, 24.61it/s]
 36%|███▌      | 178/500 [00:07<00:13, 24.64it/s]
 36%|███▌      | 181/500 [00:07<00:13, 24.54it/s]
 37%|███▋      | 184/500 [00:07<00:12, 24.79it/s]
 37%|███▋      | 187/500 [00:07<00:12, 24.60it/s]
 38%|███▊      | 190/500 [00:07<00:12, 24.58it/s]
 39%|███▊      | 193/500 [00:08<00:12, 24.70it/s]
 39%|███▉      | 196/500 [00:08<00:12, 24.34it/s]
 40%|███▉      | 199/500 [00:08<00:12, 23.48it/s]
 40%|████      | 202/500 [00:08<00:12, 23.28it/s]
 41%|████      | 205/500 [00:08<00:12, 23.15it/s]
 42%|████▏     | 208/500 [00:08<00:12, 22.72it/s]
 42%|████▏     | 211/500 [00:08<00:12, 22.78it/s]
 43%|████▎     | 214/500 [00:09<00:12, 22.78it/s]
 43%|████▎     | 217/500 [00:09<00:12, 23.10it/s]
 44%|████▍     | 220/500 [00:09<00:12, 23.26it/s]
 45%|████▍     | 223/500 [00:09<00:11, 23.64it/s]
 45%|████▌     | 226/500 [00:09<00:11, 23.94it/s]
 46%|████▌     | 229/500 [00:09<00:11, 24.24it/s]
 46%|████▋     | 232/500 [00:09<00:10, 25.04it/s]
 47%|████▋     | 235/500 [00:09<00:10, 25.59it/s]
 48%|████▊     | 238/500 [00:09<00:09, 26.44it/s]
 48%|████▊     | 241/500 [00:10<00:09, 26.14it/s]
 49%|████▉     | 244/500 [00:10<00:10, 25.46it/s]
 49%|████▉     | 247/500 [00:10<00:10, 24.98it/s]
 50%|█████     | 250/500 [00:10<00:10, 24.39it/s]
 51%|█████     | 253/500 [00:10<00:10, 24.02it/s]
 51%|█████     | 256/500 [00:10<00:10, 23.94it/s]
 52%|█████▏    | 259/500 [00:10<00:10, 23.96it/s]
 52%|█████▏    | 262/500 [00:10<00:09, 24.17it/s]
 53%|█████▎    | 265/500 [00:11<00:09, 24.40it/s]
 54%|█████▎    | 268/500 [00:11<00:09, 24.99it/s]
 54%|█████▍    | 271/500 [00:11<00:09, 24.55it/s]
 55%|█████▍    | 274/500 [00:11<00:09, 24.23it/s]
 55%|█████▌    | 277/500 [00:11<00:09, 24.30it/s]
 56%|█████▌    | 280/500 [00:11<00:09, 24.13it/s]
 57%|█████▋    | 283/500 [00:11<00:08, 24.89it/s]
 57%|█████▋    | 286/500 [00:11<00:08, 24.96it/s]
 58%|█████▊    | 289/500 [00:12<00:08, 25.53it/s]
 58%|█████▊    | 292/500 [00:12<00:08, 25.94it/s]
 59%|█████▉    | 295/500 [00:12<00:07, 26.02it/s]
 60%|█████▉    | 298/500 [00:12<00:07, 25.74it/s]
 60%|██████    | 301/500 [00:12<00:07, 25.64it/s]
 61%|██████    | 304/500 [00:12<00:07, 25.97it/s]
 61%|██████▏   | 307/500 [00:12<00:07, 25.66it/s]
 62%|██████▏   | 310/500 [00:12<00:07, 25.49it/s]
 63%|██████▎   | 313/500 [00:12<00:07, 25.01it/s]
 63%|██████▎   | 316/500 [00:13<00:07, 24.82it/s]
 64%|██████▍   | 319/500 [00:13<00:07, 24.49it/s]
 64%|██████▍   | 322/500 [00:13<00:07, 24.10it/s]
 65%|██████▌   | 325/500 [00:13<00:07, 23.63it/s]
 66%|██████▌   | 328/500 [00:13<00:07, 23.85it/s]
 66%|██████▌   | 331/500 [00:13<00:07, 23.65it/s]
 67%|██████▋   | 334/500 [00:13<00:07, 23.59it/s]
 67%|██████▋   | 337/500 [00:13<00:06, 24.02it/s]
 68%|██████▊   | 340/500 [00:14<00:06, 24.22it/s]
 69%|██████▊   | 343/500 [00:14<00:06, 24.04it/s]
 69%|██████▉   | 346/500 [00:14<00:06, 23.78it/s]
 70%|██████▉   | 349/500 [00:14<00:06, 23.66it/s]
 70%|███████   | 352/500 [00:14<00:06, 23.54it/s]
 71%|███████   | 355/500 [00:14<00:06, 23.47it/s]
 72%|███████▏  | 358/500 [00:14<00:06, 23.35it/s]
 72%|███████▏  | 361/500 [00:15<00:06, 23.05it/s]
 73%|███████▎  | 364/500 [00:15<00:05, 22.90it/s]
 73%|███████▎  | 367/500 [00:15<00:05, 23.02it/s]
 74%|███████▍  | 370/500 [00:15<00:05, 22.86it/s]
 75%|███████▍  | 373/500 [00:15<00:05, 22.63it/s]
 75%|███████▌  | 376/500 [00:15<00:05, 22.36it/s]
 76%|███████▌  | 379/500 [00:15<00:05, 22.31it/s]
 76%|███████▋  | 382/500 [00:15<00:05, 22.31it/s]
 77%|███████▋  | 385/500 [00:16<00:05, 22.15it/s]
 78%|███████▊  | 388/500 [00:16<00:04, 22.63it/s]
 78%|███████▊  | 391/500 [00:16<00:04, 22.36it/s]
 79%|███████▉  | 394/500 [00:16<00:04, 22.30it/s]
 79%|███████▉  | 397/500 [00:16<00:04, 22.72it/s]
 80%|████████  | 400/500 [00:16<00:04, 23.39it/s]
 81%|████████  | 403/500 [00:16<00:04, 23.47it/s]
 81%|████████  | 406/500 [00:16<00:04, 23.22it/s]
 82%|████████▏ | 409/500 [00:17<00:03, 23.32it/s]
 82%|████████▏ | 412/500 [00:17<00:03, 23.22it/s]
 83%|████████▎ | 415/500 [00:17<00:03, 23.49it/s]
 84%|████████▎ | 418/500 [00:17<00:03, 23.52it/s]
 84%|████████▍ | 421/500 [00:17<00:03, 23.29it/s]
 85%|████████▍ | 424/500 [00:17<00:03, 23.43it/s]
 85%|████████▌ | 427/500 [00:17<00:03, 23.16it/s]
 86%|████████▌ | 430/500 [00:18<00:03, 22.95it/s]
 87%|████████▋ | 433/500 [00:18<00:02, 23.05it/s]
 87%|████████▋ | 436/500 [00:18<00:02, 22.69it/s]
 88%|████████▊ | 439/500 [00:18<00:02, 22.76it/s]
 88%|████████▊ | 442/500 [00:18<00:02, 22.62it/s]
 89%|████████▉ | 445/500 [00:18<00:02, 22.62it/s]
 90%|████████▉ | 448/500 [00:18<00:02, 23.14it/s]
 90%|█████████ | 451/500 [00:18<00:02, 23.41it/s]
 91%|█████████ | 454/500 [00:19<00:01, 23.42it/s]
 91%|█████████▏| 457/500 [00:19<00:01, 22.64it/s]
 92%|█████████▏| 460/500 [00:19<00:01, 22.17it/s]
 93%|█████████▎| 463/500 [00:19<00:01, 22.59it/s]
 93%|█████████▎| 466/500 [00:19<00:01, 22.42it/s]
 94%|█████████▍| 469/500 [00:19<00:01, 22.28it/s]
 94%|█████████▍| 472/500 [00:19<00:01, 21.98it/s]
 95%|█████████▌| 475/500 [00:20<00:01, 21.22it/s]
 96%|█████████▌| 478/500 [00:20<00:01, 20.88it/s]
 96%|█████████▌| 481/500 [00:20<00:00, 20.60it/s]
 97%|█████████▋| 484/500 [00:20<00:00, 20.56it/s]
 97%|█████████▋| 487/500 [00:20<00:00, 20.14it/s]
 98%|█████████▊| 490/500 [00:20<00:00, 19.70it/s]
 98%|█████████▊| 492/500 [00:20<00:00, 19.65it/s]
 99%|█████████▉| 494/500 [00:21<00:00, 19.71it/s]
 99%|█████████▉| 497/500 [00:21<00:00, 19.75it/s]
100%|█████████▉| 499/500 [00:21<00:00, 19.29it/s]
100%|██████████| 500/500 [00:21<00:00, 23.44it/s]
Rollout video saved as 'rollout0.mp4'.
[1;34mwandb[0m: 
[1;34mwandb[0m: 🚀 View run [33mTesolloDownwardsRotateZ-20260626-234400-downwardsrotatez_sb_baseline_s0[0m at: [34mhttps://wandb.ai/nikolastaykov/mjxrl/runs/jwdfkaif[0m
[1;34mwandb[0m: Find logs at: [1;35mwandb/run-20260626_234400-jwdfkaif/logs[0m
