Warp 1.12.1 initialized:
   CUDA Toolkit 12.9, Driver 12.5
   Devices:
     "cpu"      : "x86_64"
     "cuda:0"   : "NVIDIA GeForce RTX 4090" (24 GiB, sm_89, mempool enabled)
   Kernel cache:
     /home/nstaykov/.cache/warp/1.12.1
Warp DeprecationWarning: The symbol `warp.types.warp_type_to_np_dtype` will soon be removed from the public API. It can still be accessed from `warp._src.types.warp_type_to_np_dtype` but might be changed or removed without notice.
/local/home/nstaykov/workspace/mujoco_playground/mujoco_playground/_src/manipulation/tesollo_hand/obs.py:161: UserWarning: obs_noise.scales has keys not in active obs spec: {'motor_targets', 'fingertip_forces', 'fingertip_force_dirs'}
  warnings.warn(
Environment Config:
action_repeat: 1
ctrl_dt: 0.05
cube_pos_offset:
- 0.0
- 0.0
cube_size_scale: 1.0
domain_rand:
  cube_mass:
  - 1.0
  - 1.0
  cube_pos:
  - 0.0
  - 0.0
  cube_size:
  - 0.85
  - 1.15
ema_alpha: 0.15
episode_length: 80
force_target_range:
- 2.0
- 5.0
force_tolerance: 0.75
ghost_cube: false
impl: warp
nconmax: 409600
njmax: 1024
obs_noise:
  bias_scales:
    fingertip_force_dirs: 0.0
    fingertip_forces: 0.0
    joint_pos: 0.0
    joint_vel: 0.0
    motor_targets: 0.0
  level: 0.0
  scales:
    fingertip_force_dirs: 0.0
    fingertip_forces: 0.0
    joint_pos: 0.001
    joint_vel: 0.01
    motor_targets: 0.0
pert_config:
  angular_velocity_pert:
  - 0.0
  - 0.5
  enable: false
  linear_velocity_pert:
  - 0.0
  - 3.0
  pert_duration_steps:
  - 1
  - 100
  pert_wait_steps:
  - 60
  - 150
pid_gains:
  enable: false
  finger_kp: 3.0
  finger_kv: 0.0
  kp_per_actuator: []
  kv_per_actuator: []
reward_config:
  scales:
    action_rate: -0.005
    cube_force: 5.0
    fingertip_pos_per_tip: 2.0
    joint_vel: -0.01
  success_reward: 10.0
sensor_bundle: baseline
sim_dt: 0.01
success_hold_time: 0.5
use_ctrl_delta: false
weld_cube: true

PPO Training Parameters:
action_repeat: 1
batch_size: 256
discounting: 0.995
entropy_cost: 0.01
episode_length: 80
learning_rate: 0.0001
log_training_metrics: true
max_grad_norm: 1.0
network_factory:
  policy_hidden_layer_sizes: &id001 !!python/tuple
  - 256
  - 128
  - 64
  policy_obs_key: state
  value_hidden_layer_sizes: *id001
  value_obs_key: privileged_state
normalize_observations: true
num_envs: 8192
num_evals: 10
num_minibatches: 64
num_resets_per_eval: 1
num_timesteps: 300000000
num_updates_per_batch: 4
reward_scaling: 1.0
training_metrics_steps: 10000000
unroll_length: 40

CLI overrides: {
  "env_name": "TesolloCubePinch",
  "suffix": "cubepinch_sb_baseline_s1",
  "use_wandb": true,
  "log_video_to_wandb": true,
  "domain_randomization": true,
  "seed": 1,
  "num_timesteps": 300000000,
  "num_envs": 8192,
  "log_training_metrics": true,
  "training_metrics_steps": 10000000,
  "env_overrides_file": "logs/_queue/pinch_sweep_size_rand-20260622-195014/run-03-TesolloCubePinch-cubepinch_sb_baseline_s1-overrides.yaml"
}
Experiment name: TesolloCubePinch-20260622-202344-cubepinch_sb_baseline_s1
Logs are being stored in: /local/home/nstaykov/workspace/mujoco_playground/logs/TesolloCubePinch-20260622-202344-cubepinch_sb_baseline_s1
wandb: [wandb.login()] Loaded credentials for https://api.wandb.ai from WANDB_API_KEY.
wandb: Currently logged in as: nstaykov (nikolastaykov) to https://api.wandb.ai. Use `wandb login --relogin` to force relogin
wandb: Tracking run with wandb version 0.26.1
wandb: Run data is saved locally in /local/home/nstaykov/workspace/mujoco_playground/wandb/run-20260622_202344-25m0jwlj
wandb: Run `wandb offline` to turn off syncing.
wandb: Syncing run TesolloCubePinch-20260622-202344-cubepinch_sb_baseline_s1
wandb: ⭐️ View project at https://wandb.ai/nikolastaykov/mjxrl
wandb: 🚀 View run at https://wandb.ai/nikolastaykov/mjxrl/runs/25m0jwlj
No checkpoint path provided, not restoring from checkpoint
Checkpoint path: /local/home/nstaykov/workspace/mujoco_playground/logs/TesolloCubePinch-20260622-202344-cubepinch_sb_baseline_s1/checkpoints
/local/home/nstaykov/workspace/mujoco_playground/mujoco_playground/_src/manipulation/tesollo_hand/obs.py:161: UserWarning: obs_noise.scales has keys not in active obs spec: {'motor_targets', 'fingertip_forces', 'fingertip_force_dirs'}
  warnings.warn(
Module mujoco.mjx.warp.ffi 98d2031 load on device 'cuda:0' took 0.41 ms  (cached)
Module mujoco.mjx.third_party.mujoco_warp._src.smooth 26bbc02 load on device 'cuda:0' took 6.37 ms  (cached)
Module mujoco.mjx.third_party.mujoco_warp._src.collision_driver 88f7770 load on device 'cuda:0' took 0.27 ms  (cached)
Module _nxn_broadphase__locals__kernel_c763f4cb c763f4c load on device 'cuda:0' took 0.26 ms  (cached)
Module _primitive_narrowphase__locals__primitive_narrowphase_072e9f5e 072e9f5 load on device 'cuda:0' took 0.37 ms  (cached)
Module mujoco.mjx.third_party.mujoco_warp._src.constraint c567367 load on device 'cuda:0' took 0.45 ms  (cached)
Module mujoco.mjx.third_party.mujoco_warp._src.sensor 18a78e5 load on device 'cuda:0' took 0.44 ms  (cached)
Module mujoco.mjx.third_party.mujoco_warp._src.forward 16fbac8 load on device 'cuda:0' took 0.41 ms  (cached)
Module mujoco.mjx.third_party.mujoco_warp._src.passive 8bfe11c load on device 'cuda:0' took 0.30 ms  (cached)
Module mujoco.mjx.third_party.mujoco_warp._src.forward 8f5355c load on device 'cuda:0' took 0.36 ms  (cached)
Module mujoco.mjx.third_party.mujoco_warp._src.support dd3f924 load on device 'cuda:0' took 0.37 ms  (cached)
Module _tile_cholesky_factorize_solve__locals__cholesky_factorize_solve_fb56ecff 06a1263 load on device 'cuda:0' took 24.93 ms  (cached)
Module mujoco.mjx.third_party.mujoco_warp._src.solver b116efb load on device 'cuda:0' took 0.47 ms  (cached)
Module solve_init_jaref__locals__kernel_92ac5104 92ac510 load on device 'cuda:0' took 0.26 ms  (cached)
Module mul_m_dense__locals___mul_m_dense_4674517e 4674517 load on device 'cuda:0' took 0.39 ms  (cached)
Module update_constraint_efc__locals__kernel_81015163 8101516 load on device 'cuda:0' took 0.27 ms  (cached)
Module update_constraint_gauss_cost__locals__kernel_266b2051 266b205 load on device 'cuda:0' took 0.39 ms  (cached)
Module update_gradient_JTDAJ_dense_tiled__locals__kernel_f57d3998 abf76dd load on device 'cuda:0' took 0.77 ms  (cached)
Module update_gradient_cholesky__locals__kernel_84e35302 9d5b72e load on device 'cuda:0' took 25.53 ms  (cached)
Module linesearch_iterative__locals__kernel_94acdc55 9c914fd load on device 'cuda:0' took 0.32 ms  (cached)
Module update_constraint_efc__locals__kernel_25737258 2573725 load on device 'cuda:0' took 0.25 ms  (cached)
Module _contact_sort__locals__contact_sort_44d31eb2 de954a2 load on device 'cuda:0' took 0.30 ms  (cached)
0: reward=7.134

  0%|          | 0/40 [00:00<?, ?it/s]
  5%|▌         | 2/40 [00:00<00:02, 16.50it/s]
 12%|█▎        | 5/40 [00:00<00:01, 19.64it/s]
 20%|██        | 8/40 [00:00<00:01, 20.47it/s]
 28%|██▊       | 11/40 [00:00<00:01, 21.14it/s]
 35%|███▌      | 14/40 [00:00<00:01, 21.02it/s]
 42%|████▎     | 17/40 [00:00<00:01, 21.60it/s]
 50%|█████     | 20/40 [00:00<00:00, 21.73it/s]
 57%|█████▊    | 23/40 [00:01<00:00, 22.24it/s]
 65%|██████▌   | 26/40 [00:01<00:00, 22.66it/s]
 72%|███████▎  | 29/40 [00:01<00:00, 23.30it/s]
 80%|████████  | 32/40 [00:01<00:00, 23.15it/s]
 88%|████████▊ | 35/40 [00:01<00:00, 23.32it/s]
 95%|█████████▌| 38/40 [00:01<00:00, 23.27it/s]
100%|██████████| 40/40 [00:01<00:00, 22.23it/s]
wandb: WARNING `fps` argument does not affect the frame rate of the video when providing a file path or raw bytes.
10485760: mean episode reward=10.621
20971520: mean episode reward=12.059
31457280: mean episode reward=14.625

  0%|          | 0/40 [00:00<?, ?it/s]
  5%|▌         | 2/40 [00:00<00:02, 17.08it/s]
 12%|█▎        | 5/40 [00:00<00:01, 20.78it/s]
 20%|██        | 8/40 [00:00<00:01, 21.22it/s]
 28%|██▊       | 11/40 [00:00<00:01, 21.60it/s]
 35%|███▌      | 14/40 [00:00<00:01, 22.32it/s]
 42%|████▎     | 17/40 [00:00<00:01, 22.23it/s]
 50%|█████     | 20/40 [00:00<00:00, 22.32it/s]
 57%|█████▊    | 23/40 [00:01<00:00, 21.87it/s]
 65%|██████▌   | 26/40 [00:01<00:00, 22.23it/s]
 72%|███████▎  | 29/40 [00:01<00:00, 21.96it/s]
 80%|████████  | 32/40 [00:01<00:00, 21.87it/s]
 88%|████████▊ | 35/40 [00:01<00:00, 21.68it/s]
 95%|█████████▌| 38/40 [00:01<00:00, 22.77it/s]
100%|██████████| 40/40 [00:01<00:00, 22.12it/s]
wandb: WARNING `fps` argument does not affect the frame rate of the video when providing a file path or raw bytes.
33423360: reward=14.979
41943040: mean episode reward=18.345
52428800: mean episode reward=19.758
62914560: mean episode reward=20.189

  0%|          | 0/40 [00:00<?, ?it/s]
  5%|▌         | 2/40 [00:00<00:02, 18.81it/s]
 12%|█▎        | 5/40 [00:00<00:01, 22.49it/s]
 20%|██        | 8/40 [00:00<00:01, 22.53it/s]
 28%|██▊       | 11/40 [00:00<00:01, 21.74it/s]
 35%|███▌      | 14/40 [00:00<00:01, 21.50it/s]
 42%|████▎     | 17/40 [00:00<00:01, 21.80it/s]
 50%|█████     | 20/40 [00:00<00:00, 21.78it/s]
 57%|█████▊    | 23/40 [00:01<00:00, 22.57it/s]
 65%|██████▌   | 26/40 [00:01<00:00, 22.49it/s]
 72%|███████▎  | 29/40 [00:01<00:00, 22.16it/s]
 80%|████████  | 32/40 [00:01<00:00, 22.02it/s]
 88%|████████▊ | 35/40 [00:01<00:00, 21.87it/s]
 95%|█████████▌| 38/40 [00:01<00:00, 22.00it/s]
100%|██████████| 40/40 [00:01<00:00, 22.00it/s]
wandb: WARNING `fps` argument does not affect the frame rate of the video when providing a file path or raw bytes.
66846720: reward=15.140
73400320: mean episode reward=16.870
83886080: mean episode reward=20.435
94371840: mean episode reward=20.494

  0%|          | 0/40 [00:00<?, ?it/s]
  5%|▌         | 2/40 [00:00<00:02, 14.93it/s]
 12%|█▎        | 5/40 [00:00<00:01, 18.73it/s]
 20%|██        | 8/40 [00:00<00:01, 20.42it/s]
 28%|██▊       | 11/40 [00:00<00:01, 20.42it/s]
 35%|███▌      | 14/40 [00:00<00:01, 20.86it/s]
 42%|████▎     | 17/40 [00:00<00:01, 21.30it/s]
 50%|█████     | 20/40 [00:00<00:00, 21.75it/s]
 57%|█████▊    | 23/40 [00:01<00:00, 21.74it/s]
 65%|██████▌   | 26/40 [00:01<00:00, 21.15it/s]
 72%|███████▎  | 29/40 [00:01<00:00, 21.68it/s]
 80%|████████  | 32/40 [00:01<00:00, 21.60it/s]
 88%|████████▊ | 35/40 [00:01<00:00, 21.73it/s]
 95%|█████████▌| 38/40 [00:01<00:00, 21.86it/s]
100%|██████████| 40/40 [00:01<00:00, 21.23it/s]
wandb: WARNING `fps` argument does not affect the frame rate of the video when providing a file path or raw bytes.
100270080: reward=18.952
104857600: mean episode reward=21.217
115343360: mean episode reward=22.428
125829120: mean episode reward=23.709

  0%|          | 0/40 [00:00<?, ?it/s]
  5%|▌         | 2/40 [00:00<00:02, 15.53it/s]
 12%|█▎        | 5/40 [00:00<00:01, 19.06it/s]
 20%|██        | 8/40 [00:00<00:01, 19.67it/s]
 28%|██▊       | 11/40 [00:00<00:01, 20.87it/s]
 35%|███▌      | 14/40 [00:00<00:01, 21.64it/s]
 42%|████▎     | 17/40 [00:00<00:01, 22.63it/s]
 50%|█████     | 20/40 [00:00<00:00, 23.66it/s]
 57%|█████▊    | 23/40 [00:01<00:00, 24.67it/s]
 65%|██████▌   | 26/40 [00:01<00:00, 25.11it/s]
 72%|███████▎  | 29/40 [00:01<00:00, 25.33it/s]
 80%|████████  | 32/40 [00:01<00:00, 24.86it/s]
 88%|████████▊ | 35/40 [00:01<00:00, 24.30it/s]
 95%|█████████▌| 38/40 [00:01<00:00, 22.88it/s]
100%|██████████| 40/40 [00:01<00:00, 22.95it/s]
wandb: WARNING `fps` argument does not affect the frame rate of the video when providing a file path or raw bytes.
133693440: reward=20.014
136314880: mean episode reward=22.321
146800640: mean episode reward=21.496
157286400: mean episode reward=23.519

  0%|          | 0/40 [00:00<?, ?it/s]
  5%|▌         | 2/40 [00:00<00:02, 16.95it/s]
 12%|█▎        | 5/40 [00:00<00:01, 20.88it/s]
 20%|██        | 8/40 [00:00<00:01, 21.87it/s]
 28%|██▊       | 11/40 [00:00<00:01, 23.22it/s]
 35%|███▌      | 14/40 [00:00<00:01, 24.16it/s]
 42%|████▎     | 17/40 [00:00<00:00, 23.86it/s]
 50%|█████     | 20/40 [00:00<00:00, 23.83it/s]
 57%|█████▊    | 23/40 [00:01<00:00, 23.14it/s]
 65%|██████▌   | 26/40 [00:01<00:00, 23.11it/s]
 72%|███████▎  | 29/40 [00:01<00:00, 23.32it/s]
 80%|████████  | 32/40 [00:01<00:00, 22.59it/s]
 88%|████████▊ | 35/40 [00:01<00:00, 22.30it/s]
 95%|█████████▌| 38/40 [00:01<00:00, 22.37it/s]
100%|██████████| 40/40 [00:01<00:00, 22.63it/s]
wandb: WARNING `fps` argument does not affect the frame rate of the video when providing a file path or raw bytes.
167116800: reward=21.037
167772160: mean episode reward=22.152
178257920: mean episode reward=23.429
188743680: mean episode reward=24.564
199229440: mean episode reward=23.987

  0%|          | 0/40 [00:00<?, ?it/s]
  5%|▌         | 2/40 [00:00<00:02, 18.87it/s]
 12%|█▎        | 5/40 [00:00<00:01, 23.80it/s]
 20%|██        | 8/40 [00:00<00:01, 24.20it/s]
 28%|██▊       | 11/40 [00:00<00:01, 24.85it/s]
 35%|███▌      | 14/40 [00:00<00:01, 24.96it/s]
 42%|████▎     | 17/40 [00:00<00:00, 24.58it/s]
 50%|█████     | 20/40 [00:00<00:00, 24.19it/s]
 57%|█████▊    | 23/40 [00:00<00:00, 24.58it/s]
 65%|██████▌   | 26/40 [00:01<00:00, 24.13it/s]
 72%|███████▎  | 29/40 [00:01<00:00, 23.87it/s]
 80%|████████  | 32/40 [00:01<00:00, 23.63it/s]
 88%|████████▊ | 35/40 [00:01<00:00, 23.74it/s]
 95%|█████████▌| 38/40 [00:01<00:00, 22.75it/s]
100%|██████████| 40/40 [00:01<00:00, 23.48it/s]
wandb: WARNING `fps` argument does not affect the frame rate of the video when providing a file path or raw bytes.
200540160: reward=21.279
209715200: mean episode reward=25.639
220200960: mean episode reward=25.600
230686720: mean episode reward=26.486

  0%|          | 0/40 [00:00<?, ?it/s]
  5%|▌         | 2/40 [00:00<00:02, 16.12it/s]
 12%|█▎        | 5/40 [00:00<00:01, 20.39it/s]
 20%|██        | 8/40 [00:00<00:01, 21.81it/s]
 28%|██▊       | 11/40 [00:00<00:01, 21.75it/s]
 35%|███▌      | 14/40 [00:00<00:01, 22.46it/s]
 42%|████▎     | 17/40 [00:00<00:01, 22.22it/s]
 50%|█████     | 20/40 [00:00<00:00, 22.15it/s]
 57%|█████▊    | 23/40 [00:01<00:00, 22.27it/s]
 65%|██████▌   | 26/40 [00:01<00:00, 22.50it/s]
 72%|███████▎  | 29/40 [00:01<00:00, 22.39it/s]
 80%|████████  | 32/40 [00:01<00:00, 22.32it/s]
 88%|████████▊ | 35/40 [00:01<00:00, 22.75it/s]
 95%|█████████▌| 38/40 [00:01<00:00, 22.33it/s]
100%|██████████| 40/40 [00:01<00:00, 22.30it/s]
wandb: WARNING `fps` argument does not affect the frame rate of the video when providing a file path or raw bytes.
233963520: reward=21.777
241172480: mean episode reward=25.581
251658240: mean episode reward=24.846
262144000: mean episode reward=26.050

  0%|          | 0/40 [00:00<?, ?it/s]
  5%|▌         | 2/40 [00:00<00:02, 16.09it/s]
 12%|█▎        | 5/40 [00:00<00:01, 19.80it/s]
 20%|██        | 8/40 [00:00<00:01, 20.49it/s]
 28%|██▊       | 11/40 [00:00<00:01, 20.97it/s]
 35%|███▌      | 14/40 [00:00<00:01, 21.18it/s]
 42%|████▎     | 17/40 [00:00<00:01, 20.80it/s]
 50%|█████     | 20/40 [00:00<00:00, 21.23it/s]
 57%|█████▊    | 23/40 [00:01<00:00, 21.27it/s]
 65%|██████▌   | 26/40 [00:01<00:00, 21.53it/s]
 72%|███████▎  | 29/40 [00:01<00:00, 22.06it/s]
 80%|████████  | 32/40 [00:01<00:00, 22.80it/s]
 88%|████████▊ | 35/40 [00:01<00:00, 22.78it/s]
 95%|█████████▌| 38/40 [00:01<00:00, 22.89it/s]
100%|██████████| 40/40 [00:01<00:00, 21.73it/s]
wandb: WARNING `fps` argument does not affect the frame rate of the video when providing a file path or raw bytes.
267386880: reward=22.848
272629760: mean episode reward=24.013
283115520: mean episode reward=23.806
293601280: mean episode reward=23.680

  0%|          | 0/40 [00:00<?, ?it/s]
  5%|▌         | 2/40 [00:00<00:02, 18.81it/s]
 12%|█▎        | 5/40 [00:00<00:01, 23.24it/s]
 20%|██        | 8/40 [00:00<00:01, 24.74it/s]
 28%|██▊       | 11/40 [00:00<00:01, 24.81it/s]
 35%|███▌      | 14/40 [00:00<00:01, 25.24it/s]
 42%|████▎     | 17/40 [00:00<00:00, 26.06it/s]
 52%|█████▎    | 21/40 [00:00<00:00, 27.27it/s]
 60%|██████    | 24/40 [00:00<00:00, 27.84it/s]
 68%|██████▊   | 27/40 [00:01<00:00, 28.33it/s]
 75%|███████▌  | 30/40 [00:01<00:00, 28.19it/s]
 82%|████████▎ | 33/40 [00:01<00:00, 28.00it/s]
 90%|█████████ | 36/40 [00:01<00:00, 27.16it/s]
 98%|█████████▊| 39/40 [00:01<00:00, 26.51it/s]
100%|██████████| 40/40 [00:01<00:00, 26.44it/s]
wandb: WARNING `fps` argument does not affect the frame rate of the video when providing a file path or raw bytes.
300810240: reward=20.381
Done training.
Time to JIT compile: 16.7711683511734
Time to train: 619.1980689018965
Starting inference...
FPS for rendering: 10.0

  0%|          | 0/500 [00:00<?, ?it/s]
  0%|          | 2/500 [00:00<00:32, 15.28it/s]
  1%|          | 5/500 [00:00<00:25, 19.25it/s]
  2%|▏         | 8/500 [00:00<00:24, 20.05it/s]
  2%|▏         | 11/500 [00:00<00:23, 20.96it/s]
  3%|▎         | 14/500 [00:00<00:21, 22.38it/s]
  3%|▎         | 17/500 [00:00<00:20, 23.61it/s]
  4%|▍         | 20/500 [00:00<00:19, 24.48it/s]
  5%|▍         | 23/500 [00:01<00:19, 24.98it/s]
  5%|▌         | 26/500 [00:01<00:18, 25.16it/s]
  6%|▌         | 29/500 [00:01<00:19, 24.52it/s]
  6%|▋         | 32/500 [00:01<00:19, 24.42it/s]
  7%|▋         | 35/500 [00:01<00:19, 23.67it/s]
  8%|▊         | 38/500 [00:01<00:20, 23.03it/s]
  8%|▊         | 41/500 [00:01<00:20, 22.81it/s]
  9%|▉         | 44/500 [00:01<00:20, 22.23it/s]
  9%|▉         | 47/500 [00:02<00:20, 22.03it/s]
 10%|█         | 50/500 [00:02<00:20, 21.63it/s]
 11%|█         | 53/500 [00:02<00:20, 21.51it/s]
 11%|█         | 56/500 [00:02<00:20, 21.21it/s]
 12%|█▏        | 59/500 [00:02<00:20, 21.38it/s]
 12%|█▏        | 62/500 [00:02<00:20, 21.21it/s]
 13%|█▎        | 65/500 [00:02<00:20, 21.21it/s]
 14%|█▎        | 68/500 [00:03<00:20, 20.79it/s]
 14%|█▍        | 71/500 [00:03<00:20, 21.39it/s]
 15%|█▍        | 74/500 [00:03<00:19, 21.31it/s]
 15%|█▌        | 77/500 [00:03<00:19, 21.51it/s]
 16%|█▌        | 80/500 [00:03<00:19, 21.95it/s]
 17%|█▋        | 83/500 [00:03<00:19, 21.61it/s]
 17%|█▋        | 86/500 [00:03<00:19, 21.63it/s]
 18%|█▊        | 89/500 [00:04<00:18, 21.76it/s]
 18%|█▊        | 92/500 [00:04<00:18, 21.64it/s]
 19%|█▉        | 95/500 [00:04<00:19, 21.27it/s]
 20%|█▉        | 98/500 [00:04<00:19, 21.06it/s]
 20%|██        | 101/500 [00:04<00:18, 21.68it/s]
 21%|██        | 104/500 [00:04<00:18, 21.82it/s]
 21%|██▏       | 107/500 [00:04<00:18, 21.79it/s]
 22%|██▏       | 110/500 [00:05<00:18, 21.41it/s]
 23%|██▎       | 113/500 [00:05<00:18, 21.41it/s]
 23%|██▎       | 116/500 [00:05<00:18, 21.28it/s]
 24%|██▍       | 119/500 [00:05<00:17, 21.28it/s]
 24%|██▍       | 122/500 [00:05<00:17, 21.95it/s]
 25%|██▌       | 125/500 [00:05<00:16, 22.50it/s]
 26%|██▌       | 128/500 [00:05<00:15, 23.57it/s]
 26%|██▌       | 131/500 [00:05<00:15, 23.30it/s]
 27%|██▋       | 134/500 [00:06<00:15, 23.38it/s]
 27%|██▋       | 137/500 [00:06<00:15, 23.17it/s]
 28%|██▊       | 140/500 [00:06<00:15, 22.61it/s]
 29%|██▊       | 143/500 [00:06<00:16, 22.03it/s]
 29%|██▉       | 146/500 [00:06<00:15, 22.34it/s]
 30%|██▉       | 149/500 [00:06<00:15, 22.26it/s]
 30%|███       | 152/500 [00:06<00:15, 22.14it/s]
 31%|███       | 155/500 [00:07<00:15, 22.11it/s]
 32%|███▏      | 158/500 [00:07<00:15, 21.46it/s]
 32%|███▏      | 161/500 [00:07<00:15, 21.68it/s]
 33%|███▎      | 164/500 [00:07<00:15, 22.03it/s]
 33%|███▎      | 167/500 [00:07<00:15, 21.93it/s]
 34%|███▍      | 170/500 [00:07<00:14, 22.17it/s]
 35%|███▍      | 173/500 [00:07<00:14, 22.23it/s]
 35%|███▌      | 176/500 [00:07<00:14, 22.08it/s]
 36%|███▌      | 179/500 [00:08<00:14, 22.30it/s]
 36%|███▋      | 182/500 [00:08<00:14, 22.02it/s]
 37%|███▋      | 185/500 [00:08<00:14, 22.02it/s]
 38%|███▊      | 188/500 [00:08<00:14, 21.38it/s]
 38%|███▊      | 191/500 [00:08<00:14, 21.54it/s]
 39%|███▉      | 194/500 [00:08<00:14, 21.45it/s]
 39%|███▉      | 197/500 [00:08<00:13, 21.87it/s]
 40%|████      | 200/500 [00:09<00:13, 21.70it/s]
 41%|████      | 203/500 [00:09<00:13, 21.58it/s]
 41%|████      | 206/500 [00:09<00:13, 21.67it/s]
 42%|████▏     | 209/500 [00:09<00:13, 21.44it/s]
 42%|████▏     | 212/500 [00:09<00:13, 21.29it/s]
 43%|████▎     | 215/500 [00:09<00:13, 21.26it/s]
 44%|████▎     | 218/500 [00:09<00:13, 21.02it/s]
 44%|████▍     | 221/500 [00:10<00:13, 21.18it/s]
 45%|████▍     | 224/500 [00:10<00:13, 21.20it/s]
 45%|████▌     | 227/500 [00:10<00:13, 20.70it/s]
 46%|████▌     | 230/500 [00:10<00:13, 20.64it/s]
 47%|████▋     | 233/500 [00:10<00:12, 21.67it/s]
 47%|████▋     | 236/500 [00:10<00:11, 22.89it/s]
 48%|████▊     | 239/500 [00:10<00:11, 23.60it/s]
 48%|████▊     | 242/500 [00:10<00:10, 24.68it/s]
 49%|████▉     | 245/500 [00:11<00:10, 25.03it/s]
 50%|████▉     | 248/500 [00:11<00:10, 24.26it/s]
 50%|█████     | 251/500 [00:11<00:10, 23.13it/s]
 51%|█████     | 254/500 [00:11<00:10, 22.92it/s]
 51%|█████▏    | 257/500 [00:11<00:10, 22.56it/s]
 52%|█████▏    | 260/500 [00:11<00:10, 22.97it/s]
 53%|█████▎    | 263/500 [00:11<00:10, 23.02it/s]
 53%|█████▎    | 266/500 [00:12<00:10, 22.76it/s]
 54%|█████▍    | 269/500 [00:12<00:10, 22.08it/s]
 54%|█████▍    | 272/500 [00:12<00:10, 22.22it/s]
 55%|█████▌    | 275/500 [00:12<00:10, 22.13it/s]
 56%|█████▌    | 278/500 [00:12<00:10, 22.01it/s]
 56%|█████▌    | 281/500 [00:12<00:09, 22.25it/s]
 57%|█████▋    | 284/500 [00:12<00:09, 21.95it/s]
 57%|█████▋    | 287/500 [00:12<00:09, 22.03it/s]
 58%|█████▊    | 290/500 [00:13<00:09, 22.24it/s]
 59%|█████▊    | 293/500 [00:13<00:09, 21.99it/s]
 59%|█████▉    | 296/500 [00:13<00:09, 22.44it/s]
 60%|█████▉    | 299/500 [00:13<00:08, 22.39it/s]
 60%|██████    | 302/500 [00:13<00:08, 22.51it/s]
 61%|██████    | 305/500 [00:13<00:08, 21.92it/s]
 62%|██████▏   | 308/500 [00:13<00:08, 21.94it/s]
 62%|██████▏   | 311/500 [00:14<00:08, 22.16it/s]
 63%|██████▎   | 314/500 [00:14<00:08, 22.49it/s]
 63%|██████▎   | 317/500 [00:14<00:08, 22.04it/s]
 64%|██████▍   | 320/500 [00:14<00:08, 21.72it/s]
 65%|██████▍   | 323/500 [00:14<00:07, 22.27it/s]
 65%|██████▌   | 326/500 [00:14<00:07, 21.95it/s]
 66%|██████▌   | 329/500 [00:14<00:07, 21.95it/s]
 66%|██████▋   | 332/500 [00:15<00:07, 21.71it/s]
 67%|██████▋   | 335/500 [00:15<00:07, 21.99it/s]
 68%|██████▊   | 338/500 [00:15<00:07, 21.79it/s]
 68%|██████▊   | 341/500 [00:15<00:07, 22.50it/s]
 69%|██████▉   | 344/500 [00:15<00:06, 22.66it/s]
 69%|██████▉   | 347/500 [00:15<00:06, 23.66it/s]
 70%|███████   | 350/500 [00:15<00:06, 24.19it/s]
 71%|███████   | 353/500 [00:15<00:05, 24.69it/s]
 71%|███████   | 356/500 [00:16<00:05, 24.47it/s]
 72%|███████▏  | 359/500 [00:16<00:05, 23.88it/s]
 72%|███████▏  | 362/500 [00:16<00:05, 23.01it/s]
 73%|███████▎  | 365/500 [00:16<00:05, 22.53it/s]
 74%|███████▎  | 368/500 [00:16<00:05, 22.05it/s]
 74%|███████▍  | 371/500 [00:16<00:05, 21.99it/s]
 75%|███████▍  | 374/500 [00:16<00:05, 21.95it/s]
 75%|███████▌  | 377/500 [00:16<00:05, 22.35it/s]
 76%|███████▌  | 380/500 [00:17<00:05, 22.11it/s]
 77%|███████▋  | 383/500 [00:17<00:05, 21.79it/s]
 77%|███████▋  | 386/500 [00:17<00:05, 21.70it/s]
 78%|███████▊  | 389/500 [00:17<00:05, 22.14it/s]
 78%|███████▊  | 392/500 [00:17<00:04, 21.74it/s]
 79%|███████▉  | 395/500 [00:17<00:04, 21.79it/s]
 80%|███████▉  | 398/500 [00:17<00:04, 21.82it/s]
 80%|████████  | 401/500 [00:18<00:04, 21.69it/s]
 81%|████████  | 404/500 [00:18<00:04, 21.48it/s]
 81%|████████▏ | 407/500 [00:18<00:04, 21.25it/s]
 82%|████████▏ | 410/500 [00:18<00:04, 21.29it/s]
 83%|████████▎ | 413/500 [00:18<00:04, 21.19it/s]
 83%|████████▎ | 416/500 [00:18<00:03, 21.81it/s]
 84%|████████▍ | 419/500 [00:18<00:03, 21.86it/s]
 84%|████████▍ | 422/500 [00:19<00:03, 22.81it/s]
 85%|████████▌ | 425/500 [00:19<00:03, 23.04it/s]
 86%|████████▌ | 428/500 [00:19<00:03, 22.97it/s]
 86%|████████▌ | 431/500 [00:19<00:03, 22.91it/s]
 87%|████████▋ | 434/500 [00:19<00:02, 22.60it/s]
 87%|████████▋ | 437/500 [00:19<00:02, 21.79it/s]
 88%|████████▊ | 440/500 [00:19<00:02, 21.73it/s]
 89%|████████▊ | 443/500 [00:20<00:02, 21.48it/s]
 89%|████████▉ | 446/500 [00:20<00:02, 21.44it/s]
 90%|████████▉ | 449/500 [00:20<00:02, 21.81it/s]
 90%|█████████ | 452/500 [00:20<00:02, 22.30it/s]
 91%|█████████ | 455/500 [00:20<00:01, 22.52it/s]
 92%|█████████▏| 458/500 [00:20<00:01, 23.50it/s]
 92%|█████████▏| 461/500 [00:20<00:01, 24.89it/s]
 93%|█████████▎| 464/500 [00:20<00:01, 25.20it/s]
 93%|█████████▎| 467/500 [00:20<00:01, 25.31it/s]
 94%|█████████▍| 470/500 [00:21<00:01, 25.31it/s]
 95%|█████████▍| 473/500 [00:21<00:01, 25.05it/s]
 95%|█████████▌| 476/500 [00:21<00:00, 25.10it/s]
 96%|█████████▌| 479/500 [00:21<00:00, 24.43it/s]
 96%|█████████▋| 482/500 [00:21<00:00, 23.94it/s]
 97%|█████████▋| 485/500 [00:21<00:00, 23.38it/s]
 98%|█████████▊| 488/500 [00:21<00:00, 23.05it/s]
 98%|█████████▊| 491/500 [00:22<00:00, 22.57it/s]
 99%|█████████▉| 494/500 [00:22<00:00, 22.61it/s]
 99%|█████████▉| 497/500 [00:22<00:00, 22.44it/s]
100%|██████████| 500/500 [00:22<00:00, 22.20it/s]
100%|██████████| 500/500 [00:22<00:00, 22.29it/s]
Rollout video saved as 'rollout0.mp4'.
[1;34mwandb[0m: 
[1;34mwandb[0m: 🚀 View run [33mTesolloCubePinch-20260622-202344-cubepinch_sb_baseline_s1[0m at: [34mhttps://wandb.ai/nikolastaykov/mjxrl/runs/25m0jwlj[0m
[1;34mwandb[0m: Find logs at: [1;35mwandb/run-20260622_202344-25m0jwlj/logs[0m
