Warp 1.12.1 initialized:
   CUDA Toolkit 12.9, Driver 12.5
   Devices:
     "cpu"      : "x86_64"
     "cuda:0"   : "NVIDIA GeForce RTX 4090" (24 GiB, sm_89, mempool enabled)
   Kernel cache:
     /home/nstaykov/.cache/warp/1.12.1
Warp DeprecationWarning: The symbol `warp.types.warp_type_to_np_dtype` will soon be removed from the public API. It can still be accessed from `warp._src.types.warp_type_to_np_dtype` but might be changed or removed without notice.
/local/home/nstaykov/workspace/mujoco_playground/mujoco_playground/_src/manipulation/tesollo_hand/obs.py:161: UserWarning: obs_noise.scales has keys not in active obs spec: {'fingertip_force_dirs', 'joint_pos', 'fingertip_forces', 'joint_vel', 'motor_targets'}
  warnings.warn(
Environment Config:
action_repeat: 1
ctrl_dt: 0.05
cube_pos_offset:
- 0.0
- 0.0
cube_size_scale: 1.0
domain_rand:
  cube_mass:
  - 1.0
  - 1.0
  cube_pos:
  - 0.0
  - 0.0
  cube_size:
  - 0.85
  - 1.15
ema_alpha: 0.15
episode_length: 80
force_target_range:
- 2.0
- 5.0
force_tolerance: 0.75
ghost_cube: false
impl: warp
nconmax: 409600
njmax: 1024
obs_noise:
  bias_scales:
    fingertip_force_dirs: 0.0
    fingertip_forces: 0.0
    joint_pos: 0.0
    joint_vel: 0.0
    motor_targets: 0.0
  level: 0.0
  scales:
    fingertip_force_dirs: 0.0
    fingertip_forces: 0.0
    joint_pos: 0.001
    joint_vel: 0.01
    motor_targets: 0.0
pert_config:
  angular_velocity_pert:
  - 0.0
  - 0.5
  enable: false
  linear_velocity_pert:
  - 0.0
  - 3.0
  pert_duration_steps:
  - 1
  - 100
  pert_wait_steps:
  - 60
  - 150
pid_gains:
  enable: false
  finger_kp: 3.0
  finger_kv: 0.0
  kp_per_actuator: []
  kv_per_actuator: []
reward_config:
  scales:
    action_rate: -0.005
    cube_force: 5.0
    fingertip_pos_per_tip: 2.0
    joint_vel: -0.01
  success_reward: 10.0
sensor_bundle: none
sim_dt: 0.01
success_hold_time: 0.5
use_ctrl_delta: false
weld_cube: true

PPO Training Parameters:
action_repeat: 1
batch_size: 256
discounting: 0.995
entropy_cost: 0.01
episode_length: 80
learning_rate: 0.0001
log_training_metrics: true
max_grad_norm: 1.0
network_factory:
  policy_hidden_layer_sizes: &id001 !!python/tuple
  - 256
  - 128
  - 64
  policy_obs_key: state
  value_hidden_layer_sizes: *id001
  value_obs_key: privileged_state
normalize_observations: true
num_envs: 8192
num_evals: 10
num_minibatches: 64
num_resets_per_eval: 1
num_timesteps: 300000000
num_updates_per_batch: 4
reward_scaling: 1.0
training_metrics_steps: 10000000
unroll_length: 40

CLI overrides: {
  "env_name": "TesolloCubePinch",
  "suffix": "cubepinch_sb_none_s2",
  "use_wandb": true,
  "log_video_to_wandb": true,
  "domain_randomization": true,
  "seed": 2,
  "num_timesteps": 300000000,
  "num_envs": 8192,
  "log_training_metrics": true,
  "training_metrics_steps": 10000000,
  "env_overrides_file": "logs/_queue/pinch_sweep_size_rand-20260622-195014/run-01-TesolloCubePinch-cubepinch_sb_none_s2-overrides.yaml"
}
Experiment name: TesolloCubePinch-20260622-200126-cubepinch_sb_none_s2
Logs are being stored in: /local/home/nstaykov/workspace/mujoco_playground/logs/TesolloCubePinch-20260622-200126-cubepinch_sb_none_s2
wandb: [wandb.login()] Loaded credentials for https://api.wandb.ai from WANDB_API_KEY.
wandb: Currently logged in as: nstaykov (nikolastaykov) to https://api.wandb.ai. Use `wandb login --relogin` to force relogin
wandb: Tracking run with wandb version 0.26.1
wandb: Run data is saved locally in /local/home/nstaykov/workspace/mujoco_playground/wandb/run-20260622_200126-w3aojcm6
wandb: Run `wandb offline` to turn off syncing.
wandb: Syncing run TesolloCubePinch-20260622-200126-cubepinch_sb_none_s2
wandb: ⭐️ View project at https://wandb.ai/nikolastaykov/mjxrl
wandb: 🚀 View run at https://wandb.ai/nikolastaykov/mjxrl/runs/w3aojcm6
No checkpoint path provided, not restoring from checkpoint
Checkpoint path: /local/home/nstaykov/workspace/mujoco_playground/logs/TesolloCubePinch-20260622-200126-cubepinch_sb_none_s2/checkpoints
/local/home/nstaykov/workspace/mujoco_playground/mujoco_playground/_src/manipulation/tesollo_hand/obs.py:161: UserWarning: obs_noise.scales has keys not in active obs spec: {'fingertip_force_dirs', 'joint_pos', 'fingertip_forces', 'joint_vel', 'motor_targets'}
  warnings.warn(
Module mujoco.mjx.warp.ffi 98d2031 load on device 'cuda:0' took 0.41 ms  (cached)
Module mujoco.mjx.third_party.mujoco_warp._src.smooth 26bbc02 load on device 'cuda:0' took 6.36 ms  (cached)
Module mujoco.mjx.third_party.mujoco_warp._src.collision_driver 88f7770 load on device 'cuda:0' took 0.29 ms  (cached)
Module _nxn_broadphase__locals__kernel_c763f4cb c763f4c load on device 'cuda:0' took 0.27 ms  (cached)
Module _primitive_narrowphase__locals__primitive_narrowphase_072e9f5e 072e9f5 load on device 'cuda:0' took 0.35 ms  (cached)
Module mujoco.mjx.third_party.mujoco_warp._src.constraint c567367 load on device 'cuda:0' took 0.45 ms  (cached)
Module mujoco.mjx.third_party.mujoco_warp._src.sensor 18a78e5 load on device 'cuda:0' took 0.50 ms  (cached)
Module mujoco.mjx.third_party.mujoco_warp._src.forward 16fbac8 load on device 'cuda:0' took 0.42 ms  (cached)
Module mujoco.mjx.third_party.mujoco_warp._src.passive 8bfe11c load on device 'cuda:0' took 0.33 ms  (cached)
Module mujoco.mjx.third_party.mujoco_warp._src.forward 8f5355c load on device 'cuda:0' took 0.39 ms  (cached)
Module mujoco.mjx.third_party.mujoco_warp._src.support dd3f924 load on device 'cuda:0' took 0.28 ms  (cached)
Module _tile_cholesky_factorize_solve__locals__cholesky_factorize_solve_fb56ecff 06a1263 load on device 'cuda:0' took 25.57 ms  (cached)
Module mujoco.mjx.third_party.mujoco_warp._src.solver b116efb load on device 'cuda:0' took 0.45 ms  (cached)
Module solve_init_jaref__locals__kernel_92ac5104 92ac510 load on device 'cuda:0' took 0.39 ms  (cached)
Module mul_m_dense__locals___mul_m_dense_4674517e 4674517 load on device 'cuda:0' took 0.40 ms  (cached)
Module update_constraint_efc__locals__kernel_81015163 8101516 load on device 'cuda:0' took 0.28 ms  (cached)
Module update_constraint_gauss_cost__locals__kernel_266b2051 266b205 load on device 'cuda:0' took 0.40 ms  (cached)
Module update_gradient_JTDAJ_dense_tiled__locals__kernel_f57d3998 abf76dd load on device 'cuda:0' took 0.54 ms  (cached)
Module update_gradient_cholesky__locals__kernel_84e35302 9d5b72e load on device 'cuda:0' took 26.38 ms  (cached)
Module linesearch_iterative__locals__kernel_94acdc55 9c914fd load on device 'cuda:0' took 0.36 ms  (cached)
Module update_constraint_efc__locals__kernel_25737258 2573725 load on device 'cuda:0' took 0.28 ms  (cached)
Module _contact_sort__locals__contact_sort_44d31eb2 de954a2 load on device 'cuda:0' took 0.33 ms  (cached)
0: reward=6.300

  0%|          | 0/40 [00:00<?, ?it/s]
  5%|▌         | 2/40 [00:00<00:02, 16.21it/s]
 12%|█▎        | 5/40 [00:00<00:01, 19.47it/s]
 20%|██        | 8/40 [00:00<00:01, 20.57it/s]
 28%|██▊       | 11/40 [00:00<00:01, 20.85it/s]
 35%|███▌      | 14/40 [00:00<00:01, 21.07it/s]
 42%|████▎     | 17/40 [00:00<00:01, 21.28it/s]
 50%|█████     | 20/40 [00:00<00:00, 20.99it/s]
 57%|█████▊    | 23/40 [00:01<00:00, 21.15it/s]
 65%|██████▌   | 26/40 [00:01<00:00, 21.36it/s]
 72%|███████▎  | 29/40 [00:01<00:00, 21.99it/s]
 80%|████████  | 32/40 [00:01<00:00, 22.45it/s]
 88%|████████▊ | 35/40 [00:01<00:00, 23.23it/s]
 95%|█████████▌| 38/40 [00:01<00:00, 23.81it/s]
100%|██████████| 40/40 [00:01<00:00, 22.09it/s]
wandb: WARNING `fps` argument does not affect the frame rate of the video when providing a file path or raw bytes.
10485760: mean episode reward=10.758
20971520: mean episode reward=11.339
31457280: mean episode reward=12.047

  0%|          | 0/40 [00:00<?, ?it/s]
  5%|▌         | 2/40 [00:00<00:02, 16.21it/s]
 12%|█▎        | 5/40 [00:00<00:01, 20.56it/s]
 20%|██        | 8/40 [00:00<00:01, 21.97it/s]
 28%|██▊       | 11/40 [00:00<00:01, 22.75it/s]
 35%|███▌      | 14/40 [00:00<00:01, 22.71it/s]
 42%|████▎     | 17/40 [00:00<00:01, 22.52it/s]
 50%|█████     | 20/40 [00:00<00:00, 23.10it/s]
 57%|█████▊    | 23/40 [00:01<00:00, 22.84it/s]
 65%|██████▌   | 26/40 [00:01<00:00, 22.20it/s]
 72%|███████▎  | 29/40 [00:01<00:00, 23.54it/s]
 80%|████████  | 32/40 [00:01<00:00, 23.17it/s]
 88%|████████▊ | 35/40 [00:01<00:00, 23.46it/s]
 95%|█████████▌| 38/40 [00:01<00:00, 23.33it/s]
100%|██████████| 40/40 [00:01<00:00, 22.68it/s]
wandb: WARNING `fps` argument does not affect the frame rate of the video when providing a file path or raw bytes.
33423360: reward=11.203
41943040: mean episode reward=11.968
52428800: mean episode reward=12.107
62914560: mean episode reward=11.905

  0%|          | 0/40 [00:00<?, ?it/s]
  5%|▌         | 2/40 [00:00<00:02, 15.46it/s]
 12%|█▎        | 5/40 [00:00<00:01, 19.92it/s]
 20%|██        | 8/40 [00:00<00:01, 20.94it/s]
 28%|██▊       | 11/40 [00:00<00:01, 21.32it/s]
 35%|███▌      | 14/40 [00:00<00:01, 21.72it/s]
 42%|████▎     | 17/40 [00:00<00:01, 21.75it/s]
 50%|█████     | 20/40 [00:00<00:00, 22.29it/s]
 57%|█████▊    | 23/40 [00:01<00:00, 23.17it/s]
 65%|██████▌   | 26/40 [00:01<00:00, 23.03it/s]
 72%|███████▎  | 29/40 [00:01<00:00, 22.84it/s]
 80%|████████  | 32/40 [00:01<00:00, 23.32it/s]
 88%|████████▊ | 35/40 [00:01<00:00, 23.80it/s]
 95%|█████████▌| 38/40 [00:01<00:00, 23.22it/s]
100%|██████████| 40/40 [00:01<00:00, 22.37it/s]
wandb: WARNING `fps` argument does not affect the frame rate of the video when providing a file path or raw bytes.
66846720: reward=11.188
73400320: mean episode reward=11.618
83886080: mean episode reward=11.775
94371840: mean episode reward=12.073

  0%|          | 0/40 [00:00<?, ?it/s]
  5%|▌         | 2/40 [00:00<00:02, 15.37it/s]
 12%|█▎        | 5/40 [00:00<00:01, 18.98it/s]
 20%|██        | 8/40 [00:00<00:01, 19.79it/s]
 28%|██▊       | 11/40 [00:00<00:01, 21.09it/s]
 35%|███▌      | 14/40 [00:00<00:01, 21.06it/s]
 42%|████▎     | 17/40 [00:00<00:01, 21.28it/s]
 50%|█████     | 20/40 [00:00<00:00, 21.67it/s]
 57%|█████▊    | 23/40 [00:01<00:00, 22.17it/s]
 65%|██████▌   | 26/40 [00:01<00:00, 24.01it/s]
 72%|███████▎  | 29/40 [00:01<00:00, 24.85it/s]
 80%|████████  | 32/40 [00:01<00:00, 25.73it/s]
 88%|████████▊ | 35/40 [00:01<00:00, 25.29it/s]
 95%|█████████▌| 38/40 [00:01<00:00, 23.93it/s]
100%|██████████| 40/40 [00:01<00:00, 22.69it/s]
wandb: WARNING `fps` argument does not affect the frame rate of the video when providing a file path or raw bytes.
100270080: reward=12.794
104857600: mean episode reward=11.899
115343360: mean episode reward=11.866
125829120: mean episode reward=11.997

  0%|          | 0/40 [00:00<?, ?it/s]
  5%|▌         | 2/40 [00:00<00:02, 16.78it/s]
 12%|█▎        | 5/40 [00:00<00:01, 21.23it/s]
 20%|██        | 8/40 [00:00<00:01, 22.84it/s]
 28%|██▊       | 11/40 [00:00<00:01, 22.56it/s]
 35%|███▌      | 14/40 [00:00<00:01, 22.84it/s]
 42%|████▎     | 17/40 [00:00<00:00, 23.36it/s]
 50%|█████     | 20/40 [00:00<00:00, 23.12it/s]
 57%|█████▊    | 23/40 [00:01<00:00, 22.52it/s]
 65%|██████▌   | 26/40 [00:01<00:00, 22.69it/s]
 72%|███████▎  | 29/40 [00:01<00:00, 22.64it/s]
 80%|████████  | 32/40 [00:01<00:00, 22.61it/s]
 88%|████████▊ | 35/40 [00:01<00:00, 23.27it/s]
 95%|█████████▌| 38/40 [00:01<00:00, 24.04it/s]
100%|██████████| 40/40 [00:01<00:00, 23.04it/s]
wandb: WARNING `fps` argument does not affect the frame rate of the video when providing a file path or raw bytes.
133693440: reward=11.404
136314880: mean episode reward=12.771
146800640: mean episode reward=12.722
157286400: mean episode reward=13.376

  0%|          | 0/40 [00:00<?, ?it/s]
  5%|▌         | 2/40 [00:00<00:02, 15.54it/s]
 12%|█▎        | 5/40 [00:00<00:01, 18.30it/s]
 18%|█▊        | 7/40 [00:00<00:01, 18.93it/s]
 25%|██▌       | 10/40 [00:00<00:01, 19.88it/s]
 32%|███▎      | 13/40 [00:00<00:01, 20.48it/s]
 40%|████      | 16/40 [00:00<00:01, 20.61it/s]
 48%|████▊     | 19/40 [00:00<00:00, 21.69it/s]
 55%|█████▌    | 22/40 [00:01<00:00, 21.79it/s]
 62%|██████▎   | 25/40 [00:01<00:00, 21.49it/s]
 70%|███████   | 28/40 [00:01<00:00, 21.98it/s]
 78%|███████▊  | 31/40 [00:01<00:00, 22.60it/s]
 85%|████████▌ | 34/40 [00:01<00:00, 22.84it/s]
 92%|█████████▎| 37/40 [00:01<00:00, 23.10it/s]
100%|██████████| 40/40 [00:01<00:00, 22.25it/s]
100%|██████████| 40/40 [00:01<00:00, 21.45it/s]
wandb: WARNING `fps` argument does not affect the frame rate of the video when providing a file path or raw bytes.
167116800: reward=12.602
167772160: mean episode reward=11.891
178257920: mean episode reward=11.580
188743680: mean episode reward=11.897
199229440: mean episode reward=11.376

  0%|          | 0/40 [00:00<?, ?it/s]
  5%|▌         | 2/40 [00:00<00:02, 15.44it/s]
 12%|█▎        | 5/40 [00:00<00:01, 21.19it/s]
 20%|██        | 8/40 [00:00<00:01, 23.68it/s]
 28%|██▊       | 11/40 [00:00<00:01, 24.15it/s]
 35%|███▌      | 14/40 [00:00<00:01, 25.40it/s]
 42%|████▎     | 17/40 [00:00<00:00, 25.23it/s]
 50%|█████     | 20/40 [00:00<00:00, 25.61it/s]
 57%|█████▊    | 23/40 [00:00<00:00, 24.92it/s]
 65%|██████▌   | 26/40 [00:01<00:00, 23.45it/s]
 72%|███████▎  | 29/40 [00:01<00:00, 22.83it/s]
 80%|████████  | 32/40 [00:01<00:00, 22.31it/s]
 88%|████████▊ | 35/40 [00:01<00:00, 21.95it/s]
 95%|█████████▌| 38/40 [00:01<00:00, 21.70it/s]
100%|██████████| 40/40 [00:01<00:00, 22.83it/s]
wandb: WARNING `fps` argument does not affect the frame rate of the video when providing a file path or raw bytes.
200540160: reward=12.720
209715200: mean episode reward=12.979
220200960: mean episode reward=13.508
230686720: mean episode reward=12.891

  0%|          | 0/40 [00:00<?, ?it/s]
  5%|▌         | 2/40 [00:00<00:02, 16.40it/s]
 12%|█▎        | 5/40 [00:00<00:01, 19.15it/s]
 20%|██        | 8/40 [00:00<00:01, 19.83it/s]
 28%|██▊       | 11/40 [00:00<00:01, 20.75it/s]
 35%|███▌      | 14/40 [00:00<00:01, 21.06it/s]
 42%|████▎     | 17/40 [00:00<00:01, 21.35it/s]
 50%|█████     | 20/40 [00:00<00:00, 21.50it/s]
 57%|█████▊    | 23/40 [00:01<00:00, 21.62it/s]
 65%|██████▌   | 26/40 [00:01<00:00, 21.76it/s]
 72%|███████▎  | 29/40 [00:01<00:00, 21.96it/s]
 80%|████████  | 32/40 [00:01<00:00, 21.94it/s]
 88%|████████▊ | 35/40 [00:01<00:00, 22.36it/s]
 95%|█████████▌| 38/40 [00:01<00:00, 22.35it/s]
100%|██████████| 40/40 [00:01<00:00, 21.55it/s]
wandb: WARNING `fps` argument does not affect the frame rate of the video when providing a file path or raw bytes.
233963520: reward=12.380
241172480: mean episode reward=12.672
251658240: mean episode reward=13.163
262144000: mean episode reward=12.170

  0%|          | 0/40 [00:00<?, ?it/s]
  5%|▌         | 2/40 [00:00<00:02, 16.43it/s]
 12%|█▎        | 5/40 [00:00<00:01, 19.86it/s]
 20%|██        | 8/40 [00:00<00:01, 21.43it/s]
 28%|██▊       | 11/40 [00:00<00:01, 21.40it/s]
 35%|███▌      | 14/40 [00:00<00:01, 21.23it/s]
 42%|████▎     | 17/40 [00:00<00:01, 21.70it/s]
 50%|█████     | 20/40 [00:00<00:00, 22.63it/s]
 57%|█████▊    | 23/40 [00:01<00:00, 21.69it/s]
 65%|██████▌   | 26/40 [00:01<00:00, 22.11it/s]
 72%|███████▎  | 29/40 [00:01<00:00, 22.54it/s]
 80%|████████  | 32/40 [00:01<00:00, 23.55it/s]
 88%|████████▊ | 35/40 [00:01<00:00, 23.34it/s]
 95%|█████████▌| 38/40 [00:01<00:00, 23.93it/s]
100%|██████████| 40/40 [00:01<00:00, 22.52it/s]
wandb: WARNING `fps` argument does not affect the frame rate of the video when providing a file path or raw bytes.
267386880: reward=12.378
272629760: mean episode reward=13.205
283115520: mean episode reward=12.983
293601280: mean episode reward=13.516

  0%|          | 0/40 [00:00<?, ?it/s]
  5%|▌         | 2/40 [00:00<00:02, 16.79it/s]
 12%|█▎        | 5/40 [00:00<00:01, 22.22it/s]
 20%|██        | 8/40 [00:00<00:01, 23.47it/s]
 28%|██▊       | 11/40 [00:00<00:01, 23.55it/s]
 35%|███▌      | 14/40 [00:00<00:01, 23.67it/s]
 42%|████▎     | 17/40 [00:00<00:00, 24.07it/s]
 50%|█████     | 20/40 [00:00<00:00, 24.31it/s]
 57%|█████▊    | 23/40 [00:00<00:00, 23.63it/s]
 65%|██████▌   | 26/40 [00:01<00:00, 23.56it/s]
 72%|███████▎  | 29/40 [00:01<00:00, 23.22it/s]
 80%|████████  | 32/40 [00:01<00:00, 23.02it/s]
 88%|████████▊ | 35/40 [00:01<00:00, 23.28it/s]
 95%|█████████▌| 38/40 [00:01<00:00, 23.02it/s]
100%|██████████| 40/40 [00:01<00:00, 23.13it/s]
wandb: WARNING `fps` argument does not affect the frame rate of the video when providing a file path or raw bytes.
300810240: reward=11.909
Done training.
Time to JIT compile: 15.534408167004585
Time to train: 604.5187458023429
Starting inference...
FPS for rendering: 10.0

  0%|          | 0/500 [00:00<?, ?it/s]
  0%|          | 2/500 [00:00<00:31, 15.94it/s]
  1%|          | 5/500 [00:00<00:25, 19.55it/s]
  2%|▏         | 8/500 [00:00<00:22, 22.17it/s]
  2%|▏         | 11/500 [00:00<00:20, 23.30it/s]
  3%|▎         | 14/500 [00:00<00:20, 23.27it/s]
  3%|▎         | 17/500 [00:00<00:21, 22.70it/s]
  4%|▍         | 20/500 [00:00<00:21, 22.23it/s]
  5%|▍         | 23/500 [00:01<00:21, 22.00it/s]
  5%|▌         | 26/500 [00:01<00:21, 22.19it/s]
  6%|▌         | 29/500 [00:01<00:21, 21.58it/s]
  6%|▋         | 32/500 [00:01<00:22, 21.12it/s]
  7%|▋         | 35/500 [00:01<00:22, 20.68it/s]
  8%|▊         | 38/500 [00:01<00:22, 20.44it/s]
  8%|▊         | 41/500 [00:01<00:22, 20.30it/s]
  9%|▉         | 44/500 [00:02<00:22, 20.47it/s]
  9%|▉         | 47/500 [00:02<00:22, 20.43it/s]
 10%|█         | 50/500 [00:02<00:22, 20.36it/s]
 11%|█         | 53/500 [00:02<00:22, 19.99it/s]
 11%|█         | 56/500 [00:02<00:22, 19.96it/s]
 12%|█▏        | 59/500 [00:02<00:21, 20.24it/s]
 12%|█▏        | 62/500 [00:02<00:21, 20.57it/s]
 13%|█▎        | 65/500 [00:03<00:21, 20.70it/s]
 14%|█▎        | 68/500 [00:03<00:20, 20.88it/s]
 14%|█▍        | 71/500 [00:03<00:20, 20.90it/s]
 15%|█▍        | 74/500 [00:03<00:20, 20.72it/s]
 15%|█▌        | 77/500 [00:03<00:20, 20.72it/s]
 16%|█▌        | 80/500 [00:03<00:20, 20.95it/s]
 17%|█▋        | 83/500 [00:03<00:19, 21.21it/s]
 17%|█▋        | 86/500 [00:04<00:19, 21.77it/s]
 18%|█▊        | 89/500 [00:04<00:18, 21.67it/s]
 18%|█▊        | 92/500 [00:04<00:18, 21.49it/s]
 19%|█▉        | 95/500 [00:04<00:19, 21.27it/s]
 20%|█▉        | 98/500 [00:04<00:19, 20.72it/s]
 20%|██        | 101/500 [00:04<00:19, 20.50it/s]
 21%|██        | 104/500 [00:04<00:19, 20.55it/s]
 21%|██▏       | 107/500 [00:05<00:18, 21.37it/s]
 22%|██▏       | 110/500 [00:05<00:17, 21.89it/s]
 23%|██▎       | 113/500 [00:05<00:17, 22.50it/s]
 23%|██▎       | 116/500 [00:05<00:16, 23.66it/s]
 24%|██▍       | 119/500 [00:05<00:15, 24.44it/s]
 24%|██▍       | 122/500 [00:05<00:15, 24.73it/s]
 25%|██▌       | 125/500 [00:05<00:15, 24.81it/s]
 26%|██▌       | 128/500 [00:05<00:15, 24.39it/s]
 26%|██▌       | 131/500 [00:06<00:15, 23.43it/s]
 27%|██▋       | 134/500 [00:06<00:16, 22.85it/s]
 27%|██▋       | 137/500 [00:06<00:16, 22.20it/s]
 28%|██▊       | 140/500 [00:06<00:16, 22.12it/s]
 29%|██▊       | 143/500 [00:06<00:16, 21.88it/s]
 29%|██▉       | 146/500 [00:06<00:16, 21.30it/s]
 30%|██▉       | 149/500 [00:06<00:16, 20.98it/s]
 30%|███       | 152/500 [00:07<00:16, 20.93it/s]
 31%|███       | 155/500 [00:07<00:17, 20.26it/s]
 32%|███▏      | 158/500 [00:07<00:16, 20.42it/s]
 32%|███▏      | 161/500 [00:07<00:16, 20.99it/s]
 33%|███▎      | 164/500 [00:07<00:15, 21.23it/s]
 33%|███▎      | 167/500 [00:07<00:15, 21.11it/s]
 34%|███▍      | 170/500 [00:07<00:15, 21.43it/s]
 35%|███▍      | 173/500 [00:08<00:15, 21.79it/s]
 35%|███▌      | 176/500 [00:08<00:14, 22.00it/s]
 36%|███▌      | 179/500 [00:08<00:14, 22.29it/s]
 36%|███▋      | 182/500 [00:08<00:14, 22.46it/s]
 37%|███▋      | 185/500 [00:08<00:14, 22.03it/s]
 38%|███▊      | 188/500 [00:08<00:14, 21.64it/s]
 38%|███▊      | 191/500 [00:08<00:14, 21.03it/s]
 39%|███▉      | 194/500 [00:09<00:14, 21.27it/s]
 39%|███▉      | 197/500 [00:09<00:14, 21.33it/s]
 40%|████      | 200/500 [00:09<00:13, 21.45it/s]
 41%|████      | 203/500 [00:09<00:13, 21.36it/s]
 41%|████      | 206/500 [00:09<00:13, 21.50it/s]
 42%|████▏     | 209/500 [00:09<00:13, 21.71it/s]
 42%|████▏     | 212/500 [00:09<00:13, 21.56it/s]
 43%|████▎     | 215/500 [00:10<00:13, 21.48it/s]
 44%|████▎     | 218/500 [00:10<00:12, 21.76it/s]
 44%|████▍     | 221/500 [00:10<00:12, 21.95it/s]
 45%|████▍     | 224/500 [00:10<00:12, 22.34it/s]
 45%|████▌     | 227/500 [00:10<00:11, 23.14it/s]
 46%|████▌     | 230/500 [00:10<00:11, 23.94it/s]
 47%|████▋     | 233/500 [00:10<00:11, 23.87it/s]
 47%|████▋     | 236/500 [00:10<00:11, 23.71it/s]
 48%|████▊     | 239/500 [00:11<00:10, 23.86it/s]
 48%|████▊     | 242/500 [00:11<00:11, 23.26it/s]
 49%|████▉     | 245/500 [00:11<00:11, 23.09it/s]
 50%|████▉     | 248/500 [00:11<00:10, 23.25it/s]
 50%|█████     | 251/500 [00:11<00:10, 22.86it/s]
 51%|█████     | 254/500 [00:11<00:10, 22.75it/s]
 51%|█████▏    | 257/500 [00:11<00:10, 22.87it/s]
 52%|█████▏    | 260/500 [00:11<00:10, 23.10it/s]
 53%|█████▎    | 263/500 [00:12<00:10, 22.45it/s]
 53%|█████▎    | 266/500 [00:12<00:10, 21.87it/s]
 54%|█████▍    | 269/500 [00:12<00:10, 21.23it/s]
 54%|█████▍    | 272/500 [00:12<00:10, 21.10it/s]
 55%|█████▌    | 275/500 [00:12<00:11, 20.27it/s]
 56%|█████▌    | 278/500 [00:12<00:10, 20.35it/s]
 56%|█████▌    | 281/500 [00:12<00:10, 21.21it/s]
 57%|█████▋    | 284/500 [00:13<00:09, 22.06it/s]
 57%|█████▋    | 287/500 [00:13<00:09, 22.28it/s]
 58%|█████▊    | 290/500 [00:13<00:09, 22.15it/s]
 59%|█████▊    | 293/500 [00:13<00:09, 21.68it/s]
 59%|█████▉    | 296/500 [00:13<00:09, 21.98it/s]
 60%|█████▉    | 299/500 [00:13<00:08, 22.49it/s]
 60%|██████    | 302/500 [00:13<00:08, 22.28it/s]
 61%|██████    | 305/500 [00:14<00:08, 22.05it/s]
 62%|██████▏   | 308/500 [00:14<00:08, 21.82it/s]
 62%|██████▏   | 311/500 [00:14<00:08, 21.78it/s]
 63%|██████▎   | 314/500 [00:14<00:08, 21.17it/s]
 63%|██████▎   | 317/500 [00:14<00:08, 21.44it/s]
 64%|██████▍   | 320/500 [00:14<00:08, 20.96it/s]
 65%|██████▍   | 323/500 [00:14<00:08, 20.84it/s]
 65%|██████▌   | 326/500 [00:15<00:08, 20.74it/s]
 66%|██████▌   | 329/500 [00:15<00:08, 20.51it/s]
 66%|██████▋   | 332/500 [00:15<00:08, 20.38it/s]
 67%|██████▋   | 335/500 [00:15<00:07, 21.07it/s]
 68%|██████▊   | 338/500 [00:15<00:07, 22.33it/s]
 68%|██████▊   | 341/500 [00:15<00:06, 23.03it/s]
 69%|██████▉   | 344/500 [00:15<00:06, 22.70it/s]
 69%|██████▉   | 347/500 [00:15<00:07, 21.83it/s]
 70%|███████   | 350/500 [00:16<00:07, 20.76it/s]
 71%|███████   | 353/500 [00:16<00:07, 20.40it/s]
 71%|███████   | 356/500 [00:16<00:07, 20.31it/s]
 72%|███████▏  | 359/500 [00:16<00:06, 20.27it/s]
 72%|███████▏  | 362/500 [00:16<00:06, 20.38it/s]
 73%|███████▎  | 365/500 [00:16<00:06, 20.42it/s]
 74%|███████▎  | 368/500 [00:17<00:06, 20.46it/s]
 74%|███████▍  | 371/500 [00:17<00:06, 20.42it/s]
 75%|███████▍  | 374/500 [00:17<00:06, 20.47it/s]
 75%|███████▌  | 377/500 [00:17<00:06, 20.22it/s]
 76%|███████▌  | 380/500 [00:17<00:05, 20.52it/s]
 77%|███████▋  | 383/500 [00:17<00:05, 21.31it/s]
 77%|███████▋  | 386/500 [00:17<00:05, 21.27it/s]
 78%|███████▊  | 389/500 [00:18<00:05, 21.21it/s]
 78%|███████▊  | 392/500 [00:18<00:05, 21.18it/s]
 79%|███████▉  | 395/500 [00:18<00:04, 21.34it/s]
 80%|███████▉  | 398/500 [00:18<00:04, 21.34it/s]
 80%|████████  | 401/500 [00:18<00:04, 21.50it/s]
 81%|████████  | 404/500 [00:18<00:04, 21.33it/s]
 81%|████████▏ | 407/500 [00:18<00:04, 21.57it/s]
 82%|████████▏ | 410/500 [00:19<00:04, 21.39it/s]
 83%|████████▎ | 413/500 [00:19<00:04, 21.15it/s]
 83%|████████▎ | 416/500 [00:19<00:04, 20.99it/s]
 84%|████████▍ | 419/500 [00:19<00:03, 20.82it/s]
 84%|████████▍ | 422/500 [00:19<00:03, 20.85it/s]
 85%|████████▌ | 425/500 [00:19<00:03, 20.68it/s]
 86%|████████▌ | 428/500 [00:19<00:03, 20.59it/s]
 86%|████████▌ | 431/500 [00:20<00:03, 20.74it/s]
 87%|████████▋ | 434/500 [00:20<00:03, 20.86it/s]
 87%|████████▋ | 437/500 [00:20<00:02, 21.65it/s]
 88%|████████▊ | 440/500 [00:20<00:02, 22.59it/s]
 89%|████████▊ | 443/500 [00:20<00:02, 22.88it/s]
 89%|████████▉ | 446/500 [00:20<00:02, 23.29it/s]
 90%|████████▉ | 449/500 [00:20<00:02, 23.44it/s]
 90%|█████████ | 452/500 [00:20<00:02, 23.26it/s]
 91%|█████████ | 455/500 [00:21<00:01, 23.08it/s]
 92%|█████████▏| 458/500 [00:21<00:01, 21.57it/s]
 92%|█████████▏| 461/500 [00:21<00:01, 21.14it/s]
 93%|█████████▎| 464/500 [00:21<00:01, 20.75it/s]
 93%|█████████▎| 467/500 [00:21<00:01, 20.63it/s]
 94%|█████████▍| 470/500 [00:21<00:01, 20.72it/s]
 95%|█████████▍| 473/500 [00:21<00:01, 21.00it/s]
 95%|█████████▌| 476/500 [00:22<00:01, 20.76it/s]
 96%|█████████▌| 479/500 [00:22<00:01, 20.99it/s]
 96%|█████████▋| 482/500 [00:22<00:00, 21.02it/s]
 97%|█████████▋| 485/500 [00:22<00:00, 20.81it/s]
 98%|█████████▊| 488/500 [00:22<00:00, 21.03it/s]
 98%|█████████▊| 491/500 [00:22<00:00, 21.04it/s]
 99%|█████████▉| 494/500 [00:22<00:00, 20.93it/s]
 99%|█████████▉| 497/500 [00:23<00:00, 21.02it/s]
100%|██████████| 500/500 [00:23<00:00, 21.35it/s]
100%|██████████| 500/500 [00:23<00:00, 21.52it/s]
Rollout video saved as 'rollout0.mp4'.
[1;34mwandb[0m: 
[1;34mwandb[0m: 🚀 View run [33mTesolloCubePinch-20260622-200126-cubepinch_sb_none_s2[0m at: [34mhttps://wandb.ai/nikolastaykov/mjxrl/runs/w3aojcm6[0m
[1;34mwandb[0m: Find logs at: [1;35mwandb/run-20260622_200126-w3aojcm6/logs[0m
