Warp 1.12.1 initialized:
   CUDA Toolkit 12.9, Driver 12.5
   Devices:
     "cpu"      : "x86_64"
     "cuda:0"   : "NVIDIA GeForce RTX 4090" (24 GiB, sm_89, mempool enabled)
   Kernel cache:
     /home/nstaykov/.cache/warp/1.12.1
Warp DeprecationWarning: The symbol `warp.types.warp_type_to_np_dtype` will soon be removed from the public API. It can still be accessed from `warp._src.types.warp_type_to_np_dtype` but might be changed or removed without notice.
/local/home/nstaykov/workspace/mujoco_playground/mujoco_playground/_src/manipulation/tesollo_hand/obs.py:161: UserWarning: obs_noise.scales has keys not in active obs spec: {'motor_targets', 'fingertip_forces', 'joint_pos', 'fingertip_force_dirs', 'joint_vel'}
  warnings.warn(
Environment Config:
action_repeat: 1
ctrl_dt: 0.05
cube_pos_offset:
- 0.0
- 0.0
cube_size_scale: 1.0
domain_rand:
  cube_mass:
  - 1.0
  - 1.0
  cube_pos:
  - 0.0
  - 0.0
  cube_size:
  - 0.85
  - 1.15
ema_alpha: 0.15
episode_length: 80
force_target_range:
- 2.0
- 5.0
force_tolerance: 0.75
ghost_cube: false
impl: warp
nconmax: 409600
njmax: 1024
obs_noise:
  bias_scales:
    fingertip_force_dirs: 0.0
    fingertip_forces: 0.0
    joint_pos: 0.0
    joint_vel: 0.0
    motor_targets: 0.0
  level: 0.0
  scales:
    fingertip_force_dirs: 0.0
    fingertip_forces: 0.0
    joint_pos: 0.001
    joint_vel: 0.01
    motor_targets: 0.0
pert_config:
  angular_velocity_pert:
  - 0.0
  - 0.5
  enable: false
  linear_velocity_pert:
  - 0.0
  - 3.0
  pert_duration_steps:
  - 1
  - 100
  pert_wait_steps:
  - 60
  - 150
pid_gains:
  enable: false
  finger_kp: 3.0
  finger_kv: 0.0
  kp_per_actuator: []
  kv_per_actuator: []
reward_config:
  scales:
    action_rate: -0.005
    cube_force: 5.0
    fingertip_pos_per_tip: 2.0
    joint_vel: -0.01
  success_reward: 10.0
sensor_bundle: none
sim_dt: 0.01
success_hold_time: 0.5
use_ctrl_delta: false
weld_cube: true

PPO Training Parameters:
action_repeat: 1
batch_size: 256
discounting: 0.995
entropy_cost: 0.01
episode_length: 80
learning_rate: 0.0001
log_training_metrics: true
max_grad_norm: 1.0
network_factory:
  policy_hidden_layer_sizes: &id001 !!python/tuple
  - 256
  - 128
  - 64
  policy_obs_key: state
  value_hidden_layer_sizes: *id001
  value_obs_key: privileged_state
normalize_observations: true
num_envs: 8192
num_evals: 10
num_minibatches: 64
num_resets_per_eval: 1
num_timesteps: 300000000
num_updates_per_batch: 4
reward_scaling: 1.0
training_metrics_steps: 10000000
unroll_length: 40

CLI overrides: {
  "env_name": "TesolloCubePinch",
  "suffix": "cubepinch_sb_none_s1",
  "use_wandb": true,
  "log_video_to_wandb": true,
  "domain_randomization": true,
  "seed": 1,
  "num_timesteps": 300000000,
  "num_envs": 8192,
  "log_training_metrics": true,
  "training_metrics_steps": 10000000,
  "env_overrides_file": "logs/_queue/pinch_sweep_size_rand-20260622-195014/run-00-TesolloCubePinch-cubepinch_sb_none_s1-overrides.yaml"
}
Experiment name: TesolloCubePinch-20260622-195023-cubepinch_sb_none_s1
Logs are being stored in: /local/home/nstaykov/workspace/mujoco_playground/logs/TesolloCubePinch-20260622-195023-cubepinch_sb_none_s1
wandb: [wandb.login()] Loaded credentials for https://api.wandb.ai from WANDB_API_KEY.
wandb: Currently logged in as: nstaykov (nikolastaykov) to https://api.wandb.ai. Use `wandb login --relogin` to force relogin
wandb: Tracking run with wandb version 0.26.1
wandb: Run data is saved locally in /local/home/nstaykov/workspace/mujoco_playground/wandb/run-20260622_195024-m6qi3r4t
wandb: Run `wandb offline` to turn off syncing.
wandb: Syncing run TesolloCubePinch-20260622-195023-cubepinch_sb_none_s1
wandb: ⭐️ View project at https://wandb.ai/nikolastaykov/mjxrl
wandb: 🚀 View run at https://wandb.ai/nikolastaykov/mjxrl/runs/m6qi3r4t
No checkpoint path provided, not restoring from checkpoint
Checkpoint path: /local/home/nstaykov/workspace/mujoco_playground/logs/TesolloCubePinch-20260622-195023-cubepinch_sb_none_s1/checkpoints
/local/home/nstaykov/workspace/mujoco_playground/mujoco_playground/_src/manipulation/tesollo_hand/obs.py:161: UserWarning: obs_noise.scales has keys not in active obs spec: {'motor_targets', 'fingertip_forces', 'joint_pos', 'fingertip_force_dirs', 'joint_vel'}
  warnings.warn(
Module mujoco.mjx.warp.ffi 98d2031 load on device 'cuda:0' took 0.38 ms  (cached)
Module mujoco.mjx.third_party.mujoco_warp._src.smooth 26bbc02 load on device 'cuda:0' took 6.38 ms  (cached)
Module mujoco.mjx.third_party.mujoco_warp._src.collision_driver 88f7770 load on device 'cuda:0' took 0.28 ms  (cached)
Module _nxn_broadphase__locals__kernel_c763f4cb c763f4c load on device 'cuda:0' took 0.27 ms  (cached)
Module _primitive_narrowphase__locals__primitive_narrowphase_072e9f5e 072e9f5 load on device 'cuda:0' took 0.35 ms  (cached)
Module mujoco.mjx.third_party.mujoco_warp._src.constraint c567367 load on device 'cuda:0' took 0.45 ms  (cached)
Module mujoco.mjx.third_party.mujoco_warp._src.sensor 18a78e5 load on device 'cuda:0' took 0.50 ms  (cached)
Module mujoco.mjx.third_party.mujoco_warp._src.forward 16fbac8 load on device 'cuda:0' took 0.42 ms  (cached)
Module mujoco.mjx.third_party.mujoco_warp._src.passive 8bfe11c load on device 'cuda:0' took 0.34 ms  (cached)
Module mujoco.mjx.third_party.mujoco_warp._src.forward 8f5355c load on device 'cuda:0' took 0.40 ms  (cached)
Module mujoco.mjx.third_party.mujoco_warp._src.support dd3f924 load on device 'cuda:0' took 0.26 ms  (cached)
Module _tile_cholesky_factorize_solve__locals__cholesky_factorize_solve_fb56ecff 06a1263 load on device 'cuda:0' took 24.69 ms  (cached)
Module mujoco.mjx.third_party.mujoco_warp._src.solver b116efb load on device 'cuda:0' took 0.48 ms  (cached)
Module solve_init_jaref__locals__kernel_92ac5104 92ac510 load on device 'cuda:0' took 0.39 ms  (cached)
Module mul_m_dense__locals___mul_m_dense_4674517e 4674517 load on device 'cuda:0' took 0.40 ms  (cached)
Module update_constraint_efc__locals__kernel_81015163 8101516 load on device 'cuda:0' took 0.27 ms  (cached)
Module update_constraint_gauss_cost__locals__kernel_266b2051 266b205 load on device 'cuda:0' took 0.40 ms  (cached)
Module update_gradient_JTDAJ_dense_tiled__locals__kernel_f57d3998 abf76dd load on device 'cuda:0' took 0.53 ms  (cached)
Module update_gradient_cholesky__locals__kernel_84e35302 9d5b72e load on device 'cuda:0' took 26.22 ms  (cached)
Module linesearch_iterative__locals__kernel_94acdc55 9c914fd load on device 'cuda:0' took 0.36 ms  (cached)
Module update_constraint_efc__locals__kernel_25737258 2573725 load on device 'cuda:0' took 0.28 ms  (cached)
Module _contact_sort__locals__contact_sort_44d31eb2 de954a2 load on device 'cuda:0' took 0.33 ms  (cached)
0: reward=4.029

  0%|          | 0/40 [00:00<?, ?it/s]
  5%|▌         | 2/40 [00:00<00:02, 15.11it/s]
 12%|█▎        | 5/40 [00:00<00:01, 19.24it/s]
 20%|██        | 8/40 [00:00<00:01, 20.20it/s]
 28%|██▊       | 11/40 [00:00<00:01, 20.94it/s]
 35%|███▌      | 14/40 [00:00<00:01, 20.93it/s]
 42%|████▎     | 17/40 [00:00<00:01, 21.66it/s]
 50%|█████     | 20/40 [00:00<00:00, 22.85it/s]
 57%|█████▊    | 23/40 [00:01<00:00, 23.66it/s]
 65%|██████▌   | 26/40 [00:01<00:00, 24.51it/s]
 72%|███████▎  | 29/40 [00:01<00:00, 24.08it/s]
 80%|████████  | 32/40 [00:01<00:00, 23.75it/s]
 88%|████████▊ | 35/40 [00:01<00:00, 23.42it/s]
 95%|█████████▌| 38/40 [00:01<00:00, 23.75it/s]
100%|██████████| 40/40 [00:01<00:00, 22.71it/s]
wandb: WARNING `fps` argument does not affect the frame rate of the video when providing a file path or raw bytes.
10485760: mean episode reward=8.805
20971520: mean episode reward=10.070
31457280: mean episode reward=10.417

  0%|          | 0/40 [00:00<?, ?it/s]
  5%|▌         | 2/40 [00:00<00:02, 16.53it/s]
 12%|█▎        | 5/40 [00:00<00:01, 19.48it/s]
 20%|██        | 8/40 [00:00<00:01, 20.46it/s]
 28%|██▊       | 11/40 [00:00<00:01, 20.84it/s]
 35%|███▌      | 14/40 [00:00<00:01, 21.20it/s]
 42%|████▎     | 17/40 [00:00<00:01, 20.79it/s]
 50%|█████     | 20/40 [00:00<00:00, 20.88it/s]
 57%|█████▊    | 23/40 [00:01<00:00, 20.65it/s]
 65%|██████▌   | 26/40 [00:01<00:00, 20.78it/s]
 72%|███████▎  | 29/40 [00:01<00:00, 20.79it/s]
 80%|████████  | 32/40 [00:01<00:00, 21.33it/s]
 88%|████████▊ | 35/40 [00:01<00:00, 22.40it/s]
 95%|█████████▌| 38/40 [00:01<00:00, 23.72it/s]
100%|██████████| 40/40 [00:01<00:00, 21.81it/s]
wandb: WARNING `fps` argument does not affect the frame rate of the video when providing a file path or raw bytes.
33423360: reward=10.595
41943040: mean episode reward=11.106
52428800: mean episode reward=11.562
62914560: mean episode reward=12.064

  0%|          | 0/40 [00:00<?, ?it/s]
  5%|▌         | 2/40 [00:00<00:02, 16.89it/s]
 12%|█▎        | 5/40 [00:00<00:01, 19.43it/s]
 20%|██        | 8/40 [00:00<00:01, 20.62it/s]
 28%|██▊       | 11/40 [00:00<00:01, 20.76it/s]
 35%|███▌      | 14/40 [00:00<00:01, 21.80it/s]
 42%|████▎     | 17/40 [00:00<00:01, 22.15it/s]
 50%|█████     | 20/40 [00:00<00:00, 24.00it/s]
 57%|█████▊    | 23/40 [00:01<00:00, 24.20it/s]
 65%|██████▌   | 26/40 [00:01<00:00, 24.67it/s]
 72%|███████▎  | 29/40 [00:01<00:00, 24.21it/s]
 80%|████████  | 32/40 [00:01<00:00, 23.79it/s]
 88%|████████▊ | 35/40 [00:01<00:00, 22.83it/s]
 95%|█████████▌| 38/40 [00:01<00:00, 22.41it/s]
100%|██████████| 40/40 [00:01<00:00, 22.54it/s]
wandb: WARNING `fps` argument does not affect the frame rate of the video when providing a file path or raw bytes.
66846720: reward=10.545
73400320: mean episode reward=11.142
83886080: mean episode reward=11.318
94371840: mean episode reward=11.796

  0%|          | 0/40 [00:00<?, ?it/s]
  5%|▌         | 2/40 [00:00<00:02, 17.10it/s]
 12%|█▎        | 5/40 [00:00<00:01, 22.75it/s]
 20%|██        | 8/40 [00:00<00:01, 24.61it/s]
 28%|██▊       | 11/40 [00:00<00:01, 25.47it/s]
 35%|███▌      | 14/40 [00:00<00:01, 25.26it/s]
 42%|████▎     | 17/40 [00:00<00:00, 24.57it/s]
 50%|█████     | 20/40 [00:00<00:00, 23.91it/s]
 57%|█████▊    | 23/40 [00:00<00:00, 22.98it/s]
 65%|██████▌   | 26/40 [00:01<00:00, 22.79it/s]
 72%|███████▎  | 29/40 [00:01<00:00, 22.24it/s]
 80%|████████  | 32/40 [00:01<00:00, 22.01it/s]
 88%|████████▊ | 35/40 [00:01<00:00, 21.96it/s]
 95%|█████████▌| 38/40 [00:01<00:00, 21.72it/s]
100%|██████████| 40/40 [00:01<00:00, 22.72it/s]
wandb: WARNING `fps` argument does not affect the frame rate of the video when providing a file path or raw bytes.
100270080: reward=12.354
104857600: mean episode reward=11.780
115343360: mean episode reward=12.036
125829120: mean episode reward=12.322

  0%|          | 0/40 [00:00<?, ?it/s]
  5%|▌         | 2/40 [00:00<00:02, 17.88it/s]
 12%|█▎        | 5/40 [00:00<00:01, 22.34it/s]
 20%|██        | 8/40 [00:00<00:01, 23.15it/s]
 28%|██▊       | 11/40 [00:00<00:01, 23.21it/s]
 35%|███▌      | 14/40 [00:00<00:01, 23.77it/s]
 42%|████▎     | 17/40 [00:00<00:00, 23.62it/s]
 50%|█████     | 20/40 [00:00<00:00, 23.04it/s]
 57%|█████▊    | 23/40 [00:01<00:00, 23.01it/s]
 65%|██████▌   | 26/40 [00:01<00:00, 23.22it/s]
 72%|███████▎  | 29/40 [00:01<00:00, 23.40it/s]
 80%|████████  | 32/40 [00:01<00:00, 23.08it/s]
 88%|████████▊ | 35/40 [00:01<00:00, 22.96it/s]
 95%|█████████▌| 38/40 [00:01<00:00, 23.43it/s]
100%|██████████| 40/40 [00:01<00:00, 23.11it/s]
wandb: WARNING `fps` argument does not affect the frame rate of the video when providing a file path or raw bytes.
133693440: reward=13.353
136314880: mean episode reward=12.145
146800640: mean episode reward=11.638
157286400: mean episode reward=11.979

  0%|          | 0/40 [00:00<?, ?it/s]
  5%|▌         | 2/40 [00:00<00:02, 18.45it/s]
 12%|█▎        | 5/40 [00:00<00:01, 22.11it/s]
 20%|██        | 8/40 [00:00<00:01, 23.40it/s]
 28%|██▊       | 11/40 [00:00<00:01, 24.60it/s]
 35%|███▌      | 14/40 [00:00<00:01, 24.91it/s]
 42%|████▎     | 17/40 [00:00<00:00, 25.19it/s]
 50%|█████     | 20/40 [00:00<00:00, 24.75it/s]
 57%|█████▊    | 23/40 [00:00<00:00, 24.50it/s]
 65%|██████▌   | 26/40 [00:01<00:00, 23.41it/s]
 72%|███████▎  | 29/40 [00:01<00:00, 22.86it/s]
 80%|████████  | 32/40 [00:01<00:00, 22.39it/s]
 88%|████████▊ | 35/40 [00:01<00:00, 22.62it/s]
 95%|█████████▌| 38/40 [00:01<00:00, 22.79it/s]
100%|██████████| 40/40 [00:01<00:00, 23.41it/s]
wandb: WARNING `fps` argument does not affect the frame rate of the video when providing a file path or raw bytes.
167116800: reward=12.072
167772160: mean episode reward=11.935
178257920: mean episode reward=11.819
188743680: mean episode reward=12.015
199229440: mean episode reward=11.746

  0%|          | 0/40 [00:00<?, ?it/s]
  5%|▌         | 2/40 [00:00<00:02, 16.57it/s]
 12%|█▎        | 5/40 [00:00<00:01, 20.24it/s]
 20%|██        | 8/40 [00:00<00:01, 21.52it/s]
 28%|██▊       | 11/40 [00:00<00:01, 21.93it/s]
 35%|███▌      | 14/40 [00:00<00:01, 21.71it/s]
 42%|████▎     | 17/40 [00:00<00:01, 22.69it/s]
 50%|█████     | 20/40 [00:00<00:00, 23.96it/s]
 57%|█████▊    | 23/40 [00:01<00:00, 24.85it/s]
 65%|██████▌   | 26/40 [00:01<00:00, 24.88it/s]
 72%|███████▎  | 29/40 [00:01<00:00, 24.46it/s]
 80%|████████  | 32/40 [00:01<00:00, 24.18it/s]
 88%|████████▊ | 35/40 [00:01<00:00, 23.42it/s]
 95%|█████████▌| 38/40 [00:01<00:00, 23.41it/s]
100%|██████████| 40/40 [00:01<00:00, 23.08it/s]
wandb: WARNING `fps` argument does not affect the frame rate of the video when providing a file path or raw bytes.
200540160: reward=10.766
209715200: mean episode reward=12.253
220200960: mean episode reward=12.132
230686720: mean episode reward=12.188

  0%|          | 0/40 [00:00<?, ?it/s]
  5%|▌         | 2/40 [00:00<00:02, 17.03it/s]
 12%|█▎        | 5/40 [00:00<00:01, 21.29it/s]
 20%|██        | 8/40 [00:00<00:01, 22.60it/s]
 28%|██▊       | 11/40 [00:00<00:01, 23.38it/s]
 35%|███▌      | 14/40 [00:00<00:01, 23.53it/s]
 42%|████▎     | 17/40 [00:00<00:00, 23.92it/s]
 50%|█████     | 20/40 [00:00<00:00, 24.19it/s]
 57%|█████▊    | 23/40 [00:00<00:00, 24.18it/s]
 65%|██████▌   | 26/40 [00:01<00:00, 24.63it/s]
 72%|███████▎  | 29/40 [00:01<00:00, 23.50it/s]
 80%|████████  | 32/40 [00:01<00:00, 23.70it/s]
 88%|████████▊ | 35/40 [00:01<00:00, 24.05it/s]
 95%|█████████▌| 38/40 [00:01<00:00, 24.23it/s]
100%|██████████| 40/40 [00:01<00:00, 23.77it/s]
wandb: WARNING `fps` argument does not affect the frame rate of the video when providing a file path or raw bytes.
233963520: reward=11.612
241172480: mean episode reward=11.400
251658240: mean episode reward=11.439
262144000: mean episode reward=11.240

  0%|          | 0/40 [00:00<?, ?it/s]
  5%|▌         | 2/40 [00:00<00:02, 17.01it/s]
 12%|█▎        | 5/40 [00:00<00:01, 21.27it/s]
 20%|██        | 8/40 [00:00<00:01, 23.58it/s]
 28%|██▊       | 11/40 [00:00<00:01, 23.92it/s]
 35%|███▌      | 14/40 [00:00<00:01, 23.34it/s]
 42%|████▎     | 17/40 [00:00<00:00, 23.57it/s]
 50%|█████     | 20/40 [00:00<00:00, 22.90it/s]
 57%|█████▊    | 23/40 [00:01<00:00, 22.63it/s]
 65%|██████▌   | 26/40 [00:01<00:00, 22.14it/s]
 72%|███████▎  | 29/40 [00:01<00:00, 21.97it/s]
 80%|████████  | 32/40 [00:01<00:00, 21.64it/s]
 88%|████████▊ | 35/40 [00:01<00:00, 21.58it/s]
 95%|█████████▌| 38/40 [00:01<00:00, 21.69it/s]
100%|██████████| 40/40 [00:01<00:00, 22.15it/s]
wandb: WARNING `fps` argument does not affect the frame rate of the video when providing a file path or raw bytes.
267386880: reward=12.124
272629760: mean episode reward=10.799
283115520: mean episode reward=10.868
293601280: mean episode reward=11.026

  0%|          | 0/40 [00:00<?, ?it/s]
  5%|▌         | 2/40 [00:00<00:02, 16.16it/s]
 12%|█▎        | 5/40 [00:00<00:01, 19.55it/s]
 20%|██        | 8/40 [00:00<00:01, 19.83it/s]
 28%|██▊       | 11/40 [00:00<00:01, 20.28it/s]
 35%|███▌      | 14/40 [00:00<00:01, 20.61it/s]
 42%|████▎     | 17/40 [00:00<00:01, 21.12it/s]
 50%|█████     | 20/40 [00:00<00:00, 20.92it/s]
 57%|█████▊    | 23/40 [00:01<00:00, 21.41it/s]
 65%|██████▌   | 26/40 [00:01<00:00, 21.73it/s]
 72%|███████▎  | 29/40 [00:01<00:00, 22.18it/s]
 80%|████████  | 32/40 [00:01<00:00, 23.92it/s]
 88%|████████▊ | 35/40 [00:01<00:00, 24.66it/s]
 95%|█████████▌| 38/40 [00:01<00:00, 25.10it/s]
100%|██████████| 40/40 [00:01<00:00, 22.50it/s]
wandb: WARNING `fps` argument does not affect the frame rate of the video when providing a file path or raw bytes.
300810240: reward=11.049
Done training.
Time to JIT compile: 15.685425877571106
Time to train: 600.1646760106087
Starting inference...
FPS for rendering: 10.0

  0%|          | 0/500 [00:00<?, ?it/s]
  0%|          | 2/500 [00:00<00:30, 16.20it/s]
  1%|          | 5/500 [00:00<00:23, 21.15it/s]
  2%|▏         | 8/500 [00:00<00:21, 22.85it/s]
  2%|▏         | 11/500 [00:00<00:20, 24.00it/s]
  3%|▎         | 14/500 [00:00<00:19, 24.57it/s]
  3%|▎         | 17/500 [00:00<00:19, 25.11it/s]
  4%|▍         | 20/500 [00:00<00:19, 24.64it/s]
  5%|▍         | 23/500 [00:00<00:19, 24.76it/s]
  5%|▌         | 26/500 [00:01<00:18, 24.96it/s]
  6%|▌         | 29/500 [00:01<00:19, 24.59it/s]
  6%|▋         | 32/500 [00:01<00:19, 24.48it/s]
  7%|▋         | 35/500 [00:01<00:19, 23.97it/s]
  8%|▊         | 38/500 [00:01<00:19, 24.02it/s]
  8%|▊         | 41/500 [00:01<00:18, 24.84it/s]
  9%|▉         | 44/500 [00:01<00:17, 25.47it/s]
  9%|▉         | 47/500 [00:01<00:17, 25.58it/s]
 10%|█         | 50/500 [00:02<00:17, 25.83it/s]
 11%|█         | 53/500 [00:02<00:17, 25.67it/s]
 11%|█         | 56/500 [00:02<00:17, 25.61it/s]
 12%|█▏        | 59/500 [00:02<00:18, 24.15it/s]
 12%|█▏        | 62/500 [00:02<00:19, 22.93it/s]
 13%|█▎        | 65/500 [00:02<00:19, 22.23it/s]
 14%|█▎        | 68/500 [00:02<00:19, 21.91it/s]
 14%|█▍        | 71/500 [00:02<00:19, 21.71it/s]
 15%|█▍        | 74/500 [00:03<00:19, 21.32it/s]
 15%|█▌        | 77/500 [00:03<00:20, 20.71it/s]
 16%|█▌        | 80/500 [00:03<00:19, 21.20it/s]
 17%|█▋        | 83/500 [00:03<00:19, 21.54it/s]
 17%|█▋        | 86/500 [00:03<00:19, 21.77it/s]
 18%|█▊        | 89/500 [00:03<00:18, 22.37it/s]
 18%|█▊        | 92/500 [00:03<00:17, 22.85it/s]
 19%|█▉        | 95/500 [00:04<00:18, 22.37it/s]
 20%|█▉        | 98/500 [00:04<00:18, 21.83it/s]
 20%|██        | 101/500 [00:04<00:18, 21.76it/s]
 21%|██        | 104/500 [00:04<00:18, 21.47it/s]
 21%|██▏       | 107/500 [00:04<00:19, 20.63it/s]
 22%|██▏       | 110/500 [00:04<00:19, 20.52it/s]
 23%|██▎       | 113/500 [00:04<00:18, 20.78it/s]
 23%|██▎       | 116/500 [00:05<00:18, 20.60it/s]
 24%|██▍       | 119/500 [00:05<00:18, 20.63it/s]
 24%|██▍       | 122/500 [00:05<00:19, 19.83it/s]
 25%|██▌       | 125/500 [00:05<00:18, 20.05it/s]
 26%|██▌       | 128/500 [00:05<00:18, 20.09it/s]
 26%|██▌       | 131/500 [00:05<00:18, 20.01it/s]
 27%|██▋       | 134/500 [00:06<00:18, 20.25it/s]
 27%|██▋       | 137/500 [00:06<00:17, 20.98it/s]
 28%|██▊       | 140/500 [00:06<00:17, 20.69it/s]
 29%|██▊       | 143/500 [00:06<00:17, 20.55it/s]
 29%|██▉       | 146/500 [00:06<00:16, 20.93it/s]
 30%|██▉       | 149/500 [00:06<00:16, 21.48it/s]
 30%|███       | 152/500 [00:06<00:15, 22.06it/s]
 31%|███       | 155/500 [00:06<00:15, 22.49it/s]
 32%|███▏      | 158/500 [00:07<00:15, 22.12it/s]
 32%|███▏      | 161/500 [00:07<00:15, 21.40it/s]
 33%|███▎      | 164/500 [00:07<00:16, 20.99it/s]
 33%|███▎      | 167/500 [00:07<00:16, 20.51it/s]
 34%|███▍      | 170/500 [00:07<00:16, 20.42it/s]
 35%|███▍      | 173/500 [00:07<00:16, 20.15it/s]
 35%|███▌      | 176/500 [00:07<00:15, 20.48it/s]
 36%|███▌      | 179/500 [00:08<00:15, 20.88it/s]
 36%|███▋      | 182/500 [00:08<00:15, 20.58it/s]
 37%|███▋      | 185/500 [00:08<00:15, 20.52it/s]
 38%|███▊      | 188/500 [00:08<00:15, 20.53it/s]
 38%|███▊      | 191/500 [00:08<00:15, 20.44it/s]
 39%|███▉      | 194/500 [00:08<00:14, 20.75it/s]
 39%|███▉      | 197/500 [00:09<00:14, 20.60it/s]
 40%|████      | 200/500 [00:09<00:14, 20.20it/s]
 41%|████      | 203/500 [00:09<00:15, 19.78it/s]
 41%|████      | 206/500 [00:09<00:14, 20.18it/s]
 42%|████▏     | 209/500 [00:09<00:14, 20.16it/s]
 42%|████▏     | 212/500 [00:09<00:13, 20.77it/s]
 43%|████▎     | 215/500 [00:09<00:13, 20.55it/s]
 44%|████▎     | 218/500 [00:10<00:13, 20.16it/s]
 44%|████▍     | 221/500 [00:10<00:13, 20.51it/s]
 45%|████▍     | 224/500 [00:10<00:13, 20.35it/s]
 45%|████▌     | 227/500 [00:10<00:13, 20.24it/s]
 46%|████▌     | 230/500 [00:10<00:13, 20.26it/s]
 47%|████▋     | 233/500 [00:10<00:12, 21.01it/s]
 47%|████▋     | 236/500 [00:10<00:12, 20.65it/s]
 48%|████▊     | 239/500 [00:11<00:12, 20.40it/s]
 48%|████▊     | 242/500 [00:11<00:12, 20.28it/s]
 49%|████▉     | 245/500 [00:11<00:12, 19.90it/s]
 49%|████▉     | 247/500 [00:11<00:12, 19.78it/s]
 50%|█████     | 250/500 [00:11<00:11, 21.41it/s]
 51%|█████     | 253/500 [00:11<00:10, 22.76it/s]
 51%|█████     | 256/500 [00:11<00:10, 23.45it/s]
 52%|█████▏    | 259/500 [00:11<00:10, 23.71it/s]
 52%|█████▏    | 262/500 [00:12<00:09, 23.95it/s]
 53%|█████▎    | 265/500 [00:12<00:10, 22.95it/s]
 54%|█████▎    | 268/500 [00:12<00:10, 22.31it/s]
 54%|█████▍    | 271/500 [00:12<00:10, 22.16it/s]
 55%|█████▍    | 274/500 [00:12<00:10, 21.51it/s]
 55%|█████▌    | 277/500 [00:12<00:10, 21.65it/s]
 56%|█████▌    | 280/500 [00:12<00:10, 21.62it/s]
 57%|█████▋    | 283/500 [00:13<00:10, 21.70it/s]
 57%|█████▋    | 286/500 [00:13<00:09, 22.03it/s]
 58%|█████▊    | 289/500 [00:13<00:09, 21.57it/s]
 58%|█████▊    | 292/500 [00:13<00:09, 21.42it/s]
 59%|█████▉    | 295/500 [00:13<00:09, 21.28it/s]
 60%|█████▉    | 298/500 [00:13<00:09, 21.46it/s]
 60%|██████    | 301/500 [00:13<00:09, 21.23it/s]
 61%|██████    | 304/500 [00:14<00:09, 21.14it/s]
 61%|██████▏   | 307/500 [00:14<00:08, 21.68it/s]
 62%|██████▏   | 310/500 [00:14<00:09, 20.97it/s]
 63%|██████▎   | 313/500 [00:14<00:08, 21.40it/s]
 63%|██████▎   | 316/500 [00:14<00:08, 21.52it/s]
 64%|██████▍   | 319/500 [00:14<00:08, 21.31it/s]
 64%|██████▍   | 322/500 [00:14<00:08, 21.34it/s]
 65%|██████▌   | 325/500 [00:15<00:08, 21.77it/s]
 66%|██████▌   | 328/500 [00:15<00:07, 22.10it/s]
 66%|██████▌   | 331/500 [00:15<00:07, 22.20it/s]
 67%|██████▋   | 334/500 [00:15<00:07, 21.75it/s]
 67%|██████▋   | 337/500 [00:15<00:07, 21.75it/s]
 68%|██████▊   | 340/500 [00:15<00:07, 21.94it/s]
 69%|██████▊   | 343/500 [00:15<00:07, 21.89it/s]
 69%|██████▉   | 346/500 [00:15<00:07, 21.57it/s]
 70%|██████▉   | 349/500 [00:16<00:07, 21.17it/s]
 70%|███████   | 352/500 [00:16<00:06, 21.56it/s]
 71%|███████   | 355/500 [00:16<00:06, 21.53it/s]
 72%|███████▏  | 358/500 [00:16<00:06, 21.86it/s]
 72%|███████▏  | 361/500 [00:16<00:06, 22.65it/s]
 73%|███████▎  | 364/500 [00:16<00:05, 23.21it/s]
 73%|███████▎  | 367/500 [00:16<00:05, 23.35it/s]
 74%|███████▍  | 370/500 [00:17<00:05, 23.07it/s]
 75%|███████▍  | 373/500 [00:17<00:05, 22.54it/s]
 75%|███████▌  | 376/500 [00:17<00:05, 22.65it/s]
 76%|███████▌  | 379/500 [00:17<00:05, 22.97it/s]
 76%|███████▋  | 382/500 [00:17<00:05, 22.40it/s]
 77%|███████▋  | 385/500 [00:17<00:05, 21.99it/s]
 78%|███████▊  | 388/500 [00:17<00:05, 21.35it/s]
 78%|███████▊  | 391/500 [00:18<00:05, 21.60it/s]
 79%|███████▉  | 394/500 [00:18<00:04, 21.40it/s]
 79%|███████▉  | 397/500 [00:18<00:04, 21.58it/s]
 80%|████████  | 400/500 [00:18<00:04, 21.20it/s]
 81%|████████  | 403/500 [00:18<00:04, 21.14it/s]
 81%|████████  | 406/500 [00:18<00:04, 21.04it/s]
 82%|████████▏ | 409/500 [00:18<00:04, 20.64it/s]
 82%|████████▏ | 412/500 [00:19<00:04, 21.12it/s]
 83%|████████▎ | 415/500 [00:19<00:03, 21.31it/s]
 84%|████████▎ | 418/500 [00:19<00:03, 21.28it/s]
 84%|████████▍ | 421/500 [00:19<00:03, 21.01it/s]
 85%|████████▍ | 424/500 [00:19<00:03, 20.78it/s]
 85%|████████▌ | 427/500 [00:19<00:03, 20.75it/s]
 86%|████████▌ | 430/500 [00:19<00:03, 20.78it/s]
 87%|████████▋ | 433/500 [00:20<00:03, 20.90it/s]
 87%|████████▋ | 436/500 [00:20<00:03, 21.31it/s]
 88%|████████▊ | 439/500 [00:20<00:02, 21.08it/s]
 88%|████████▊ | 442/500 [00:20<00:02, 20.73it/s]
 89%|████████▉ | 445/500 [00:20<00:02, 20.57it/s]
 90%|████████▉ | 448/500 [00:20<00:02, 20.68it/s]
 90%|█████████ | 451/500 [00:20<00:02, 20.36it/s]
 91%|█████████ | 454/500 [00:21<00:02, 20.10it/s]
 91%|█████████▏| 457/500 [00:21<00:02, 20.09it/s]
 92%|█████████▏| 460/500 [00:21<00:01, 20.01it/s]
 93%|█████████▎| 463/500 [00:21<00:01, 20.04it/s]
 93%|█████████▎| 466/500 [00:21<00:01, 20.85it/s]
 94%|█████████▍| 469/500 [00:21<00:01, 22.11it/s]
 94%|█████████▍| 472/500 [00:21<00:01, 22.75it/s]
 95%|█████████▌| 475/500 [00:21<00:01, 22.83it/s]
 96%|█████████▌| 478/500 [00:22<00:00, 23.00it/s]
 96%|█████████▌| 481/500 [00:22<00:00, 22.29it/s]
 97%|█████████▋| 484/500 [00:22<00:00, 21.82it/s]
 97%|█████████▋| 487/500 [00:22<00:00, 21.46it/s]
 98%|█████████▊| 490/500 [00:22<00:00, 21.36it/s]
 99%|█████████▊| 493/500 [00:22<00:00, 21.17it/s]
 99%|█████████▉| 496/500 [00:22<00:00, 21.19it/s]
100%|█████████▉| 499/500 [00:23<00:00, 21.33it/s]
100%|██████████| 500/500 [00:23<00:00, 21.58it/s]
Rollout video saved as 'rollout0.mp4'.
[1;34mwandb[0m: 
[1;34mwandb[0m: 🚀 View run [33mTesolloCubePinch-20260622-195023-cubepinch_sb_none_s1[0m at: [34mhttps://wandb.ai/nikolastaykov/mjxrl/runs/m6qi3r4t[0m
[1;34mwandb[0m: Find logs at: [1;35mwandb/run-20260622_195024-m6qi3r4t/logs[0m
