Warp 1.12.1 initialized:
   CUDA Toolkit 12.9, Driver 12.5
   Devices:
     "cpu"      : "x86_64"
     "cuda:0"   : "NVIDIA GeForce RTX 4090" (24 GiB, sm_89, mempool enabled)
   Kernel cache:
     /home/nstaykov/.cache/warp/1.12.1
Warp DeprecationWarning: The symbol `warp.types.warp_type_to_np_dtype` will soon be removed from the public API. It can still be accessed from `warp._src.types.warp_type_to_np_dtype` but might be changed or removed without notice.
/local/home/nstaykov/workspace/mujoco_playground/mujoco_playground/_src/manipulation/tesollo_hand/obs.py:161: UserWarning: obs_noise.scales has keys not in active obs spec: {'motor_targets'}
  warnings.warn(
Environment Config:
action_mode: absolute
action_repeat: 1
action_scale: 0.5
constrain_wrist_translation: false
ctrl_dt: 0.05
curriculum:
  band_width: 0.08726646259971647
  enable: false
  promote_after: 5
  success_count_threshold: 70
ema_alpha: 0.2
episode_length: 120
impl: warp
kp_scale: 1.0
max_target_angle: 2.0943951023931953
nconmax: 1638400
njmax: 2200
obs_noise:
  level: 1.0
  scales:
    goal_quat: 0.0
    joint_pos: 0.0
    joint_vel: 0.0
    motor_targets: 0.0
ori_tolerance_rad: 0.05235987755982988
pert_config:
  angular_velocity_pert:
  - 0.0
  - 0.5
  enable: false
  linear_velocity_pert:
  - 0.0
  - 3.0
  pert_duration_steps:
  - 1
  - 100
  pert_wait_steps:
  - 60
  - 150
reward_config:
  ori_reward_margin_rad: 0.5235987755982988
  scales:
    action_rate: -0.5
    cube_on_floor: -0.5
    cube_ori: 2.0
    fingertip_pos: 1.5
    joint_vel: -0.002
    wrist_vel: -0.02
  success_reward: 2.0
scene:
  cube_mass: 0.108
sensor_bundle: baseline
sim_dt: 0.01
target_hold_time: 0.05

PPO Training Parameters:
action_repeat: 1
batch_size: 256
discounting: 0.99
entropy_cost: 0.005
episode_length: 120
learning_rate: 0.0001
log_training_metrics: true
network_factory:
  policy_hidden_layer_sizes: &id001 !!python/tuple
  - 512
  - 256
  - 128
  policy_obs_key: state
  value_hidden_layer_sizes: *id001
  value_obs_key: privileged_state
normalize_observations: true
num_envs: 8192
num_evals: 20
num_minibatches: 64
num_resets_per_eval: 0
num_timesteps: 1000000000
num_updates_per_batch: 4
reward_scaling: 1.0
training_metrics_steps: 20000000
unroll_length: 40

CLI overrides: {
  "env_name": "TesolloDownwardsRotateZ",
  "suffix": "downwardsrotatez_sb_baseline_s0",
  "use_wandb": true,
  "log_video_to_wandb": true,
  "seed": 0,
  "num_timesteps": 1000000000,
  "num_envs": 8192,
  "log_training_metrics": true,
  "training_metrics_steps": 20000000,
  "env_overrides_file": "logs/_queue/downwards_sensor_sweep_120-20260625-124815/run-03-TesolloDownwardsRotateZ-downwardsrotatez_sb_baseline_s0-overrides.yaml"
}
Experiment name: TesolloDownwardsRotateZ-20260625-182059-downwardsrotatez_sb_baseline_s0
Logs are being stored in: /local/home/nstaykov/workspace/mujoco_playground/logs/TesolloDownwardsRotateZ-20260625-182059-downwardsrotatez_sb_baseline_s0
wandb: [wandb.login()] Loaded credentials for https://api.wandb.ai from WANDB_API_KEY.
wandb: Currently logged in as: nstaykov (nikolastaykov) to https://api.wandb.ai. Use `wandb login --relogin` to force relogin
wandb: setting up run cpcqu4hj
wandb: Tracking run with wandb version 0.26.1
wandb: Run data is saved locally in /local/home/nstaykov/workspace/mujoco_playground/wandb/run-20260625_182059-cpcqu4hj
wandb: Run `wandb offline` to turn off syncing.
wandb: Syncing run TesolloDownwardsRotateZ-20260625-182059-downwardsrotatez_sb_baseline_s0
wandb: ⭐️ View project at https://wandb.ai/nikolastaykov/mjxrl
wandb: 🚀 View run at https://wandb.ai/nikolastaykov/mjxrl/runs/cpcqu4hj
No checkpoint path provided, not restoring from checkpoint
Checkpoint path: /local/home/nstaykov/workspace/mujoco_playground/logs/TesolloDownwardsRotateZ-20260625-182059-downwardsrotatez_sb_baseline_s0/checkpoints
/local/home/nstaykov/workspace/mujoco_playground/mujoco_playground/_src/manipulation/tesollo_hand/obs.py:161: UserWarning: obs_noise.scales has keys not in active obs spec: {'motor_targets'}
  warnings.warn(
Module mujoco.mjx.warp.ffi 98d2031 load on device 'cuda:0' took 0.38 ms  (cached)
Module mujoco.mjx.third_party.mujoco_warp._src.smooth 26bbc02 load on device 'cuda:0' took 6.37 ms  (cached)
Module mujoco.mjx.third_party.mujoco_warp._src.collision_driver 88f7770 load on device 'cuda:0' took 0.29 ms  (cached)
Module _nxn_broadphase__locals__kernel_c763f4cb c763f4c load on device 'cuda:0' took 0.30 ms  (cached)
Module _primitive_narrowphase__locals__primitive_narrowphase_072e9f5e 072e9f5 load on device 'cuda:0' took 0.47 ms  (cached)
Module mujoco.mjx.third_party.mujoco_warp._src.constraint c567367 load on device 'cuda:0' took 0.52 ms  (cached)
Module mujoco.mjx.third_party.mujoco_warp._src.sensor 18a78e5 load on device 'cuda:0' took 0.64 ms  (cached)
Module mujoco.mjx.third_party.mujoco_warp._src.forward 16fbac8 load on device 'cuda:0' took 0.45 ms  (cached)
Module mujoco.mjx.third_party.mujoco_warp._src.passive 8bfe11c load on device 'cuda:0' took 0.34 ms  (cached)
Module mujoco.mjx.third_party.mujoco_warp._src.forward 8f5355c load on device 'cuda:0' took 0.40 ms  (cached)
Module mujoco.mjx.third_party.mujoco_warp._src.support dd3f924 load on device 'cuda:0' took 0.27 ms  (cached)
Module _tile_cholesky_factorize_solve__locals__cholesky_factorize_solve_98799697 3154237 load on device 'cuda:0' took 26.39 ms  (cached)
Module _tile_cholesky_factorize_solve__locals__cholesky_factorize_solve_b2744b1b e16af87 load on device 'cuda:0' took 27.37 ms  (cached)
Module mujoco.mjx.third_party.mujoco_warp._src.solver b116efb load on device 'cuda:0' took 0.49 ms  (cached)
Module solve_init_jaref__locals__kernel_feadd581 feadd58 load on device 'cuda:0' took 0.30 ms  (cached)
Module mul_m_dense__locals___mul_m_dense_e34139c1 e34139c load on device 'cuda:0' took 0.30 ms  (cached)
Module update_constraint_efc__locals__kernel_81015163 8101516 load on device 'cuda:0' took 0.28 ms  (cached)
Module update_constraint_gauss_cost__locals__kernel_6370b491 6370b49 load on device 'cuda:0' took 0.28 ms  (cached)
Module update_gradient_JTDAJ_dense_tiled__locals__kernel_e0063ce2 85330e7 load on device 'cuda:0' took 0.57 ms  (cached)
Module update_gradient_cholesky__locals__kernel_c54e7710 b74aeaf load on device 'cuda:0' took 27.70 ms  (cached)
Module linesearch_iterative__locals__kernel_94acdc55 9c914fd load on device 'cuda:0' took 0.40 ms  (cached)
Module update_constraint_efc__locals__kernel_25737258 2573725 load on device 'cuda:0' took 0.30 ms  (cached)
Module _contact_sort__locals__contact_sort_44d31eb2 de954a2 load on device 'cuda:0' took 0.37 ms  (cached)
0: reward=-0.282

  0%|          | 0/60 [00:00<?, ?it/s]
  3%|▎         | 2/60 [00:00<00:03, 16.44it/s]
  8%|▊         | 5/60 [00:00<00:02, 20.40it/s]
 13%|█▎        | 8/60 [00:00<00:02, 21.88it/s]
 18%|█▊        | 11/60 [00:00<00:02, 22.06it/s]
 23%|██▎       | 14/60 [00:00<00:02, 22.33it/s]
 28%|██▊       | 17/60 [00:00<00:01, 23.44it/s]
 33%|███▎      | 20/60 [00:00<00:01, 23.23it/s]
 38%|███▊      | 23/60 [00:01<00:01, 23.26it/s]
 43%|████▎     | 26/60 [00:01<00:01, 23.46it/s]
 48%|████▊     | 29/60 [00:01<00:01, 23.52it/s]
 53%|█████▎    | 32/60 [00:01<00:01, 23.57it/s]
 58%|█████▊    | 35/60 [00:01<00:01, 24.02it/s]
 63%|██████▎   | 38/60 [00:01<00:00, 23.71it/s]
 68%|██████▊   | 41/60 [00:01<00:00, 23.53it/s]
 73%|███████▎  | 44/60 [00:01<00:00, 23.48it/s]
 78%|███████▊  | 47/60 [00:02<00:00, 23.86it/s]
 83%|████████▎ | 50/60 [00:02<00:00, 23.57it/s]
 88%|████████▊ | 53/60 [00:02<00:00, 24.04it/s]
 93%|█████████▎| 56/60 [00:02<00:00, 24.07it/s]
 98%|█████████▊| 59/60 [00:02<00:00, 24.03it/s]
100%|██████████| 60/60 [00:02<00:00, 23.37it/s]
wandb: WARNING `fps` argument does not affect the frame rate of the video when providing a file path or raw bytes.
20316160: mean episode reward=3.795
40632320: mean episode reward=7.777

  0%|          | 0/60 [00:00<?, ?it/s]
  3%|▎         | 2/60 [00:00<00:03, 16.28it/s]
  8%|▊         | 5/60 [00:00<00:02, 19.50it/s]
 13%|█▎        | 8/60 [00:00<00:02, 20.07it/s]
 18%|█▊        | 11/60 [00:00<00:02, 21.18it/s]
 23%|██▎       | 14/60 [00:00<00:02, 21.73it/s]
 28%|██▊       | 17/60 [00:00<00:01, 22.27it/s]
 33%|███▎      | 20/60 [00:00<00:01, 22.37it/s]
 38%|███▊      | 23/60 [00:01<00:01, 22.42it/s]
 43%|████▎     | 26/60 [00:01<00:01, 22.74it/s]
 48%|████▊     | 29/60 [00:01<00:01, 23.00it/s]
 53%|█████▎    | 32/60 [00:01<00:01, 22.39it/s]
 58%|█████▊    | 35/60 [00:01<00:01, 22.79it/s]
 63%|██████▎   | 38/60 [00:01<00:00, 23.11it/s]
 68%|██████▊   | 41/60 [00:01<00:00, 23.48it/s]
 73%|███████▎  | 44/60 [00:01<00:00, 23.52it/s]
 78%|███████▊  | 47/60 [00:02<00:00, 23.36it/s]
 83%|████████▎ | 50/60 [00:02<00:00, 23.25it/s]
 88%|████████▊ | 53/60 [00:02<00:00, 24.00it/s]
 93%|█████████▎| 56/60 [00:02<00:00, 24.77it/s]
 98%|█████████▊| 59/60 [00:02<00:00, 24.16it/s]
100%|██████████| 60/60 [00:02<00:00, 22.88it/s]
wandb: WARNING `fps` argument does not affect the frame rate of the video when providing a file path or raw bytes.
53084160: reward=8.569
60948480: mean episode reward=8.375
81264640: mean episode reward=9.196
101580800: mean episode reward=10.857

  0%|          | 0/60 [00:00<?, ?it/s]
  3%|▎         | 2/60 [00:00<00:03, 17.14it/s]
  8%|▊         | 5/60 [00:00<00:02, 22.25it/s]
 13%|█▎        | 8/60 [00:00<00:02, 22.35it/s]
 18%|█▊        | 11/60 [00:00<00:02, 22.17it/s]
 23%|██▎       | 14/60 [00:00<00:02, 21.91it/s]
 28%|██▊       | 17/60 [00:00<00:01, 22.08it/s]
 33%|███▎      | 20/60 [00:00<00:01, 21.70it/s]
 38%|███▊      | 23/60 [00:01<00:01, 21.80it/s]
 43%|████▎     | 26/60 [00:01<00:01, 22.05it/s]
 48%|████▊     | 29/60 [00:01<00:01, 22.13it/s]
 53%|█████▎    | 32/60 [00:01<00:01, 22.00it/s]
 58%|█████▊    | 35/60 [00:01<00:01, 21.79it/s]
 63%|██████▎   | 38/60 [00:01<00:01, 21.64it/s]
 68%|██████▊   | 41/60 [00:01<00:00, 20.92it/s]
 73%|███████▎  | 44/60 [00:02<00:00, 20.61it/s]
 78%|███████▊  | 47/60 [00:02<00:00, 20.64it/s]
 83%|████████▎ | 50/60 [00:02<00:00, 20.80it/s]
 88%|████████▊ | 53/60 [00:02<00:00, 20.29it/s]
 93%|█████████▎| 56/60 [00:02<00:00, 20.06it/s]
 98%|█████████▊| 59/60 [00:02<00:00, 20.43it/s]
100%|██████████| 60/60 [00:02<00:00, 21.16it/s]
wandb: WARNING `fps` argument does not affect the frame rate of the video when providing a file path or raw bytes.
106168320: reward=9.920
121896960: mean episode reward=10.723
142213120: mean episode reward=10.873

  0%|          | 0/60 [00:00<?, ?it/s]
  3%|▎         | 2/60 [00:00<00:03, 14.99it/s]
  7%|▋         | 4/60 [00:00<00:03, 17.39it/s]
 12%|█▏        | 7/60 [00:00<00:02, 19.83it/s]
 17%|█▋        | 10/60 [00:00<00:02, 20.60it/s]
 22%|██▏       | 13/60 [00:00<00:02, 21.20it/s]
 27%|██▋       | 16/60 [00:00<00:02, 21.38it/s]
 32%|███▏      | 19/60 [00:00<00:01, 21.51it/s]
 37%|███▋      | 22/60 [00:01<00:01, 21.75it/s]
 42%|████▏     | 25/60 [00:01<00:01, 21.88it/s]
 47%|████▋     | 28/60 [00:01<00:01, 22.42it/s]
 52%|█████▏    | 31/60 [00:01<00:01, 21.88it/s]
 57%|█████▋    | 34/60 [00:01<00:01, 22.30it/s]
 62%|██████▏   | 37/60 [00:01<00:01, 22.90it/s]
 67%|██████▋   | 40/60 [00:01<00:00, 22.70it/s]
 72%|███████▏  | 43/60 [00:01<00:00, 23.28it/s]
 77%|███████▋  | 46/60 [00:02<00:00, 23.94it/s]
 82%|████████▏ | 49/60 [00:02<00:00, 24.05it/s]
 87%|████████▋ | 52/60 [00:02<00:00, 24.13it/s]
 92%|█████████▏| 55/60 [00:02<00:00, 23.46it/s]
 97%|█████████▋| 58/60 [00:02<00:00, 22.85it/s]
100%|██████████| 60/60 [00:02<00:00, 22.19it/s]
wandb: WARNING `fps` argument does not affect the frame rate of the video when providing a file path or raw bytes.
159252480: reward=12.631
162529280: mean episode reward=9.316
182845440: mean episode reward=11.063
203161600: mean episode reward=14.196

  0%|          | 0/60 [00:00<?, ?it/s]
  3%|▎         | 2/60 [00:00<00:03, 16.20it/s]
  8%|▊         | 5/60 [00:00<00:02, 18.89it/s]
 13%|█▎        | 8/60 [00:00<00:02, 19.89it/s]
 18%|█▊        | 11/60 [00:00<00:02, 20.73it/s]
 23%|██▎       | 14/60 [00:00<00:02, 20.81it/s]
 28%|██▊       | 17/60 [00:00<00:01, 21.59it/s]
 33%|███▎      | 20/60 [00:00<00:01, 22.60it/s]
 38%|███▊      | 23/60 [00:01<00:01, 22.57it/s]
 43%|████▎     | 26/60 [00:01<00:01, 22.82it/s]
 48%|████▊     | 29/60 [00:01<00:01, 23.16it/s]
 53%|█████▎    | 32/60 [00:01<00:01, 23.33it/s]
 58%|█████▊    | 35/60 [00:01<00:01, 23.30it/s]
 63%|██████▎   | 38/60 [00:01<00:00, 23.60it/s]
 68%|██████▊   | 41/60 [00:01<00:00, 23.91it/s]
 73%|███████▎  | 44/60 [00:01<00:00, 24.28it/s]
 78%|███████▊  | 47/60 [00:02<00:00, 24.02it/s]
 83%|████████▎ | 50/60 [00:02<00:00, 23.94it/s]
 88%|████████▊ | 53/60 [00:02<00:00, 24.22it/s]
 93%|█████████▎| 56/60 [00:02<00:00, 24.69it/s]
 98%|█████████▊| 59/60 [00:02<00:00, 24.78it/s]
100%|██████████| 60/60 [00:02<00:00, 23.10it/s]
wandb: WARNING `fps` argument does not affect the frame rate of the video when providing a file path or raw bytes.
212336640: reward=12.561
223477760: mean episode reward=13.798
243793920: mean episode reward=12.554
264110080: mean episode reward=12.525

  0%|          | 0/60 [00:00<?, ?it/s]
  3%|▎         | 2/60 [00:00<00:03, 15.56it/s]
  8%|▊         | 5/60 [00:00<00:02, 19.42it/s]
 13%|█▎        | 8/60 [00:00<00:02, 20.45it/s]
 18%|█▊        | 11/60 [00:00<00:02, 22.18it/s]
 23%|██▎       | 14/60 [00:00<00:02, 22.98it/s]
 28%|██▊       | 17/60 [00:00<00:01, 23.76it/s]
 33%|███▎      | 20/60 [00:00<00:01, 23.56it/s]
 38%|███▊      | 23/60 [00:01<00:01, 24.18it/s]
 43%|████▎     | 26/60 [00:01<00:01, 24.86it/s]
 48%|████▊     | 29/60 [00:01<00:01, 24.93it/s]
 53%|█████▎    | 32/60 [00:01<00:01, 24.77it/s]
 58%|█████▊    | 35/60 [00:01<00:01, 24.96it/s]
 63%|██████▎   | 38/60 [00:01<00:00, 25.29it/s]
 68%|██████▊   | 41/60 [00:01<00:00, 24.69it/s]
 73%|███████▎  | 44/60 [00:01<00:00, 24.64it/s]
 78%|███████▊  | 47/60 [00:01<00:00, 24.95it/s]
 83%|████████▎ | 50/60 [00:02<00:00, 26.27it/s]
 88%|████████▊ | 53/60 [00:02<00:00, 26.62it/s]
 93%|█████████▎| 56/60 [00:02<00:00, 26.36it/s]
 98%|█████████▊| 59/60 [00:02<00:00, 26.10it/s]
100%|██████████| 60/60 [00:02<00:00, 24.44it/s]
wandb: WARNING `fps` argument does not affect the frame rate of the video when providing a file path or raw bytes.
265420800: reward=13.979
284426240: mean episode reward=13.580
304742400: mean episode reward=13.390

  0%|          | 0/60 [00:00<?, ?it/s]
  3%|▎         | 2/60 [00:00<00:03, 17.63it/s]
  8%|▊         | 5/60 [00:00<00:02, 20.73it/s]
 13%|█▎        | 8/60 [00:00<00:02, 22.43it/s]
 18%|█▊        | 11/60 [00:00<00:02, 23.32it/s]
 23%|██▎       | 14/60 [00:00<00:01, 23.35it/s]
 28%|██▊       | 17/60 [00:00<00:01, 24.36it/s]
 33%|███▎      | 20/60 [00:00<00:01, 24.89it/s]
 38%|███▊      | 23/60 [00:00<00:01, 25.04it/s]
 43%|████▎     | 26/60 [00:01<00:01, 24.45it/s]
 48%|████▊     | 29/60 [00:01<00:01, 23.81it/s]
 53%|█████▎    | 32/60 [00:01<00:01, 23.91it/s]
 58%|█████▊    | 35/60 [00:01<00:01, 23.10it/s]
 63%|██████▎   | 38/60 [00:01<00:00, 22.95it/s]
 68%|██████▊   | 41/60 [00:01<00:00, 22.95it/s]
 73%|███████▎  | 44/60 [00:01<00:00, 22.27it/s]
 78%|███████▊  | 47/60 [00:02<00:00, 21.89it/s]
 83%|████████▎ | 50/60 [00:02<00:00, 21.98it/s]
 88%|████████▊ | 53/60 [00:02<00:00, 21.75it/s]
 93%|█████████▎| 56/60 [00:02<00:00, 21.50it/s]
 98%|█████████▊| 59/60 [00:02<00:00, 21.94it/s]
100%|██████████| 60/60 [00:02<00:00, 22.76it/s]
wandb: WARNING `fps` argument does not affect the frame rate of the video when providing a file path or raw bytes.
318504960: reward=14.003
325058560: mean episode reward=12.936
345374720: mean episode reward=13.250
365690880: mean episode reward=15.053

  0%|          | 0/60 [00:00<?, ?it/s]
  3%|▎         | 2/60 [00:00<00:03, 16.85it/s]
  8%|▊         | 5/60 [00:00<00:02, 21.72it/s]
 13%|█▎        | 8/60 [00:00<00:02, 23.22it/s]
 18%|█▊        | 11/60 [00:00<00:02, 23.78it/s]
 23%|██▎       | 14/60 [00:00<00:01, 23.43it/s]
 28%|██▊       | 17/60 [00:00<00:01, 24.04it/s]
 33%|███▎      | 20/60 [00:00<00:01, 24.18it/s]
 38%|███▊      | 23/60 [00:00<00:01, 24.31it/s]
 43%|████▎     | 26/60 [00:01<00:01, 24.51it/s]
 48%|████▊     | 29/60 [00:01<00:01, 23.74it/s]
 53%|█████▎    | 32/60 [00:01<00:01, 23.38it/s]
 58%|█████▊    | 35/60 [00:01<00:01, 23.46it/s]
 63%|██████▎   | 38/60 [00:01<00:00, 23.65it/s]
 68%|██████▊   | 41/60 [00:01<00:00, 24.05it/s]
 73%|███████▎  | 44/60 [00:01<00:00, 24.36it/s]
 78%|███████▊  | 47/60 [00:01<00:00, 24.59it/s]
 83%|████████▎ | 50/60 [00:02<00:00, 24.92it/s]
 88%|████████▊ | 53/60 [00:02<00:00, 24.81it/s]
 93%|█████████▎| 56/60 [00:02<00:00, 25.01it/s]
 98%|█████████▊| 59/60 [00:02<00:00, 25.11it/s]
100%|██████████| 60/60 [00:02<00:00, 24.16it/s]
wandb: WARNING `fps` argument does not affect the frame rate of the video when providing a file path or raw bytes.
371589120: reward=13.943
386007040: mean episode reward=14.025
406323200: mean episode reward=14.641

  0%|          | 0/60 [00:00<?, ?it/s]
  3%|▎         | 2/60 [00:00<00:03, 15.83it/s]
  8%|▊         | 5/60 [00:00<00:02, 19.19it/s]
 13%|█▎        | 8/60 [00:00<00:02, 20.35it/s]
 18%|█▊        | 11/60 [00:00<00:02, 20.75it/s]
 23%|██▎       | 14/60 [00:00<00:02, 20.82it/s]
 28%|██▊       | 17/60 [00:00<00:02, 21.18it/s]
 33%|███▎      | 20/60 [00:00<00:01, 21.87it/s]
 38%|███▊      | 23/60 [00:01<00:01, 22.37it/s]
 43%|████▎     | 26/60 [00:01<00:01, 23.20it/s]
 48%|████▊     | 29/60 [00:01<00:01, 23.72it/s]
 53%|█████▎    | 32/60 [00:01<00:01, 23.67it/s]
 58%|█████▊    | 35/60 [00:01<00:01, 23.87it/s]
 63%|██████▎   | 38/60 [00:01<00:00, 23.96it/s]
 68%|██████▊   | 41/60 [00:01<00:00, 23.93it/s]
 73%|███████▎  | 44/60 [00:01<00:00, 24.22it/s]
 78%|███████▊  | 47/60 [00:02<00:00, 25.16it/s]
 83%|████████▎ | 50/60 [00:02<00:00, 25.65it/s]
 88%|████████▊ | 53/60 [00:02<00:00, 25.65it/s]
 93%|█████████▎| 56/60 [00:02<00:00, 24.41it/s]
 98%|█████████▊| 59/60 [00:02<00:00, 24.11it/s]
100%|██████████| 60/60 [00:02<00:00, 23.19it/s]
wandb: WARNING `fps` argument does not affect the frame rate of the video when providing a file path or raw bytes.
424673280: reward=14.274
426639360: mean episode reward=15.120
446955520: mean episode reward=15.021
467271680: mean episode reward=16.766

  0%|          | 0/60 [00:00<?, ?it/s]
  3%|▎         | 2/60 [00:00<00:03, 15.66it/s]
  8%|▊         | 5/60 [00:00<00:02, 18.82it/s]
 13%|█▎        | 8/60 [00:00<00:02, 20.22it/s]
 18%|█▊        | 11/60 [00:00<00:02, 20.28it/s]
 23%|██▎       | 14/60 [00:00<00:02, 20.36it/s]
 28%|██▊       | 17/60 [00:00<00:02, 20.09it/s]
 33%|███▎      | 20/60 [00:01<00:02, 19.74it/s]
 37%|███▋      | 22/60 [00:01<00:01, 19.63it/s]
 42%|████▏     | 25/60 [00:01<00:01, 19.99it/s]
 47%|████▋     | 28/60 [00:01<00:01, 20.47it/s]
 52%|█████▏    | 31/60 [00:01<00:01, 21.24it/s]
 57%|█████▋    | 34/60 [00:01<00:01, 21.70it/s]
 62%|██████▏   | 37/60 [00:01<00:01, 22.56it/s]
 67%|██████▋   | 40/60 [00:01<00:00, 22.73it/s]
 72%|███████▏  | 43/60 [00:02<00:00, 23.27it/s]
 77%|███████▋  | 46/60 [00:02<00:00, 23.13it/s]
 82%|████████▏ | 49/60 [00:02<00:00, 23.01it/s]
 87%|████████▋ | 52/60 [00:02<00:00, 22.95it/s]
 92%|█████████▏| 55/60 [00:02<00:00, 23.64it/s]
 97%|█████████▋| 58/60 [00:02<00:00, 24.01it/s]
100%|██████████| 60/60 [00:02<00:00, 21.86it/s]
wandb: WARNING `fps` argument does not affect the frame rate of the video when providing a file path or raw bytes.
477757440: reward=14.304
487587840: mean episode reward=13.324
507904000: mean episode reward=13.684
528220160: mean episode reward=15.368

  0%|          | 0/60 [00:00<?, ?it/s]
  3%|▎         | 2/60 [00:00<00:03, 15.92it/s]
  8%|▊         | 5/60 [00:00<00:02, 19.13it/s]
 13%|█▎        | 8/60 [00:00<00:02, 21.92it/s]
 18%|█▊        | 11/60 [00:00<00:02, 22.84it/s]
 23%|██▎       | 14/60 [00:00<00:02, 22.92it/s]
 28%|██▊       | 17/60 [00:00<00:01, 22.38it/s]
 33%|███▎      | 20/60 [00:00<00:01, 22.07it/s]
 38%|███▊      | 23/60 [00:01<00:01, 22.22it/s]
 43%|████▎     | 26/60 [00:01<00:01, 22.99it/s]
 48%|████▊     | 29/60 [00:01<00:01, 22.92it/s]
 53%|█████▎    | 32/60 [00:01<00:01, 22.75it/s]
 58%|█████▊    | 35/60 [00:01<00:01, 22.82it/s]
 63%|██████▎   | 38/60 [00:01<00:00, 22.72it/s]
 68%|██████▊   | 41/60 [00:01<00:00, 22.37it/s]
 73%|███████▎  | 44/60 [00:01<00:00, 22.48it/s]
 78%|███████▊  | 47/60 [00:02<00:00, 22.12it/s]
 83%|████████▎ | 50/60 [00:02<00:00, 21.73it/s]
 88%|████████▊ | 53/60 [00:02<00:00, 21.88it/s]
 93%|█████████▎| 56/60 [00:02<00:00, 22.05it/s]
 98%|█████████▊| 59/60 [00:02<00:00, 21.82it/s]
100%|██████████| 60/60 [00:02<00:00, 22.12it/s]
wandb: WARNING `fps` argument does not affect the frame rate of the video when providing a file path or raw bytes.
530841600: reward=14.103
548536320: mean episode reward=15.938
568852480: mean episode reward=16.742

  0%|          | 0/60 [00:00<?, ?it/s]
  3%|▎         | 2/60 [00:00<00:03, 16.42it/s]
  8%|▊         | 5/60 [00:00<00:02, 20.05it/s]
 13%|█▎        | 8/60 [00:00<00:02, 21.26it/s]
 18%|█▊        | 11/60 [00:00<00:02, 22.98it/s]
 23%|██▎       | 14/60 [00:00<00:01, 24.33it/s]
 28%|██▊       | 17/60 [00:00<00:01, 25.35it/s]
 33%|███▎      | 20/60 [00:00<00:01, 25.72it/s]
 38%|███▊      | 23/60 [00:00<00:01, 26.03it/s]
 43%|████▎     | 26/60 [00:01<00:01, 26.35it/s]
 48%|████▊     | 29/60 [00:01<00:01, 25.37it/s]
 53%|█████▎    | 32/60 [00:01<00:01, 23.96it/s]
 58%|█████▊    | 35/60 [00:01<00:01, 22.98it/s]
 63%|██████▎   | 38/60 [00:01<00:00, 22.29it/s]
 68%|██████▊   | 41/60 [00:01<00:00, 22.51it/s]
 73%|███████▎  | 44/60 [00:01<00:00, 22.72it/s]
 78%|███████▊  | 47/60 [00:02<00:00, 22.81it/s]
 83%|████████▎ | 50/60 [00:02<00:00, 23.03it/s]
 88%|████████▊ | 53/60 [00:02<00:00, 22.70it/s]
 93%|█████████▎| 56/60 [00:02<00:00, 22.59it/s]
 98%|█████████▊| 59/60 [00:02<00:00, 22.79it/s]
100%|██████████| 60/60 [00:02<00:00, 23.34it/s]
wandb: WARNING `fps` argument does not affect the frame rate of the video when providing a file path or raw bytes.
583925760: reward=14.414
589168640: mean episode reward=15.127
609484800: mean episode reward=13.291
629800960: mean episode reward=14.893

  0%|          | 0/60 [00:00<?, ?it/s]
  3%|▎         | 2/60 [00:00<00:03, 16.54it/s]
  8%|▊         | 5/60 [00:00<00:02, 21.46it/s]
 13%|█▎        | 8/60 [00:00<00:02, 22.23it/s]
 18%|█▊        | 11/60 [00:00<00:02, 22.42it/s]
 23%|██▎       | 14/60 [00:00<00:02, 21.29it/s]
 28%|██▊       | 17/60 [00:00<00:01, 22.07it/s]
 33%|███▎      | 20/60 [00:00<00:01, 21.47it/s]
 38%|███▊      | 23/60 [00:01<00:01, 21.53it/s]
 43%|████▎     | 26/60 [00:01<00:01, 21.43it/s]
 48%|████▊     | 29/60 [00:01<00:01, 21.45it/s]
 53%|█████▎    | 32/60 [00:01<00:01, 21.83it/s]
 58%|█████▊    | 35/60 [00:01<00:01, 22.15it/s]
 63%|██████▎   | 38/60 [00:01<00:00, 22.69it/s]
 68%|██████▊   | 41/60 [00:01<00:00, 22.95it/s]
 73%|███████▎  | 44/60 [00:01<00:00, 22.83it/s]
 78%|███████▊  | 47/60 [00:02<00:00, 23.14it/s]
 83%|████████▎ | 50/60 [00:02<00:00, 23.31it/s]
 88%|████████▊ | 53/60 [00:02<00:00, 23.21it/s]
 93%|█████████▎| 56/60 [00:02<00:00, 23.13it/s]
 98%|█████████▊| 59/60 [00:02<00:00, 23.27it/s]
100%|██████████| 60/60 [00:02<00:00, 22.37it/s]
wandb: WARNING `fps` argument does not affect the frame rate of the video when providing a file path or raw bytes.
637009920: reward=14.698
650117120: mean episode reward=14.838
670433280: mean episode reward=15.114

  0%|          | 0/60 [00:00<?, ?it/s]
  3%|▎         | 2/60 [00:00<00:03, 18.60it/s]
  8%|▊         | 5/60 [00:00<00:02, 22.22it/s]
 13%|█▎        | 8/60 [00:00<00:02, 23.40it/s]
 18%|█▊        | 11/60 [00:00<00:02, 23.56it/s]
 23%|██▎       | 14/60 [00:00<00:01, 23.94it/s]
 28%|██▊       | 17/60 [00:00<00:01, 23.45it/s]
 33%|███▎      | 20/60 [00:00<00:01, 23.85it/s]
 38%|███▊      | 23/60 [00:00<00:01, 24.31it/s]
 43%|████▎     | 26/60 [00:01<00:01, 24.36it/s]
 48%|████▊     | 29/60 [00:01<00:01, 24.51it/s]
 53%|█████▎    | 32/60 [00:01<00:01, 23.89it/s]
 58%|█████▊    | 35/60 [00:01<00:01, 24.01it/s]
 63%|██████▎   | 38/60 [00:01<00:00, 23.43it/s]
 68%|██████▊   | 41/60 [00:01<00:00, 21.82it/s]
 73%|███████▎  | 44/60 [00:01<00:00, 22.45it/s]
 78%|███████▊  | 47/60 [00:02<00:00, 22.47it/s]
 83%|████████▎ | 50/60 [00:02<00:00, 22.86it/s]
 88%|████████▊ | 53/60 [00:02<00:00, 23.55it/s]
 93%|█████████▎| 56/60 [00:02<00:00, 23.46it/s]
 98%|█████████▊| 59/60 [00:02<00:00, 23.75it/s]
100%|██████████| 60/60 [00:02<00:00, 23.41it/s]
wandb: WARNING `fps` argument does not affect the frame rate of the video when providing a file path or raw bytes.
690094080: reward=15.181
690749440: mean episode reward=15.178
711065600: mean episode reward=15.560
731381760: mean episode reward=16.014

  0%|          | 0/60 [00:00<?, ?it/s]
  3%|▎         | 2/60 [00:00<00:03, 16.02it/s]
  8%|▊         | 5/60 [00:00<00:02, 19.43it/s]
 13%|█▎        | 8/60 [00:00<00:02, 20.26it/s]
 18%|█▊        | 11/60 [00:00<00:02, 21.34it/s]
 23%|██▎       | 14/60 [00:00<00:02, 21.47it/s]
 28%|██▊       | 17/60 [00:00<00:01, 21.76it/s]
 33%|███▎      | 20/60 [00:00<00:01, 22.11it/s]
 38%|███▊      | 23/60 [00:01<00:01, 22.55it/s]
 43%|████▎     | 26/60 [00:01<00:01, 22.53it/s]
 48%|████▊     | 29/60 [00:01<00:01, 22.72it/s]
 53%|█████▎    | 32/60 [00:01<00:01, 22.62it/s]
 58%|█████▊    | 35/60 [00:01<00:01, 23.35it/s]
 63%|██████▎   | 38/60 [00:01<00:00, 23.60it/s]
 68%|██████▊   | 41/60 [00:01<00:00, 23.80it/s]
 73%|███████▎  | 44/60 [00:01<00:00, 24.53it/s]
 78%|███████▊  | 47/60 [00:02<00:00, 24.88it/s]
 83%|████████▎ | 50/60 [00:02<00:00, 25.89it/s]
 88%|████████▊ | 53/60 [00:02<00:00, 25.79it/s]
 93%|█████████▎| 56/60 [00:02<00:00, 25.94it/s]
 98%|█████████▊| 59/60 [00:02<00:00, 26.29it/s]
100%|██████████| 60/60 [00:02<00:00, 23.53it/s]
wandb: WARNING `fps` argument does not affect the frame rate of the video when providing a file path or raw bytes.
743178240: reward=17.025
751697920: mean episode reward=16.354
772014080: mean episode reward=15.273
792330240: mean episode reward=15.229

  0%|          | 0/60 [00:00<?, ?it/s]
  3%|▎         | 2/60 [00:00<00:03, 15.85it/s]
  8%|▊         | 5/60 [00:00<00:02, 18.83it/s]
 13%|█▎        | 8/60 [00:00<00:02, 20.57it/s]
 18%|█▊        | 11/60 [00:00<00:02, 20.88it/s]
 23%|██▎       | 14/60 [00:00<00:02, 20.87it/s]
 28%|██▊       | 17/60 [00:00<00:01, 21.61it/s]
 33%|███▎      | 20/60 [00:00<00:01, 20.90it/s]
 38%|███▊      | 23/60 [00:01<00:01, 20.62it/s]
 43%|████▎     | 26/60 [00:01<00:01, 20.59it/s]
 48%|████▊     | 29/60 [00:01<00:01, 20.32it/s]
 53%|█████▎    | 32/60 [00:01<00:01, 21.21it/s]
 58%|█████▊    | 35/60 [00:01<00:01, 21.45it/s]
 63%|██████▎   | 38/60 [00:01<00:00, 22.11it/s]
 68%|██████▊   | 41/60 [00:01<00:00, 22.22it/s]
 73%|███████▎  | 44/60 [00:02<00:00, 22.19it/s]
 78%|███████▊  | 47/60 [00:02<00:00, 21.95it/s]
 83%|████████▎ | 50/60 [00:02<00:00, 22.11it/s]
 88%|████████▊ | 53/60 [00:02<00:00, 22.08it/s]
 93%|█████████▎| 56/60 [00:02<00:00, 21.47it/s]
 98%|█████████▊| 59/60 [00:02<00:00, 20.87it/s]
100%|██████████| 60/60 [00:02<00:00, 21.16it/s]
wandb: WARNING `fps` argument does not affect the frame rate of the video when providing a file path or raw bytes.
796262400: reward=15.057
812646400: mean episode reward=16.077
832962560: mean episode reward=14.637

  0%|          | 0/60 [00:00<?, ?it/s]
  3%|▎         | 2/60 [00:00<00:03, 15.94it/s]
  8%|▊         | 5/60 [00:00<00:02, 20.29it/s]
 13%|█▎        | 8/60 [00:00<00:02, 23.14it/s]
 18%|█▊        | 11/60 [00:00<00:02, 23.73it/s]
 23%|██▎       | 14/60 [00:00<00:01, 24.18it/s]
 28%|██▊       | 17/60 [00:00<00:01, 23.97it/s]
 33%|███▎      | 20/60 [00:00<00:01, 24.20it/s]
 38%|███▊      | 23/60 [00:00<00:01, 24.59it/s]
 43%|████▎     | 26/60 [00:01<00:01, 23.78it/s]
 48%|████▊     | 29/60 [00:01<00:01, 24.14it/s]
 53%|█████▎    | 32/60 [00:01<00:01, 23.76it/s]
 58%|█████▊    | 35/60 [00:01<00:01, 24.24it/s]
 63%|██████▎   | 38/60 [00:01<00:00, 24.86it/s]
 68%|██████▊   | 41/60 [00:01<00:00, 25.60it/s]
 73%|███████▎  | 44/60 [00:01<00:00, 25.99it/s]
 78%|███████▊  | 47/60 [00:01<00:00, 26.30it/s]
 83%|████████▎ | 50/60 [00:02<00:00, 25.51it/s]
 88%|████████▊ | 53/60 [00:02<00:00, 25.24it/s]
 93%|█████████▎| 56/60 [00:02<00:00, 25.07it/s]
 98%|█████████▊| 59/60 [00:02<00:00, 25.23it/s]
100%|██████████| 60/60 [00:02<00:00, 24.51it/s]
wandb: WARNING `fps` argument does not affect the frame rate of the video when providing a file path or raw bytes.
849346560: reward=14.570
853278720: mean episode reward=15.564
873594880: mean episode reward=16.664
893911040: mean episode reward=16.512

  0%|          | 0/60 [00:00<?, ?it/s]
  3%|▎         | 2/60 [00:00<00:03, 15.61it/s]
  8%|▊         | 5/60 [00:00<00:02, 19.25it/s]
 13%|█▎        | 8/60 [00:00<00:02, 20.38it/s]
 18%|█▊        | 11/60 [00:00<00:02, 21.14it/s]
 23%|██▎       | 14/60 [00:00<00:02, 21.63it/s]
 28%|██▊       | 17/60 [00:00<00:01, 21.62it/s]
 33%|███▎      | 20/60 [00:00<00:01, 22.56it/s]
 38%|███▊      | 23/60 [00:01<00:01, 23.79it/s]
 43%|████▎     | 26/60 [00:01<00:01, 23.57it/s]
 48%|████▊     | 29/60 [00:01<00:01, 23.85it/s]
 53%|█████▎    | 32/60 [00:01<00:01, 24.74it/s]
 58%|█████▊    | 35/60 [00:01<00:01, 24.85it/s]
 63%|██████▎   | 38/60 [00:01<00:00, 24.26it/s]
 68%|██████▊   | 41/60 [00:01<00:00, 24.12it/s]
 73%|███████▎  | 44/60 [00:01<00:00, 23.84it/s]
 78%|███████▊  | 47/60 [00:02<00:00, 24.21it/s]
 83%|████████▎ | 50/60 [00:02<00:00, 24.44it/s]
 88%|████████▊ | 53/60 [00:02<00:00, 24.64it/s]
 93%|█████████▎| 56/60 [00:02<00:00, 24.07it/s]
 98%|█████████▊| 59/60 [00:02<00:00, 24.40it/s]
100%|██████████| 60/60 [00:02<00:00, 23.45it/s]
wandb: WARNING `fps` argument does not affect the frame rate of the video when providing a file path or raw bytes.
902430720: reward=14.929
914227200: mean episode reward=15.706
934543360: mean episode reward=15.746
954859520: mean episode reward=16.383

  0%|          | 0/60 [00:00<?, ?it/s]
  3%|▎         | 2/60 [00:00<00:03, 17.27it/s]
  8%|▊         | 5/60 [00:00<00:02, 20.77it/s]
 13%|█▎        | 8/60 [00:00<00:02, 22.98it/s]
 18%|█▊        | 11/60 [00:00<00:02, 23.22it/s]
 23%|██▎       | 14/60 [00:00<00:02, 22.72it/s]
 28%|██▊       | 17/60 [00:00<00:01, 23.20it/s]
 33%|███▎      | 20/60 [00:00<00:01, 23.36it/s]
 38%|███▊      | 23/60 [00:01<00:01, 23.31it/s]
 43%|████▎     | 26/60 [00:01<00:01, 23.58it/s]
 48%|████▊     | 29/60 [00:01<00:01, 24.39it/s]
 53%|█████▎    | 32/60 [00:01<00:01, 24.65it/s]
 58%|█████▊    | 35/60 [00:01<00:00, 25.26it/s]
 63%|██████▎   | 38/60 [00:01<00:00, 25.71it/s]
 68%|██████▊   | 41/60 [00:01<00:00, 26.18it/s]
 73%|███████▎  | 44/60 [00:01<00:00, 26.01it/s]
 78%|███████▊  | 47/60 [00:01<00:00, 26.27it/s]
 83%|████████▎ | 50/60 [00:02<00:00, 26.27it/s]
 88%|████████▊ | 53/60 [00:02<00:00, 26.69it/s]
 93%|█████████▎| 56/60 [00:02<00:00, 27.34it/s]
 98%|█████████▊| 59/60 [00:02<00:00, 27.52it/s]
100%|██████████| 60/60 [00:02<00:00, 25.06it/s]
wandb: WARNING `fps` argument does not affect the frame rate of the video when providing a file path or raw bytes.
955514880: reward=16.095
975175680: mean episode reward=14.996
995491840: mean episode reward=16.552

  0%|          | 0/60 [00:00<?, ?it/s]
  3%|▎         | 2/60 [00:00<00:03, 17.47it/s]
  8%|▊         | 5/60 [00:00<00:02, 21.86it/s]
 13%|█▎        | 8/60 [00:00<00:02, 22.79it/s]
 18%|█▊        | 11/60 [00:00<00:02, 23.48it/s]
 23%|██▎       | 14/60 [00:00<00:02, 22.66it/s]
 28%|██▊       | 17/60 [00:00<00:01, 22.61it/s]
 33%|███▎      | 20/60 [00:00<00:01, 22.01it/s]
 38%|███▊      | 23/60 [00:01<00:01, 21.93it/s]
 43%|████▎     | 26/60 [00:01<00:01, 22.52it/s]
 48%|████▊     | 29/60 [00:01<00:01, 23.05it/s]
 53%|█████▎    | 32/60 [00:01<00:01, 23.01it/s]
 58%|█████▊    | 35/60 [00:01<00:01, 22.08it/s]
 63%|██████▎   | 38/60 [00:01<00:01, 21.53it/s]
 68%|██████▊   | 41/60 [00:01<00:00, 21.47it/s]
 73%|███████▎  | 44/60 [00:02<00:00, 20.99it/s]
 78%|███████▊  | 47/60 [00:02<00:00, 20.79it/s]
 83%|████████▎ | 50/60 [00:02<00:00, 20.57it/s]
 88%|████████▊ | 53/60 [00:02<00:00, 20.65it/s]
 93%|█████████▎| 56/60 [00:02<00:00, 20.57it/s]
 98%|█████████▊| 59/60 [00:02<00:00, 20.46it/s]
100%|██████████| 60/60 [00:02<00:00, 21.51it/s]
wandb: WARNING `fps` argument does not affect the frame rate of the video when providing a file path or raw bytes.
1008599040: reward=17.014
Done training.
Time to JIT compile: 22.508139707148075
Time to train: 6609.863603569567
Starting inference...
FPS for rendering: 10.0

  0%|          | 0/500 [00:00<?, ?it/s]
  0%|          | 2/500 [00:00<00:33, 15.04it/s]
  1%|          | 5/500 [00:00<00:26, 18.93it/s]
  2%|▏         | 8/500 [00:00<00:24, 20.15it/s]
  2%|▏         | 11/500 [00:00<00:24, 19.90it/s]
  3%|▎         | 13/500 [00:00<00:24, 19.48it/s]
  3%|▎         | 16/500 [00:00<00:24, 20.10it/s]
  4%|▍         | 19/500 [00:00<00:22, 21.19it/s]
  4%|▍         | 22/500 [00:01<00:22, 21.22it/s]
  5%|▌         | 25/500 [00:01<00:21, 22.34it/s]
  6%|▌         | 28/500 [00:01<00:20, 22.66it/s]
  6%|▌         | 31/500 [00:01<00:19, 23.50it/s]
  7%|▋         | 34/500 [00:01<00:19, 24.42it/s]
  7%|▋         | 37/500 [00:01<00:18, 25.39it/s]
  8%|▊         | 40/500 [00:01<00:18, 24.50it/s]
  9%|▊         | 43/500 [00:01<00:18, 24.29it/s]
  9%|▉         | 46/500 [00:02<00:18, 24.66it/s]
 10%|▉         | 49/500 [00:02<00:18, 24.84it/s]
 10%|█         | 52/500 [00:02<00:18, 24.46it/s]
 11%|█         | 55/500 [00:02<00:17, 24.76it/s]
 12%|█▏        | 58/500 [00:02<00:17, 25.06it/s]
 12%|█▏        | 62/500 [00:02<00:16, 26.76it/s]
 13%|█▎        | 66/500 [00:02<00:15, 27.72it/s]
 14%|█▍        | 69/500 [00:02<00:15, 27.47it/s]
 14%|█▍        | 72/500 [00:03<00:15, 27.54it/s]
 15%|█▌        | 75/500 [00:03<00:15, 27.88it/s]
 16%|█▌        | 78/500 [00:03<00:15, 27.97it/s]
 16%|█▌        | 81/500 [00:03<00:15, 27.83it/s]
 17%|█▋        | 84/500 [00:03<00:15, 27.50it/s]
 17%|█▋        | 87/500 [00:03<00:14, 27.98it/s]
 18%|█▊        | 90/500 [00:03<00:14, 28.19it/s]
 19%|█▊        | 93/500 [00:03<00:14, 27.76it/s]
 19%|█▉        | 96/500 [00:03<00:15, 26.53it/s]
 20%|█▉        | 99/500 [00:04<00:15, 25.58it/s]
 20%|██        | 102/500 [00:04<00:15, 25.66it/s]
 21%|██        | 105/500 [00:04<00:15, 25.36it/s]
 22%|██▏       | 108/500 [00:04<00:15, 25.61it/s]
 22%|██▏       | 111/500 [00:04<00:14, 26.43it/s]
 23%|██▎       | 114/500 [00:04<00:14, 26.59it/s]
 23%|██▎       | 117/500 [00:04<00:14, 26.81it/s]
 24%|██▍       | 120/500 [00:04<00:13, 27.43it/s]
 25%|██▍       | 124/500 [00:04<00:13, 28.54it/s]
 25%|██▌       | 127/500 [00:05<00:13, 28.29it/s]
 26%|██▌       | 130/500 [00:05<00:12, 28.60it/s]
 27%|██▋       | 133/500 [00:05<00:12, 28.73it/s]
 27%|██▋       | 136/500 [00:05<00:12, 28.12it/s]
 28%|██▊       | 139/500 [00:05<00:13, 27.61it/s]
 28%|██▊       | 142/500 [00:05<00:13, 27.19it/s]
 29%|██▉       | 145/500 [00:05<00:13, 26.99it/s]
 30%|██▉       | 148/500 [00:05<00:13, 26.38it/s]
 30%|███       | 151/500 [00:05<00:12, 27.08it/s]
 31%|███       | 154/500 [00:06<00:12, 27.50it/s]
 31%|███▏      | 157/500 [00:06<00:12, 27.30it/s]
 32%|███▏      | 160/500 [00:06<00:12, 27.31it/s]
 33%|███▎      | 163/500 [00:06<00:12, 26.47it/s]
 33%|███▎      | 166/500 [00:06<00:13, 25.68it/s]
 34%|███▍      | 169/500 [00:06<00:12, 25.81it/s]
 34%|███▍      | 172/500 [00:06<00:12, 25.57it/s]
 35%|███▌      | 175/500 [00:06<00:13, 24.64it/s]
 36%|███▌      | 178/500 [00:06<00:13, 23.97it/s]
 36%|███▌      | 181/500 [00:07<00:13, 24.44it/s]
 37%|███▋      | 184/500 [00:07<00:13, 23.54it/s]
 37%|███▋      | 187/500 [00:07<00:13, 23.62it/s]
 38%|███▊      | 190/500 [00:07<00:13, 22.94it/s]
 39%|███▊      | 193/500 [00:07<00:13, 22.69it/s]
 39%|███▉      | 196/500 [00:07<00:13, 22.83it/s]
 40%|███▉      | 199/500 [00:07<00:13, 23.04it/s]
 40%|████      | 202/500 [00:08<00:13, 22.87it/s]
 41%|████      | 205/500 [00:08<00:13, 22.36it/s]
 42%|████▏     | 208/500 [00:08<00:13, 21.85it/s]
 42%|████▏     | 211/500 [00:08<00:13, 21.59it/s]
 43%|████▎     | 214/500 [00:08<00:13, 21.36it/s]
 43%|████▎     | 217/500 [00:08<00:13, 20.90it/s]
 44%|████▍     | 220/500 [00:08<00:13, 20.86it/s]
 45%|████▍     | 223/500 [00:09<00:13, 20.57it/s]
 45%|████▌     | 226/500 [00:09<00:12, 21.09it/s]
 46%|████▌     | 229/500 [00:09<00:12, 21.69it/s]
 46%|████▋     | 232/500 [00:09<00:12, 21.21it/s]
 47%|████▋     | 235/500 [00:09<00:12, 21.50it/s]
 48%|████▊     | 238/500 [00:09<00:12, 21.25it/s]
 48%|████▊     | 241/500 [00:09<00:11, 21.68it/s]
 49%|████▉     | 244/500 [00:10<00:12, 21.24it/s]
 49%|████▉     | 247/500 [00:10<00:11, 21.47it/s]
 50%|█████     | 250/500 [00:10<00:11, 21.31it/s]
 51%|█████     | 253/500 [00:10<00:11, 20.75it/s]
 51%|█████     | 256/500 [00:10<00:11, 20.67it/s]
 52%|█████▏    | 259/500 [00:10<00:11, 20.67it/s]
 52%|█████▏    | 262/500 [00:10<00:11, 20.10it/s]
 53%|█████▎    | 265/500 [00:11<00:11, 19.99it/s]
 54%|█████▎    | 268/500 [00:11<00:11, 20.31it/s]
 54%|█████▍    | 271/500 [00:11<00:11, 20.46it/s]
 55%|█████▍    | 274/500 [00:11<00:11, 20.09it/s]
 55%|█████▌    | 277/500 [00:11<00:11, 19.74it/s]
 56%|█████▌    | 279/500 [00:11<00:11, 19.50it/s]
 56%|█████▋    | 282/500 [00:11<00:10, 20.22it/s]
 57%|█████▋    | 285/500 [00:12<00:10, 19.81it/s]
 57%|█████▋    | 287/500 [00:12<00:10, 19.68it/s]
 58%|█████▊    | 290/500 [00:12<00:10, 19.88it/s]
 59%|█████▊    | 293/500 [00:12<00:10, 20.08it/s]
 59%|█████▉    | 296/500 [00:12<00:10, 20.22it/s]
 60%|█████▉    | 299/500 [00:12<00:09, 20.89it/s]
 60%|██████    | 302/500 [00:12<00:09, 21.97it/s]
 61%|██████    | 305/500 [00:12<00:08, 22.27it/s]
 62%|██████▏   | 308/500 [00:13<00:08, 22.65it/s]
 62%|██████▏   | 311/500 [00:13<00:08, 23.06it/s]
 63%|██████▎   | 314/500 [00:13<00:08, 23.06it/s]
 63%|██████▎   | 317/500 [00:13<00:07, 23.24it/s]
 64%|██████▍   | 320/500 [00:13<00:07, 22.50it/s]
 65%|██████▍   | 323/500 [00:13<00:07, 22.59it/s]
 65%|██████▌   | 326/500 [00:13<00:07, 22.97it/s]
 66%|██████▌   | 329/500 [00:14<00:07, 23.15it/s]
 66%|██████▋   | 332/500 [00:14<00:07, 23.64it/s]
 67%|██████▋   | 335/500 [00:14<00:07, 23.19it/s]
 68%|██████▊   | 338/500 [00:14<00:07, 22.18it/s]
 68%|██████▊   | 341/500 [00:14<00:07, 21.91it/s]
 69%|██████▉   | 344/500 [00:14<00:07, 22.21it/s]
 69%|██████▉   | 347/500 [00:14<00:06, 22.41it/s]
 70%|███████   | 350/500 [00:14<00:06, 22.32it/s]
 71%|███████   | 353/500 [00:15<00:06, 22.17it/s]
 71%|███████   | 356/500 [00:15<00:06, 22.24it/s]
 72%|███████▏  | 359/500 [00:15<00:06, 22.58it/s]
 72%|███████▏  | 362/500 [00:15<00:06, 22.25it/s]
 73%|███████▎  | 365/500 [00:15<00:06, 21.73it/s]
 74%|███████▎  | 368/500 [00:15<00:06, 21.60it/s]
 74%|███████▍  | 371/500 [00:15<00:06, 21.24it/s]
 75%|███████▍  | 374/500 [00:16<00:05, 21.48it/s]
 75%|███████▌  | 377/500 [00:16<00:05, 22.00it/s]
 76%|███████▌  | 380/500 [00:16<00:05, 22.22it/s]
 77%|███████▋  | 383/500 [00:16<00:05, 21.80it/s]
 77%|███████▋  | 386/500 [00:16<00:05, 22.13it/s]
 78%|███████▊  | 389/500 [00:16<00:05, 22.13it/s]
 78%|███████▊  | 392/500 [00:16<00:05, 21.06it/s]
 79%|███████▉  | 395/500 [00:17<00:04, 21.32it/s]
 80%|███████▉  | 398/500 [00:17<00:04, 21.57it/s]
 80%|████████  | 401/500 [00:17<00:04, 21.87it/s]
 81%|████████  | 404/500 [00:17<00:04, 22.18it/s]
 81%|████████▏ | 407/500 [00:17<00:04, 21.86it/s]
 82%|████████▏ | 410/500 [00:17<00:04, 21.00it/s]
 83%|████████▎ | 413/500 [00:17<00:04, 20.30it/s]
 83%|████████▎ | 416/500 [00:18<00:04, 19.96it/s]
 84%|████████▍ | 419/500 [00:18<00:03, 20.75it/s]
 84%|████████▍ | 422/500 [00:18<00:03, 20.97it/s]
 85%|████████▌ | 425/500 [00:18<00:03, 20.80it/s]
 86%|████████▌ | 428/500 [00:18<00:03, 21.23it/s]
 86%|████████▌ | 431/500 [00:18<00:03, 20.65it/s]
 87%|████████▋ | 434/500 [00:18<00:03, 19.99it/s]
 87%|████████▋ | 437/500 [00:19<00:03, 20.22it/s]
 88%|████████▊ | 440/500 [00:19<00:02, 20.75it/s]
 89%|████████▊ | 443/500 [00:19<00:02, 21.06it/s]
 89%|████████▉ | 446/500 [00:19<00:02, 20.99it/s]
 90%|████████▉ | 449/500 [00:19<00:02, 20.53it/s]
 90%|█████████ | 452/500 [00:19<00:02, 20.11it/s]
 91%|█████████ | 455/500 [00:19<00:02, 20.31it/s]
 92%|█████████▏| 458/500 [00:20<00:02, 20.85it/s]
 92%|█████████▏| 461/500 [00:20<00:01, 20.68it/s]
 93%|█████████▎| 464/500 [00:20<00:01, 20.80it/s]
 93%|█████████▎| 467/500 [00:20<00:01, 20.55it/s]
 94%|█████████▍| 470/500 [00:20<00:01, 20.53it/s]
 95%|█████████▍| 473/500 [00:20<00:01, 21.00it/s]
 95%|█████████▌| 476/500 [00:20<00:01, 20.70it/s]
 96%|█████████▌| 479/500 [00:21<00:01, 19.97it/s]
 96%|█████████▋| 482/500 [00:21<00:00, 20.16it/s]
 97%|█████████▋| 485/500 [00:21<00:00, 20.41it/s]
 98%|█████████▊| 488/500 [00:21<00:00, 20.31it/s]
 98%|█████████▊| 491/500 [00:21<00:00, 20.63it/s]
 99%|█████████▉| 494/500 [00:21<00:00, 21.06it/s]
 99%|█████████▉| 497/500 [00:21<00:00, 20.97it/s]
100%|██████████| 500/500 [00:22<00:00, 21.10it/s]
100%|██████████| 500/500 [00:22<00:00, 22.62it/s]
Rollout video saved as 'rollout0.mp4'.
[1;34mwandb[0m: 
[1;34mwandb[0m: 🚀 View run [33mTesolloDownwardsRotateZ-20260625-182059-downwardsrotatez_sb_baseline_s0[0m at: [34mhttps://wandb.ai/nikolastaykov/mjxrl/runs/cpcqu4hj[0m
[1;34mwandb[0m: Find logs at: [1;35mwandb/run-20260625_182059-cpcqu4hj/logs[0m
