Warp 1.12.1 initialized:
   CUDA Toolkit 12.9, Driver 12.5
   Devices:
     "cpu"      : "x86_64"
     "cuda:0"   : "NVIDIA GeForce RTX 4090" (24 GiB, sm_89, mempool enabled)
   Kernel cache:
     /home/nstaykov/.cache/warp/1.12.1
Warp DeprecationWarning: The symbol `warp.types.warp_type_to_np_dtype` will soon be removed from the public API. It can still be accessed from `warp._src.types.warp_type_to_np_dtype` but might be changed or removed without notice.
/local/home/nstaykov/workspace/mujoco_playground/mujoco_playground/_src/manipulation/tesollo_hand/obs.py:161: UserWarning: obs_noise.scales has keys not in active obs spec: {'motor_targets'}
  warnings.warn(
Environment Config:
action_mode: absolute
action_repeat: 1
action_scale: 0.5
constrain_wrist_translation: false
ctrl_dt: 0.05
curriculum:
  band_width: 0.08726646259971647
  enable: false
  promote_after: 5
  success_count_threshold: 70
ema_alpha: 0.2
episode_length: 120
impl: warp
kp_scale: 1.0
max_target_angle: 2.0943951023931953
nconmax: 1638400
njmax: 2200
obs_noise:
  level: 1.0
  scales:
    goal_quat: 0.0
    joint_pos: 0.0
    joint_vel: 0.0
    motor_targets: 0.0
ori_tolerance_rad: 0.05235987755982988
pert_config:
  angular_velocity_pert:
  - 0.0
  - 0.5
  enable: false
  linear_velocity_pert:
  - 0.0
  - 3.0
  pert_duration_steps:
  - 1
  - 100
  pert_wait_steps:
  - 60
  - 150
reward_config:
  ori_reward_margin_rad: 0.5235987755982988
  scales:
    action_rate: -0.5
    cube_on_floor: -0.5
    cube_ori: 2.0
    fingertip_pos: 1.5
    joint_vel: -0.002
    wrist_vel: -0.02
  success_reward: 2.0
scene:
  cube_mass: 0.108
sensor_bundle: proprio.delta
sim_dt: 0.01
target_hold_time: 0.05

PPO Training Parameters:
action_repeat: 1
batch_size: 256
discounting: 0.99
entropy_cost: 0.005
episode_length: 120
learning_rate: 0.0001
log_training_metrics: true
network_factory:
  policy_hidden_layer_sizes: &id001 !!python/tuple
  - 512
  - 256
  - 128
  policy_obs_key: state
  value_hidden_layer_sizes: *id001
  value_obs_key: privileged_state
normalize_observations: true
num_envs: 8192
num_evals: 20
num_minibatches: 64
num_resets_per_eval: 0
num_timesteps: 1000000000
num_updates_per_batch: 4
reward_scaling: 1.0
training_metrics_steps: 20000000
unroll_length: 40

CLI overrides: {
  "env_name": "TesolloDownwardsRotateZ",
  "suffix": "downwardsrotatez_sb_propriodelta_s2",
  "use_wandb": true,
  "log_video_to_wandb": true,
  "seed": 2,
  "num_timesteps": 1000000000,
  "num_envs": 8192,
  "log_training_metrics": true,
  "training_metrics_steps": 20000000,
  "env_overrides_file": "logs/_queue/downwards_sensor_sweep_120-20260625-124815/run-08-TesolloDownwardsRotateZ-downwardsrotatez_sb_propriodelta_s2-overrides.yaml"
}
Experiment name: TesolloDownwardsRotateZ-20260626-033945-downwardsrotatez_sb_propriodelta_s2
Logs are being stored in: /local/home/nstaykov/workspace/mujoco_playground/logs/TesolloDownwardsRotateZ-20260626-033945-downwardsrotatez_sb_propriodelta_s2
wandb: [wandb.login()] Loaded credentials for https://api.wandb.ai from WANDB_API_KEY.
wandb: Currently logged in as: nstaykov (nikolastaykov) to https://api.wandb.ai. Use `wandb login --relogin` to force relogin
wandb: setting up run 11tp06wh
wandb: Tracking run with wandb version 0.26.1
wandb: Run data is saved locally in /local/home/nstaykov/workspace/mujoco_playground/wandb/run-20260626_033945-11tp06wh
wandb: Run `wandb offline` to turn off syncing.
wandb: Syncing run TesolloDownwardsRotateZ-20260626-033945-downwardsrotatez_sb_propriodelta_s2
wandb: ⭐️ View project at https://wandb.ai/nikolastaykov/mjxrl
wandb: 🚀 View run at https://wandb.ai/nikolastaykov/mjxrl/runs/11tp06wh
No checkpoint path provided, not restoring from checkpoint
Checkpoint path: /local/home/nstaykov/workspace/mujoco_playground/logs/TesolloDownwardsRotateZ-20260626-033945-downwardsrotatez_sb_propriodelta_s2/checkpoints
/local/home/nstaykov/workspace/mujoco_playground/mujoco_playground/_src/manipulation/tesollo_hand/obs.py:161: UserWarning: obs_noise.scales has keys not in active obs spec: {'motor_targets'}
  warnings.warn(
Module mujoco.mjx.warp.ffi 98d2031 load on device 'cuda:0' took 0.36 ms  (cached)
Module mujoco.mjx.third_party.mujoco_warp._src.smooth 26bbc02 load on device 'cuda:0' took 6.38 ms  (cached)
Module mujoco.mjx.third_party.mujoco_warp._src.collision_driver 88f7770 load on device 'cuda:0' took 0.28 ms  (cached)
Module _nxn_broadphase__locals__kernel_c763f4cb c763f4c load on device 'cuda:0' took 0.28 ms  (cached)
Module _primitive_narrowphase__locals__primitive_narrowphase_072e9f5e 072e9f5 load on device 'cuda:0' took 0.45 ms  (cached)
Module mujoco.mjx.third_party.mujoco_warp._src.constraint c567367 load on device 'cuda:0' took 0.54 ms  (cached)
Module mujoco.mjx.third_party.mujoco_warp._src.sensor 18a78e5 load on device 'cuda:0' took 0.53 ms  (cached)
Module mujoco.mjx.third_party.mujoco_warp._src.forward 16fbac8 load on device 'cuda:0' took 0.46 ms  (cached)
Module mujoco.mjx.third_party.mujoco_warp._src.passive 8bfe11c load on device 'cuda:0' took 0.34 ms  (cached)
Module mujoco.mjx.third_party.mujoco_warp._src.forward 8f5355c load on device 'cuda:0' took 0.42 ms  (cached)
Module mujoco.mjx.third_party.mujoco_warp._src.support dd3f924 load on device 'cuda:0' took 0.28 ms  (cached)
Module _tile_cholesky_factorize_solve__locals__cholesky_factorize_solve_98799697 3154237 load on device 'cuda:0' took 25.18 ms  (cached)
Module _tile_cholesky_factorize_solve__locals__cholesky_factorize_solve_b2744b1b e16af87 load on device 'cuda:0' took 25.79 ms  (cached)
Module mujoco.mjx.third_party.mujoco_warp._src.solver b116efb load on device 'cuda:0' took 0.49 ms  (cached)
Module solve_init_jaref__locals__kernel_feadd581 feadd58 load on device 'cuda:0' took 0.29 ms  (cached)
Module mul_m_dense__locals___mul_m_dense_e34139c1 e34139c load on device 'cuda:0' took 0.29 ms  (cached)
Module update_constraint_efc__locals__kernel_81015163 8101516 load on device 'cuda:0' took 0.28 ms  (cached)
Module update_constraint_gauss_cost__locals__kernel_6370b491 6370b49 load on device 'cuda:0' took 0.28 ms  (cached)
Module update_gradient_JTDAJ_dense_tiled__locals__kernel_e0063ce2 85330e7 load on device 'cuda:0' took 0.56 ms  (cached)
Module update_gradient_cholesky__locals__kernel_c54e7710 b74aeaf load on device 'cuda:0' took 165.32 ms  (cached)
Module linesearch_iterative__locals__kernel_94acdc55 9c914fd load on device 'cuda:0' took 0.37 ms  (cached)
Module update_constraint_efc__locals__kernel_25737258 2573725 load on device 'cuda:0' took 0.29 ms  (cached)
Module _contact_sort__locals__contact_sort_44d31eb2 de954a2 load on device 'cuda:0' took 0.35 ms  (cached)
0: reward=-0.002

  0%|          | 0/60 [00:00<?, ?it/s]
  3%|▎         | 2/60 [00:00<00:03, 16.86it/s]
  8%|▊         | 5/60 [00:00<00:02, 20.16it/s]
 13%|█▎        | 8/60 [00:00<00:02, 20.71it/s]
 18%|█▊        | 11/60 [00:00<00:02, 21.27it/s]
 23%|██▎       | 14/60 [00:00<00:02, 21.75it/s]
 28%|██▊       | 17/60 [00:00<00:01, 21.88it/s]
 33%|███▎      | 20/60 [00:00<00:01, 22.21it/s]
 38%|███▊      | 23/60 [00:01<00:01, 22.52it/s]
 43%|████▎     | 26/60 [00:01<00:01, 23.54it/s]
 48%|████▊     | 29/60 [00:01<00:01, 23.96it/s]
 53%|█████▎    | 32/60 [00:01<00:01, 24.01it/s]
 58%|█████▊    | 35/60 [00:01<00:01, 23.64it/s]
 63%|██████▎   | 38/60 [00:01<00:00, 22.78it/s]
 68%|██████▊   | 41/60 [00:01<00:00, 22.23it/s]
 73%|███████▎  | 44/60 [00:01<00:00, 22.12it/s]
 78%|███████▊  | 47/60 [00:02<00:00, 22.21it/s]
 83%|████████▎ | 50/60 [00:02<00:00, 22.59it/s]
 88%|████████▊ | 53/60 [00:02<00:00, 22.66it/s]
 93%|█████████▎| 56/60 [00:02<00:00, 23.71it/s]
 98%|█████████▊| 59/60 [00:02<00:00, 24.24it/s]
100%|██████████| 60/60 [00:02<00:00, 22.78it/s]
wandb: WARNING `fps` argument does not affect the frame rate of the video when providing a file path or raw bytes.
20316160: mean episode reward=3.111
40632320: mean episode reward=6.908

  0%|          | 0/60 [00:00<?, ?it/s]
  3%|▎         | 2/60 [00:00<00:03, 15.07it/s]
  8%|▊         | 5/60 [00:00<00:03, 17.90it/s]
 13%|█▎        | 8/60 [00:00<00:02, 19.47it/s]
 17%|█▋        | 10/60 [00:00<00:02, 19.60it/s]
 22%|██▏       | 13/60 [00:00<00:02, 20.65it/s]
 27%|██▋       | 16/60 [00:00<00:02, 21.19it/s]
 32%|███▏      | 19/60 [00:00<00:01, 22.07it/s]
 37%|███▋      | 22/60 [00:01<00:01, 21.82it/s]
 42%|████▏     | 25/60 [00:01<00:01, 21.84it/s]
 47%|████▋     | 28/60 [00:01<00:01, 21.40it/s]
 52%|█████▏    | 31/60 [00:01<00:01, 21.31it/s]
 57%|█████▋    | 34/60 [00:01<00:01, 21.22it/s]
 62%|██████▏   | 37/60 [00:01<00:01, 21.24it/s]
 67%|██████▋   | 40/60 [00:01<00:00, 21.76it/s]
 72%|███████▏  | 43/60 [00:02<00:00, 21.59it/s]
 77%|███████▋  | 46/60 [00:02<00:00, 21.38it/s]
 82%|████████▏ | 49/60 [00:02<00:00, 20.86it/s]
 87%|████████▋ | 52/60 [00:02<00:00, 20.54it/s]
 92%|█████████▏| 55/60 [00:02<00:00, 21.04it/s]
 97%|█████████▋| 58/60 [00:02<00:00, 21.33it/s]
100%|██████████| 60/60 [00:02<00:00, 21.02it/s]
wandb: WARNING `fps` argument does not affect the frame rate of the video when providing a file path or raw bytes.
53084160: reward=7.015
60948480: mean episode reward=8.269
81264640: mean episode reward=7.438
101580800: mean episode reward=9.018

  0%|          | 0/60 [00:00<?, ?it/s]
  3%|▎         | 2/60 [00:00<00:04, 13.66it/s]
  8%|▊         | 5/60 [00:00<00:02, 19.54it/s]
 13%|█▎        | 8/60 [00:00<00:02, 21.43it/s]
 18%|█▊        | 11/60 [00:00<00:02, 20.77it/s]
 23%|██▎       | 14/60 [00:00<00:02, 21.52it/s]
 28%|██▊       | 17/60 [00:00<00:01, 22.18it/s]
 33%|███▎      | 20/60 [00:00<00:01, 22.69it/s]
 38%|███▊      | 23/60 [00:01<00:01, 23.60it/s]
 43%|████▎     | 26/60 [00:01<00:01, 23.03it/s]
 48%|████▊     | 29/60 [00:01<00:01, 22.48it/s]
 53%|█████▎    | 32/60 [00:01<00:01, 22.49it/s]
 58%|█████▊    | 35/60 [00:01<00:01, 22.11it/s]
 63%|██████▎   | 38/60 [00:01<00:00, 22.76it/s]
 68%|██████▊   | 41/60 [00:01<00:00, 23.30it/s]
 73%|███████▎  | 44/60 [00:01<00:00, 23.94it/s]
 78%|███████▊  | 47/60 [00:02<00:00, 24.64it/s]
 83%|████████▎ | 50/60 [00:02<00:00, 24.58it/s]
 88%|████████▊ | 53/60 [00:02<00:00, 24.15it/s]
 93%|█████████▎| 56/60 [00:02<00:00, 23.91it/s]
 98%|█████████▊| 59/60 [00:02<00:00, 23.63it/s]
100%|██████████| 60/60 [00:02<00:00, 22.79it/s]
wandb: WARNING `fps` argument does not affect the frame rate of the video when providing a file path or raw bytes.
106168320: reward=10.099
121896960: mean episode reward=9.602
142213120: mean episode reward=10.043

  0%|          | 0/60 [00:00<?, ?it/s]
  3%|▎         | 2/60 [00:00<00:03, 17.03it/s]
  8%|▊         | 5/60 [00:00<00:02, 20.12it/s]
 13%|█▎        | 8/60 [00:00<00:02, 21.93it/s]
 18%|█▊        | 11/60 [00:00<00:02, 22.68it/s]
 23%|██▎       | 14/60 [00:00<00:02, 21.89it/s]
 28%|██▊       | 17/60 [00:00<00:02, 21.37it/s]
 33%|███▎      | 20/60 [00:00<00:01, 21.25it/s]
 38%|███▊      | 23/60 [00:01<00:01, 21.19it/s]
 43%|████▎     | 26/60 [00:01<00:01, 21.51it/s]
 48%|████▊     | 29/60 [00:01<00:01, 21.96it/s]
 53%|█████▎    | 32/60 [00:01<00:01, 22.13it/s]
 58%|█████▊    | 35/60 [00:01<00:01, 22.19it/s]
 63%|██████▎   | 38/60 [00:01<00:01, 21.83it/s]
 68%|██████▊   | 41/60 [00:01<00:00, 21.19it/s]
 73%|███████▎  | 44/60 [00:02<00:00, 21.38it/s]
 78%|███████▊  | 47/60 [00:02<00:00, 21.53it/s]
 83%|████████▎ | 50/60 [00:02<00:00, 21.53it/s]
 88%|████████▊ | 53/60 [00:02<00:00, 21.83it/s]
 93%|█████████▎| 56/60 [00:02<00:00, 21.98it/s]
 98%|█████████▊| 59/60 [00:02<00:00, 21.95it/s]
100%|██████████| 60/60 [00:02<00:00, 21.66it/s]
wandb: WARNING `fps` argument does not affect the frame rate of the video when providing a file path or raw bytes.
159252480: reward=11.104
162529280: mean episode reward=11.147
182845440: mean episode reward=11.836
203161600: mean episode reward=11.868

  0%|          | 0/60 [00:00<?, ?it/s]
  3%|▎         | 2/60 [00:00<00:03, 15.31it/s]
  8%|▊         | 5/60 [00:00<00:02, 19.12it/s]
 13%|█▎        | 8/60 [00:00<00:02, 19.81it/s]
 18%|█▊        | 11/60 [00:00<00:02, 19.97it/s]
 22%|██▏       | 13/60 [00:00<00:02, 19.86it/s]
 27%|██▋       | 16/60 [00:00<00:02, 20.16it/s]
 32%|███▏      | 19/60 [00:00<00:01, 21.28it/s]
 37%|███▋      | 22/60 [00:01<00:01, 22.45it/s]
 42%|████▏     | 25/60 [00:01<00:01, 23.08it/s]
 47%|████▋     | 28/60 [00:01<00:01, 22.82it/s]
 52%|█████▏    | 31/60 [00:01<00:01, 22.51it/s]
 57%|█████▋    | 34/60 [00:01<00:01, 21.58it/s]
 62%|██████▏   | 37/60 [00:01<00:01, 20.66it/s]
 67%|██████▋   | 40/60 [00:01<00:00, 20.45it/s]
 72%|███████▏  | 43/60 [00:02<00:00, 20.76it/s]
 77%|███████▋  | 46/60 [00:02<00:00, 21.11it/s]
 82%|████████▏ | 49/60 [00:02<00:00, 21.47it/s]
 87%|████████▋ | 52/60 [00:02<00:00, 20.64it/s]
 92%|█████████▏| 55/60 [00:02<00:00, 20.75it/s]
 97%|█████████▋| 58/60 [00:02<00:00, 20.53it/s]
100%|██████████| 60/60 [00:02<00:00, 20.89it/s]
wandb: WARNING `fps` argument does not affect the frame rate of the video when providing a file path or raw bytes.
212336640: reward=11.995
223477760: mean episode reward=11.952
243793920: mean episode reward=12.465
264110080: mean episode reward=13.315

  0%|          | 0/60 [00:00<?, ?it/s]
  3%|▎         | 2/60 [00:00<00:03, 17.32it/s]
  8%|▊         | 5/60 [00:00<00:02, 19.13it/s]
 13%|█▎        | 8/60 [00:00<00:02, 19.65it/s]
 18%|█▊        | 11/60 [00:00<00:02, 20.12it/s]
 23%|██▎       | 14/60 [00:00<00:02, 19.38it/s]
 27%|██▋       | 16/60 [00:00<00:02, 19.41it/s]
 30%|███       | 18/60 [00:00<00:02, 19.32it/s]
 33%|███▎      | 20/60 [00:01<00:02, 19.25it/s]
 38%|███▊      | 23/60 [00:01<00:01, 19.73it/s]
 43%|████▎     | 26/60 [00:01<00:01, 20.76it/s]
 48%|████▊     | 29/60 [00:01<00:01, 21.39it/s]
 53%|█████▎    | 32/60 [00:01<00:01, 21.07it/s]
 58%|█████▊    | 35/60 [00:01<00:01, 20.81it/s]
 63%|██████▎   | 38/60 [00:01<00:01, 21.25it/s]
 68%|██████▊   | 41/60 [00:02<00:00, 21.79it/s]
 73%|███████▎  | 44/60 [00:02<00:00, 21.81it/s]
 78%|███████▊  | 47/60 [00:02<00:00, 21.39it/s]
 83%|████████▎ | 50/60 [00:02<00:00, 21.14it/s]
 88%|████████▊ | 53/60 [00:02<00:00, 21.03it/s]
 93%|█████████▎| 56/60 [00:02<00:00, 21.08it/s]
 98%|█████████▊| 59/60 [00:02<00:00, 21.20it/s]
100%|██████████| 60/60 [00:02<00:00, 20.67it/s]
wandb: WARNING `fps` argument does not affect the frame rate of the video when providing a file path or raw bytes.
265420800: reward=13.168
284426240: mean episode reward=13.850
304742400: mean episode reward=14.230

  0%|          | 0/60 [00:00<?, ?it/s]
  3%|▎         | 2/60 [00:00<00:03, 16.78it/s]
  8%|▊         | 5/60 [00:00<00:02, 19.05it/s]
 13%|█▎        | 8/60 [00:00<00:02, 20.59it/s]
 18%|█▊        | 11/60 [00:00<00:02, 21.30it/s]
 23%|██▎       | 14/60 [00:00<00:02, 22.48it/s]
 28%|██▊       | 17/60 [00:00<00:01, 22.40it/s]
 33%|███▎      | 20/60 [00:00<00:01, 22.71it/s]
 38%|███▊      | 23/60 [00:01<00:01, 22.87it/s]
 43%|████▎     | 26/60 [00:01<00:01, 23.36it/s]
 48%|████▊     | 29/60 [00:01<00:01, 23.61it/s]
 53%|█████▎    | 32/60 [00:01<00:01, 23.43it/s]
 58%|█████▊    | 35/60 [00:01<00:01, 24.04it/s]
 63%|██████▎   | 38/60 [00:01<00:00, 24.22it/s]
 68%|██████▊   | 41/60 [00:01<00:00, 24.39it/s]
 73%|███████▎  | 44/60 [00:01<00:00, 24.56it/s]
 78%|███████▊  | 47/60 [00:02<00:00, 24.51it/s]
 83%|████████▎ | 50/60 [00:02<00:00, 24.75it/s]
 88%|████████▊ | 53/60 [00:02<00:00, 24.49it/s]
 93%|█████████▎| 56/60 [00:02<00:00, 25.47it/s]
 98%|█████████▊| 59/60 [00:02<00:00, 25.66it/s]
100%|██████████| 60/60 [00:02<00:00, 23.66it/s]
wandb: WARNING `fps` argument does not affect the frame rate of the video when providing a file path or raw bytes.
318504960: reward=13.735
325058560: mean episode reward=13.831
345374720: mean episode reward=14.223
365690880: mean episode reward=13.887

  0%|          | 0/60 [00:00<?, ?it/s]
  3%|▎         | 2/60 [00:00<00:03, 16.58it/s]
  8%|▊         | 5/60 [00:00<00:02, 19.89it/s]
 13%|█▎        | 8/60 [00:00<00:02, 21.67it/s]
 18%|█▊        | 11/60 [00:00<00:02, 22.03it/s]
 23%|██▎       | 14/60 [00:00<00:02, 22.31it/s]
 28%|██▊       | 17/60 [00:00<00:01, 22.53it/s]
 33%|███▎      | 20/60 [00:00<00:01, 22.76it/s]
 38%|███▊      | 23/60 [00:01<00:01, 22.95it/s]
 43%|████▎     | 26/60 [00:01<00:01, 23.15it/s]
 48%|████▊     | 29/60 [00:01<00:01, 23.32it/s]
 53%|█████▎    | 32/60 [00:01<00:01, 23.63it/s]
 58%|█████▊    | 35/60 [00:01<00:01, 24.12it/s]
 63%|██████▎   | 38/60 [00:01<00:00, 24.30it/s]
 68%|██████▊   | 41/60 [00:01<00:00, 24.18it/s]
 73%|███████▎  | 44/60 [00:01<00:00, 24.81it/s]
 78%|███████▊  | 47/60 [00:02<00:00, 24.78it/s]
 83%|████████▎ | 50/60 [00:02<00:00, 25.05it/s]
 88%|████████▊ | 53/60 [00:02<00:00, 25.64it/s]
 93%|█████████▎| 56/60 [00:02<00:00, 24.66it/s]
 98%|█████████▊| 59/60 [00:02<00:00, 24.45it/s]
100%|██████████| 60/60 [00:02<00:00, 23.67it/s]
wandb: WARNING `fps` argument does not affect the frame rate of the video when providing a file path or raw bytes.
371589120: reward=14.586
386007040: mean episode reward=16.608
406323200: mean episode reward=14.385

  0%|          | 0/60 [00:00<?, ?it/s]
  3%|▎         | 2/60 [00:00<00:03, 17.58it/s]
  8%|▊         | 5/60 [00:00<00:02, 19.40it/s]
 13%|█▎        | 8/60 [00:00<00:02, 20.99it/s]
 18%|█▊        | 11/60 [00:00<00:02, 21.15it/s]
 23%|██▎       | 14/60 [00:00<00:02, 21.59it/s]
 28%|██▊       | 17/60 [00:00<00:02, 21.41it/s]
 33%|███▎      | 20/60 [00:00<00:01, 21.15it/s]
 38%|███▊      | 23/60 [00:01<00:01, 21.16it/s]
 43%|████▎     | 26/60 [00:01<00:01, 21.53it/s]
 48%|████▊     | 29/60 [00:01<00:01, 21.61it/s]
 53%|█████▎    | 32/60 [00:01<00:01, 21.03it/s]
 58%|█████▊    | 35/60 [00:01<00:01, 21.43it/s]
 63%|██████▎   | 38/60 [00:01<00:01, 21.55it/s]
 68%|██████▊   | 41/60 [00:01<00:00, 21.70it/s]
 73%|███████▎  | 44/60 [00:02<00:00, 21.33it/s]
 78%|███████▊  | 47/60 [00:02<00:00, 21.45it/s]
 83%|████████▎ | 50/60 [00:02<00:00, 22.17it/s]
 88%|████████▊ | 53/60 [00:02<00:00, 22.47it/s]
 93%|█████████▎| 56/60 [00:02<00:00, 22.44it/s]
 98%|█████████▊| 59/60 [00:02<00:00, 22.26it/s]
100%|██████████| 60/60 [00:02<00:00, 21.61it/s]
wandb: WARNING `fps` argument does not affect the frame rate of the video when providing a file path or raw bytes.
424673280: reward=14.584
426639360: mean episode reward=15.436
446955520: mean episode reward=15.993
467271680: mean episode reward=15.191

  0%|          | 0/60 [00:00<?, ?it/s]
  3%|▎         | 2/60 [00:00<00:04, 14.43it/s]
  7%|▋         | 4/60 [00:00<00:03, 17.17it/s]
 10%|█         | 6/60 [00:00<00:02, 18.18it/s]
 15%|█▌        | 9/60 [00:00<00:02, 19.23it/s]
 20%|██        | 12/60 [00:00<00:02, 20.05it/s]
 25%|██▌       | 15/60 [00:00<00:02, 20.59it/s]
 30%|███       | 18/60 [00:00<00:01, 21.15it/s]
 35%|███▌      | 21/60 [00:01<00:01, 21.74it/s]
 40%|████      | 24/60 [00:01<00:01, 22.02it/s]
 45%|████▌     | 27/60 [00:01<00:01, 22.09it/s]
 50%|█████     | 30/60 [00:01<00:01, 22.16it/s]
 55%|█████▌    | 33/60 [00:01<00:01, 22.98it/s]
 60%|██████    | 36/60 [00:01<00:01, 23.52it/s]
 65%|██████▌   | 39/60 [00:01<00:00, 23.87it/s]
 70%|███████   | 42/60 [00:01<00:00, 23.43it/s]
 75%|███████▌  | 45/60 [00:02<00:00, 23.27it/s]
 80%|████████  | 48/60 [00:02<00:00, 23.20it/s]
 85%|████████▌ | 51/60 [00:02<00:00, 23.52it/s]
 90%|█████████ | 54/60 [00:02<00:00, 23.59it/s]
 95%|█████████▌| 57/60 [00:02<00:00, 23.81it/s]
100%|██████████| 60/60 [00:02<00:00, 22.87it/s]
100%|██████████| 60/60 [00:02<00:00, 22.16it/s]
wandb: WARNING `fps` argument does not affect the frame rate of the video when providing a file path or raw bytes.
477757440: reward=16.090
487587840: mean episode reward=15.097
507904000: mean episode reward=15.133
528220160: mean episode reward=16.436

  0%|          | 0/60 [00:00<?, ?it/s]
  3%|▎         | 2/60 [00:00<00:03, 15.33it/s]
  8%|▊         | 5/60 [00:00<00:02, 18.76it/s]
 13%|█▎        | 8/60 [00:00<00:02, 20.05it/s]
 17%|█▋        | 10/60 [00:00<00:02, 19.84it/s]
 22%|██▏       | 13/60 [00:00<00:02, 19.90it/s]
 27%|██▋       | 16/60 [00:00<00:02, 20.46it/s]
 32%|███▏      | 19/60 [00:00<00:01, 21.48it/s]
 37%|███▋      | 22/60 [00:01<00:01, 21.87it/s]
 42%|████▏     | 25/60 [00:01<00:01, 22.76it/s]
 47%|████▋     | 28/60 [00:01<00:01, 23.73it/s]
 52%|█████▏    | 31/60 [00:01<00:01, 24.19it/s]
 57%|█████▋    | 34/60 [00:01<00:01, 24.44it/s]
 62%|██████▏   | 37/60 [00:01<00:00, 24.39it/s]
 67%|██████▋   | 40/60 [00:01<00:00, 23.92it/s]
 72%|███████▏  | 43/60 [00:01<00:00, 25.08it/s]
 77%|███████▋  | 46/60 [00:02<00:00, 25.34it/s]
 82%|████████▏ | 49/60 [00:02<00:00, 25.54it/s]
 87%|████████▋ | 52/60 [00:02<00:00, 25.52it/s]
 92%|█████████▏| 55/60 [00:02<00:00, 24.40it/s]
 97%|█████████▋| 58/60 [00:02<00:00, 23.85it/s]
100%|██████████| 60/60 [00:02<00:00, 23.14it/s]
wandb: WARNING `fps` argument does not affect the frame rate of the video when providing a file path or raw bytes.
530841600: reward=15.253
548536320: mean episode reward=16.275
568852480: mean episode reward=14.986

  0%|          | 0/60 [00:00<?, ?it/s]
  3%|▎         | 2/60 [00:00<00:03, 17.94it/s]
  8%|▊         | 5/60 [00:00<00:02, 21.34it/s]
 13%|█▎        | 8/60 [00:00<00:02, 22.10it/s]
 18%|█▊        | 11/60 [00:00<00:02, 23.13it/s]
 23%|██▎       | 14/60 [00:00<00:01, 23.07it/s]
 28%|██▊       | 17/60 [00:00<00:01, 23.20it/s]
 33%|███▎      | 20/60 [00:00<00:01, 22.93it/s]
 38%|███▊      | 23/60 [00:01<00:01, 23.01it/s]
 43%|████▎     | 26/60 [00:01<00:01, 22.96it/s]
 48%|████▊     | 29/60 [00:01<00:01, 23.17it/s]
 53%|█████▎    | 32/60 [00:01<00:01, 23.22it/s]
 58%|█████▊    | 35/60 [00:01<00:01, 23.37it/s]
 63%|██████▎   | 38/60 [00:01<00:00, 23.34it/s]
 68%|██████▊   | 41/60 [00:01<00:00, 23.32it/s]
 73%|███████▎  | 44/60 [00:01<00:00, 23.38it/s]
 78%|███████▊  | 47/60 [00:02<00:00, 24.01it/s]
 83%|████████▎ | 50/60 [00:02<00:00, 24.12it/s]
 88%|████████▊ | 53/60 [00:02<00:00, 23.49it/s]
 93%|█████████▎| 56/60 [00:02<00:00, 23.58it/s]
 98%|█████████▊| 59/60 [00:02<00:00, 23.73it/s]
100%|██████████| 60/60 [00:02<00:00, 23.25it/s]
wandb: WARNING `fps` argument does not affect the frame rate of the video when providing a file path or raw bytes.
583925760: reward=16.697
589168640: mean episode reward=17.034
609484800: mean episode reward=15.272
629800960: mean episode reward=15.789

  0%|          | 0/60 [00:00<?, ?it/s]
  3%|▎         | 2/60 [00:00<00:03, 17.41it/s]
  8%|▊         | 5/60 [00:00<00:02, 20.55it/s]
 13%|█▎        | 8/60 [00:00<00:02, 21.08it/s]
 18%|█▊        | 11/60 [00:00<00:02, 21.72it/s]
 23%|██▎       | 14/60 [00:00<00:02, 21.77it/s]
 28%|██▊       | 17/60 [00:00<00:01, 22.18it/s]
 33%|███▎      | 20/60 [00:00<00:01, 22.02it/s]
 38%|███▊      | 23/60 [00:01<00:01, 22.77it/s]
 43%|████▎     | 26/60 [00:01<00:01, 22.99it/s]
 48%|████▊     | 29/60 [00:01<00:01, 22.99it/s]
 53%|█████▎    | 32/60 [00:01<00:01, 22.52it/s]
 58%|█████▊    | 35/60 [00:01<00:01, 22.37it/s]
 63%|██████▎   | 38/60 [00:01<00:00, 22.05it/s]
 68%|██████▊   | 41/60 [00:01<00:00, 22.09it/s]
 73%|███████▎  | 44/60 [00:01<00:00, 21.93it/s]
 78%|███████▊  | 47/60 [00:02<00:00, 21.91it/s]
 83%|████████▎ | 50/60 [00:02<00:00, 22.14it/s]
 88%|████████▊ | 53/60 [00:02<00:00, 22.25it/s]
 93%|█████████▎| 56/60 [00:02<00:00, 22.74it/s]
 98%|█████████▊| 59/60 [00:02<00:00, 22.88it/s]
100%|██████████| 60/60 [00:02<00:00, 22.26it/s]
wandb: WARNING `fps` argument does not affect the frame rate of the video when providing a file path or raw bytes.
637009920: reward=16.767
650117120: mean episode reward=16.122
670433280: mean episode reward=16.101

  0%|          | 0/60 [00:00<?, ?it/s]
  3%|▎         | 2/60 [00:00<00:03, 16.02it/s]
  8%|▊         | 5/60 [00:00<00:02, 20.37it/s]
 13%|█▎        | 8/60 [00:00<00:02, 21.54it/s]
 18%|█▊        | 11/60 [00:00<00:02, 22.61it/s]
 23%|██▎       | 14/60 [00:00<00:01, 23.11it/s]
 28%|██▊       | 17/60 [00:00<00:01, 23.73it/s]
 33%|███▎      | 20/60 [00:00<00:01, 23.90it/s]
 38%|███▊      | 23/60 [00:00<00:01, 24.16it/s]
 43%|████▎     | 26/60 [00:01<00:01, 24.45it/s]
 48%|████▊     | 29/60 [00:01<00:01, 24.41it/s]
 53%|█████▎    | 32/60 [00:01<00:01, 23.88it/s]
 58%|█████▊    | 35/60 [00:01<00:01, 24.77it/s]
 63%|██████▎   | 38/60 [00:01<00:00, 25.45it/s]
 68%|██████▊   | 41/60 [00:01<00:00, 26.03it/s]
 73%|███████▎  | 44/60 [00:01<00:00, 26.69it/s]
 78%|███████▊  | 47/60 [00:01<00:00, 26.85it/s]
 83%|████████▎ | 50/60 [00:02<00:00, 27.10it/s]
 88%|████████▊ | 53/60 [00:02<00:00, 27.44it/s]
 93%|█████████▎| 56/60 [00:02<00:00, 27.83it/s]
 98%|█████████▊| 59/60 [00:02<00:00, 27.82it/s]
100%|██████████| 60/60 [00:02<00:00, 25.19it/s]
wandb: WARNING `fps` argument does not affect the frame rate of the video when providing a file path or raw bytes.
690094080: reward=16.913
690749440: mean episode reward=15.689
711065600: mean episode reward=17.028
731381760: mean episode reward=17.113

  0%|          | 0/60 [00:00<?, ?it/s]
  3%|▎         | 2/60 [00:00<00:03, 16.92it/s]
  8%|▊         | 5/60 [00:00<00:02, 19.31it/s]
 13%|█▎        | 8/60 [00:00<00:02, 19.86it/s]
 18%|█▊        | 11/60 [00:00<00:02, 20.52it/s]
 23%|██▎       | 14/60 [00:00<00:02, 22.37it/s]
 28%|██▊       | 17/60 [00:00<00:01, 23.94it/s]
 33%|███▎      | 20/60 [00:00<00:01, 25.39it/s]
 40%|████      | 24/60 [00:01<00:01, 27.12it/s]
 45%|████▌     | 27/60 [00:01<00:01, 27.86it/s]
 50%|█████     | 30/60 [00:01<00:01, 28.16it/s]
 55%|█████▌    | 33/60 [00:01<00:00, 28.50it/s]
 60%|██████    | 36/60 [00:01<00:00, 27.88it/s]
 65%|██████▌   | 39/60 [00:01<00:00, 27.56it/s]
 70%|███████   | 42/60 [00:01<00:00, 27.71it/s]
 75%|███████▌  | 45/60 [00:01<00:00, 27.67it/s]
 80%|████████  | 48/60 [00:01<00:00, 27.16it/s]
 85%|████████▌ | 51/60 [00:01<00:00, 27.32it/s]
 90%|█████████ | 54/60 [00:02<00:00, 27.60it/s]
 95%|█████████▌| 57/60 [00:02<00:00, 28.24it/s]
100%|██████████| 60/60 [00:02<00:00, 27.91it/s]
100%|██████████| 60/60 [00:02<00:00, 26.14it/s]
wandb: WARNING `fps` argument does not affect the frame rate of the video when providing a file path or raw bytes.
743178240: reward=17.472
751697920: mean episode reward=16.418
772014080: mean episode reward=16.787
792330240: mean episode reward=17.199

  0%|          | 0/60 [00:00<?, ?it/s]
  3%|▎         | 2/60 [00:00<00:03, 14.80it/s]
  8%|▊         | 5/60 [00:00<00:02, 18.64it/s]
 13%|█▎        | 8/60 [00:00<00:02, 20.02it/s]
 18%|█▊        | 11/60 [00:00<00:02, 21.42it/s]
 23%|██▎       | 14/60 [00:00<00:02, 21.25it/s]
 28%|██▊       | 17/60 [00:00<00:02, 21.13it/s]
 33%|███▎      | 20/60 [00:00<00:01, 21.07it/s]
 38%|███▊      | 23/60 [00:01<00:01, 21.26it/s]
 43%|████▎     | 26/60 [00:01<00:01, 21.26it/s]
 48%|████▊     | 29/60 [00:01<00:01, 21.39it/s]
 53%|█████▎    | 32/60 [00:01<00:01, 21.89it/s]
 58%|█████▊    | 35/60 [00:01<00:01, 22.80it/s]
 63%|██████▎   | 38/60 [00:01<00:00, 23.12it/s]
 68%|██████▊   | 41/60 [00:01<00:00, 23.41it/s]
 73%|███████▎  | 44/60 [00:02<00:00, 23.25it/s]
 78%|███████▊  | 47/60 [00:02<00:00, 22.98it/s]
 83%|████████▎ | 50/60 [00:02<00:00, 22.57it/s]
 88%|████████▊ | 53/60 [00:02<00:00, 23.06it/s]
 93%|█████████▎| 56/60 [00:02<00:00, 22.87it/s]
 98%|█████████▊| 59/60 [00:02<00:00, 22.50it/s]
100%|██████████| 60/60 [00:02<00:00, 21.97it/s]
wandb: WARNING `fps` argument does not affect the frame rate of the video when providing a file path or raw bytes.
796262400: reward=18.035
812646400: mean episode reward=16.713
832962560: mean episode reward=14.915

  0%|          | 0/60 [00:00<?, ?it/s]
  3%|▎         | 2/60 [00:00<00:03, 16.75it/s]
  8%|▊         | 5/60 [00:00<00:02, 20.35it/s]
 13%|█▎        | 8/60 [00:00<00:02, 20.81it/s]
 18%|█▊        | 11/60 [00:00<00:02, 20.89it/s]
 23%|██▎       | 14/60 [00:00<00:02, 21.36it/s]
 28%|██▊       | 17/60 [00:00<00:01, 21.98it/s]
 33%|███▎      | 20/60 [00:00<00:01, 23.53it/s]
 38%|███▊      | 23/60 [00:01<00:01, 24.22it/s]
 43%|████▎     | 26/60 [00:01<00:01, 24.26it/s]
 48%|████▊     | 29/60 [00:01<00:01, 24.93it/s]
 53%|█████▎    | 32/60 [00:01<00:01, 24.79it/s]
 58%|█████▊    | 35/60 [00:01<00:01, 24.17it/s]
 63%|██████▎   | 38/60 [00:01<00:00, 23.92it/s]
 68%|██████▊   | 41/60 [00:01<00:00, 24.39it/s]
 73%|███████▎  | 44/60 [00:01<00:00, 23.98it/s]
 78%|███████▊  | 47/60 [00:02<00:00, 23.23it/s]
 83%|████████▎ | 50/60 [00:02<00:00, 22.27it/s]
 88%|████████▊ | 53/60 [00:02<00:00, 22.37it/s]
 93%|█████████▎| 56/60 [00:02<00:00, 22.72it/s]
 98%|█████████▊| 59/60 [00:02<00:00, 23.28it/s]
100%|██████████| 60/60 [00:02<00:00, 23.10it/s]
wandb: WARNING `fps` argument does not affect the frame rate of the video when providing a file path or raw bytes.
849346560: reward=16.299
853278720: mean episode reward=16.796
873594880: mean episode reward=17.895
893911040: mean episode reward=17.207

  0%|          | 0/60 [00:00<?, ?it/s]
  3%|▎         | 2/60 [00:00<00:03, 16.34it/s]
  8%|▊         | 5/60 [00:00<00:02, 19.77it/s]
 13%|█▎        | 8/60 [00:00<00:02, 21.69it/s]
 18%|█▊        | 11/60 [00:00<00:02, 22.44it/s]
 23%|██▎       | 14/60 [00:00<00:02, 22.85it/s]
 28%|██▊       | 17/60 [00:00<00:01, 22.83it/s]
 33%|███▎      | 20/60 [00:00<00:01, 22.84it/s]
 38%|███▊      | 23/60 [00:01<00:01, 22.75it/s]
 43%|████▎     | 26/60 [00:01<00:01, 23.11it/s]
 48%|████▊     | 29/60 [00:01<00:01, 23.25it/s]
 53%|█████▎    | 32/60 [00:01<00:01, 23.75it/s]
 58%|█████▊    | 35/60 [00:01<00:01, 23.60it/s]
 63%|██████▎   | 38/60 [00:01<00:00, 24.46it/s]
 68%|██████▊   | 41/60 [00:01<00:00, 24.68it/s]
 73%|███████▎  | 44/60 [00:01<00:00, 24.92it/s]
 78%|███████▊  | 47/60 [00:02<00:00, 25.24it/s]
 83%|████████▎ | 50/60 [00:02<00:00, 24.99it/s]
 88%|████████▊ | 53/60 [00:02<00:00, 24.85it/s]
 93%|█████████▎| 56/60 [00:02<00:00, 24.51it/s]
 98%|█████████▊| 59/60 [00:02<00:00, 23.92it/s]
100%|██████████| 60/60 [00:02<00:00, 23.57it/s]
wandb: WARNING `fps` argument does not affect the frame rate of the video when providing a file path or raw bytes.
902430720: reward=17.305
914227200: mean episode reward=18.092
934543360: mean episode reward=17.387
954859520: mean episode reward=17.270

  0%|          | 0/60 [00:00<?, ?it/s]
  3%|▎         | 2/60 [00:00<00:03, 16.78it/s]
  8%|▊         | 5/60 [00:00<00:02, 19.60it/s]
 13%|█▎        | 8/60 [00:00<00:02, 20.63it/s]
 18%|█▊        | 11/60 [00:00<00:02, 20.80it/s]
 23%|██▎       | 14/60 [00:00<00:02, 20.97it/s]
 28%|██▊       | 17/60 [00:00<00:01, 21.88it/s]
 33%|███▎      | 20/60 [00:00<00:01, 22.09it/s]
 38%|███▊      | 23/60 [00:01<00:01, 22.12it/s]
 43%|████▎     | 26/60 [00:01<00:01, 21.83it/s]
 48%|████▊     | 29/60 [00:01<00:01, 22.06it/s]
 53%|█████▎    | 32/60 [00:01<00:01, 21.92it/s]
 58%|█████▊    | 35/60 [00:01<00:01, 22.15it/s]
 63%|██████▎   | 38/60 [00:01<00:00, 22.10it/s]
 68%|██████▊   | 41/60 [00:01<00:00, 21.87it/s]
 73%|███████▎  | 44/60 [00:02<00:00, 21.82it/s]
 78%|███████▊  | 47/60 [00:02<00:00, 21.74it/s]
 83%|████████▎ | 50/60 [00:02<00:00, 22.07it/s]
 88%|████████▊ | 53/60 [00:02<00:00, 22.37it/s]
 93%|█████████▎| 56/60 [00:02<00:00, 22.75it/s]
 98%|█████████▊| 59/60 [00:02<00:00, 22.63it/s]
100%|██████████| 60/60 [00:02<00:00, 21.88it/s]
wandb: WARNING `fps` argument does not affect the frame rate of the video when providing a file path or raw bytes.
955514880: reward=17.193
975175680: mean episode reward=17.535
995491840: mean episode reward=17.819

  0%|          | 0/60 [00:00<?, ?it/s]
  3%|▎         | 2/60 [00:00<00:03, 16.85it/s]
  8%|▊         | 5/60 [00:00<00:02, 21.58it/s]
 13%|█▎        | 8/60 [00:00<00:02, 23.25it/s]
 18%|█▊        | 11/60 [00:00<00:02, 23.99it/s]
 23%|██▎       | 14/60 [00:00<00:01, 23.99it/s]
 28%|██▊       | 17/60 [00:00<00:01, 23.99it/s]
 33%|███▎      | 20/60 [00:00<00:01, 24.17it/s]
 38%|███▊      | 23/60 [00:00<00:01, 23.37it/s]
 43%|████▎     | 26/60 [00:01<00:01, 23.04it/s]
 48%|████▊     | 29/60 [00:01<00:01, 22.56it/s]
 53%|█████▎    | 32/60 [00:01<00:01, 22.21it/s]
 58%|█████▊    | 35/60 [00:01<00:01, 21.82it/s]
 63%|██████▎   | 38/60 [00:01<00:01, 21.91it/s]
 68%|██████▊   | 41/60 [00:01<00:00, 21.84it/s]
 73%|███████▎  | 44/60 [00:01<00:00, 22.21it/s]
 78%|███████▊  | 47/60 [00:02<00:00, 21.54it/s]
 83%|████████▎ | 50/60 [00:02<00:00, 21.85it/s]
 88%|████████▊ | 53/60 [00:02<00:00, 21.77it/s]
 93%|█████████▎| 56/60 [00:02<00:00, 21.69it/s]
 98%|█████████▊| 59/60 [00:02<00:00, 22.17it/s]
100%|██████████| 60/60 [00:02<00:00, 22.41it/s]
wandb: WARNING `fps` argument does not affect the frame rate of the video when providing a file path or raw bytes.
1008599040: reward=17.832
Done training.
Time to JIT compile: 22.374511547386646
Time to train: 6724.197544567287
Starting inference...
FPS for rendering: 10.0

  0%|          | 0/500 [00:00<?, ?it/s]
  0%|          | 2/500 [00:00<00:32, 15.23it/s]
  1%|          | 5/500 [00:00<00:26, 18.60it/s]
  2%|▏         | 8/500 [00:00<00:25, 19.54it/s]
  2%|▏         | 11/500 [00:00<00:24, 20.29it/s]
  3%|▎         | 14/500 [00:00<00:23, 20.58it/s]
  3%|▎         | 17/500 [00:00<00:22, 21.26it/s]
  4%|▍         | 20/500 [00:00<00:21, 22.05it/s]
  5%|▍         | 23/500 [00:01<00:21, 22.56it/s]
  5%|▌         | 26/500 [00:01<00:20, 22.76it/s]
  6%|▌         | 29/500 [00:01<00:20, 23.10it/s]
  6%|▋         | 32/500 [00:01<00:20, 22.94it/s]
  7%|▋         | 35/500 [00:01<00:20, 22.91it/s]
  8%|▊         | 38/500 [00:01<00:20, 22.91it/s]
  8%|▊         | 41/500 [00:01<00:20, 22.88it/s]
  9%|▉         | 44/500 [00:02<00:20, 22.77it/s]
  9%|▉         | 47/500 [00:02<00:19, 22.92it/s]
 10%|█         | 50/500 [00:02<00:19, 22.64it/s]
 11%|█         | 53/500 [00:02<00:19, 22.80it/s]
 11%|█         | 56/500 [00:02<00:19, 22.92it/s]
 12%|█▏        | 59/500 [00:02<00:19, 22.85it/s]
 12%|█▏        | 62/500 [00:02<00:18, 23.11it/s]
 13%|█▎        | 65/500 [00:02<00:18, 23.02it/s]
 14%|█▎        | 68/500 [00:03<00:18, 22.89it/s]
 14%|█▍        | 71/500 [00:03<00:18, 22.71it/s]
 15%|█▍        | 74/500 [00:03<00:18, 22.82it/s]
 15%|█▌        | 77/500 [00:03<00:18, 23.13it/s]
 16%|█▌        | 80/500 [00:03<00:18, 23.07it/s]
 17%|█▋        | 83/500 [00:03<00:17, 23.60it/s]
 17%|█▋        | 86/500 [00:03<00:17, 24.29it/s]
 18%|█▊        | 89/500 [00:03<00:16, 24.30it/s]
 18%|█▊        | 92/500 [00:04<00:17, 23.68it/s]
 19%|█▉        | 95/500 [00:04<00:17, 23.21it/s]
 20%|█▉        | 98/500 [00:04<00:17, 22.92it/s]
 20%|██        | 101/500 [00:04<00:17, 22.59it/s]
 21%|██        | 104/500 [00:04<00:17, 22.60it/s]
 21%|██▏       | 107/500 [00:04<00:17, 22.59it/s]
 22%|██▏       | 110/500 [00:04<00:17, 22.51it/s]
 23%|██▎       | 113/500 [00:04<00:16, 23.06it/s]
 23%|██▎       | 116/500 [00:05<00:16, 22.93it/s]
 24%|██▍       | 119/500 [00:05<00:16, 22.45it/s]
 24%|██▍       | 122/500 [00:05<00:16, 22.37it/s]
 25%|██▌       | 125/500 [00:05<00:16, 22.29it/s]
 26%|██▌       | 128/500 [00:05<00:16, 22.27it/s]
 26%|██▌       | 131/500 [00:05<00:16, 22.35it/s]
 27%|██▋       | 134/500 [00:05<00:16, 22.33it/s]
 27%|██▋       | 137/500 [00:06<00:16, 22.21it/s]
 28%|██▊       | 140/500 [00:06<00:16, 22.40it/s]
 29%|██▊       | 143/500 [00:06<00:16, 22.27it/s]
 29%|██▉       | 146/500 [00:06<00:15, 22.25it/s]
 30%|██▉       | 149/500 [00:06<00:15, 22.00it/s]
 30%|███       | 152/500 [00:06<00:16, 21.73it/s]
 31%|███       | 155/500 [00:06<00:15, 21.58it/s]
 32%|███▏      | 158/500 [00:07<00:15, 21.73it/s]
 32%|███▏      | 161/500 [00:07<00:15, 21.89it/s]
 33%|███▎      | 164/500 [00:07<00:15, 22.19it/s]
 33%|███▎      | 167/500 [00:07<00:14, 22.69it/s]
 34%|███▍      | 170/500 [00:07<00:14, 22.51it/s]
 35%|███▍      | 173/500 [00:07<00:14, 22.57it/s]
 35%|███▌      | 176/500 [00:07<00:14, 22.66it/s]
 36%|███▌      | 179/500 [00:07<00:14, 22.67it/s]
 36%|███▋      | 182/500 [00:08<00:14, 22.48it/s]
 37%|███▋      | 185/500 [00:08<00:14, 22.48it/s]
 38%|███▊      | 188/500 [00:08<00:13, 22.53it/s]
 38%|███▊      | 191/500 [00:08<00:13, 22.39it/s]
 39%|███▉      | 194/500 [00:08<00:13, 21.98it/s]
 39%|███▉      | 197/500 [00:08<00:13, 21.78it/s]
 40%|████      | 200/500 [00:08<00:13, 21.99it/s]
 41%|████      | 203/500 [00:09<00:13, 22.15it/s]
 41%|████      | 206/500 [00:09<00:13, 21.89it/s]
 42%|████▏     | 209/500 [00:09<00:13, 22.10it/s]
 42%|████▏     | 212/500 [00:09<00:12, 22.33it/s]
 43%|████▎     | 215/500 [00:09<00:12, 22.34it/s]
 44%|████▎     | 218/500 [00:09<00:12, 22.24it/s]
 44%|████▍     | 221/500 [00:09<00:12, 22.38it/s]
 45%|████▍     | 224/500 [00:09<00:12, 22.70it/s]
 45%|████▌     | 227/500 [00:10<00:11, 22.88it/s]
 46%|████▌     | 230/500 [00:10<00:11, 23.04it/s]
 47%|████▋     | 233/500 [00:10<00:11, 22.87it/s]
 47%|████▋     | 236/500 [00:10<00:11, 22.80it/s]
 48%|████▊     | 239/500 [00:10<00:11, 22.99it/s]
 48%|████▊     | 242/500 [00:10<00:11, 23.06it/s]
 49%|████▉     | 245/500 [00:10<00:11, 22.46it/s]
 50%|████▉     | 248/500 [00:11<00:11, 22.10it/s]
 50%|█████     | 251/500 [00:11<00:11, 22.06it/s]
 51%|█████     | 254/500 [00:11<00:11, 21.72it/s]
 51%|█████▏    | 257/500 [00:11<00:11, 21.80it/s]
 52%|█████▏    | 260/500 [00:11<00:11, 21.72it/s]
 53%|█████▎    | 263/500 [00:11<00:10, 22.20it/s]
 53%|█████▎    | 266/500 [00:11<00:10, 22.59it/s]
 54%|█████▍    | 269/500 [00:11<00:10, 22.66it/s]
 54%|█████▍    | 272/500 [00:12<00:09, 23.17it/s]
 55%|█████▌    | 275/500 [00:12<00:09, 23.87it/s]
 56%|█████▌    | 278/500 [00:12<00:09, 24.02it/s]
 56%|█████▌    | 281/500 [00:12<00:09, 23.51it/s]
 57%|█████▋    | 284/500 [00:12<00:09, 23.20it/s]
 57%|█████▋    | 287/500 [00:12<00:09, 23.19it/s]
 58%|█████▊    | 290/500 [00:12<00:09, 23.20it/s]
 59%|█████▊    | 293/500 [00:13<00:08, 23.32it/s]
 59%|█████▉    | 296/500 [00:13<00:08, 23.22it/s]
 60%|█████▉    | 299/500 [00:13<00:08, 22.92it/s]
 60%|██████    | 302/500 [00:13<00:08, 22.74it/s]
 61%|██████    | 305/500 [00:13<00:08, 22.69it/s]
 62%|██████▏   | 308/500 [00:13<00:08, 22.85it/s]
 62%|██████▏   | 311/500 [00:13<00:07, 23.90it/s]
 63%|██████▎   | 314/500 [00:13<00:07, 24.34it/s]
 63%|██████▎   | 317/500 [00:14<00:07, 24.10it/s]
 64%|██████▍   | 320/500 [00:14<00:07, 23.62it/s]
 65%|██████▍   | 323/500 [00:14<00:07, 23.43it/s]
 65%|██████▌   | 326/500 [00:14<00:07, 23.18it/s]
 66%|██████▌   | 329/500 [00:14<00:07, 22.69it/s]
 66%|██████▋   | 332/500 [00:14<00:07, 22.50it/s]
 67%|██████▋   | 335/500 [00:14<00:07, 22.61it/s]
 68%|██████▊   | 338/500 [00:14<00:07, 22.31it/s]
 68%|██████▊   | 341/500 [00:15<00:07, 22.12it/s]
 69%|██████▉   | 344/500 [00:15<00:06, 22.36it/s]
 69%|██████▉   | 347/500 [00:15<00:06, 22.27it/s]
 70%|███████   | 350/500 [00:15<00:06, 22.43it/s]
 71%|███████   | 353/500 [00:15<00:06, 22.56it/s]
 71%|███████   | 356/500 [00:15<00:06, 22.67it/s]
 72%|███████▏  | 359/500 [00:15<00:06, 22.86it/s]
 72%|███████▏  | 362/500 [00:16<00:06, 22.76it/s]
 73%|███████▎  | 365/500 [00:16<00:05, 22.79it/s]
 74%|███████▎  | 368/500 [00:16<00:05, 23.23it/s]
 74%|███████▍  | 371/500 [00:16<00:05, 23.45it/s]
 75%|███████▍  | 374/500 [00:16<00:05, 23.15it/s]
 75%|███████▌  | 377/500 [00:16<00:05, 22.64it/s]
 76%|███████▌  | 380/500 [00:16<00:05, 22.46it/s]
 77%|███████▋  | 383/500 [00:16<00:05, 22.65it/s]
 77%|███████▋  | 386/500 [00:17<00:04, 22.85it/s]
 78%|███████▊  | 389/500 [00:17<00:04, 22.49it/s]
 78%|███████▊  | 392/500 [00:17<00:04, 22.44it/s]
 79%|███████▉  | 395/500 [00:17<00:04, 23.02it/s]
 80%|███████▉  | 398/500 [00:17<00:04, 22.50it/s]
 80%|████████  | 401/500 [00:17<00:04, 22.11it/s]
 81%|████████  | 404/500 [00:17<00:04, 22.18it/s]
 81%|████████▏ | 407/500 [00:18<00:04, 22.35it/s]
 82%|████████▏ | 410/500 [00:18<00:03, 22.54it/s]
 83%|████████▎ | 413/500 [00:18<00:03, 22.73it/s]
 83%|████████▎ | 416/500 [00:18<00:03, 23.00it/s]
 84%|████████▍ | 419/500 [00:18<00:03, 23.70it/s]
 84%|████████▍ | 422/500 [00:18<00:03, 23.68it/s]
 85%|████████▌ | 425/500 [00:18<00:03, 23.12it/s]
 86%|████████▌ | 428/500 [00:18<00:03, 22.95it/s]
 86%|████████▌ | 431/500 [00:19<00:03, 22.39it/s]
 87%|████████▋ | 434/500 [00:19<00:03, 21.72it/s]
 87%|████████▋ | 437/500 [00:19<00:02, 21.57it/s]
 88%|████████▊ | 440/500 [00:19<00:02, 21.42it/s]
 89%|████████▊ | 443/500 [00:19<00:02, 21.55it/s]
 89%|████████▉ | 446/500 [00:19<00:02, 21.36it/s]
 90%|████████▉ | 449/500 [00:19<00:02, 21.28it/s]
 90%|█████████ | 452/500 [00:20<00:02, 21.48it/s]
 91%|█████████ | 455/500 [00:20<00:02, 21.62it/s]
 92%|█████████▏| 458/500 [00:20<00:01, 21.77it/s]
 92%|█████████▏| 461/500 [00:20<00:01, 22.05it/s]
 93%|█████████▎| 464/500 [00:20<00:01, 22.07it/s]
 93%|█████████▎| 467/500 [00:20<00:01, 22.41it/s]
 94%|█████████▍| 470/500 [00:20<00:01, 22.63it/s]
 95%|█████████▍| 473/500 [00:20<00:01, 22.61it/s]
 95%|█████████▌| 476/500 [00:21<00:01, 22.68it/s]
 96%|█████████▌| 479/500 [00:21<00:00, 22.41it/s]
 96%|█████████▋| 482/500 [00:21<00:00, 22.51it/s]
 97%|█████████▋| 485/500 [00:21<00:00, 22.52it/s]
 98%|█████████▊| 488/500 [00:21<00:00, 22.59it/s]
 98%|█████████▊| 491/500 [00:21<00:00, 22.32it/s]
 99%|█████████▉| 494/500 [00:21<00:00, 22.33it/s]
 99%|█████████▉| 497/500 [00:22<00:00, 22.40it/s]
100%|██████████| 500/500 [00:22<00:00, 22.31it/s]
100%|██████████| 500/500 [00:22<00:00, 22.54it/s]
Rollout video saved as 'rollout0.mp4'.
[1;34mwandb[0m: 
[1;34mwandb[0m: 🚀 View run [33mTesolloDownwardsRotateZ-20260626-033945-downwardsrotatez_sb_propriodelta_s2[0m at: [34mhttps://wandb.ai/nikolastaykov/mjxrl/runs/11tp06wh[0m
[1;34mwandb[0m: Find logs at: [1;35mwandb/run-20260626_033945-11tp06wh/logs[0m
