Warp 1.12.1 initialized:
   CUDA Toolkit 12.9, Driver 12.5
   Devices:
     "cpu"      : "x86_64"
     "cuda:0"   : "NVIDIA GeForce RTX 4090" (24 GiB, sm_89, mempool enabled)
   Kernel cache:
     /home/nstaykov/.cache/warp/1.12.1
Warp DeprecationWarning: The symbol `warp.types.warp_type_to_np_dtype` will soon be removed from the public API. It can still be accessed from `warp._src.types.warp_type_to_np_dtype` but might be changed or removed without notice.
/local/home/nstaykov/workspace/mujoco_playground/mujoco_playground/_src/manipulation/tesollo_hand/obs.py:161: UserWarning: obs_noise.scales has keys not in active obs spec: {'motor_targets'}
  warnings.warn(
Environment Config:
action_mode: absolute
action_repeat: 1
action_scale: 0.5
constrain_wrist_translation: false
ctrl_dt: 0.05
curriculum:
  band_width: 0.08726646259971647
  enable: false
  promote_after: 5
  success_count_threshold: 70
ema_alpha: 0.2
episode_length: 120
impl: warp
kp_scale: 1.0
max_target_angle: 2.0943951023931953
nconmax: 1638400
njmax: 2200
obs_noise:
  level: 1.0
  scales:
    goal_quat: 0.0
    joint_pos: 0.0
    joint_vel: 0.0
    motor_targets: 0.0
ori_tolerance_rad: 0.05235987755982988
pert_config:
  angular_velocity_pert:
  - 0.0
  - 0.5
  enable: false
  linear_velocity_pert:
  - 0.0
  - 3.0
  pert_duration_steps:
  - 1
  - 100
  pert_wait_steps:
  - 60
  - 150
reward_config:
  ori_reward_margin_rad: 0.5235987755982988
  scales:
    action_rate: -0.5
    cube_on_floor: -0.5
    cube_ori: 2.0
    fingertip_pos: 1.5
    joint_vel: -0.002
    wrist_vel: -0.02
  success_reward: 2.0
scene:
  cube_mass: 0.108
sensor_bundle: proprio.delta
sim_dt: 0.01
target_hold_time: 0.05

PPO Training Parameters:
action_repeat: 1
batch_size: 256
discounting: 0.99
entropy_cost: 0.005
episode_length: 120
learning_rate: 0.0001
log_training_metrics: true
network_factory:
  policy_hidden_layer_sizes: &id001 !!python/tuple
  - 512
  - 256
  - 128
  policy_obs_key: state
  value_hidden_layer_sizes: *id001
  value_obs_key: privileged_state
normalize_observations: true
num_envs: 8192
num_evals: 20
num_minibatches: 64
num_resets_per_eval: 0
num_timesteps: 1000000000
num_updates_per_batch: 4
reward_scaling: 1.0
training_metrics_steps: 20000000
unroll_length: 40

CLI overrides: {
  "env_name": "TesolloDownwardsRotateZ",
  "suffix": "downwardsrotatez_sb_propriodelta_s0",
  "use_wandb": true,
  "log_video_to_wandb": true,
  "seed": 0,
  "num_timesteps": 1000000000,
  "num_envs": 8192,
  "log_training_metrics": true,
  "training_metrics_steps": 20000000,
  "env_overrides_file": "logs/_queue/downwards_sensor_sweep_120-20260625-124815/run-06-TesolloDownwardsRotateZ-downwardsrotatez_sb_propriodelta_s0-overrides.yaml"
}
Experiment name: TesolloDownwardsRotateZ-20260625-235407-downwardsrotatez_sb_propriodelta_s0
Logs are being stored in: /local/home/nstaykov/workspace/mujoco_playground/logs/TesolloDownwardsRotateZ-20260625-235407-downwardsrotatez_sb_propriodelta_s0
wandb: [wandb.login()] Loaded credentials for https://api.wandb.ai from WANDB_API_KEY.
wandb: Currently logged in as: nstaykov (nikolastaykov) to https://api.wandb.ai. Use `wandb login --relogin` to force relogin
wandb: setting up run aplnecfz
wandb: Tracking run with wandb version 0.26.1
wandb: Run data is saved locally in /local/home/nstaykov/workspace/mujoco_playground/wandb/run-20260625_235408-aplnecfz
wandb: Run `wandb offline` to turn off syncing.
wandb: Syncing run TesolloDownwardsRotateZ-20260625-235407-downwardsrotatez_sb_propriodelta_s0
wandb: ⭐️ View project at https://wandb.ai/nikolastaykov/mjxrl
wandb: 🚀 View run at https://wandb.ai/nikolastaykov/mjxrl/runs/aplnecfz
No checkpoint path provided, not restoring from checkpoint
Checkpoint path: /local/home/nstaykov/workspace/mujoco_playground/logs/TesolloDownwardsRotateZ-20260625-235407-downwardsrotatez_sb_propriodelta_s0/checkpoints
/local/home/nstaykov/workspace/mujoco_playground/mujoco_playground/_src/manipulation/tesollo_hand/obs.py:161: UserWarning: obs_noise.scales has keys not in active obs spec: {'motor_targets'}
  warnings.warn(
Module mujoco.mjx.warp.ffi 98d2031 load on device 'cuda:0' took 0.38 ms  (cached)
Module mujoco.mjx.third_party.mujoco_warp._src.smooth 26bbc02 load on device 'cuda:0' took 6.48 ms  (cached)
Module mujoco.mjx.third_party.mujoco_warp._src.collision_driver 88f7770 load on device 'cuda:0' took 0.29 ms  (cached)
Module _nxn_broadphase__locals__kernel_c763f4cb c763f4c load on device 'cuda:0' took 0.29 ms  (cached)
Module _primitive_narrowphase__locals__primitive_narrowphase_072e9f5e 072e9f5 load on device 'cuda:0' took 0.49 ms  (cached)
Module mujoco.mjx.third_party.mujoco_warp._src.constraint c567367 load on device 'cuda:0' took 0.51 ms  (cached)
Module mujoco.mjx.third_party.mujoco_warp._src.sensor 18a78e5 load on device 'cuda:0' took 0.53 ms  (cached)
Module mujoco.mjx.third_party.mujoco_warp._src.forward 16fbac8 load on device 'cuda:0' took 0.60 ms  (cached)
Module mujoco.mjx.third_party.mujoco_warp._src.passive 8bfe11c load on device 'cuda:0' took 0.34 ms  (cached)
Module mujoco.mjx.third_party.mujoco_warp._src.forward 8f5355c load on device 'cuda:0' took 0.43 ms  (cached)
Module mujoco.mjx.third_party.mujoco_warp._src.support dd3f924 load on device 'cuda:0' took 0.28 ms  (cached)
Module _tile_cholesky_factorize_solve__locals__cholesky_factorize_solve_98799697 3154237 load on device 'cuda:0' took 24.16 ms  (cached)
Module _tile_cholesky_factorize_solve__locals__cholesky_factorize_solve_b2744b1b e16af87 load on device 'cuda:0' took 25.55 ms  (cached)
Module mujoco.mjx.third_party.mujoco_warp._src.solver b116efb load on device 'cuda:0' took 0.54 ms  (cached)
Module solve_init_jaref__locals__kernel_feadd581 feadd58 load on device 'cuda:0' took 0.38 ms  (cached)
Module mul_m_dense__locals___mul_m_dense_e34139c1 e34139c load on device 'cuda:0' took 0.41 ms  (cached)
Module update_constraint_efc__locals__kernel_81015163 8101516 load on device 'cuda:0' took 0.29 ms  (cached)
Module update_constraint_gauss_cost__locals__kernel_6370b491 6370b49 load on device 'cuda:0' took 0.28 ms  (cached)
Module update_gradient_JTDAJ_dense_tiled__locals__kernel_e0063ce2 85330e7 load on device 'cuda:0' took 0.57 ms  (cached)
Module update_gradient_cholesky__locals__kernel_c54e7710 b74aeaf load on device 'cuda:0' took 26.22 ms  (cached)
Module linesearch_iterative__locals__kernel_94acdc55 9c914fd load on device 'cuda:0' took 0.40 ms  (cached)
Module update_constraint_efc__locals__kernel_25737258 2573725 load on device 'cuda:0' took 0.30 ms  (cached)
Module _contact_sort__locals__contact_sort_44d31eb2 de954a2 load on device 'cuda:0' took 0.37 ms  (cached)
0: reward=-0.223

  0%|          | 0/60 [00:00<?, ?it/s]
  3%|▎         | 2/60 [00:00<00:04, 14.36it/s]
  7%|▋         | 4/60 [00:00<00:03, 17.03it/s]
 12%|█▏        | 7/60 [00:00<00:02, 19.20it/s]
 17%|█▋        | 10/60 [00:00<00:02, 20.10it/s]
 22%|██▏       | 13/60 [00:00<00:02, 20.74it/s]
 27%|██▋       | 16/60 [00:00<00:02, 21.13it/s]
 32%|███▏      | 19/60 [00:00<00:01, 21.02it/s]
 37%|███▋      | 22/60 [00:01<00:01, 21.18it/s]
 42%|████▏     | 25/60 [00:01<00:01, 21.17it/s]
 47%|████▋     | 28/60 [00:01<00:01, 21.43it/s]
 52%|█████▏    | 31/60 [00:01<00:01, 22.47it/s]
 57%|█████▋    | 34/60 [00:01<00:01, 22.64it/s]
 62%|██████▏   | 37/60 [00:01<00:01, 22.99it/s]
 67%|██████▋   | 40/60 [00:01<00:00, 23.48it/s]
 72%|███████▏  | 43/60 [00:01<00:00, 23.19it/s]
 77%|███████▋  | 46/60 [00:02<00:00, 23.74it/s]
 82%|████████▏ | 49/60 [00:02<00:00, 22.92it/s]
 87%|████████▋ | 52/60 [00:02<00:00, 23.17it/s]
 92%|█████████▏| 55/60 [00:02<00:00, 23.92it/s]
 97%|█████████▋| 58/60 [00:02<00:00, 23.88it/s]
100%|██████████| 60/60 [00:02<00:00, 22.24it/s]
wandb: WARNING `fps` argument does not affect the frame rate of the video when providing a file path or raw bytes.
20316160: mean episode reward=3.490
40632320: mean episode reward=7.180

  0%|          | 0/60 [00:00<?, ?it/s]
  3%|▎         | 2/60 [00:00<00:04, 14.33it/s]
  7%|▋         | 4/60 [00:00<00:03, 16.17it/s]
 12%|█▏        | 7/60 [00:00<00:02, 19.11it/s]
 17%|█▋        | 10/60 [00:00<00:02, 21.22it/s]
 22%|██▏       | 13/60 [00:00<00:02, 23.11it/s]
 27%|██▋       | 16/60 [00:00<00:01, 24.59it/s]
 32%|███▏      | 19/60 [00:00<00:01, 24.97it/s]
 37%|███▋      | 22/60 [00:00<00:01, 25.18it/s]
 42%|████▏     | 25/60 [00:01<00:01, 25.35it/s]
 47%|████▋     | 28/60 [00:01<00:01, 25.65it/s]
 52%|█████▏    | 31/60 [00:01<00:01, 25.51it/s]
 57%|█████▋    | 34/60 [00:01<00:00, 26.44it/s]
 62%|██████▏   | 37/60 [00:01<00:00, 26.00it/s]
 67%|██████▋   | 40/60 [00:01<00:00, 26.25it/s]
 72%|███████▏  | 43/60 [00:01<00:00, 25.91it/s]
 77%|███████▋  | 46/60 [00:01<00:00, 25.72it/s]
 82%|████████▏ | 49/60 [00:01<00:00, 26.54it/s]
 87%|████████▋ | 52/60 [00:02<00:00, 26.26it/s]
 92%|█████████▏| 55/60 [00:02<00:00, 26.14it/s]
 97%|█████████▋| 58/60 [00:02<00:00, 25.34it/s]
100%|██████████| 60/60 [00:02<00:00, 24.74it/s]
wandb: WARNING `fps` argument does not affect the frame rate of the video when providing a file path or raw bytes.
53084160: reward=7.500
60948480: mean episode reward=7.240
81264640: mean episode reward=7.924
101580800: mean episode reward=9.350

  0%|          | 0/60 [00:00<?, ?it/s]
  3%|▎         | 2/60 [00:00<00:03, 16.04it/s]
  8%|▊         | 5/60 [00:00<00:02, 21.23it/s]
 13%|█▎        | 8/60 [00:00<00:02, 21.83it/s]
 18%|█▊        | 11/60 [00:00<00:02, 22.45it/s]
 23%|██▎       | 14/60 [00:00<00:02, 22.92it/s]
 28%|██▊       | 17/60 [00:00<00:01, 22.96it/s]
 33%|███▎      | 20/60 [00:00<00:01, 23.33it/s]
 38%|███▊      | 23/60 [00:01<00:01, 23.01it/s]
 43%|████▎     | 26/60 [00:01<00:01, 23.31it/s]
 48%|████▊     | 29/60 [00:01<00:01, 22.76it/s]
 53%|█████▎    | 32/60 [00:01<00:01, 22.70it/s]
 58%|█████▊    | 35/60 [00:01<00:01, 23.48it/s]
 63%|██████▎   | 38/60 [00:01<00:00, 23.21it/s]
 68%|██████▊   | 41/60 [00:01<00:00, 23.40it/s]
 73%|███████▎  | 44/60 [00:01<00:00, 23.59it/s]
 78%|███████▊  | 47/60 [00:02<00:00, 23.77it/s]
 83%|████████▎ | 50/60 [00:02<00:00, 23.01it/s]
 88%|████████▊ | 53/60 [00:02<00:00, 22.82it/s]
 93%|█████████▎| 56/60 [00:02<00:00, 22.33it/s]
 98%|█████████▊| 59/60 [00:02<00:00, 22.36it/s]
100%|██████████| 60/60 [00:02<00:00, 22.76it/s]
wandb: WARNING `fps` argument does not affect the frame rate of the video when providing a file path or raw bytes.
106168320: reward=8.586
121896960: mean episode reward=8.495
142213120: mean episode reward=9.561

  0%|          | 0/60 [00:00<?, ?it/s]
  3%|▎         | 2/60 [00:00<00:04, 14.41it/s]
  8%|▊         | 5/60 [00:00<00:03, 18.31it/s]
 13%|█▎        | 8/60 [00:00<00:02, 20.44it/s]
 18%|█▊        | 11/60 [00:00<00:02, 21.79it/s]
 23%|██▎       | 14/60 [00:00<00:02, 22.28it/s]
 28%|██▊       | 17/60 [00:00<00:01, 22.72it/s]
 33%|███▎      | 20/60 [00:00<00:01, 22.74it/s]
 38%|███▊      | 23/60 [00:01<00:01, 23.13it/s]
 43%|████▎     | 26/60 [00:01<00:01, 23.33it/s]
 48%|████▊     | 29/60 [00:01<00:01, 23.52it/s]
 53%|█████▎    | 32/60 [00:01<00:01, 23.38it/s]
 58%|█████▊    | 35/60 [00:01<00:01, 23.43it/s]
 63%|██████▎   | 38/60 [00:01<00:00, 23.46it/s]
 68%|██████▊   | 41/60 [00:01<00:00, 23.52it/s]
 73%|███████▎  | 44/60 [00:01<00:00, 23.30it/s]
 78%|███████▊  | 47/60 [00:02<00:00, 23.08it/s]
 83%|████████▎ | 50/60 [00:02<00:00, 22.70it/s]
 88%|████████▊ | 53/60 [00:02<00:00, 22.81it/s]
 93%|█████████▎| 56/60 [00:02<00:00, 22.77it/s]
 98%|█████████▊| 59/60 [00:02<00:00, 22.59it/s]
100%|██████████| 60/60 [00:02<00:00, 22.63it/s]
wandb: WARNING `fps` argument does not affect the frame rate of the video when providing a file path or raw bytes.
159252480: reward=11.378
162529280: mean episode reward=8.087
182845440: mean episode reward=9.932
203161600: mean episode reward=12.658

  0%|          | 0/60 [00:00<?, ?it/s]
  3%|▎         | 2/60 [00:00<00:03, 16.62it/s]
  8%|▊         | 5/60 [00:00<00:02, 21.84it/s]
 13%|█▎        | 8/60 [00:00<00:02, 22.69it/s]
 18%|█▊        | 11/60 [00:00<00:02, 22.61it/s]
 23%|██▎       | 14/60 [00:00<00:01, 23.02it/s]
 28%|██▊       | 17/60 [00:00<00:01, 22.04it/s]
 33%|███▎      | 20/60 [00:00<00:01, 22.29it/s]
 38%|███▊      | 23/60 [00:01<00:01, 23.35it/s]
 43%|████▎     | 26/60 [00:01<00:01, 23.57it/s]
 48%|████▊     | 29/60 [00:01<00:01, 24.10it/s]
 53%|█████▎    | 32/60 [00:01<00:01, 23.01it/s]
 58%|█████▊    | 35/60 [00:01<00:01, 22.71it/s]
 63%|██████▎   | 38/60 [00:01<00:00, 22.13it/s]
 68%|██████▊   | 41/60 [00:01<00:00, 22.50it/s]
 73%|███████▎  | 44/60 [00:01<00:00, 22.41it/s]
 78%|███████▊  | 47/60 [00:02<00:00, 22.77it/s]
 83%|████████▎ | 50/60 [00:02<00:00, 22.49it/s]
 88%|████████▊ | 53/60 [00:02<00:00, 21.87it/s]
 93%|█████████▎| 56/60 [00:02<00:00, 22.46it/s]
 98%|█████████▊| 59/60 [00:02<00:00, 22.99it/s]
100%|██████████| 60/60 [00:02<00:00, 22.66it/s]
wandb: WARNING `fps` argument does not affect the frame rate of the video when providing a file path or raw bytes.
212336640: reward=10.519
223477760: mean episode reward=12.247
243793920: mean episode reward=11.343
264110080: mean episode reward=11.075

  0%|          | 0/60 [00:00<?, ?it/s]
  3%|▎         | 2/60 [00:00<00:03, 15.43it/s]
  7%|▋         | 4/60 [00:00<00:03, 17.56it/s]
 10%|█         | 6/60 [00:00<00:02, 18.20it/s]
 15%|█▌        | 9/60 [00:00<00:02, 19.56it/s]
 20%|██        | 12/60 [00:00<00:02, 20.88it/s]
 25%|██▌       | 15/60 [00:00<00:02, 21.23it/s]
 30%|███       | 18/60 [00:00<00:01, 21.60it/s]
 35%|███▌      | 21/60 [00:01<00:01, 22.28it/s]
 40%|████      | 24/60 [00:01<00:01, 22.29it/s]
 45%|████▌     | 27/60 [00:01<00:01, 22.73it/s]
 50%|█████     | 30/60 [00:01<00:01, 23.20it/s]
 55%|█████▌    | 33/60 [00:01<00:01, 23.50it/s]
 60%|██████    | 36/60 [00:01<00:01, 23.70it/s]
 65%|██████▌   | 39/60 [00:01<00:00, 23.93it/s]
 70%|███████   | 42/60 [00:01<00:00, 24.40it/s]
 75%|███████▌  | 45/60 [00:02<00:00, 23.93it/s]
 80%|████████  | 48/60 [00:02<00:00, 24.04it/s]
 85%|████████▌ | 51/60 [00:02<00:00, 23.74it/s]
 90%|█████████ | 54/60 [00:02<00:00, 24.63it/s]
 95%|█████████▌| 57/60 [00:02<00:00, 24.11it/s]
100%|██████████| 60/60 [00:02<00:00, 23.60it/s]
100%|██████████| 60/60 [00:02<00:00, 22.74it/s]
wandb: WARNING `fps` argument does not affect the frame rate of the video when providing a file path or raw bytes.
265420800: reward=12.460
284426240: mean episode reward=12.166
304742400: mean episode reward=11.270

  0%|          | 0/60 [00:00<?, ?it/s]
  3%|▎         | 2/60 [00:00<00:03, 16.84it/s]
  8%|▊         | 5/60 [00:00<00:02, 20.06it/s]
 13%|█▎        | 8/60 [00:00<00:02, 20.67it/s]
 18%|█▊        | 11/60 [00:00<00:02, 22.01it/s]
 23%|██▎       | 14/60 [00:00<00:01, 23.08it/s]
 28%|██▊       | 17/60 [00:00<00:01, 23.43it/s]
 33%|███▎      | 20/60 [00:00<00:01, 23.67it/s]
 38%|███▊      | 23/60 [00:01<00:01, 23.88it/s]
 43%|████▎     | 26/60 [00:01<00:01, 23.83it/s]
 48%|████▊     | 29/60 [00:01<00:01, 23.85it/s]
 53%|█████▎    | 32/60 [00:01<00:01, 23.44it/s]
 58%|█████▊    | 35/60 [00:01<00:01, 22.88it/s]
 63%|██████▎   | 38/60 [00:01<00:00, 23.02it/s]
 68%|██████▊   | 41/60 [00:01<00:00, 23.31it/s]
 73%|███████▎  | 44/60 [00:01<00:00, 23.73it/s]
 78%|███████▊  | 47/60 [00:02<00:00, 23.95it/s]
 83%|████████▎ | 50/60 [00:02<00:00, 23.73it/s]
 88%|████████▊ | 53/60 [00:02<00:00, 23.58it/s]
 93%|█████████▎| 56/60 [00:02<00:00, 22.72it/s]
 98%|█████████▊| 59/60 [00:02<00:00, 22.53it/s]
100%|██████████| 60/60 [00:02<00:00, 22.97it/s]
wandb: WARNING `fps` argument does not affect the frame rate of the video when providing a file path or raw bytes.
318504960: reward=12.520
325058560: mean episode reward=11.707
345374720: mean episode reward=11.929
365690880: mean episode reward=13.323

  0%|          | 0/60 [00:00<?, ?it/s]
  3%|▎         | 2/60 [00:00<00:03, 15.79it/s]
  7%|▋         | 4/60 [00:00<00:03, 17.93it/s]
 12%|█▏        | 7/60 [00:00<00:02, 20.12it/s]
 17%|█▋        | 10/60 [00:00<00:02, 21.02it/s]
 22%|██▏       | 13/60 [00:00<00:02, 21.60it/s]
 27%|██▋       | 16/60 [00:00<00:02, 21.81it/s]
 32%|███▏      | 19/60 [00:00<00:01, 21.96it/s]
 37%|███▋      | 22/60 [00:01<00:01, 22.57it/s]
 42%|████▏     | 25/60 [00:01<00:01, 23.25it/s]
 47%|████▋     | 28/60 [00:01<00:01, 23.70it/s]
 52%|█████▏    | 31/60 [00:01<00:01, 23.84it/s]
 57%|█████▋    | 34/60 [00:01<00:01, 23.91it/s]
 62%|██████▏   | 37/60 [00:01<00:00, 23.54it/s]
 67%|██████▋   | 40/60 [00:01<00:00, 23.37it/s]
 72%|███████▏  | 43/60 [00:01<00:00, 23.11it/s]
 77%|███████▋  | 46/60 [00:02<00:00, 23.49it/s]
 82%|████████▏ | 49/60 [00:02<00:00, 23.81it/s]
 87%|████████▋ | 52/60 [00:02<00:00, 23.72it/s]
 92%|█████████▏| 55/60 [00:02<00:00, 23.51it/s]
 97%|█████████▋| 58/60 [00:02<00:00, 23.15it/s]
100%|██████████| 60/60 [00:02<00:00, 22.75it/s]
wandb: WARNING `fps` argument does not affect the frame rate of the video when providing a file path or raw bytes.
371589120: reward=13.039
386007040: mean episode reward=12.148
406323200: mean episode reward=13.375

  0%|          | 0/60 [00:00<?, ?it/s]
  3%|▎         | 2/60 [00:00<00:03, 15.05it/s]
  8%|▊         | 5/60 [00:00<00:02, 18.69it/s]
 13%|█▎        | 8/60 [00:00<00:02, 20.35it/s]
 18%|█▊        | 11/60 [00:00<00:02, 21.46it/s]
 23%|██▎       | 14/60 [00:00<00:02, 21.66it/s]
 28%|██▊       | 17/60 [00:00<00:02, 21.40it/s]
 33%|███▎      | 20/60 [00:00<00:01, 22.11it/s]
 38%|███▊      | 23/60 [00:01<00:01, 22.45it/s]
 43%|████▎     | 26/60 [00:01<00:01, 22.80it/s]
 48%|████▊     | 29/60 [00:01<00:01, 22.98it/s]
 53%|█████▎    | 32/60 [00:01<00:01, 23.04it/s]
 58%|█████▊    | 35/60 [00:01<00:01, 24.19it/s]
 63%|██████▎   | 38/60 [00:01<00:00, 24.91it/s]
 68%|██████▊   | 41/60 [00:01<00:00, 25.30it/s]
 73%|███████▎  | 44/60 [00:01<00:00, 25.85it/s]
 78%|███████▊  | 47/60 [00:02<00:00, 25.74it/s]
 83%|████████▎ | 50/60 [00:02<00:00, 25.52it/s]
 88%|████████▊ | 53/60 [00:02<00:00, 25.23it/s]
 93%|█████████▎| 56/60 [00:02<00:00, 25.32it/s]
 98%|█████████▊| 59/60 [00:02<00:00, 25.15it/s]
100%|██████████| 60/60 [00:02<00:00, 23.55it/s]
wandb: WARNING `fps` argument does not affect the frame rate of the video when providing a file path or raw bytes.
424673280: reward=13.233
426639360: mean episode reward=13.473
446955520: mean episode reward=13.943
467271680: mean episode reward=15.472

  0%|          | 0/60 [00:00<?, ?it/s]
  3%|▎         | 2/60 [00:00<00:03, 15.86it/s]
  8%|▊         | 5/60 [00:00<00:02, 18.91it/s]
 13%|█▎        | 8/60 [00:00<00:02, 20.93it/s]
 18%|█▊        | 11/60 [00:00<00:02, 21.89it/s]
 23%|██▎       | 14/60 [00:00<00:02, 22.38it/s]
 28%|██▊       | 17/60 [00:00<00:01, 22.37it/s]
 33%|███▎      | 20/60 [00:00<00:01, 22.58it/s]
 38%|███▊      | 23/60 [00:01<00:01, 22.82it/s]
 43%|████▎     | 26/60 [00:01<00:01, 23.13it/s]
 48%|████▊     | 29/60 [00:01<00:01, 23.31it/s]
 53%|█████▎    | 32/60 [00:01<00:01, 24.03it/s]
 58%|█████▊    | 35/60 [00:01<00:01, 24.24it/s]
 63%|██████▎   | 38/60 [00:01<00:00, 24.08it/s]
 68%|██████▊   | 41/60 [00:01<00:00, 23.99it/s]
 73%|███████▎  | 44/60 [00:01<00:00, 24.05it/s]
 78%|███████▊  | 47/60 [00:02<00:00, 24.19it/s]
 83%|████████▎ | 50/60 [00:02<00:00, 24.10it/s]
 88%|████████▊ | 53/60 [00:02<00:00, 25.11it/s]
 93%|█████████▎| 56/60 [00:02<00:00, 24.76it/s]
 98%|█████████▊| 59/60 [00:02<00:00, 25.24it/s]
100%|██████████| 60/60 [00:02<00:00, 23.51it/s]
wandb: WARNING `fps` argument does not affect the frame rate of the video when providing a file path or raw bytes.
477757440: reward=13.409
487587840: mean episode reward=12.797
507904000: mean episode reward=12.872
528220160: mean episode reward=14.192

  0%|          | 0/60 [00:00<?, ?it/s]
  3%|▎         | 2/60 [00:00<00:03, 16.35it/s]
  8%|▊         | 5/60 [00:00<00:02, 20.98it/s]
 13%|█▎        | 8/60 [00:00<00:02, 23.40it/s]
 18%|█▊        | 11/60 [00:00<00:02, 23.30it/s]
 23%|██▎       | 14/60 [00:00<00:02, 22.14it/s]
 28%|██▊       | 17/60 [00:00<00:02, 21.39it/s]
 33%|███▎      | 20/60 [00:00<00:01, 21.37it/s]
 38%|███▊      | 23/60 [00:01<00:01, 21.23it/s]
 43%|████▎     | 26/60 [00:01<00:01, 21.30it/s]
 48%|████▊     | 29/60 [00:01<00:01, 21.65it/s]
 53%|█████▎    | 32/60 [00:01<00:01, 22.20it/s]
 58%|█████▊    | 35/60 [00:01<00:01, 22.03it/s]
 63%|██████▎   | 38/60 [00:01<00:00, 22.00it/s]
 68%|██████▊   | 41/60 [00:01<00:00, 22.09it/s]
 73%|███████▎  | 44/60 [00:02<00:00, 22.23it/s]
 78%|███████▊  | 47/60 [00:02<00:00, 21.95it/s]
 83%|████████▎ | 50/60 [00:02<00:00, 22.04it/s]
 88%|████████▊ | 53/60 [00:02<00:00, 22.32it/s]
 93%|█████████▎| 56/60 [00:02<00:00, 22.47it/s]
 98%|█████████▊| 59/60 [00:02<00:00, 22.17it/s]
100%|██████████| 60/60 [00:02<00:00, 21.94it/s]
wandb: WARNING `fps` argument does not affect the frame rate of the video when providing a file path or raw bytes.
530841600: reward=12.584
548536320: mean episode reward=15.204
568852480: mean episode reward=15.854

  0%|          | 0/60 [00:00<?, ?it/s]
  3%|▎         | 2/60 [00:00<00:03, 16.60it/s]
  7%|▋         | 4/60 [00:00<00:03, 18.26it/s]
 12%|█▏        | 7/60 [00:00<00:02, 19.96it/s]
 17%|█▋        | 10/60 [00:00<00:02, 20.71it/s]
 22%|██▏       | 13/60 [00:00<00:02, 20.55it/s]
 27%|██▋       | 16/60 [00:00<00:02, 20.46it/s]
 32%|███▏      | 19/60 [00:00<00:01, 21.11it/s]
 37%|███▋      | 22/60 [00:01<00:01, 21.53it/s]
 42%|████▏     | 25/60 [00:01<00:01, 22.68it/s]
 47%|████▋     | 28/60 [00:01<00:01, 23.22it/s]
 52%|█████▏    | 31/60 [00:01<00:01, 22.76it/s]
 57%|█████▋    | 34/60 [00:01<00:01, 22.40it/s]
 62%|██████▏   | 37/60 [00:01<00:01, 22.03it/s]
 67%|██████▋   | 40/60 [00:01<00:00, 22.13it/s]
 72%|███████▏  | 43/60 [00:01<00:00, 22.65it/s]
 77%|███████▋  | 46/60 [00:02<00:00, 22.54it/s]
 82%|████████▏ | 49/60 [00:02<00:00, 23.65it/s]
 87%|████████▋ | 52/60 [00:02<00:00, 24.93it/s]
 92%|█████████▏| 55/60 [00:02<00:00, 24.72it/s]
 97%|█████████▋| 58/60 [00:02<00:00, 25.32it/s]
100%|██████████| 60/60 [00:02<00:00, 22.68it/s]
wandb: WARNING `fps` argument does not affect the frame rate of the video when providing a file path or raw bytes.
583925760: reward=13.144
589168640: mean episode reward=13.746
609484800: mean episode reward=12.270
629800960: mean episode reward=13.692

  0%|          | 0/60 [00:00<?, ?it/s]
  3%|▎         | 2/60 [00:00<00:03, 17.60it/s]
  8%|▊         | 5/60 [00:00<00:02, 20.83it/s]
 13%|█▎        | 8/60 [00:00<00:02, 22.91it/s]
 18%|█▊        | 11/60 [00:00<00:02, 23.22it/s]
 23%|██▎       | 14/60 [00:00<00:01, 23.30it/s]
 28%|██▊       | 17/60 [00:00<00:01, 23.59it/s]
 33%|███▎      | 20/60 [00:00<00:01, 23.53it/s]
 38%|███▊      | 23/60 [00:00<00:01, 23.98it/s]
 43%|████▎     | 26/60 [00:01<00:01, 24.26it/s]
 48%|████▊     | 29/60 [00:01<00:01, 25.31it/s]
 53%|█████▎    | 32/60 [00:01<00:01, 25.97it/s]
 58%|█████▊    | 35/60 [00:01<00:00, 26.08it/s]
 63%|██████▎   | 38/60 [00:01<00:00, 26.02it/s]
 68%|██████▊   | 41/60 [00:01<00:00, 26.58it/s]
 73%|███████▎  | 44/60 [00:01<00:00, 27.13it/s]
 78%|███████▊  | 47/60 [00:01<00:00, 27.30it/s]
 83%|████████▎ | 50/60 [00:01<00:00, 27.81it/s]
 88%|████████▊ | 53/60 [00:02<00:00, 28.19it/s]
 93%|█████████▎| 56/60 [00:02<00:00, 27.80it/s]
 98%|█████████▊| 59/60 [00:02<00:00, 26.96it/s]
100%|██████████| 60/60 [00:02<00:00, 25.49it/s]
wandb: WARNING `fps` argument does not affect the frame rate of the video when providing a file path or raw bytes.
637009920: reward=13.818
650117120: mean episode reward=14.300
670433280: mean episode reward=14.426

  0%|          | 0/60 [00:00<?, ?it/s]
  3%|▎         | 2/60 [00:00<00:03, 18.38it/s]
  8%|▊         | 5/60 [00:00<00:02, 22.63it/s]
 13%|█▎        | 8/60 [00:00<00:02, 25.02it/s]
 18%|█▊        | 11/60 [00:00<00:01, 25.08it/s]
 23%|██▎       | 14/60 [00:00<00:01, 25.59it/s]
 28%|██▊       | 17/60 [00:00<00:01, 25.36it/s]
 33%|███▎      | 20/60 [00:00<00:01, 25.95it/s]
 38%|███▊      | 23/60 [00:00<00:01, 25.08it/s]
 43%|████▎     | 26/60 [00:01<00:01, 24.81it/s]
 48%|████▊     | 29/60 [00:01<00:01, 24.75it/s]
 53%|█████▎    | 32/60 [00:01<00:01, 24.29it/s]
 58%|█████▊    | 35/60 [00:01<00:01, 24.14it/s]
 63%|██████▎   | 38/60 [00:01<00:00, 24.46it/s]
 68%|██████▊   | 41/60 [00:01<00:00, 24.30it/s]
 73%|███████▎  | 44/60 [00:01<00:00, 23.92it/s]
 78%|███████▊  | 47/60 [00:01<00:00, 23.12it/s]
 83%|████████▎ | 50/60 [00:02<00:00, 23.49it/s]
 88%|████████▊ | 53/60 [00:02<00:00, 23.90it/s]
 93%|█████████▎| 56/60 [00:02<00:00, 24.15it/s]
 98%|█████████▊| 59/60 [00:02<00:00, 23.68it/s]
100%|██████████| 60/60 [00:02<00:00, 24.14it/s]
wandb: WARNING `fps` argument does not affect the frame rate of the video when providing a file path or raw bytes.
690094080: reward=14.447
690749440: mean episode reward=14.597
711065600: mean episode reward=14.450
731381760: mean episode reward=14.881

  0%|          | 0/60 [00:00<?, ?it/s]
  3%|▎         | 2/60 [00:00<00:03, 15.40it/s]
  8%|▊         | 5/60 [00:00<00:02, 18.42it/s]
 13%|█▎        | 8/60 [00:00<00:02, 19.95it/s]
 18%|█▊        | 11/60 [00:00<00:02, 21.22it/s]
 23%|██▎       | 14/60 [00:00<00:02, 20.78it/s]
 28%|██▊       | 17/60 [00:00<00:02, 20.62it/s]
 33%|███▎      | 20/60 [00:00<00:01, 21.20it/s]
 38%|███▊      | 23/60 [00:01<00:01, 21.67it/s]
 43%|████▎     | 26/60 [00:01<00:01, 22.18it/s]
 48%|████▊     | 29/60 [00:01<00:01, 21.96it/s]
 53%|█████▎    | 32/60 [00:01<00:01, 21.83it/s]
 58%|█████▊    | 35/60 [00:01<00:01, 22.03it/s]
 63%|██████▎   | 38/60 [00:01<00:00, 22.18it/s]
 68%|██████▊   | 41/60 [00:01<00:00, 22.83it/s]
 73%|███████▎  | 44/60 [00:02<00:00, 22.50it/s]
 78%|███████▊  | 47/60 [00:02<00:00, 22.15it/s]
 83%|████████▎ | 50/60 [00:02<00:00, 21.91it/s]
 88%|████████▊ | 53/60 [00:02<00:00, 21.59it/s]
 93%|█████████▎| 56/60 [00:02<00:00, 21.49it/s]
 98%|█████████▊| 59/60 [00:02<00:00, 21.99it/s]
100%|██████████| 60/60 [00:02<00:00, 21.60it/s]
wandb: WARNING `fps` argument does not affect the frame rate of the video when providing a file path or raw bytes.
743178240: reward=16.134
751697920: mean episode reward=15.394
772014080: mean episode reward=14.481
792330240: mean episode reward=13.984

  0%|          | 0/60 [00:00<?, ?it/s]
  3%|▎         | 2/60 [00:00<00:03, 17.64it/s]
  8%|▊         | 5/60 [00:00<00:02, 22.12it/s]
 13%|█▎        | 8/60 [00:00<00:02, 21.38it/s]
 18%|█▊        | 11/60 [00:00<00:02, 22.38it/s]
 23%|██▎       | 14/60 [00:00<00:02, 22.38it/s]
 28%|██▊       | 17/60 [00:00<00:01, 23.13it/s]
 33%|███▎      | 20/60 [00:00<00:01, 23.02it/s]
 38%|███▊      | 23/60 [00:01<00:01, 22.29it/s]
 43%|████▎     | 26/60 [00:01<00:01, 21.62it/s]
 48%|████▊     | 29/60 [00:01<00:01, 21.50it/s]
 53%|█████▎    | 32/60 [00:01<00:01, 21.97it/s]
 58%|█████▊    | 35/60 [00:01<00:01, 22.64it/s]
 63%|██████▎   | 38/60 [00:01<00:00, 23.74it/s]
 68%|██████▊   | 41/60 [00:01<00:00, 24.30it/s]
 73%|███████▎  | 44/60 [00:01<00:00, 24.09it/s]
 78%|███████▊  | 47/60 [00:02<00:00, 23.79it/s]
 83%|████████▎ | 50/60 [00:02<00:00, 23.30it/s]
 88%|████████▊ | 53/60 [00:02<00:00, 23.76it/s]
 93%|█████████▎| 56/60 [00:02<00:00, 23.14it/s]
 98%|█████████▊| 59/60 [00:02<00:00, 23.13it/s]
100%|██████████| 60/60 [00:02<00:00, 22.85it/s]
wandb: WARNING `fps` argument does not affect the frame rate of the video when providing a file path or raw bytes.
796262400: reward=13.817
812646400: mean episode reward=15.288
832962560: mean episode reward=13.336

  0%|          | 0/60 [00:00<?, ?it/s]
  3%|▎         | 2/60 [00:00<00:03, 15.54it/s]
  8%|▊         | 5/60 [00:00<00:02, 21.85it/s]
 13%|█▎        | 8/60 [00:00<00:02, 23.89it/s]
 18%|█▊        | 11/60 [00:00<00:02, 24.44it/s]
 23%|██▎       | 14/60 [00:00<00:01, 24.75it/s]
 28%|██▊       | 17/60 [00:00<00:01, 24.55it/s]
 33%|███▎      | 20/60 [00:00<00:01, 23.52it/s]
 38%|███▊      | 23/60 [00:00<00:01, 23.48it/s]
 43%|████▎     | 26/60 [00:01<00:01, 23.53it/s]
 48%|████▊     | 29/60 [00:01<00:01, 23.29it/s]
 53%|█████▎    | 32/60 [00:01<00:01, 23.34it/s]
 58%|█████▊    | 35/60 [00:01<00:01, 23.19it/s]
 63%|██████▎   | 38/60 [00:01<00:00, 23.23it/s]
 68%|██████▊   | 41/60 [00:01<00:00, 23.07it/s]
 73%|███████▎  | 44/60 [00:01<00:00, 23.39it/s]
 78%|███████▊  | 47/60 [00:02<00:00, 23.26it/s]
 83%|████████▎ | 50/60 [00:02<00:00, 23.94it/s]
 88%|████████▊ | 53/60 [00:02<00:00, 24.52it/s]
 93%|█████████▎| 56/60 [00:02<00:00, 24.72it/s]
 98%|█████████▊| 59/60 [00:02<00:00, 25.05it/s]
100%|██████████| 60/60 [00:02<00:00, 23.77it/s]
wandb: WARNING `fps` argument does not affect the frame rate of the video when providing a file path or raw bytes.
849346560: reward=13.796
853278720: mean episode reward=14.724
873594880: mean episode reward=15.511
893911040: mean episode reward=15.281

  0%|          | 0/60 [00:00<?, ?it/s]
  3%|▎         | 2/60 [00:00<00:03, 16.29it/s]
  8%|▊         | 5/60 [00:00<00:02, 19.12it/s]
 13%|█▎        | 8/60 [00:00<00:02, 20.75it/s]
 18%|█▊        | 11/60 [00:00<00:02, 22.09it/s]
 23%|██▎       | 14/60 [00:00<00:01, 23.02it/s]
 28%|██▊       | 17/60 [00:00<00:01, 23.84it/s]
 33%|███▎      | 20/60 [00:00<00:01, 23.79it/s]
 38%|███▊      | 23/60 [00:01<00:01, 23.80it/s]
 43%|████▎     | 26/60 [00:01<00:01, 24.35it/s]
 50%|█████     | 30/60 [00:01<00:01, 26.54it/s]
 55%|█████▌    | 33/60 [00:01<00:01, 26.17it/s]
 60%|██████    | 36/60 [00:01<00:00, 26.53it/s]
 65%|██████▌   | 39/60 [00:01<00:00, 26.78it/s]
 70%|███████   | 42/60 [00:01<00:00, 26.56it/s]
 75%|███████▌  | 45/60 [00:01<00:00, 26.91it/s]
 80%|████████  | 48/60 [00:01<00:00, 26.13it/s]
 85%|████████▌ | 51/60 [00:02<00:00, 26.04it/s]
 90%|█████████ | 54/60 [00:02<00:00, 25.53it/s]
 95%|█████████▌| 57/60 [00:02<00:00, 25.72it/s]
100%|██████████| 60/60 [00:02<00:00, 25.98it/s]
100%|██████████| 60/60 [00:02<00:00, 24.91it/s]
wandb: WARNING `fps` argument does not affect the frame rate of the video when providing a file path or raw bytes.
902430720: reward=13.903
914227200: mean episode reward=14.644
934543360: mean episode reward=14.334
954859520: mean episode reward=15.357

  0%|          | 0/60 [00:00<?, ?it/s]
  3%|▎         | 2/60 [00:00<00:03, 16.96it/s]
  8%|▊         | 5/60 [00:00<00:02, 20.28it/s]
 13%|█▎        | 8/60 [00:00<00:02, 21.57it/s]
 18%|█▊        | 11/60 [00:00<00:02, 23.59it/s]
 23%|██▎       | 14/60 [00:00<00:01, 24.57it/s]
 28%|██▊       | 17/60 [00:00<00:01, 23.94it/s]
 33%|███▎      | 20/60 [00:00<00:01, 25.10it/s]
 38%|███▊      | 23/60 [00:00<00:01, 25.72it/s]
 43%|████▎     | 26/60 [00:01<00:01, 26.29it/s]
 48%|████▊     | 29/60 [00:01<00:01, 26.27it/s]
 53%|█████▎    | 32/60 [00:01<00:01, 26.13it/s]
 58%|█████▊    | 35/60 [00:01<00:00, 26.40it/s]
 63%|██████▎   | 38/60 [00:01<00:00, 26.35it/s]
 68%|██████▊   | 41/60 [00:01<00:00, 26.73it/s]
 73%|███████▎  | 44/60 [00:01<00:00, 26.74it/s]
 78%|███████▊  | 47/60 [00:01<00:00, 26.30it/s]
 83%|████████▎ | 50/60 [00:01<00:00, 26.46it/s]
 88%|████████▊ | 53/60 [00:02<00:00, 26.73it/s]
 93%|█████████▎| 56/60 [00:02<00:00, 26.88it/s]
 98%|█████████▊| 59/60 [00:02<00:00, 26.44it/s]
100%|██████████| 60/60 [00:02<00:00, 25.56it/s]
wandb: WARNING `fps` argument does not affect the frame rate of the video when providing a file path or raw bytes.
955514880: reward=15.391
975175680: mean episode reward=14.460
995491840: mean episode reward=15.278

  0%|          | 0/60 [00:00<?, ?it/s]
  3%|▎         | 2/60 [00:00<00:03, 14.78it/s]
  8%|▊         | 5/60 [00:00<00:02, 18.49it/s]
 13%|█▎        | 8/60 [00:00<00:02, 20.17it/s]
 18%|█▊        | 11/60 [00:00<00:02, 21.01it/s]
 23%|██▎       | 14/60 [00:00<00:02, 21.48it/s]
 28%|██▊       | 17/60 [00:00<00:01, 22.23it/s]
 33%|███▎      | 20/60 [00:00<00:01, 22.43it/s]
 38%|███▊      | 23/60 [00:01<00:01, 23.07it/s]
 43%|████▎     | 26/60 [00:01<00:01, 23.70it/s]
 48%|████▊     | 29/60 [00:01<00:01, 24.61it/s]
 53%|█████▎    | 32/60 [00:01<00:01, 24.97it/s]
 58%|█████▊    | 35/60 [00:01<00:00, 25.37it/s]
 63%|██████▎   | 38/60 [00:01<00:00, 26.16it/s]
 68%|██████▊   | 41/60 [00:01<00:00, 26.78it/s]
 73%|███████▎  | 44/60 [00:01<00:00, 26.98it/s]
 78%|███████▊  | 47/60 [00:01<00:00, 27.18it/s]
 83%|████████▎ | 50/60 [00:02<00:00, 27.75it/s]
 88%|████████▊ | 53/60 [00:02<00:00, 28.20it/s]
 93%|█████████▎| 56/60 [00:02<00:00, 28.38it/s]
100%|██████████| 60/60 [00:02<00:00, 28.86it/s]
100%|██████████| 60/60 [00:02<00:00, 25.03it/s]
wandb: WARNING `fps` argument does not affect the frame rate of the video when providing a file path or raw bytes.
1008599040: reward=15.528
Done training.
Time to JIT compile: 22.879081919789314
Time to train: 6783.484140485525
Starting inference...
FPS for rendering: 10.0

  0%|          | 0/500 [00:00<?, ?it/s]
  0%|          | 2/500 [00:00<00:32, 15.24it/s]
  1%|          | 4/500 [00:00<00:28, 17.59it/s]
  1%|▏         | 7/500 [00:00<00:24, 19.73it/s]
  2%|▏         | 10/500 [00:00<00:24, 20.25it/s]
  3%|▎         | 13/500 [00:00<00:23, 20.82it/s]
  3%|▎         | 16/500 [00:00<00:23, 20.89it/s]
  4%|▍         | 19/500 [00:00<00:22, 21.78it/s]
  4%|▍         | 22/500 [00:01<00:21, 22.33it/s]
  5%|▌         | 25/500 [00:01<00:20, 22.98it/s]
  6%|▌         | 28/500 [00:01<00:20, 23.57it/s]
  6%|▌         | 31/500 [00:01<00:19, 24.53it/s]
  7%|▋         | 34/500 [00:01<00:18, 25.42it/s]
  8%|▊         | 38/500 [00:01<00:17, 27.02it/s]
  8%|▊         | 41/500 [00:01<00:16, 27.18it/s]
  9%|▉         | 44/500 [00:01<00:16, 27.71it/s]
  9%|▉         | 47/500 [00:01<00:16, 27.96it/s]
 10%|█         | 50/500 [00:02<00:16, 28.10it/s]
 11%|█         | 53/500 [00:02<00:15, 28.33it/s]
 11%|█         | 56/500 [00:02<00:15, 28.75it/s]
 12%|█▏        | 59/500 [00:02<00:15, 28.95it/s]
 12%|█▏        | 62/500 [00:02<00:15, 29.06it/s]
 13%|█▎        | 65/500 [00:02<00:15, 28.63it/s]
 14%|█▎        | 68/500 [00:02<00:14, 28.95it/s]
 14%|█▍        | 71/500 [00:02<00:14, 29.10it/s]
 15%|█▍        | 74/500 [00:02<00:14, 28.91it/s]
 15%|█▌        | 77/500 [00:02<00:14, 28.87it/s]
 16%|█▌        | 80/500 [00:03<00:14, 28.94it/s]
 17%|█▋        | 83/500 [00:03<00:14, 28.51it/s]
 17%|█▋        | 86/500 [00:03<00:14, 28.22it/s]
 18%|█▊        | 89/500 [00:03<00:14, 28.19it/s]
 18%|█▊        | 92/500 [00:03<00:14, 28.15it/s]
 19%|█▉        | 95/500 [00:03<00:14, 28.58it/s]
 20%|█▉        | 98/500 [00:03<00:14, 28.58it/s]
 20%|██        | 101/500 [00:03<00:14, 28.38it/s]
 21%|██        | 104/500 [00:03<00:13, 28.45it/s]
 21%|██▏       | 107/500 [00:04<00:14, 27.76it/s]
 22%|██▏       | 110/500 [00:04<00:14, 26.21it/s]
 23%|██▎       | 113/500 [00:04<00:15, 25.27it/s]
 23%|██▎       | 116/500 [00:04<00:15, 24.38it/s]
 24%|██▍       | 119/500 [00:04<00:16, 23.76it/s]
 24%|██▍       | 122/500 [00:04<00:15, 23.65it/s]
 25%|██▌       | 125/500 [00:04<00:16, 23.06it/s]
 26%|██▌       | 128/500 [00:05<00:17, 21.55it/s]
 26%|██▌       | 131/500 [00:05<00:17, 21.42it/s]
 27%|██▋       | 134/500 [00:05<00:16, 21.93it/s]
 27%|██▋       | 137/500 [00:05<00:16, 21.39it/s]
 28%|██▊       | 140/500 [00:05<00:16, 22.00it/s]
 29%|██▊       | 143/500 [00:05<00:15, 22.51it/s]
 29%|██▉       | 146/500 [00:05<00:15, 22.79it/s]
 30%|██▉       | 149/500 [00:05<00:15, 22.36it/s]
 30%|███       | 152/500 [00:06<00:15, 22.33it/s]
 31%|███       | 155/500 [00:06<00:15, 21.59it/s]
 32%|███▏      | 158/500 [00:06<00:16, 21.22it/s]
 32%|███▏      | 161/500 [00:06<00:15, 21.72it/s]
 33%|███▎      | 164/500 [00:06<00:15, 21.99it/s]
 33%|███▎      | 167/500 [00:06<00:15, 21.91it/s]
 34%|███▍      | 170/500 [00:06<00:15, 21.85it/s]
 35%|███▍      | 173/500 [00:07<00:14, 22.02it/s]
 35%|███▌      | 176/500 [00:07<00:14, 21.75it/s]
 36%|███▌      | 179/500 [00:07<00:14, 21.46it/s]
 36%|███▋      | 182/500 [00:07<00:14, 21.52it/s]
 37%|███▋      | 185/500 [00:07<00:14, 21.61it/s]
 38%|███▊      | 188/500 [00:07<00:14, 21.47it/s]
 38%|███▊      | 191/500 [00:07<00:14, 21.04it/s]
 39%|███▉      | 194/500 [00:08<00:14, 20.71it/s]
 39%|███▉      | 197/500 [00:08<00:13, 21.78it/s]
 40%|████      | 200/500 [00:08<00:13, 21.48it/s]
 41%|████      | 203/500 [00:08<00:14, 21.02it/s]
 41%|████      | 206/500 [00:08<00:14, 20.79it/s]
 42%|████▏     | 209/500 [00:08<00:13, 21.34it/s]
 42%|████▏     | 212/500 [00:08<00:13, 21.91it/s]
 43%|████▎     | 215/500 [00:09<00:12, 22.08it/s]
 44%|████▎     | 218/500 [00:09<00:12, 22.25it/s]
 44%|████▍     | 221/500 [00:09<00:12, 23.14it/s]
 45%|████▍     | 224/500 [00:09<00:11, 23.02it/s]
 45%|████▌     | 227/500 [00:09<00:11, 23.11it/s]
 46%|████▌     | 230/500 [00:09<00:11, 23.87it/s]
 47%|████▋     | 233/500 [00:09<00:11, 23.25it/s]
 47%|████▋     | 236/500 [00:09<00:11, 22.80it/s]
 48%|████▊     | 239/500 [00:10<00:11, 21.97it/s]
 48%|████▊     | 242/500 [00:10<00:11, 21.98it/s]
 49%|████▉     | 245/500 [00:10<00:11, 22.96it/s]
 50%|████▉     | 248/500 [00:10<00:10, 23.85it/s]
 50%|█████     | 251/500 [00:10<00:10, 24.18it/s]
 51%|█████     | 254/500 [00:10<00:10, 24.40it/s]
 51%|█████▏    | 257/500 [00:10<00:10, 23.86it/s]
 52%|█████▏    | 260/500 [00:10<00:10, 22.57it/s]
 53%|█████▎    | 263/500 [00:11<00:10, 22.70it/s]
 53%|█████▎    | 266/500 [00:11<00:10, 22.00it/s]
 54%|█████▍    | 269/500 [00:11<00:10, 21.84it/s]
 54%|█████▍    | 272/500 [00:11<00:10, 22.18it/s]
 55%|█████▌    | 275/500 [00:11<00:10, 22.17it/s]
 56%|█████▌    | 278/500 [00:11<00:09, 22.26it/s]
 56%|█████▌    | 281/500 [00:11<00:10, 21.77it/s]
 57%|█████▋    | 284/500 [00:12<00:10, 21.36it/s]
 57%|█████▋    | 287/500 [00:12<00:10, 20.76it/s]
 58%|█████▊    | 290/500 [00:12<00:10, 20.59it/s]
 59%|█████▊    | 293/500 [00:12<00:09, 21.31it/s]
 59%|█████▉    | 296/500 [00:12<00:09, 21.37it/s]
 60%|█████▉    | 299/500 [00:12<00:09, 20.68it/s]
 60%|██████    | 302/500 [00:12<00:09, 20.97it/s]
 61%|██████    | 305/500 [00:13<00:09, 20.54it/s]
 62%|██████▏   | 308/500 [00:13<00:09, 20.32it/s]
 62%|██████▏   | 311/500 [00:13<00:09, 19.84it/s]
 63%|██████▎   | 313/500 [00:13<00:09, 19.53it/s]
 63%|██████▎   | 315/500 [00:13<00:09, 19.54it/s]
 64%|██████▎   | 318/500 [00:13<00:09, 20.18it/s]
 64%|██████▍   | 321/500 [00:13<00:08, 20.41it/s]
 65%|██████▍   | 324/500 [00:14<00:08, 20.53it/s]
 65%|██████▌   | 327/500 [00:14<00:08, 20.48it/s]
 66%|██████▌   | 330/500 [00:14<00:08, 20.28it/s]
 67%|██████▋   | 333/500 [00:14<00:08, 19.81it/s]
 67%|██████▋   | 336/500 [00:14<00:08, 20.21it/s]
 68%|██████▊   | 339/500 [00:14<00:07, 20.14it/s]
 68%|██████▊   | 342/500 [00:14<00:07, 20.24it/s]
 69%|██████▉   | 345/500 [00:15<00:07, 20.41it/s]
 70%|██████▉   | 348/500 [00:15<00:07, 20.11it/s]
 70%|███████   | 351/500 [00:15<00:07, 20.33it/s]
 71%|███████   | 354/500 [00:15<00:07, 19.72it/s]
 71%|███████▏  | 357/500 [00:15<00:07, 20.39it/s]
 72%|███████▏  | 360/500 [00:15<00:06, 20.07it/s]
 73%|███████▎  | 363/500 [00:15<00:06, 20.27it/s]
 73%|███████▎  | 366/500 [00:16<00:06, 20.75it/s]
 74%|███████▍  | 369/500 [00:16<00:06, 20.81it/s]
 74%|███████▍  | 372/500 [00:16<00:06, 20.83it/s]
 75%|███████▌  | 375/500 [00:16<00:06, 20.47it/s]
 76%|███████▌  | 378/500 [00:16<00:05, 20.61it/s]
 76%|███████▌  | 381/500 [00:16<00:05, 20.34it/s]
 77%|███████▋  | 384/500 [00:16<00:05, 20.98it/s]
 77%|███████▋  | 387/500 [00:17<00:05, 20.89it/s]
 78%|███████▊  | 390/500 [00:17<00:05, 21.62it/s]
 79%|███████▊  | 393/500 [00:17<00:04, 21.89it/s]
 79%|███████▉  | 396/500 [00:17<00:04, 22.26it/s]
 80%|███████▉  | 399/500 [00:17<00:04, 22.48it/s]
 80%|████████  | 402/500 [00:17<00:04, 21.66it/s]
 81%|████████  | 405/500 [00:17<00:04, 21.01it/s]
 82%|████████▏ | 408/500 [00:18<00:04, 20.96it/s]
 82%|████████▏ | 411/500 [00:18<00:04, 21.01it/s]
 83%|████████▎ | 414/500 [00:18<00:04, 20.93it/s]
 83%|████████▎ | 417/500 [00:18<00:04, 20.24it/s]
 84%|████████▍ | 420/500 [00:18<00:03, 20.89it/s]
 85%|████████▍ | 423/500 [00:18<00:03, 20.75it/s]
 85%|████████▌ | 426/500 [00:18<00:03, 20.73it/s]
 86%|████████▌ | 429/500 [00:19<00:03, 21.57it/s]
 86%|████████▋ | 432/500 [00:19<00:03, 22.39it/s]
 87%|████████▋ | 435/500 [00:19<00:02, 22.85it/s]
 88%|████████▊ | 438/500 [00:19<00:02, 22.41it/s]
 88%|████████▊ | 441/500 [00:19<00:02, 22.26it/s]
 89%|████████▉ | 444/500 [00:19<00:02, 22.45it/s]
 89%|████████▉ | 447/500 [00:19<00:02, 21.85it/s]
 90%|█████████ | 450/500 [00:20<00:02, 21.58it/s]
 91%|█████████ | 453/500 [00:20<00:02, 22.10it/s]
 91%|█████████ | 456/500 [00:20<00:01, 22.39it/s]
 92%|█████████▏| 459/500 [00:20<00:01, 22.71it/s]
 92%|█████████▏| 462/500 [00:20<00:01, 23.22it/s]
 93%|█████████▎| 465/500 [00:20<00:01, 23.17it/s]
 94%|█████████▎| 468/500 [00:20<00:01, 23.18it/s]
 94%|█████████▍| 471/500 [00:20<00:01, 22.87it/s]
 95%|█████████▍| 474/500 [00:21<00:01, 22.77it/s]
 95%|█████████▌| 477/500 [00:21<00:00, 23.24it/s]
 96%|█████████▌| 480/500 [00:21<00:00, 22.69it/s]
 97%|█████████▋| 483/500 [00:21<00:00, 22.94it/s]
 97%|█████████▋| 486/500 [00:21<00:00, 23.18it/s]
 98%|█████████▊| 489/500 [00:21<00:00, 22.46it/s]
 98%|█████████▊| 492/500 [00:21<00:00, 22.79it/s]
 99%|█████████▉| 495/500 [00:21<00:00, 23.24it/s]
100%|█████████▉| 498/500 [00:22<00:00, 23.13it/s]
100%|██████████| 500/500 [00:22<00:00, 22.54it/s]
Rollout video saved as 'rollout0.mp4'.
[1;34mwandb[0m: 
[1;34mwandb[0m: 🚀 View run [33mTesolloDownwardsRotateZ-20260625-235407-downwardsrotatez_sb_propriodelta_s0[0m at: [34mhttps://wandb.ai/nikolastaykov/mjxrl/runs/aplnecfz[0m
[1;34mwandb[0m: Find logs at: [1;35mwandb/run-20260625_235408-aplnecfz/logs[0m
