Warp 1.12.1 initialized:
   CUDA Toolkit 12.9, Driver 12.5
   Devices:
     "cpu"      : "x86_64"
     "cuda:0"   : "NVIDIA GeForce RTX 4090" (24 GiB, sm_89, mempool enabled)
   Kernel cache:
     /home/nstaykov/.cache/warp/1.12.1
Warp DeprecationWarning: The symbol `warp.types.warp_type_to_np_dtype` will soon be removed from the public API. It can still be accessed from `warp._src.types.warp_type_to_np_dtype` but might be changed or removed without notice.
/local/home/nstaykov/workspace/mujoco_playground/mujoco_playground/_src/manipulation/tesollo_hand/obs.py:161: UserWarning: obs_noise.scales has keys not in active obs spec: {'motor_targets'}
  warnings.warn(
Environment Config:
action_mode: absolute
action_repeat: 1
action_scale: 0.5
constrain_wrist_translation: false
ctrl_dt: 0.05
curriculum:
  band_width: 0.08726646259971647
  enable: false
  promote_after: 5
  success_count_threshold: 70
ema_alpha: 0.2
episode_length: 120
impl: warp
kp_scale: 1.0
max_target_angle: 2.0943951023931953
nconmax: 1638400
njmax: 2200
obs_noise:
  level: 1.0
  scales:
    goal_quat: 0.0
    joint_pos: 0.0
    joint_vel: 0.0
    motor_targets: 0.0
ori_tolerance_rad: 0.05235987755982988
pert_config:
  angular_velocity_pert:
  - 0.0
  - 0.5
  enable: false
  linear_velocity_pert:
  - 0.0
  - 3.0
  pert_duration_steps:
  - 1
  - 100
  pert_wait_steps:
  - 60
  - 150
reward_config:
  ori_reward_margin_rad: 0.5235987755982988
  scales:
    action_rate: -0.5
    cube_on_floor: -0.5
    cube_ori: 2.0
    fingertip_pos: 1.5
    joint_vel: -0.002
    wrist_vel: -0.02
  success_reward: 2.0
scene:
  cube_mass: 0.108
sensor_bundle: force.magnitude
sim_dt: 0.01
target_hold_time: 0.05

PPO Training Parameters:
action_repeat: 1
batch_size: 256
discounting: 0.99
entropy_cost: 0.005
episode_length: 120
learning_rate: 0.0001
log_training_metrics: true
network_factory:
  policy_hidden_layer_sizes: &id001 !!python/tuple
  - 512
  - 256
  - 128
  policy_obs_key: state
  value_hidden_layer_sizes: *id001
  value_obs_key: privileged_state
normalize_observations: true
num_envs: 8192
num_evals: 20
num_minibatches: 64
num_resets_per_eval: 0
num_timesteps: 1000000000
num_updates_per_batch: 4
reward_scaling: 1.0
training_metrics_steps: 20000000
unroll_length: 40

CLI overrides: {
  "env_name": "TesolloDownwardsRotateZ",
  "suffix": "downwardsrotatez_sb_forcemagnitude_s2",
  "use_wandb": true,
  "log_video_to_wandb": true,
  "seed": 2,
  "num_timesteps": 1000000000,
  "num_envs": 8192,
  "log_training_metrics": true,
  "training_metrics_steps": 20000000,
  "env_overrides_file": "logs/_queue/downwards_sensor_sweep_120-20260625-124815/run-02-TesolloDownwardsRotateZ-downwardsrotatez_sb_forcemagnitude_s2-overrides.yaml"
}
Experiment name: TesolloDownwardsRotateZ-20260625-162937-downwardsrotatez_sb_forcemagnitude_s2
Logs are being stored in: /local/home/nstaykov/workspace/mujoco_playground/logs/TesolloDownwardsRotateZ-20260625-162937-downwardsrotatez_sb_forcemagnitude_s2
wandb: [wandb.login()] Loaded credentials for https://api.wandb.ai from WANDB_API_KEY.
wandb: Currently logged in as: nstaykov (nikolastaykov) to https://api.wandb.ai. Use `wandb login --relogin` to force relogin
wandb: setting up run c7l2flpp
wandb: Tracking run with wandb version 0.26.1
wandb: Run data is saved locally in /local/home/nstaykov/workspace/mujoco_playground/wandb/run-20260625_162937-c7l2flpp
wandb: Run `wandb offline` to turn off syncing.
wandb: Syncing run TesolloDownwardsRotateZ-20260625-162937-downwardsrotatez_sb_forcemagnitude_s2
wandb: ⭐️ View project at https://wandb.ai/nikolastaykov/mjxrl
wandb: 🚀 View run at https://wandb.ai/nikolastaykov/mjxrl/runs/c7l2flpp
No checkpoint path provided, not restoring from checkpoint
Checkpoint path: /local/home/nstaykov/workspace/mujoco_playground/logs/TesolloDownwardsRotateZ-20260625-162937-downwardsrotatez_sb_forcemagnitude_s2/checkpoints
/local/home/nstaykov/workspace/mujoco_playground/mujoco_playground/_src/manipulation/tesollo_hand/obs.py:161: UserWarning: obs_noise.scales has keys not in active obs spec: {'motor_targets'}
  warnings.warn(
Module mujoco.mjx.warp.ffi 98d2031 load on device 'cuda:0' took 0.38 ms  (cached)
Module mujoco.mjx.third_party.mujoco_warp._src.smooth 26bbc02 load on device 'cuda:0' took 6.39 ms  (cached)
Module mujoco.mjx.third_party.mujoco_warp._src.collision_driver 88f7770 load on device 'cuda:0' took 0.28 ms  (cached)
Module _nxn_broadphase__locals__kernel_c763f4cb c763f4c load on device 'cuda:0' took 0.27 ms  (cached)
Module _primitive_narrowphase__locals__primitive_narrowphase_072e9f5e 072e9f5 load on device 'cuda:0' took 0.51 ms  (cached)
Module mujoco.mjx.third_party.mujoco_warp._src.constraint c567367 load on device 'cuda:0' took 0.52 ms  (cached)
Module mujoco.mjx.third_party.mujoco_warp._src.sensor 18a78e5 load on device 'cuda:0' took 0.53 ms  (cached)
Module mujoco.mjx.third_party.mujoco_warp._src.forward 16fbac8 load on device 'cuda:0' took 0.45 ms  (cached)
Module mujoco.mjx.third_party.mujoco_warp._src.passive 8bfe11c load on device 'cuda:0' took 0.34 ms  (cached)
Module mujoco.mjx.third_party.mujoco_warp._src.forward 8f5355c load on device 'cuda:0' took 0.42 ms  (cached)
Module mujoco.mjx.third_party.mujoco_warp._src.support dd3f924 load on device 'cuda:0' took 0.27 ms  (cached)
Module _tile_cholesky_factorize_solve__locals__cholesky_factorize_solve_98799697 3154237 load on device 'cuda:0' took 24.19 ms  (cached)
Module _tile_cholesky_factorize_solve__locals__cholesky_factorize_solve_b2744b1b e16af87 load on device 'cuda:0' took 25.53 ms  (cached)
Module mujoco.mjx.third_party.mujoco_warp._src.solver b116efb load on device 'cuda:0' took 0.54 ms  (cached)
Module solve_init_jaref__locals__kernel_feadd581 feadd58 load on device 'cuda:0' took 0.30 ms  (cached)
Module mul_m_dense__locals___mul_m_dense_e34139c1 e34139c load on device 'cuda:0' took 0.30 ms  (cached)
Module update_constraint_efc__locals__kernel_81015163 8101516 load on device 'cuda:0' took 0.28 ms  (cached)
Module update_constraint_gauss_cost__locals__kernel_6370b491 6370b49 load on device 'cuda:0' took 0.28 ms  (cached)
Module update_gradient_JTDAJ_dense_tiled__locals__kernel_e0063ce2 85330e7 load on device 'cuda:0' took 0.56 ms  (cached)
Module update_gradient_cholesky__locals__kernel_c54e7710 b74aeaf load on device 'cuda:0' took 26.24 ms  (cached)
Module linesearch_iterative__locals__kernel_94acdc55 9c914fd load on device 'cuda:0' took 0.56 ms  (cached)
Module update_constraint_efc__locals__kernel_25737258 2573725 load on device 'cuda:0' took 0.33 ms  (cached)
Module _contact_sort__locals__contact_sort_44d31eb2 de954a2 load on device 'cuda:0' took 0.38 ms  (cached)
0: reward=-0.342

  0%|          | 0/60 [00:00<?, ?it/s]
  3%|▎         | 2/60 [00:00<00:03, 15.10it/s]
  8%|▊         | 5/60 [00:00<00:02, 18.41it/s]
 13%|█▎        | 8/60 [00:00<00:02, 20.09it/s]
 18%|█▊        | 11/60 [00:00<00:02, 20.81it/s]
 23%|██▎       | 14/60 [00:00<00:02, 21.28it/s]
 28%|██▊       | 17/60 [00:00<00:01, 22.19it/s]
 33%|███▎      | 20/60 [00:00<00:01, 22.25it/s]
 38%|███▊      | 23/60 [00:01<00:01, 22.75it/s]
 43%|████▎     | 26/60 [00:01<00:01, 23.16it/s]
 48%|████▊     | 29/60 [00:01<00:01, 23.39it/s]
 53%|█████▎    | 32/60 [00:01<00:01, 23.98it/s]
 58%|█████▊    | 35/60 [00:01<00:01, 24.01it/s]
 63%|██████▎   | 38/60 [00:01<00:00, 24.40it/s]
 68%|██████▊   | 41/60 [00:01<00:00, 24.00it/s]
 73%|███████▎  | 44/60 [00:01<00:00, 23.63it/s]
 78%|███████▊  | 47/60 [00:02<00:00, 23.01it/s]
 83%|████████▎ | 50/60 [00:02<00:00, 23.35it/s]
 88%|████████▊ | 53/60 [00:02<00:00, 23.34it/s]
 93%|█████████▎| 56/60 [00:02<00:00, 23.05it/s]
 98%|█████████▊| 59/60 [00:02<00:00, 23.45it/s]
100%|██████████| 60/60 [00:02<00:00, 22.79it/s]
wandb: WARNING `fps` argument does not affect the frame rate of the video when providing a file path or raw bytes.
20316160: mean episode reward=3.578
40632320: mean episode reward=7.453

  0%|          | 0/60 [00:00<?, ?it/s]
  3%|▎         | 2/60 [00:00<00:03, 15.70it/s]
  8%|▊         | 5/60 [00:00<00:02, 20.42it/s]
 13%|█▎        | 8/60 [00:00<00:02, 21.59it/s]
 18%|█▊        | 11/60 [00:00<00:02, 22.42it/s]
 23%|██▎       | 14/60 [00:00<00:01, 23.26it/s]
 28%|██▊       | 17/60 [00:00<00:01, 23.67it/s]
 33%|███▎      | 20/60 [00:00<00:01, 24.83it/s]
 38%|███▊      | 23/60 [00:00<00:01, 25.15it/s]
 43%|████▎     | 26/60 [00:01<00:01, 25.45it/s]
 48%|████▊     | 29/60 [00:01<00:01, 25.75it/s]
 53%|█████▎    | 32/60 [00:01<00:01, 26.01it/s]
 58%|█████▊    | 35/60 [00:01<00:00, 26.12it/s]
 63%|██████▎   | 38/60 [00:01<00:00, 26.33it/s]
 68%|██████▊   | 41/60 [00:01<00:00, 26.78it/s]
 73%|███████▎  | 44/60 [00:01<00:00, 26.93it/s]
 78%|███████▊  | 47/60 [00:01<00:00, 27.01it/s]
 83%|████████▎ | 50/60 [00:01<00:00, 27.11it/s]
 88%|████████▊ | 53/60 [00:02<00:00, 27.13it/s]
 93%|█████████▎| 56/60 [00:02<00:00, 27.17it/s]
 98%|█████████▊| 59/60 [00:02<00:00, 26.80it/s]
100%|██████████| 60/60 [00:02<00:00, 25.46it/s]
wandb: WARNING `fps` argument does not affect the frame rate of the video when providing a file path or raw bytes.
53084160: reward=7.619
60948480: mean episode reward=9.582
81264640: mean episode reward=8.841
101580800: mean episode reward=11.233

  0%|          | 0/60 [00:00<?, ?it/s]
  3%|▎         | 2/60 [00:00<00:03, 15.62it/s]
  8%|▊         | 5/60 [00:00<00:02, 18.62it/s]
 13%|█▎        | 8/60 [00:00<00:02, 19.32it/s]
 18%|█▊        | 11/60 [00:00<00:02, 20.68it/s]
 23%|██▎       | 14/60 [00:00<00:02, 21.99it/s]
 28%|██▊       | 17/60 [00:00<00:01, 23.05it/s]
 33%|███▎      | 20/60 [00:00<00:01, 23.17it/s]
 38%|███▊      | 23/60 [00:01<00:01, 22.88it/s]
 43%|████▎     | 26/60 [00:01<00:01, 22.56it/s]
 48%|████▊     | 29/60 [00:01<00:01, 22.06it/s]
 53%|█████▎    | 32/60 [00:01<00:01, 21.73it/s]
 58%|█████▊    | 35/60 [00:01<00:01, 21.37it/s]
 63%|██████▎   | 38/60 [00:01<00:01, 21.34it/s]
 68%|██████▊   | 41/60 [00:01<00:00, 21.17it/s]
 73%|███████▎  | 44/60 [00:02<00:00, 20.96it/s]
 78%|███████▊  | 47/60 [00:02<00:00, 20.93it/s]
 83%|████████▎ | 50/60 [00:02<00:00, 21.55it/s]
 88%|████████▊ | 53/60 [00:02<00:00, 21.59it/s]
 93%|█████████▎| 56/60 [00:02<00:00, 21.85it/s]
 98%|█████████▊| 59/60 [00:02<00:00, 22.11it/s]
100%|██████████| 60/60 [00:02<00:00, 21.54it/s]
wandb: WARNING `fps` argument does not affect the frame rate of the video when providing a file path or raw bytes.
106168320: reward=11.838
121896960: mean episode reward=11.276
142213120: mean episode reward=12.202

  0%|          | 0/60 [00:00<?, ?it/s]
  3%|▎         | 2/60 [00:00<00:03, 15.18it/s]
  8%|▊         | 5/60 [00:00<00:02, 19.25it/s]
 13%|█▎        | 8/60 [00:00<00:02, 20.95it/s]
 18%|█▊        | 11/60 [00:00<00:02, 21.62it/s]
 23%|██▎       | 14/60 [00:00<00:02, 22.18it/s]
 28%|██▊       | 17/60 [00:00<00:01, 22.53it/s]
 33%|███▎      | 20/60 [00:00<00:01, 23.10it/s]
 38%|███▊      | 23/60 [00:01<00:01, 24.05it/s]
 43%|████▎     | 26/60 [00:01<00:01, 23.95it/s]
 48%|████▊     | 29/60 [00:01<00:01, 24.00it/s]
 53%|█████▎    | 32/60 [00:01<00:01, 23.78it/s]
 58%|█████▊    | 35/60 [00:01<00:01, 24.35it/s]
 63%|██████▎   | 38/60 [00:01<00:00, 24.22it/s]
 68%|██████▊   | 41/60 [00:01<00:00, 23.83it/s]
 73%|███████▎  | 44/60 [00:01<00:00, 23.48it/s]
 78%|███████▊  | 47/60 [00:02<00:00, 22.92it/s]
 83%|████████▎ | 50/60 [00:02<00:00, 22.80it/s]
 88%|████████▊ | 53/60 [00:02<00:00, 22.78it/s]
 93%|█████████▎| 56/60 [00:02<00:00, 22.37it/s]
 98%|█████████▊| 59/60 [00:02<00:00, 22.47it/s]
100%|██████████| 60/60 [00:02<00:00, 22.80it/s]
wandb: WARNING `fps` argument does not affect the frame rate of the video when providing a file path or raw bytes.
159252480: reward=12.890
162529280: mean episode reward=13.558
182845440: mean episode reward=13.843
203161600: mean episode reward=13.200

  0%|          | 0/60 [00:00<?, ?it/s]
  3%|▎         | 2/60 [00:00<00:03, 15.69it/s]
  7%|▋         | 4/60 [00:00<00:03, 17.92it/s]
 10%|█         | 6/60 [00:00<00:02, 18.39it/s]
 13%|█▎        | 8/60 [00:00<00:02, 18.65it/s]
 18%|█▊        | 11/60 [00:00<00:02, 19.55it/s]
 23%|██▎       | 14/60 [00:00<00:02, 20.94it/s]
 28%|██▊       | 17/60 [00:00<00:01, 22.50it/s]
 33%|███▎      | 20/60 [00:00<00:01, 23.92it/s]
 38%|███▊      | 23/60 [00:01<00:01, 24.99it/s]
 43%|████▎     | 26/60 [00:01<00:01, 25.78it/s]
 48%|████▊     | 29/60 [00:01<00:01, 26.23it/s]
 53%|█████▎    | 32/60 [00:01<00:01, 26.15it/s]
 58%|█████▊    | 35/60 [00:01<00:00, 25.98it/s]
 63%|██████▎   | 38/60 [00:01<00:00, 26.43it/s]
 68%|██████▊   | 41/60 [00:01<00:00, 27.01it/s]
 73%|███████▎  | 44/60 [00:01<00:00, 27.33it/s]
 78%|███████▊  | 47/60 [00:01<00:00, 26.92it/s]
 83%|████████▎ | 50/60 [00:02<00:00, 27.54it/s]
 88%|████████▊ | 53/60 [00:02<00:00, 28.02it/s]
 95%|█████████▌| 57/60 [00:02<00:00, 29.23it/s]
100%|██████████| 60/60 [00:02<00:00, 25.37it/s]
wandb: WARNING `fps` argument does not affect the frame rate of the video when providing a file path or raw bytes.
212336640: reward=13.822
223477760: mean episode reward=14.271
243793920: mean episode reward=14.672
264110080: mean episode reward=14.826

  0%|          | 0/60 [00:00<?, ?it/s]
  3%|▎         | 2/60 [00:00<00:03, 17.94it/s]
  8%|▊         | 5/60 [00:00<00:02, 21.44it/s]
 13%|█▎        | 8/60 [00:00<00:02, 22.22it/s]
 18%|█▊        | 11/60 [00:00<00:05,  9.29it/s]
 23%|██▎       | 14/60 [00:01<00:03, 12.19it/s]
 28%|██▊       | 17/60 [00:01<00:02, 15.13it/s]
 33%|███▎      | 20/60 [00:01<00:02, 17.38it/s]
 38%|███▊      | 23/60 [00:01<00:01, 18.92it/s]
 43%|████▎     | 26/60 [00:01<00:01, 20.52it/s]
 48%|████▊     | 29/60 [00:01<00:01, 21.69it/s]
 53%|█████▎    | 32/60 [00:01<00:01, 22.63it/s]
 58%|█████▊    | 35/60 [00:01<00:01, 23.34it/s]
 63%|██████▎   | 38/60 [00:02<00:00, 24.34it/s]
 68%|██████▊   | 41/60 [00:02<00:00, 24.48it/s]
 73%|███████▎  | 44/60 [00:02<00:00, 25.78it/s]
 78%|███████▊  | 47/60 [00:02<00:00, 26.81it/s]
 83%|████████▎ | 50/60 [00:02<00:00, 27.24it/s]
 88%|████████▊ | 53/60 [00:02<00:00, 27.71it/s]
 93%|█████████▎| 56/60 [00:02<00:00, 27.70it/s]
 98%|█████████▊| 59/60 [00:02<00:00, 27.59it/s]
100%|██████████| 60/60 [00:02<00:00, 21.33it/s]
wandb: WARNING `fps` argument does not affect the frame rate of the video when providing a file path or raw bytes.
265420800: reward=14.344
284426240: mean episode reward=15.223
304742400: mean episode reward=15.401

  0%|          | 0/60 [00:00<?, ?it/s]
  3%|▎         | 2/60 [00:00<00:03, 15.26it/s]
  8%|▊         | 5/60 [00:00<00:02, 18.66it/s]
 13%|█▎        | 8/60 [00:00<00:02, 20.50it/s]
 18%|█▊        | 11/60 [00:00<00:02, 21.46it/s]
 23%|██▎       | 14/60 [00:00<00:02, 22.42it/s]
 28%|██▊       | 17/60 [00:00<00:01, 22.26it/s]
 33%|███▎      | 20/60 [00:00<00:01, 23.27it/s]
 38%|███▊      | 23/60 [00:01<00:01, 23.59it/s]
 43%|████▎     | 26/60 [00:01<00:01, 24.96it/s]
 48%|████▊     | 29/60 [00:01<00:01, 25.87it/s]
 53%|█████▎    | 32/60 [00:01<00:01, 26.48it/s]
 58%|█████▊    | 35/60 [00:01<00:00, 26.27it/s]
 63%|██████▎   | 38/60 [00:01<00:00, 26.43it/s]
 68%|██████▊   | 41/60 [00:01<00:00, 26.43it/s]
 73%|███████▎  | 44/60 [00:01<00:00, 26.63it/s]
 78%|███████▊  | 47/60 [00:01<00:00, 26.95it/s]
 83%|████████▎ | 50/60 [00:02<00:00, 26.67it/s]
 88%|████████▊ | 53/60 [00:02<00:00, 26.88it/s]
 93%|█████████▎| 56/60 [00:02<00:00, 27.20it/s]
 98%|█████████▊| 59/60 [00:02<00:00, 27.00it/s]
100%|██████████| 60/60 [00:02<00:00, 25.01it/s]
wandb: WARNING `fps` argument does not affect the frame rate of the video when providing a file path or raw bytes.
318504960: reward=13.689
325058560: mean episode reward=14.769
345374720: mean episode reward=14.908
365690880: mean episode reward=14.888

  0%|          | 0/60 [00:00<?, ?it/s]
  3%|▎         | 2/60 [00:00<00:03, 18.63it/s]
  8%|▊         | 5/60 [00:00<00:02, 21.70it/s]
 13%|█▎        | 8/60 [00:00<00:02, 22.52it/s]
 18%|█▊        | 11/60 [00:00<00:02, 22.49it/s]
 23%|██▎       | 14/60 [00:00<00:02, 22.34it/s]
 28%|██▊       | 17/60 [00:00<00:01, 22.20it/s]
 33%|███▎      | 20/60 [00:00<00:01, 23.41it/s]
 38%|███▊      | 23/60 [00:01<00:01, 23.60it/s]
 43%|████▎     | 26/60 [00:01<00:01, 24.57it/s]
 48%|████▊     | 29/60 [00:01<00:01, 25.49it/s]
 53%|█████▎    | 32/60 [00:01<00:01, 25.26it/s]
 58%|█████▊    | 35/60 [00:01<00:00, 25.21it/s]
 63%|██████▎   | 38/60 [00:01<00:00, 25.43it/s]
 68%|██████▊   | 41/60 [00:01<00:00, 25.56it/s]
 73%|███████▎  | 44/60 [00:01<00:00, 25.36it/s]
 78%|███████▊  | 47/60 [00:01<00:00, 25.54it/s]
 83%|████████▎ | 50/60 [00:02<00:00, 25.90it/s]
 88%|████████▊ | 53/60 [00:02<00:00, 25.34it/s]
 93%|█████████▎| 56/60 [00:02<00:00, 25.26it/s]
 98%|█████████▊| 59/60 [00:02<00:00, 24.69it/s]
100%|██████████| 60/60 [00:02<00:00, 24.34it/s]
wandb: WARNING `fps` argument does not affect the frame rate of the video when providing a file path or raw bytes.
371589120: reward=15.036
386007040: mean episode reward=16.384
406323200: mean episode reward=14.837

  0%|          | 0/60 [00:00<?, ?it/s]
  3%|▎         | 2/60 [00:00<00:03, 17.36it/s]
  8%|▊         | 5/60 [00:00<00:02, 20.78it/s]
 13%|█▎        | 8/60 [00:00<00:02, 22.09it/s]
 18%|█▊        | 11/60 [00:00<00:02, 22.18it/s]
 23%|██▎       | 14/60 [00:00<00:02, 21.68it/s]
 28%|██▊       | 17/60 [00:00<00:01, 22.66it/s]
 33%|███▎      | 20/60 [00:00<00:01, 23.74it/s]
 38%|███▊      | 23/60 [00:01<00:01, 24.25it/s]
 43%|████▎     | 26/60 [00:01<00:01, 23.91it/s]
 48%|████▊     | 29/60 [00:01<00:01, 23.66it/s]
 53%|█████▎    | 32/60 [00:01<00:01, 23.09it/s]
 58%|█████▊    | 35/60 [00:01<00:01, 22.43it/s]
 63%|██████▎   | 38/60 [00:01<00:01, 21.98it/s]
 68%|██████▊   | 41/60 [00:01<00:00, 21.52it/s]
 73%|███████▎  | 44/60 [00:01<00:00, 21.97it/s]
 78%|███████▊  | 47/60 [00:02<00:00, 22.11it/s]
 83%|████████▎ | 50/60 [00:02<00:00, 22.74it/s]
 88%|████████▊ | 53/60 [00:02<00:00, 22.94it/s]
 93%|█████████▎| 56/60 [00:02<00:00, 22.85it/s]
 98%|█████████▊| 59/60 [00:02<00:00, 22.76it/s]
100%|██████████| 60/60 [00:02<00:00, 22.61it/s]
wandb: WARNING `fps` argument does not affect the frame rate of the video when providing a file path or raw bytes.
424673280: reward=14.993
426639360: mean episode reward=15.989
446955520: mean episode reward=16.402
467271680: mean episode reward=15.484

  0%|          | 0/60 [00:00<?, ?it/s]
  3%|▎         | 2/60 [00:00<00:03, 16.18it/s]
  8%|▊         | 5/60 [00:00<00:02, 19.13it/s]
 13%|█▎        | 8/60 [00:00<00:02, 20.16it/s]
 18%|█▊        | 11/60 [00:00<00:02, 20.87it/s]
 23%|██▎       | 14/60 [00:00<00:02, 21.44it/s]
 28%|██▊       | 17/60 [00:00<00:01, 21.94it/s]
 33%|███▎      | 20/60 [00:00<00:01, 21.81it/s]
 38%|███▊      | 23/60 [00:01<00:01, 21.50it/s]
 43%|████▎     | 26/60 [00:01<00:01, 21.57it/s]
 48%|████▊     | 29/60 [00:01<00:01, 21.56it/s]
 53%|█████▎    | 32/60 [00:01<00:01, 21.67it/s]
 58%|█████▊    | 35/60 [00:01<00:01, 21.35it/s]
 63%|██████▎   | 38/60 [00:01<00:01, 21.57it/s]
 68%|██████▊   | 41/60 [00:01<00:00, 21.82it/s]
 73%|███████▎  | 44/60 [00:02<00:00, 21.59it/s]
 78%|███████▊  | 47/60 [00:02<00:00, 21.86it/s]
 83%|████████▎ | 50/60 [00:02<00:00, 22.20it/s]
 88%|████████▊ | 53/60 [00:02<00:00, 22.49it/s]
 93%|█████████▎| 56/60 [00:02<00:00, 22.60it/s]
 98%|█████████▊| 59/60 [00:02<00:00, 22.97it/s]
100%|██████████| 60/60 [00:02<00:00, 21.75it/s]
wandb: WARNING `fps` argument does not affect the frame rate of the video when providing a file path or raw bytes.
477757440: reward=16.317
487587840: mean episode reward=15.162
507904000: mean episode reward=15.409
528220160: mean episode reward=16.754

  0%|          | 0/60 [00:00<?, ?it/s]
  3%|▎         | 2/60 [00:00<00:03, 16.85it/s]
  8%|▊         | 5/60 [00:00<00:02, 19.62it/s]
 13%|█▎        | 8/60 [00:00<00:02, 20.41it/s]
 18%|█▊        | 11/60 [00:00<00:02, 21.62it/s]
 23%|██▎       | 14/60 [00:00<00:01, 23.75it/s]
 28%|██▊       | 17/60 [00:00<00:01, 24.79it/s]
 33%|███▎      | 20/60 [00:00<00:01, 25.98it/s]
 40%|████      | 24/60 [00:00<00:01, 27.38it/s]
 45%|████▌     | 27/60 [00:01<00:01, 28.10it/s]
 50%|█████     | 30/60 [00:01<00:01, 27.87it/s]
 57%|█████▋    | 34/60 [00:01<00:00, 28.93it/s]
 62%|██████▏   | 37/60 [00:01<00:00, 28.63it/s]
 67%|██████▋   | 40/60 [00:01<00:00, 28.96it/s]
 72%|███████▏  | 43/60 [00:01<00:00, 28.67it/s]
 77%|███████▋  | 46/60 [00:01<00:00, 28.48it/s]
 82%|████████▏ | 49/60 [00:01<00:00, 28.58it/s]
 87%|████████▋ | 52/60 [00:01<00:00, 28.17it/s]
 92%|█████████▏| 55/60 [00:02<00:00, 27.94it/s]
 97%|█████████▋| 58/60 [00:02<00:00, 27.82it/s]
100%|██████████| 60/60 [00:02<00:00, 26.75it/s]
wandb: WARNING `fps` argument does not affect the frame rate of the video when providing a file path or raw bytes.
530841600: reward=15.698
548536320: mean episode reward=16.979
568852480: mean episode reward=15.326

  0%|          | 0/60 [00:00<?, ?it/s]
  3%|▎         | 2/60 [00:00<00:03, 15.73it/s]
  8%|▊         | 5/60 [00:00<00:02, 19.90it/s]
 13%|█▎        | 8/60 [00:00<00:02, 21.93it/s]
 18%|█▊        | 11/60 [00:00<00:02, 22.92it/s]
 23%|██▎       | 14/60 [00:00<00:02, 22.88it/s]
 28%|██▊       | 17/60 [00:00<00:01, 23.42it/s]
 33%|███▎      | 20/60 [00:00<00:01, 23.76it/s]
 38%|███▊      | 23/60 [00:01<00:01, 23.97it/s]
 43%|████▎     | 26/60 [00:01<00:01, 24.50it/s]
 48%|████▊     | 29/60 [00:01<00:01, 24.45it/s]
 53%|█████▎    | 32/60 [00:01<00:01, 24.30it/s]
 58%|█████▊    | 35/60 [00:01<00:01, 24.49it/s]
 63%|██████▎   | 38/60 [00:01<00:00, 23.85it/s]
 68%|██████▊   | 41/60 [00:01<00:00, 23.56it/s]
 73%|███████▎  | 44/60 [00:01<00:00, 23.34it/s]
 78%|███████▊  | 47/60 [00:02<00:00, 23.03it/s]
 83%|████████▎ | 50/60 [00:02<00:00, 22.50it/s]
 88%|████████▊ | 53/60 [00:02<00:00, 22.31it/s]
 93%|█████████▎| 56/60 [00:02<00:00, 22.42it/s]
 98%|█████████▊| 59/60 [00:02<00:00, 22.63it/s]
100%|██████████| 60/60 [00:02<00:00, 23.08it/s]
wandb: WARNING `fps` argument does not affect the frame rate of the video when providing a file path or raw bytes.
583925760: reward=14.687
589168640: mean episode reward=15.411
609484800: mean episode reward=15.271
629800960: mean episode reward=15.702

  0%|          | 0/60 [00:00<?, ?it/s]
  3%|▎         | 2/60 [00:00<00:03, 16.58it/s]
  7%|▋         | 4/60 [00:00<00:03, 18.39it/s]
 12%|█▏        | 7/60 [00:00<00:02, 20.48it/s]
 17%|█▋        | 10/60 [00:00<00:02, 21.54it/s]
 22%|██▏       | 13/60 [00:00<00:02, 22.10it/s]
 27%|██▋       | 16/60 [00:00<00:01, 22.71it/s]
 32%|███▏      | 19/60 [00:00<00:01, 22.94it/s]
 37%|███▋      | 22/60 [00:01<00:01, 22.46it/s]
 42%|████▏     | 25/60 [00:01<00:01, 21.83it/s]
 47%|████▋     | 28/60 [00:01<00:01, 21.39it/s]
 52%|█████▏    | 31/60 [00:01<00:01, 20.29it/s]
 57%|█████▋    | 34/60 [00:01<00:01, 20.31it/s]
 62%|██████▏   | 37/60 [00:01<00:01, 20.35it/s]
 67%|██████▋   | 40/60 [00:01<00:00, 20.74it/s]
 72%|███████▏  | 43/60 [00:02<00:00, 20.75it/s]
 77%|███████▋  | 46/60 [00:02<00:00, 20.94it/s]
 82%|████████▏ | 49/60 [00:02<00:00, 21.26it/s]
 87%|████████▋ | 52/60 [00:02<00:00, 21.31it/s]
 92%|█████████▏| 55/60 [00:02<00:00, 21.46it/s]
 97%|█████████▋| 58/60 [00:02<00:00, 21.39it/s]
100%|██████████| 60/60 [00:02<00:00, 21.21it/s]
wandb: WARNING `fps` argument does not affect the frame rate of the video when providing a file path or raw bytes.
637009920: reward=16.290
650117120: mean episode reward=16.213
670433280: mean episode reward=16.347

  0%|          | 0/60 [00:00<?, ?it/s]
  3%|▎         | 2/60 [00:00<00:03, 14.66it/s]
  8%|▊         | 5/60 [00:00<00:03, 17.96it/s]
 12%|█▏        | 7/60 [00:00<00:02, 18.64it/s]
 17%|█▋        | 10/60 [00:00<00:02, 19.56it/s]
 22%|██▏       | 13/60 [00:00<00:02, 20.60it/s]
 27%|██▋       | 16/60 [00:00<00:02, 21.25it/s]
 32%|███▏      | 19/60 [00:00<00:01, 21.30it/s]
 37%|███▋      | 22/60 [00:01<00:01, 21.97it/s]
 42%|████▏     | 25/60 [00:01<00:01, 21.72it/s]
 47%|████▋     | 28/60 [00:01<00:01, 21.59it/s]
 52%|█████▏    | 31/60 [00:01<00:01, 21.70it/s]
 57%|█████▋    | 34/60 [00:01<00:01, 21.59it/s]
 62%|██████▏   | 37/60 [00:01<00:01, 21.61it/s]
 67%|██████▋   | 40/60 [00:01<00:00, 21.72it/s]
 72%|███████▏  | 43/60 [00:02<00:00, 21.53it/s]
 77%|███████▋  | 46/60 [00:02<00:00, 21.57it/s]
 82%|████████▏ | 49/60 [00:02<00:00, 21.72it/s]
 87%|████████▋ | 52/60 [00:02<00:00, 21.31it/s]
 92%|█████████▏| 55/60 [00:02<00:00, 21.27it/s]
 97%|█████████▋| 58/60 [00:02<00:00, 21.04it/s]
100%|██████████| 60/60 [00:02<00:00, 21.10it/s]
wandb: WARNING `fps` argument does not affect the frame rate of the video when providing a file path or raw bytes.
690094080: reward=16.577
690749440: mean episode reward=15.718
711065600: mean episode reward=16.856
731381760: mean episode reward=16.900

  0%|          | 0/60 [00:00<?, ?it/s]
  3%|▎         | 2/60 [00:00<00:03, 17.87it/s]
  8%|▊         | 5/60 [00:00<00:02, 21.13it/s]
 13%|█▎        | 8/60 [00:00<00:02, 20.37it/s]
 18%|█▊        | 11/60 [00:00<00:02, 21.53it/s]
 23%|██▎       | 14/60 [00:00<00:02, 21.21it/s]
 28%|██▊       | 17/60 [00:00<00:02, 21.24it/s]
 33%|███▎      | 20/60 [00:00<00:01, 21.24it/s]
 38%|███▊      | 23/60 [00:01<00:01, 20.97it/s]
 43%|████▎     | 26/60 [00:01<00:01, 20.89it/s]
 48%|████▊     | 29/60 [00:01<00:01, 20.70it/s]
 53%|█████▎    | 32/60 [00:01<00:01, 21.64it/s]
 58%|█████▊    | 35/60 [00:01<00:01, 21.83it/s]
 63%|██████▎   | 38/60 [00:01<00:01, 21.49it/s]
 68%|██████▊   | 41/60 [00:01<00:00, 21.61it/s]
 73%|███████▎  | 44/60 [00:02<00:00, 21.64it/s]
 78%|███████▊  | 47/60 [00:02<00:00, 22.58it/s]
 83%|████████▎ | 50/60 [00:02<00:00, 22.78it/s]
 88%|████████▊ | 53/60 [00:02<00:00, 23.31it/s]
 93%|█████████▎| 56/60 [00:02<00:00, 22.14it/s]
 98%|█████████▊| 59/60 [00:02<00:00, 22.61it/s]
100%|██████████| 60/60 [00:02<00:00, 21.76it/s]
wandb: WARNING `fps` argument does not affect the frame rate of the video when providing a file path or raw bytes.
743178240: reward=16.719
751697920: mean episode reward=16.523
772014080: mean episode reward=16.683
792330240: mean episode reward=16.545

  0%|          | 0/60 [00:00<?, ?it/s]
  3%|▎         | 2/60 [00:00<00:03, 16.29it/s]
  8%|▊         | 5/60 [00:00<00:02, 19.70it/s]
 13%|█▎        | 8/60 [00:00<00:02, 20.98it/s]
 18%|█▊        | 11/60 [00:00<00:02, 22.05it/s]
 23%|██▎       | 14/60 [00:00<00:01, 23.10it/s]
 28%|██▊       | 17/60 [00:00<00:01, 23.88it/s]
 33%|███▎      | 20/60 [00:00<00:01, 24.87it/s]
 38%|███▊      | 23/60 [00:00<00:01, 24.76it/s]
 43%|████▎     | 26/60 [00:01<00:01, 24.53it/s]
 48%|████▊     | 29/60 [00:01<00:01, 24.76it/s]
 53%|█████▎    | 32/60 [00:01<00:01, 24.81it/s]
 58%|█████▊    | 35/60 [00:01<00:01, 24.45it/s]
 63%|██████▎   | 38/60 [00:01<00:00, 24.10it/s]
 68%|██████▊   | 41/60 [00:01<00:00, 24.12it/s]
 73%|███████▎  | 44/60 [00:01<00:00, 24.12it/s]
 78%|███████▊  | 47/60 [00:01<00:00, 24.48it/s]
 83%|████████▎ | 50/60 [00:02<00:00, 25.45it/s]
 88%|████████▊ | 53/60 [00:02<00:00, 26.37it/s]
 93%|█████████▎| 56/60 [00:02<00:00, 26.98it/s]
100%|██████████| 60/60 [00:02<00:00, 28.17it/s]
100%|██████████| 60/60 [00:02<00:00, 24.76it/s]
wandb: WARNING `fps` argument does not affect the frame rate of the video when providing a file path or raw bytes.
796262400: reward=17.320
812646400: mean episode reward=16.082
832962560: mean episode reward=14.513

  0%|          | 0/60 [00:00<?, ?it/s]
  3%|▎         | 2/60 [00:00<00:03, 16.07it/s]
  8%|▊         | 5/60 [00:00<00:02, 19.31it/s]
 13%|█▎        | 8/60 [00:00<00:02, 21.41it/s]
 18%|█▊        | 11/60 [00:00<00:02, 22.51it/s]
 23%|██▎       | 14/60 [00:00<00:01, 23.88it/s]
 28%|██▊       | 17/60 [00:00<00:01, 23.85it/s]
 33%|███▎      | 20/60 [00:00<00:01, 23.46it/s]
 38%|███▊      | 23/60 [00:01<00:01, 23.67it/s]
 43%|████▎     | 26/60 [00:01<00:01, 24.43it/s]
 48%|████▊     | 29/60 [00:01<00:01, 25.10it/s]
 53%|█████▎    | 32/60 [00:01<00:01, 25.99it/s]
 58%|█████▊    | 35/60 [00:01<00:00, 26.23it/s]
 63%|██████▎   | 38/60 [00:01<00:00, 26.30it/s]
 68%|██████▊   | 41/60 [00:01<00:00, 25.61it/s]
 73%|███████▎  | 44/60 [00:01<00:00, 25.42it/s]
 78%|███████▊  | 47/60 [00:01<00:00, 25.80it/s]
 83%|████████▎ | 50/60 [00:02<00:00, 25.68it/s]
 88%|████████▊ | 53/60 [00:02<00:00, 25.06it/s]
 93%|█████████▎| 56/60 [00:02<00:00, 24.67it/s]
 98%|█████████▊| 59/60 [00:02<00:00, 24.85it/s]
100%|██████████| 60/60 [00:02<00:00, 24.49it/s]
wandb: WARNING `fps` argument does not affect the frame rate of the video when providing a file path or raw bytes.
849346560: reward=15.430
853278720: mean episode reward=16.838
873594880: mean episode reward=17.465
893911040: mean episode reward=17.364

  0%|          | 0/60 [00:00<?, ?it/s]
  3%|▎         | 2/60 [00:00<00:03, 18.23it/s]
  8%|▊         | 5/60 [00:00<00:02, 21.19it/s]
 13%|█▎        | 8/60 [00:00<00:02, 21.71it/s]
 18%|█▊        | 11/60 [00:00<00:02, 22.10it/s]
 23%|██▎       | 14/60 [00:00<00:02, 22.73it/s]
 28%|██▊       | 17/60 [00:00<00:01, 23.96it/s]
 33%|███▎      | 20/60 [00:00<00:01, 24.72it/s]
 38%|███▊      | 23/60 [00:00<00:01, 25.33it/s]
 43%|████▎     | 26/60 [00:01<00:01, 25.12it/s]
 48%|████▊     | 29/60 [00:01<00:01, 23.21it/s]
 53%|█████▎    | 32/60 [00:01<00:01, 22.52it/s]
 58%|█████▊    | 35/60 [00:01<00:01, 21.87it/s]
 63%|██████▎   | 38/60 [00:01<00:00, 22.25it/s]
 68%|██████▊   | 41/60 [00:01<00:00, 22.41it/s]
 73%|███████▎  | 44/60 [00:01<00:00, 22.31it/s]
 78%|███████▊  | 47/60 [00:02<00:00, 22.37it/s]
 83%|████████▎ | 50/60 [00:02<00:00, 21.88it/s]
 88%|████████▊ | 53/60 [00:02<00:00, 21.59it/s]
 93%|█████████▎| 56/60 [00:02<00:00, 21.70it/s]
 98%|█████████▊| 59/60 [00:02<00:00, 21.72it/s]
100%|██████████| 60/60 [00:02<00:00, 22.49it/s]
wandb: WARNING `fps` argument does not affect the frame rate of the video when providing a file path or raw bytes.
902430720: reward=17.088
914227200: mean episode reward=17.972
934543360: mean episode reward=17.062
954859520: mean episode reward=17.080

  0%|          | 0/60 [00:00<?, ?it/s]
  3%|▎         | 2/60 [00:00<00:03, 17.51it/s]
  8%|▊         | 5/60 [00:00<00:02, 22.87it/s]
 13%|█▎        | 8/60 [00:00<00:02, 24.23it/s]
 18%|█▊        | 11/60 [00:00<00:01, 24.84it/s]
 23%|██▎       | 14/60 [00:00<00:01, 25.06it/s]
 28%|██▊       | 17/60 [00:00<00:01, 24.96it/s]
 33%|███▎      | 20/60 [00:00<00:01, 25.89it/s]
 38%|███▊      | 23/60 [00:00<00:01, 26.57it/s]
 43%|████▎     | 26/60 [00:01<00:01, 26.88it/s]
 48%|████▊     | 29/60 [00:01<00:01, 27.38it/s]
 53%|█████▎    | 32/60 [00:01<00:01, 27.68it/s]
 58%|█████▊    | 35/60 [00:01<00:00, 27.71it/s]
 63%|██████▎   | 38/60 [00:01<00:00, 27.18it/s]
 68%|██████▊   | 41/60 [00:01<00:00, 27.34it/s]
 73%|███████▎  | 44/60 [00:01<00:00, 27.38it/s]
 78%|███████▊  | 47/60 [00:01<00:00, 27.23it/s]
 83%|████████▎ | 50/60 [00:01<00:00, 26.94it/s]
 88%|████████▊ | 53/60 [00:02<00:00, 27.09it/s]
 93%|█████████▎| 56/60 [00:02<00:00, 26.60it/s]
 98%|█████████▊| 59/60 [00:02<00:00, 26.55it/s]
100%|██████████| 60/60 [00:02<00:00, 26.37it/s]
wandb: WARNING `fps` argument does not affect the frame rate of the video when providing a file path or raw bytes.
955514880: reward=16.541
975175680: mean episode reward=17.124
995491840: mean episode reward=17.205

  0%|          | 0/60 [00:00<?, ?it/s]
  3%|▎         | 2/60 [00:00<00:03, 16.69it/s]
  8%|▊         | 5/60 [00:00<00:02, 20.36it/s]
 13%|█▎        | 8/60 [00:00<00:02, 21.69it/s]
 18%|█▊        | 11/60 [00:00<00:02, 22.08it/s]
 23%|██▎       | 14/60 [00:00<00:02, 22.69it/s]
 28%|██▊       | 17/60 [00:00<00:01, 23.09it/s]
 33%|███▎      | 20/60 [00:00<00:01, 23.33it/s]
 38%|███▊      | 23/60 [00:01<00:01, 23.50it/s]
 43%|████▎     | 26/60 [00:01<00:01, 23.89it/s]
 48%|████▊     | 29/60 [00:01<00:01, 24.39it/s]
 53%|█████▎    | 32/60 [00:01<00:01, 24.88it/s]
 58%|█████▊    | 35/60 [00:01<00:00, 25.03it/s]
 63%|██████▎   | 38/60 [00:01<00:00, 24.82it/s]
 68%|██████▊   | 41/60 [00:01<00:00, 24.44it/s]
 73%|███████▎  | 44/60 [00:01<00:00, 24.01it/s]
 78%|███████▊  | 47/60 [00:01<00:00, 23.74it/s]
 83%|████████▎ | 50/60 [00:02<00:00, 24.03it/s]
 88%|████████▊ | 53/60 [00:02<00:00, 24.01it/s]
 93%|█████████▎| 56/60 [00:02<00:00, 24.08it/s]
 98%|█████████▊| 59/60 [00:02<00:00, 24.59it/s]
100%|██████████| 60/60 [00:02<00:00, 23.70it/s]
wandb: WARNING `fps` argument does not affect the frame rate of the video when providing a file path or raw bytes.
1008599040: reward=17.428
Done training.
Time to JIT compile: 22.692742988467216
Time to train: 6612.361328661442
Starting inference...
FPS for rendering: 10.0

  0%|          | 0/500 [00:00<?, ?it/s]
  0%|          | 2/500 [00:00<00:34, 14.30it/s]
  1%|          | 5/500 [00:00<00:26, 18.69it/s]
  2%|▏         | 8/500 [00:00<00:25, 19.67it/s]
  2%|▏         | 11/500 [00:00<00:23, 20.53it/s]
  3%|▎         | 14/500 [00:00<00:23, 20.82it/s]
  3%|▎         | 17/500 [00:00<00:22, 21.27it/s]
  4%|▍         | 20/500 [00:00<00:21, 21.94it/s]
  5%|▍         | 23/500 [00:01<00:19, 23.90it/s]
  5%|▌         | 26/500 [00:01<00:18, 25.03it/s]
  6%|▌         | 29/500 [00:01<00:18, 25.90it/s]
  6%|▋         | 32/500 [00:01<00:17, 26.20it/s]
  7%|▋         | 35/500 [00:01<00:17, 26.49it/s]
  8%|▊         | 38/500 [00:01<00:17, 26.23it/s]
  8%|▊         | 41/500 [00:01<00:17, 26.14it/s]
  9%|▉         | 44/500 [00:01<00:17, 25.42it/s]
  9%|▉         | 47/500 [00:01<00:18, 25.07it/s]
 10%|█         | 50/500 [00:02<00:18, 24.84it/s]
 11%|█         | 53/500 [00:02<00:18, 24.80it/s]
 11%|█         | 56/500 [00:02<00:18, 24.66it/s]
 12%|█▏        | 59/500 [00:02<00:17, 24.63it/s]
 12%|█▏        | 62/500 [00:02<00:17, 24.51it/s]
 13%|█▎        | 65/500 [00:02<00:17, 24.60it/s]
 14%|█▎        | 68/500 [00:02<00:17, 24.61it/s]
 14%|█▍        | 71/500 [00:02<00:17, 24.52it/s]
 15%|█▍        | 74/500 [00:03<00:17, 24.63it/s]
 15%|█▌        | 77/500 [00:03<00:17, 24.79it/s]
 16%|█▌        | 80/500 [00:03<00:17, 24.60it/s]
 17%|█▋        | 83/500 [00:03<00:17, 24.13it/s]
 17%|█▋        | 86/500 [00:03<00:16, 24.44it/s]
 18%|█▊        | 89/500 [00:03<00:16, 24.53it/s]
 18%|█▊        | 92/500 [00:03<00:16, 24.89it/s]
 19%|█▉        | 95/500 [00:03<00:16, 24.65it/s]
 20%|█▉        | 98/500 [00:04<00:16, 24.55it/s]
 20%|██        | 101/500 [00:04<00:16, 24.63it/s]
 21%|██        | 104/500 [00:04<00:16, 24.52it/s]
 21%|██▏       | 107/500 [00:04<00:16, 24.49it/s]
 22%|██▏       | 110/500 [00:04<00:16, 24.07it/s]
 23%|██▎       | 113/500 [00:04<00:16, 24.17it/s]
 23%|██▎       | 116/500 [00:04<00:15, 24.33it/s]
 24%|██▍       | 119/500 [00:04<00:15, 24.35it/s]
 24%|██▍       | 122/500 [00:05<00:15, 24.13it/s]
 25%|██▌       | 125/500 [00:05<00:15, 24.14it/s]
 26%|██▌       | 128/500 [00:05<00:15, 24.07it/s]
 26%|██▌       | 131/500 [00:05<00:15, 24.19it/s]
 27%|██▋       | 134/500 [00:05<00:15, 24.14it/s]
 27%|██▋       | 137/500 [00:05<00:14, 24.72it/s]
 28%|██▊       | 140/500 [00:05<00:14, 25.24it/s]
 29%|██▊       | 143/500 [00:05<00:13, 26.10it/s]
 29%|██▉       | 146/500 [00:05<00:13, 27.04it/s]
 30%|██▉       | 149/500 [00:06<00:12, 27.00it/s]
 30%|███       | 152/500 [00:06<00:13, 26.21it/s]
 31%|███       | 155/500 [00:06<00:13, 25.45it/s]
 32%|███▏      | 158/500 [00:06<00:13, 24.73it/s]
 32%|███▏      | 161/500 [00:06<00:13, 24.34it/s]
 33%|███▎      | 164/500 [00:06<00:13, 24.07it/s]
 33%|███▎      | 167/500 [00:06<00:14, 23.61it/s]
 34%|███▍      | 170/500 [00:06<00:14, 23.41it/s]
 35%|███▍      | 173/500 [00:07<00:13, 23.45it/s]
 35%|███▌      | 176/500 [00:07<00:13, 23.49it/s]
 36%|███▌      | 179/500 [00:07<00:13, 23.46it/s]
 36%|███▋      | 182/500 [00:07<00:13, 23.47it/s]
 37%|███▋      | 185/500 [00:07<00:13, 23.37it/s]
 38%|███▊      | 188/500 [00:07<00:13, 23.38it/s]
 38%|███▊      | 191/500 [00:07<00:13, 23.43it/s]
 39%|███▉      | 194/500 [00:08<00:12, 23.65it/s]
 39%|███▉      | 197/500 [00:08<00:12, 24.16it/s]
 40%|████      | 200/500 [00:08<00:12, 24.65it/s]
 41%|████      | 203/500 [00:08<00:12, 24.65it/s]
 41%|████      | 206/500 [00:08<00:11, 25.60it/s]
 42%|████▏     | 209/500 [00:08<00:11, 25.56it/s]
 42%|████▏     | 212/500 [00:08<00:11, 25.57it/s]
 43%|████▎     | 215/500 [00:08<00:11, 25.16it/s]
 44%|████▎     | 218/500 [00:08<00:11, 24.87it/s]
 44%|████▍     | 221/500 [00:09<00:11, 25.11it/s]
 45%|████▍     | 224/500 [00:09<00:11, 24.89it/s]
 45%|████▌     | 227/500 [00:09<00:11, 24.74it/s]
 46%|████▌     | 230/500 [00:09<00:11, 24.49it/s]
 47%|████▋     | 233/500 [00:09<00:10, 24.96it/s]
 47%|████▋     | 236/500 [00:09<00:10, 25.26it/s]
 48%|████▊     | 239/500 [00:09<00:10, 25.30it/s]
 48%|████▊     | 242/500 [00:09<00:10, 24.98it/s]
 49%|████▉     | 245/500 [00:10<00:10, 24.98it/s]
 50%|████▉     | 248/500 [00:10<00:10, 24.71it/s]
 50%|█████     | 251/500 [00:10<00:10, 24.44it/s]
 51%|█████     | 254/500 [00:10<00:10, 24.31it/s]
 51%|█████▏    | 257/500 [00:10<00:10, 24.10it/s]
 52%|█████▏    | 260/500 [00:10<00:09, 24.05it/s]
 53%|█████▎    | 263/500 [00:10<00:09, 24.52it/s]
 53%|█████▎    | 266/500 [00:10<00:09, 24.63it/s]
 54%|█████▍    | 269/500 [00:11<00:09, 25.51it/s]
 54%|█████▍    | 272/500 [00:11<00:08, 26.32it/s]
 55%|█████▌    | 275/500 [00:11<00:08, 27.08it/s]
 56%|█████▌    | 278/500 [00:11<00:08, 26.78it/s]
 56%|█████▌    | 281/500 [00:11<00:08, 26.40it/s]
 57%|█████▋    | 284/500 [00:11<00:08, 25.84it/s]
 57%|█████▋    | 287/500 [00:11<00:08, 24.43it/s]
 58%|█████▊    | 290/500 [00:11<00:08, 24.82it/s]
 59%|█████▊    | 293/500 [00:11<00:08, 25.74it/s]
 59%|█████▉    | 296/500 [00:12<00:07, 25.58it/s]
 60%|█████▉    | 299/500 [00:12<00:08, 24.96it/s]
 60%|██████    | 302/500 [00:12<00:07, 25.04it/s]
 61%|██████    | 305/500 [00:12<00:07, 25.39it/s]
 62%|██████▏   | 308/500 [00:12<00:07, 25.35it/s]
 62%|██████▏   | 311/500 [00:12<00:07, 24.98it/s]
 63%|██████▎   | 314/500 [00:12<00:07, 25.34it/s]
 63%|██████▎   | 317/500 [00:12<00:07, 24.99it/s]
 64%|██████▍   | 320/500 [00:13<00:07, 24.69it/s]
 65%|██████▍   | 323/500 [00:13<00:07, 24.62it/s]
 65%|██████▌   | 326/500 [00:13<00:07, 24.82it/s]
 66%|██████▌   | 329/500 [00:13<00:06, 25.37it/s]
 66%|██████▋   | 332/500 [00:13<00:06, 25.42it/s]
 67%|██████▋   | 335/500 [00:13<00:06, 25.32it/s]
 68%|██████▊   | 338/500 [00:13<00:06, 25.60it/s]
 68%|██████▊   | 341/500 [00:13<00:06, 25.50it/s]
 69%|██████▉   | 344/500 [00:13<00:06, 25.10it/s]
 69%|██████▉   | 347/500 [00:14<00:06, 24.68it/s]
 70%|███████   | 350/500 [00:14<00:06, 24.46it/s]
 71%|███████   | 353/500 [00:14<00:05, 24.65it/s]
 71%|███████   | 356/500 [00:14<00:05, 24.92it/s]
 72%|███████▏  | 359/500 [00:14<00:05, 25.55it/s]
 72%|███████▏  | 362/500 [00:14<00:05, 25.73it/s]
 73%|███████▎  | 365/500 [00:14<00:05, 25.30it/s]
 74%|███████▎  | 368/500 [00:14<00:05, 25.12it/s]
 74%|███████▍  | 371/500 [00:15<00:04, 25.80it/s]
 75%|███████▍  | 374/500 [00:15<00:04, 25.23it/s]
 75%|███████▌  | 377/500 [00:15<00:04, 24.73it/s]
 76%|███████▌  | 380/500 [00:15<00:04, 24.15it/s]
 77%|███████▋  | 383/500 [00:15<00:04, 24.37it/s]
 77%|███████▋  | 386/500 [00:15<00:04, 24.61it/s]
 78%|███████▊  | 389/500 [00:15<00:04, 24.35it/s]
 78%|███████▊  | 392/500 [00:15<00:04, 24.31it/s]
 79%|███████▉  | 395/500 [00:16<00:04, 24.39it/s]
 80%|███████▉  | 398/500 [00:16<00:04, 24.57it/s]
 80%|████████  | 401/500 [00:16<00:04, 24.32it/s]
 81%|████████  | 404/500 [00:16<00:03, 24.12it/s]
 81%|████████▏ | 407/500 [00:16<00:03, 23.99it/s]
 82%|████████▏ | 410/500 [00:16<00:03, 23.92it/s]
 83%|████████▎ | 413/500 [00:16<00:03, 23.61it/s]
 83%|████████▎ | 416/500 [00:16<00:03, 23.37it/s]
 84%|████████▍ | 419/500 [00:17<00:03, 23.32it/s]
 84%|████████▍ | 422/500 [00:17<00:03, 23.46it/s]
 85%|████████▌ | 425/500 [00:17<00:03, 23.17it/s]
 86%|████████▌ | 428/500 [00:17<00:03, 23.19it/s]
 86%|████████▌ | 431/500 [00:17<00:02, 23.08it/s]
 87%|████████▋ | 434/500 [00:17<00:02, 23.24it/s]
 87%|████████▋ | 437/500 [00:17<00:02, 23.17it/s]
 88%|████████▊ | 440/500 [00:17<00:02, 23.10it/s]
 89%|████████▊ | 443/500 [00:18<00:02, 23.06it/s]
 89%|████████▉ | 446/500 [00:18<00:02, 23.27it/s]
 90%|████████▉ | 449/500 [00:18<00:02, 23.52it/s]
 90%|█████████ | 452/500 [00:18<00:01, 24.13it/s]
 91%|█████████ | 455/500 [00:18<00:01, 24.60it/s]
 92%|█████████▏| 458/500 [00:18<00:01, 24.37it/s]
 92%|█████████▏| 461/500 [00:18<00:01, 24.67it/s]
 93%|█████████▎| 464/500 [00:18<00:01, 25.19it/s]
 93%|█████████▎| 467/500 [00:19<00:01, 24.33it/s]
 94%|█████████▍| 470/500 [00:19<00:01, 23.98it/s]
 95%|█████████▍| 473/500 [00:19<00:01, 24.04it/s]
 95%|█████████▌| 476/500 [00:19<00:00, 24.60it/s]
 96%|█████████▌| 479/500 [00:19<00:00, 24.41it/s]
 96%|█████████▋| 482/500 [00:19<00:00, 24.21it/s]
 97%|█████████▋| 485/500 [00:19<00:00, 23.85it/s]
 98%|█████████▊| 488/500 [00:19<00:00, 23.01it/s]
 98%|█████████▊| 491/500 [00:20<00:00, 22.71it/s]
 99%|█████████▉| 494/500 [00:20<00:00, 22.01it/s]
 99%|█████████▉| 497/500 [00:20<00:00, 21.84it/s]
100%|██████████| 500/500 [00:20<00:00, 22.08it/s]
100%|██████████| 500/500 [00:20<00:00, 24.38it/s]
Rollout video saved as 'rollout0.mp4'.
[1;34mwandb[0m: 
[1;34mwandb[0m: 🚀 View run [33mTesolloDownwardsRotateZ-20260625-162937-downwardsrotatez_sb_forcemagnitude_s2[0m at: [34mhttps://wandb.ai/nikolastaykov/mjxrl/runs/c7l2flpp[0m
[1;34mwandb[0m: Find logs at: [1;35mwandb/run-20260625_162937-c7l2flpp/logs[0m
