Warp 1.12.1 initialized:
   CUDA Toolkit 12.9, Driver 12.5
   Devices:
     "cpu"      : "x86_64"
     "cuda:0"   : "NVIDIA GeForce RTX 4090" (24 GiB, sm_89, mempool enabled)
   Kernel cache:
     /home/nstaykov/.cache/warp/1.12.1
Warp DeprecationWarning: The symbol `warp.types.warp_type_to_np_dtype` will soon be removed from the public API. It can still be accessed from `warp._src.types.warp_type_to_np_dtype` but might be changed or removed without notice.
/local/home/nstaykov/workspace/mujoco_playground/mujoco_playground/_src/manipulation/tesollo_hand/obs.py:161: UserWarning: obs_noise.scales has keys not in active obs spec: {'motor_targets'}
  warnings.warn(
Environment Config:
action_mode: absolute
action_repeat: 1
action_scale: 0.5
constrain_wrist_translation: false
ctrl_dt: 0.05
curriculum:
  band_width: 0.08726646259971647
  enable: false
  promote_after: 5
  success_count_threshold: 70
ema_alpha: 0.2
episode_length: 120
impl: warp
kp_scale: 1.0
max_target_angle: 2.0943951023931953
nconmax: 1638400
njmax: 2200
obs_noise:
  level: 1.0
  scales:
    goal_quat: 0.0
    joint_pos: 0.0
    joint_vel: 0.0
    motor_targets: 0.0
ori_tolerance_rad: 0.05235987755982988
pert_config:
  angular_velocity_pert:
  - 0.0
  - 0.5
  enable: false
  linear_velocity_pert:
  - 0.0
  - 3.0
  pert_duration_steps:
  - 1
  - 100
  pert_wait_steps:
  - 60
  - 150
reward_config:
  ori_reward_margin_rad: 0.5235987755982988
  scales:
    action_rate: -0.5
    cube_on_floor: -0.5
    cube_ori: 2.0
    fingertip_pos: 1.5
    joint_vel: -0.002
    wrist_vel: -0.02
  success_reward: 2.0
scene:
  cube_mass: 0.108
sensor_bundle: force.magnitude
sim_dt: 0.01
target_hold_time: 0.05

PPO Training Parameters:
action_repeat: 1
batch_size: 256
discounting: 0.99
entropy_cost: 0.005
episode_length: 120
learning_rate: 0.0001
log_training_metrics: true
network_factory:
  policy_hidden_layer_sizes: &id001 !!python/tuple
  - 512
  - 256
  - 128
  policy_obs_key: state
  value_hidden_layer_sizes: *id001
  value_obs_key: privileged_state
normalize_observations: true
num_envs: 8192
num_evals: 20
num_minibatches: 64
num_resets_per_eval: 0
num_timesteps: 1000000000
num_updates_per_batch: 4
reward_scaling: 1.0
training_metrics_steps: 20000000
unroll_length: 40

CLI overrides: {
  "env_name": "TesolloDownwardsRotateZ",
  "suffix": "downwardsrotatez_sb_forcemagnitude_s0",
  "use_wandb": true,
  "log_video_to_wandb": true,
  "seed": 0,
  "num_timesteps": 1000000000,
  "num_envs": 8192,
  "log_training_metrics": true,
  "training_metrics_steps": 20000000,
  "env_overrides_file": "logs/_queue/downwards_sensor_sweep_120-20260625-124815/run-00-TesolloDownwardsRotateZ-downwardsrotatez_sb_forcemagnitude_s0-overrides.yaml"
}
Experiment name: TesolloDownwardsRotateZ-20260625-124824-downwardsrotatez_sb_forcemagnitude_s0
Logs are being stored in: /local/home/nstaykov/workspace/mujoco_playground/logs/TesolloDownwardsRotateZ-20260625-124824-downwardsrotatez_sb_forcemagnitude_s0
wandb: [wandb.login()] Loaded credentials for https://api.wandb.ai from WANDB_API_KEY.
wandb: Currently logged in as: nstaykov (nikolastaykov) to https://api.wandb.ai. Use `wandb login --relogin` to force relogin
wandb: Tracking run with wandb version 0.26.1
wandb: Run data is saved locally in /local/home/nstaykov/workspace/mujoco_playground/wandb/run-20260625_124824-dmc586mw
wandb: Run `wandb offline` to turn off syncing.
wandb: Syncing run TesolloDownwardsRotateZ-20260625-124824-downwardsrotatez_sb_forcemagnitude_s0
wandb: ⭐️ View project at https://wandb.ai/nikolastaykov/mjxrl
wandb: 🚀 View run at https://wandb.ai/nikolastaykov/mjxrl/runs/dmc586mw
No checkpoint path provided, not restoring from checkpoint
Checkpoint path: /local/home/nstaykov/workspace/mujoco_playground/logs/TesolloDownwardsRotateZ-20260625-124824-downwardsrotatez_sb_forcemagnitude_s0/checkpoints
/local/home/nstaykov/workspace/mujoco_playground/mujoco_playground/_src/manipulation/tesollo_hand/obs.py:161: UserWarning: obs_noise.scales has keys not in active obs spec: {'motor_targets'}
  warnings.warn(
Module mujoco.mjx.warp.ffi 98d2031 load on device 'cuda:0' took 0.39 ms  (cached)
Module mujoco.mjx.third_party.mujoco_warp._src.smooth 26bbc02 load on device 'cuda:0' took 6.36 ms  (cached)
Module mujoco.mjx.third_party.mujoco_warp._src.collision_driver 88f7770 load on device 'cuda:0' took 0.28 ms  (cached)
Module _nxn_broadphase__locals__kernel_c763f4cb c763f4c load on device 'cuda:0' took 0.28 ms  (cached)
Module _primitive_narrowphase__locals__primitive_narrowphase_072e9f5e 072e9f5 load on device 'cuda:0' took 0.43 ms  (cached)
Module mujoco.mjx.third_party.mujoco_warp._src.constraint c567367 load on device 'cuda:0' took 0.50 ms  (cached)
Module mujoco.mjx.third_party.mujoco_warp._src.sensor 18a78e5 load on device 'cuda:0' took 0.57 ms  (cached)
Module mujoco.mjx.third_party.mujoco_warp._src.forward 16fbac8 load on device 'cuda:0' took 0.43 ms  (cached)
Module mujoco.mjx.third_party.mujoco_warp._src.passive 8bfe11c load on device 'cuda:0' took 0.35 ms  (cached)
Module mujoco.mjx.third_party.mujoco_warp._src.forward 8f5355c load on device 'cuda:0' took 0.42 ms  (cached)
Module mujoco.mjx.third_party.mujoco_warp._src.support dd3f924 load on device 'cuda:0' took 0.27 ms  (cached)
Module _tile_cholesky_factorize_solve__locals__cholesky_factorize_solve_98799697 3154237 load on device 'cuda:0' took 25.84 ms  (cached)
Module _tile_cholesky_factorize_solve__locals__cholesky_factorize_solve_b2744b1b e16af87 load on device 'cuda:0' took 27.28 ms  (cached)
Module mujoco.mjx.third_party.mujoco_warp._src.solver b116efb load on device 'cuda:0' took 0.50 ms  (cached)
Module solve_init_jaref__locals__kernel_feadd581 feadd58 load on device 'cuda:0' took 0.29 ms  (cached)
Module mul_m_dense__locals___mul_m_dense_e34139c1 e34139c load on device 'cuda:0' took 0.31 ms  (cached)
Module update_constraint_efc__locals__kernel_81015163 8101516 load on device 'cuda:0' took 0.28 ms  (cached)
Module update_constraint_gauss_cost__locals__kernel_6370b491 6370b49 load on device 'cuda:0' took 0.28 ms  (cached)
Module update_gradient_JTDAJ_dense_tiled__locals__kernel_e0063ce2 85330e7 load on device 'cuda:0' took 0.57 ms  (cached)
Module update_gradient_cholesky__locals__kernel_c54e7710 b74aeaf load on device 'cuda:0' took 27.88 ms  (cached)
Module linesearch_iterative__locals__kernel_94acdc55 9c914fd load on device 'cuda:0' took 0.38 ms  (cached)
Module update_constraint_efc__locals__kernel_25737258 2573725 load on device 'cuda:0' took 0.29 ms  (cached)
Module _contact_sort__locals__contact_sort_44d31eb2 de954a2 load on device 'cuda:0' took 0.35 ms  (cached)
0: reward=-0.320

  0%|          | 0/60 [00:00<?, ?it/s]
  3%|▎         | 2/60 [00:00<00:03, 16.29it/s]
  8%|▊         | 5/60 [00:00<00:02, 19.63it/s]
 13%|█▎        | 8/60 [00:00<00:02, 20.28it/s]
 18%|█▊        | 11/60 [00:00<00:02, 22.31it/s]
 23%|██▎       | 14/60 [00:00<00:01, 24.11it/s]
 28%|██▊       | 17/60 [00:00<00:01, 23.34it/s]
 33%|███▎      | 20/60 [00:00<00:01, 22.59it/s]
 38%|███▊      | 23/60 [00:01<00:01, 22.02it/s]
 43%|████▎     | 26/60 [00:01<00:01, 21.79it/s]
 48%|████▊     | 29/60 [00:01<00:01, 21.98it/s]
 53%|█████▎    | 32/60 [00:01<00:01, 22.46it/s]
 58%|█████▊    | 35/60 [00:01<00:01, 22.37it/s]
 63%|██████▎   | 38/60 [00:01<00:00, 22.59it/s]
 68%|██████▊   | 41/60 [00:01<00:00, 22.90it/s]
 73%|███████▎  | 44/60 [00:01<00:00, 23.06it/s]
 78%|███████▊  | 47/60 [00:02<00:00, 22.94it/s]
 83%|████████▎ | 50/60 [00:02<00:00, 23.03it/s]
 88%|████████▊ | 53/60 [00:02<00:00, 22.66it/s]
 93%|█████████▎| 56/60 [00:02<00:00, 22.41it/s]
 98%|█████████▊| 59/60 [00:02<00:00, 22.18it/s]
100%|██████████| 60/60 [00:02<00:00, 22.27it/s]
wandb: WARNING `fps` argument does not affect the frame rate of the video when providing a file path or raw bytes.
20316160: mean episode reward=3.982
40632320: mean episode reward=8.754

  0%|          | 0/60 [00:00<?, ?it/s]
  3%|▎         | 2/60 [00:00<00:03, 14.92it/s]
  7%|▋         | 4/60 [00:00<00:03, 16.50it/s]
 12%|█▏        | 7/60 [00:00<00:02, 20.94it/s]
 17%|█▋        | 10/60 [00:00<00:02, 22.01it/s]
 22%|██▏       | 13/60 [00:00<00:02, 22.68it/s]
 27%|██▋       | 16/60 [00:00<00:01, 22.66it/s]
 32%|███▏      | 19/60 [00:00<00:01, 22.36it/s]
 37%|███▋      | 22/60 [00:01<00:01, 22.31it/s]
 42%|████▏     | 25/60 [00:01<00:01, 22.81it/s]
 47%|████▋     | 28/60 [00:01<00:01, 23.19it/s]
 52%|█████▏    | 31/60 [00:01<00:01, 22.32it/s]
 57%|█████▋    | 34/60 [00:01<00:01, 22.60it/s]
 62%|██████▏   | 37/60 [00:01<00:01, 22.16it/s]
 67%|██████▋   | 40/60 [00:01<00:00, 22.45it/s]
 72%|███████▏  | 43/60 [00:01<00:00, 22.27it/s]
 77%|███████▋  | 46/60 [00:02<00:00, 22.28it/s]
 82%|████████▏ | 49/60 [00:02<00:00, 21.90it/s]
 87%|████████▋ | 52/60 [00:02<00:00, 21.75it/s]
 92%|█████████▏| 55/60 [00:02<00:00, 21.67it/s]
 97%|█████████▋| 58/60 [00:02<00:00, 21.42it/s]
100%|██████████| 60/60 [00:02<00:00, 21.93it/s]
wandb: WARNING `fps` argument does not affect the frame rate of the video when providing a file path or raw bytes.
53084160: reward=8.963
60948480: mean episode reward=8.633
81264640: mean episode reward=10.380
101580800: mean episode reward=11.763

  0%|          | 0/60 [00:00<?, ?it/s]
  3%|▎         | 2/60 [00:00<00:03, 16.43it/s]
  8%|▊         | 5/60 [00:00<00:02, 20.47it/s]
 13%|█▎        | 8/60 [00:00<00:02, 20.45it/s]
 18%|█▊        | 11/60 [00:00<00:02, 20.96it/s]
 23%|██▎       | 14/60 [00:00<00:02, 20.83it/s]
 28%|██▊       | 17/60 [00:00<00:02, 20.52it/s]
 33%|███▎      | 20/60 [00:00<00:01, 20.72it/s]
 38%|███▊      | 23/60 [00:01<00:01, 21.41it/s]
 43%|████▎     | 26/60 [00:01<00:01, 22.42it/s]
 48%|████▊     | 29/60 [00:01<00:01, 23.05it/s]
 53%|█████▎    | 32/60 [00:01<00:01, 23.20it/s]
 58%|█████▊    | 35/60 [00:01<00:01, 23.59it/s]
 63%|██████▎   | 38/60 [00:01<00:00, 23.80it/s]
 68%|██████▊   | 41/60 [00:01<00:00, 24.02it/s]
 73%|███████▎  | 44/60 [00:01<00:00, 23.45it/s]
 78%|███████▊  | 47/60 [00:02<00:00, 22.82it/s]
 83%|████████▎ | 50/60 [00:02<00:00, 22.58it/s]
 88%|████████▊ | 53/60 [00:02<00:00, 22.72it/s]
 93%|█████████▎| 56/60 [00:02<00:00, 22.49it/s]
 98%|█████████▊| 59/60 [00:02<00:00, 21.71it/s]
100%|██████████| 60/60 [00:02<00:00, 22.12it/s]
wandb: WARNING `fps` argument does not affect the frame rate of the video when providing a file path or raw bytes.
106168320: reward=10.709
121896960: mean episode reward=12.030
142213120: mean episode reward=12.211

  0%|          | 0/60 [00:00<?, ?it/s]
  3%|▎         | 2/60 [00:00<00:03, 15.69it/s]
  8%|▊         | 5/60 [00:00<00:02, 19.92it/s]
 13%|█▎        | 8/60 [00:00<00:02, 20.24it/s]
 18%|█▊        | 11/60 [00:00<00:02, 20.92it/s]
 23%|██▎       | 14/60 [00:00<00:02, 21.78it/s]
 28%|██▊       | 17/60 [00:00<00:01, 22.66it/s]
 33%|███▎      | 20/60 [00:00<00:01, 23.32it/s]
 38%|███▊      | 23/60 [00:01<00:01, 24.18it/s]
 43%|████▎     | 26/60 [00:01<00:01, 24.77it/s]
 48%|████▊     | 29/60 [00:01<00:01, 24.88it/s]
 53%|█████▎    | 32/60 [00:01<00:01, 25.17it/s]
 58%|█████▊    | 35/60 [00:01<00:00, 25.18it/s]
 63%|██████▎   | 38/60 [00:01<00:00, 24.99it/s]
 68%|██████▊   | 41/60 [00:01<00:00, 24.42it/s]
 73%|███████▎  | 44/60 [00:01<00:00, 23.83it/s]
 78%|███████▊  | 47/60 [00:02<00:00, 23.43it/s]
 83%|████████▎ | 50/60 [00:02<00:00, 23.50it/s]
 88%|████████▊ | 53/60 [00:02<00:00, 23.62it/s]
 93%|█████████▎| 56/60 [00:02<00:00, 23.75it/s]
 98%|█████████▊| 59/60 [00:02<00:00, 23.24it/s]
100%|██████████| 60/60 [00:02<00:00, 23.29it/s]
wandb: WARNING `fps` argument does not affect the frame rate of the video when providing a file path or raw bytes.
159252480: reward=13.706
162529280: mean episode reward=11.092
182845440: mean episode reward=12.624
203161600: mean episode reward=15.011

  0%|          | 0/60 [00:00<?, ?it/s]
  3%|▎         | 2/60 [00:00<00:03, 15.85it/s]
  8%|▊         | 5/60 [00:00<00:02, 18.83it/s]
 13%|█▎        | 8/60 [00:00<00:02, 20.74it/s]
 18%|█▊        | 11/60 [00:00<00:02, 21.61it/s]
 23%|██▎       | 14/60 [00:00<00:02, 22.22it/s]
 28%|██▊       | 17/60 [00:00<00:01, 23.35it/s]
 33%|███▎      | 20/60 [00:00<00:01, 23.52it/s]
 38%|███▊      | 23/60 [00:01<00:01, 22.43it/s]
 43%|████▎     | 26/60 [00:01<00:01, 23.54it/s]
 48%|████▊     | 29/60 [00:01<00:01, 23.59it/s]
 53%|█████▎    | 32/60 [00:01<00:01, 23.01it/s]
 58%|█████▊    | 35/60 [00:01<00:01, 22.25it/s]
 63%|██████▎   | 38/60 [00:01<00:00, 22.03it/s]
 68%|██████▊   | 41/60 [00:01<00:00, 22.28it/s]
 73%|███████▎  | 44/60 [00:01<00:00, 22.30it/s]
 78%|███████▊  | 47/60 [00:02<00:00, 22.52it/s]
 83%|████████▎ | 50/60 [00:02<00:00, 22.58it/s]
 88%|████████▊ | 53/60 [00:02<00:00, 22.83it/s]
 93%|█████████▎| 56/60 [00:02<00:00, 22.75it/s]
 98%|█████████▊| 59/60 [00:02<00:00, 22.76it/s]
100%|██████████| 60/60 [00:02<00:00, 22.40it/s]
wandb: WARNING `fps` argument does not affect the frame rate of the video when providing a file path or raw bytes.
212336640: reward=13.278
223477760: mean episode reward=14.876
243793920: mean episode reward=12.712
264110080: mean episode reward=13.575

  0%|          | 0/60 [00:00<?, ?it/s]
  3%|▎         | 2/60 [00:00<00:03, 15.75it/s]
  7%|▋         | 4/60 [00:00<00:03, 17.26it/s]
 10%|█         | 6/60 [00:00<00:03, 17.88it/s]
 15%|█▌        | 9/60 [00:00<00:02, 19.39it/s]
 20%|██        | 12/60 [00:00<00:02, 20.86it/s]
 25%|██▌       | 15/60 [00:00<00:02, 20.95it/s]
 30%|███       | 18/60 [00:00<00:02, 20.86it/s]
 35%|███▌      | 21/60 [00:01<00:01, 20.59it/s]
 40%|████      | 24/60 [00:01<00:01, 20.30it/s]
 45%|████▌     | 27/60 [00:01<00:01, 20.95it/s]
 50%|█████     | 30/60 [00:01<00:01, 21.16it/s]
 55%|█████▌    | 33/60 [00:01<00:01, 21.71it/s]
 60%|██████    | 36/60 [00:01<00:01, 21.49it/s]
 65%|██████▌   | 39/60 [00:01<00:00, 21.77it/s]
 70%|███████   | 42/60 [00:02<00:00, 21.70it/s]
 75%|███████▌  | 45/60 [00:02<00:00, 21.81it/s]
 80%|████████  | 48/60 [00:02<00:00, 21.96it/s]
 85%|████████▌ | 51/60 [00:02<00:00, 21.58it/s]
 90%|█████████ | 54/60 [00:02<00:00, 21.57it/s]
 95%|█████████▌| 57/60 [00:02<00:00, 21.96it/s]
100%|██████████| 60/60 [00:02<00:00, 22.01it/s]
100%|██████████| 60/60 [00:02<00:00, 21.13it/s]
wandb: WARNING `fps` argument does not affect the frame rate of the video when providing a file path or raw bytes.
265420800: reward=15.008
284426240: mean episode reward=13.918
304742400: mean episode reward=13.837

  0%|          | 0/60 [00:00<?, ?it/s]
  3%|▎         | 2/60 [00:00<00:03, 15.53it/s]
  8%|▊         | 5/60 [00:00<00:02, 19.24it/s]
 13%|█▎        | 8/60 [00:00<00:02, 20.47it/s]
 18%|█▊        | 11/60 [00:00<00:02, 21.54it/s]
 23%|██▎       | 14/60 [00:00<00:02, 21.27it/s]
 28%|██▊       | 17/60 [00:00<00:01, 21.50it/s]
 33%|███▎      | 20/60 [00:00<00:01, 21.36it/s]
 38%|███▊      | 23/60 [00:01<00:01, 21.61it/s]
 43%|████▎     | 26/60 [00:01<00:01, 21.43it/s]
 48%|████▊     | 29/60 [00:01<00:01, 21.05it/s]
 53%|█████▎    | 32/60 [00:01<00:01, 21.24it/s]
 58%|█████▊    | 35/60 [00:01<00:01, 21.52it/s]
 63%|██████▎   | 38/60 [00:01<00:01, 21.46it/s]
 68%|██████▊   | 41/60 [00:01<00:00, 21.37it/s]
 73%|███████▎  | 44/60 [00:02<00:00, 21.36it/s]
 78%|███████▊  | 47/60 [00:02<00:00, 21.87it/s]
 83%|████████▎ | 50/60 [00:02<00:00, 21.84it/s]
 88%|████████▊ | 53/60 [00:02<00:00, 21.89it/s]
 93%|█████████▎| 56/60 [00:02<00:00, 21.99it/s]
 98%|█████████▊| 59/60 [00:02<00:00, 22.14it/s]
100%|██████████| 60/60 [00:02<00:00, 21.51it/s]
wandb: WARNING `fps` argument does not affect the frame rate of the video when providing a file path or raw bytes.
318504960: reward=14.856
325058560: mean episode reward=13.602
345374720: mean episode reward=14.860
365690880: mean episode reward=16.203

  0%|          | 0/60 [00:00<?, ?it/s]
  3%|▎         | 2/60 [00:00<00:03, 16.09it/s]
  8%|▊         | 5/60 [00:00<00:02, 20.53it/s]
 13%|█▎        | 8/60 [00:00<00:02, 20.95it/s]
 18%|█▊        | 11/60 [00:00<00:02, 21.22it/s]
 23%|██▎       | 14/60 [00:00<00:02, 21.57it/s]
 28%|██▊       | 17/60 [00:00<00:01, 22.62it/s]
 33%|███▎      | 20/60 [00:00<00:01, 22.87it/s]
 38%|███▊      | 23/60 [00:01<00:01, 22.42it/s]
 43%|████▎     | 26/60 [00:01<00:01, 22.82it/s]
 48%|████▊     | 29/60 [00:01<00:01, 22.68it/s]
 53%|█████▎    | 32/60 [00:01<00:01, 22.97it/s]
 58%|█████▊    | 35/60 [00:01<00:01, 23.18it/s]
 63%|██████▎   | 38/60 [00:01<00:00, 22.98it/s]
 68%|██████▊   | 41/60 [00:01<00:00, 23.62it/s]
 73%|███████▎  | 44/60 [00:01<00:00, 23.94it/s]
 78%|███████▊  | 47/60 [00:02<00:00, 24.98it/s]
 83%|████████▎ | 50/60 [00:02<00:00, 25.06it/s]
 88%|████████▊ | 53/60 [00:02<00:00, 24.74it/s]
 93%|█████████▎| 56/60 [00:02<00:00, 25.54it/s]
 98%|█████████▊| 59/60 [00:02<00:00, 25.26it/s]
100%|██████████| 60/60 [00:02<00:00, 23.41it/s]
wandb: WARNING `fps` argument does not affect the frame rate of the video when providing a file path or raw bytes.
371589120: reward=15.029
386007040: mean episode reward=15.370
406323200: mean episode reward=15.770

  0%|          | 0/60 [00:00<?, ?it/s]
  3%|▎         | 2/60 [00:00<00:03, 16.18it/s]
  8%|▊         | 5/60 [00:00<00:02, 19.15it/s]
 13%|█▎        | 8/60 [00:00<00:02, 20.32it/s]
 18%|█▊        | 11/60 [00:00<00:02, 20.99it/s]
 23%|██▎       | 14/60 [00:00<00:02, 21.21it/s]
 28%|██▊       | 17/60 [00:00<00:02, 21.17it/s]
 33%|███▎      | 20/60 [00:00<00:01, 22.44it/s]
 38%|███▊      | 23/60 [00:01<00:01, 22.89it/s]
 43%|████▎     | 26/60 [00:01<00:01, 23.16it/s]
 48%|████▊     | 29/60 [00:01<00:01, 22.86it/s]
 53%|█████▎    | 32/60 [00:01<00:01, 22.92it/s]
 58%|█████▊    | 35/60 [00:01<00:01, 22.63it/s]
 63%|██████▎   | 38/60 [00:01<00:00, 22.74it/s]
 68%|██████▊   | 41/60 [00:01<00:00, 22.42it/s]
 73%|███████▎  | 44/60 [00:01<00:00, 23.29it/s]
 78%|███████▊  | 47/60 [00:02<00:00, 23.23it/s]
 83%|████████▎ | 50/60 [00:02<00:00, 23.48it/s]
 88%|████████▊ | 53/60 [00:02<00:00, 23.40it/s]
 93%|█████████▎| 56/60 [00:02<00:00, 23.26it/s]
 98%|█████████▊| 59/60 [00:02<00:00, 23.01it/s]
100%|██████████| 60/60 [00:02<00:00, 22.48it/s]
wandb: WARNING `fps` argument does not affect the frame rate of the video when providing a file path or raw bytes.
424673280: reward=15.156
426639360: mean episode reward=16.221
446955520: mean episode reward=15.968
467271680: mean episode reward=16.746

  0%|          | 0/60 [00:00<?, ?it/s]
  3%|▎         | 2/60 [00:00<00:03, 16.35it/s]
  8%|▊         | 5/60 [00:00<00:02, 19.62it/s]
 13%|█▎        | 8/60 [00:00<00:02, 20.26it/s]
 18%|█▊        | 11/60 [00:00<00:02, 20.20it/s]
 23%|██▎       | 14/60 [00:00<00:02, 20.69it/s]
 28%|██▊       | 17/60 [00:00<00:02, 21.00it/s]
 33%|███▎      | 20/60 [00:00<00:01, 21.42it/s]
 38%|███▊      | 23/60 [00:01<00:01, 21.48it/s]
 43%|████▎     | 26/60 [00:01<00:01, 21.81it/s]
 48%|████▊     | 29/60 [00:01<00:01, 22.21it/s]
 53%|█████▎    | 32/60 [00:01<00:01, 22.89it/s]
 58%|█████▊    | 35/60 [00:01<00:01, 23.20it/s]
 63%|██████▎   | 38/60 [00:01<00:00, 23.54it/s]
 68%|██████▊   | 41/60 [00:01<00:00, 24.07it/s]
 73%|███████▎  | 44/60 [00:01<00:00, 24.73it/s]
 78%|███████▊  | 47/60 [00:02<00:00, 24.87it/s]
 83%|████████▎ | 50/60 [00:02<00:00, 24.48it/s]
 88%|████████▊ | 53/60 [00:02<00:00, 24.73it/s]
 93%|█████████▎| 56/60 [00:02<00:00, 24.66it/s]
 98%|█████████▊| 59/60 [00:02<00:00, 24.34it/s]
100%|██████████| 60/60 [00:02<00:00, 22.90it/s]
wandb: WARNING `fps` argument does not affect the frame rate of the video when providing a file path or raw bytes.
477757440: reward=16.150
487587840: mean episode reward=15.387
507904000: mean episode reward=15.526
528220160: mean episode reward=16.682

  0%|          | 0/60 [00:00<?, ?it/s]
  3%|▎         | 2/60 [00:00<00:03, 15.02it/s]
  8%|▊         | 5/60 [00:00<00:03, 18.18it/s]
 13%|█▎        | 8/60 [00:00<00:02, 19.16it/s]
 18%|█▊        | 11/60 [00:00<00:02, 19.89it/s]
 23%|██▎       | 14/60 [00:00<00:02, 20.62it/s]
 28%|██▊       | 17/60 [00:00<00:02, 20.96it/s]
 33%|███▎      | 20/60 [00:00<00:01, 20.88it/s]
 38%|███▊      | 23/60 [00:01<00:01, 20.26it/s]
 43%|████▎     | 26/60 [00:01<00:01, 20.26it/s]
 48%|████▊     | 29/60 [00:01<00:01, 20.48it/s]
 53%|█████▎    | 32/60 [00:01<00:01, 20.52it/s]
 58%|█████▊    | 35/60 [00:01<00:01, 20.34it/s]
 63%|██████▎   | 38/60 [00:01<00:01, 20.92it/s]
 68%|██████▊   | 41/60 [00:02<00:00, 20.84it/s]
 73%|███████▎  | 44/60 [00:02<00:00, 20.77it/s]
 78%|███████▊  | 47/60 [00:02<00:00, 20.75it/s]
 83%|████████▎ | 50/60 [00:02<00:00, 21.25it/s]
 88%|████████▊ | 53/60 [00:02<00:00, 21.28it/s]
 93%|█████████▎| 56/60 [00:02<00:00, 21.29it/s]
 98%|█████████▊| 59/60 [00:02<00:00, 21.82it/s]
100%|██████████| 60/60 [00:02<00:00, 20.74it/s]
wandb: WARNING `fps` argument does not affect the frame rate of the video when providing a file path or raw bytes.
530841600: reward=15.869
548536320: mean episode reward=16.799
568852480: mean episode reward=17.247

  0%|          | 0/60 [00:00<?, ?it/s]
  3%|▎         | 2/60 [00:00<00:03, 16.17it/s]
  8%|▊         | 5/60 [00:00<00:02, 18.74it/s]
 13%|█▎        | 8/60 [00:00<00:02, 20.22it/s]
 18%|█▊        | 11/60 [00:00<00:02, 21.28it/s]
 23%|██▎       | 14/60 [00:00<00:02, 21.55it/s]
 28%|██▊       | 17/60 [00:00<00:02, 21.22it/s]
 33%|███▎      | 20/60 [00:00<00:01, 21.42it/s]
 38%|███▊      | 23/60 [00:01<00:01, 21.46it/s]
 43%|████▎     | 26/60 [00:01<00:01, 22.20it/s]
 48%|████▊     | 29/60 [00:01<00:01, 22.03it/s]
 53%|█████▎    | 32/60 [00:01<00:01, 22.12it/s]
 58%|█████▊    | 35/60 [00:01<00:01, 22.31it/s]
 63%|██████▎   | 38/60 [00:01<00:00, 22.51it/s]
 68%|██████▊   | 41/60 [00:01<00:00, 22.97it/s]
 73%|███████▎  | 44/60 [00:02<00:00, 22.86it/s]
 78%|███████▊  | 47/60 [00:02<00:00, 23.49it/s]
 83%|████████▎ | 50/60 [00:02<00:00, 23.25it/s]
 88%|████████▊ | 53/60 [00:02<00:00, 23.35it/s]
 93%|█████████▎| 56/60 [00:02<00:00, 23.10it/s]
 98%|█████████▊| 59/60 [00:02<00:00, 23.12it/s]
100%|██████████| 60/60 [00:02<00:00, 22.24it/s]
wandb: WARNING `fps` argument does not affect the frame rate of the video when providing a file path or raw bytes.
583925760: reward=15.942
589168640: mean episode reward=16.452
609484800: mean episode reward=14.769
629800960: mean episode reward=15.635

  0%|          | 0/60 [00:00<?, ?it/s]
  3%|▎         | 2/60 [00:00<00:03, 18.53it/s]
  8%|▊         | 5/60 [00:00<00:02, 22.50it/s]
 13%|█▎        | 8/60 [00:00<00:02, 24.35it/s]
 18%|█▊        | 11/60 [00:00<00:02, 23.99it/s]
 23%|██▎       | 14/60 [00:00<00:01, 25.08it/s]
 28%|██▊       | 17/60 [00:00<00:01, 25.48it/s]
 33%|███▎      | 20/60 [00:00<00:01, 25.42it/s]
 38%|███▊      | 23/60 [00:00<00:01, 25.57it/s]
 43%|████▎     | 26/60 [00:01<00:01, 25.86it/s]
 48%|████▊     | 29/60 [00:01<00:01, 25.65it/s]
 53%|█████▎    | 32/60 [00:01<00:01, 25.07it/s]
 58%|█████▊    | 35/60 [00:01<00:01, 24.16it/s]
 63%|██████▎   | 38/60 [00:01<00:00, 23.33it/s]
 68%|██████▊   | 41/60 [00:01<00:00, 23.35it/s]
 73%|███████▎  | 44/60 [00:01<00:00, 23.31it/s]
 78%|███████▊  | 47/60 [00:01<00:00, 22.52it/s]
 83%|████████▎ | 50/60 [00:02<00:00, 22.13it/s]
 88%|████████▊ | 53/60 [00:02<00:00, 21.41it/s]
 93%|█████████▎| 56/60 [00:02<00:00, 21.24it/s]
 98%|█████████▊| 59/60 [00:02<00:00, 21.47it/s]
100%|██████████| 60/60 [00:02<00:00, 23.30it/s]
wandb: WARNING `fps` argument does not affect the frame rate of the video when providing a file path or raw bytes.
637009920: reward=16.254
650117120: mean episode reward=16.424
670433280: mean episode reward=16.438

  0%|          | 0/60 [00:00<?, ?it/s]
  3%|▎         | 2/60 [00:00<00:02, 19.55it/s]
  8%|▊         | 5/60 [00:00<00:02, 24.89it/s]
 13%|█▎        | 8/60 [00:00<00:01, 26.65it/s]
 18%|█▊        | 11/60 [00:00<00:01, 26.76it/s]
 23%|██▎       | 14/60 [00:00<00:01, 26.72it/s]
 28%|██▊       | 17/60 [00:00<00:01, 27.09it/s]
 33%|███▎      | 20/60 [00:00<00:01, 26.49it/s]
 38%|███▊      | 23/60 [00:00<00:01, 26.06it/s]
 43%|████▎     | 26/60 [00:00<00:01, 26.02it/s]
 48%|████▊     | 29/60 [00:01<00:01, 25.83it/s]
 53%|█████▎    | 32/60 [00:01<00:01, 25.92it/s]
 58%|█████▊    | 35/60 [00:01<00:00, 25.94it/s]
 63%|██████▎   | 38/60 [00:01<00:00, 26.52it/s]
 68%|██████▊   | 41/60 [00:01<00:00, 27.24it/s]
 73%|███████▎  | 44/60 [00:01<00:00, 27.46it/s]
 78%|███████▊  | 47/60 [00:01<00:00, 28.09it/s]
 83%|████████▎ | 50/60 [00:01<00:00, 28.22it/s]
 88%|████████▊ | 53/60 [00:01<00:00, 28.41it/s]
 93%|█████████▎| 56/60 [00:02<00:00, 28.33it/s]
 98%|█████████▊| 59/60 [00:02<00:00, 28.53it/s]
100%|██████████| 60/60 [00:02<00:00, 27.04it/s]
wandb: WARNING `fps` argument does not affect the frame rate of the video when providing a file path or raw bytes.
690094080: reward=16.810
690749440: mean episode reward=16.859
711065600: mean episode reward=17.076
731381760: mean episode reward=17.312

  0%|          | 0/60 [00:00<?, ?it/s]
  3%|▎         | 2/60 [00:00<00:03, 14.63it/s]
  8%|▊         | 5/60 [00:00<00:03, 18.09it/s]
 13%|█▎        | 8/60 [00:00<00:02, 19.88it/s]
 18%|█▊        | 11/60 [00:00<00:02, 21.03it/s]
 23%|██▎       | 14/60 [00:00<00:02, 22.68it/s]
 28%|██▊       | 17/60 [00:00<00:01, 24.32it/s]
 33%|███▎      | 20/60 [00:00<00:01, 25.60it/s]
 38%|███▊      | 23/60 [00:00<00:01, 25.85it/s]
 43%|████▎     | 26/60 [00:01<00:01, 26.37it/s]
 48%|████▊     | 29/60 [00:01<00:01, 25.98it/s]
 53%|█████▎    | 32/60 [00:01<00:01, 25.60it/s]
 58%|█████▊    | 35/60 [00:01<00:01, 24.85it/s]
 63%|██████▎   | 38/60 [00:01<00:00, 24.04it/s]
 68%|██████▊   | 41/60 [00:01<00:00, 23.78it/s]
 73%|███████▎  | 44/60 [00:01<00:00, 23.35it/s]
 78%|███████▊  | 47/60 [00:02<00:00, 22.77it/s]
 83%|████████▎ | 50/60 [00:02<00:00, 22.58it/s]
 88%|████████▊ | 53/60 [00:02<00:00, 22.72it/s]
 93%|█████████▎| 56/60 [00:02<00:00, 22.16it/s]
 98%|█████████▊| 59/60 [00:02<00:00, 22.21it/s]
100%|██████████| 60/60 [00:02<00:00, 23.15it/s]
wandb: WARNING `fps` argument does not affect the frame rate of the video when providing a file path or raw bytes.
743178240: reward=17.811
751697920: mean episode reward=17.807
772014080: mean episode reward=16.837
792330240: mean episode reward=16.847

  0%|          | 0/60 [00:00<?, ?it/s]
  3%|▎         | 2/60 [00:00<00:03, 18.79it/s]
  8%|▊         | 5/60 [00:00<00:02, 22.81it/s]
 13%|█▎        | 8/60 [00:00<00:02, 24.06it/s]
 18%|█▊        | 11/60 [00:00<00:02, 24.06it/s]
 23%|██▎       | 14/60 [00:00<00:01, 24.00it/s]
 28%|██▊       | 17/60 [00:00<00:01, 24.21it/s]
 33%|███▎      | 20/60 [00:00<00:01, 23.26it/s]
 38%|███▊      | 23/60 [00:00<00:01, 23.55it/s]
 43%|████▎     | 26/60 [00:01<00:01, 22.71it/s]
 48%|████▊     | 29/60 [00:01<00:01, 21.71it/s]
 53%|█████▎    | 32/60 [00:01<00:01, 20.94it/s]
 58%|█████▊    | 35/60 [00:01<00:01, 20.92it/s]
 63%|██████▎   | 38/60 [00:01<00:01, 21.27it/s]
 68%|██████▊   | 41/60 [00:01<00:00, 21.13it/s]
 73%|███████▎  | 44/60 [00:01<00:00, 21.91it/s]
 78%|███████▊  | 47/60 [00:02<00:00, 22.28it/s]
 83%|████████▎ | 50/60 [00:02<00:00, 21.94it/s]
 88%|████████▊ | 53/60 [00:02<00:00, 21.36it/s]
 93%|█████████▎| 56/60 [00:02<00:00, 21.18it/s]
 98%|█████████▊| 59/60 [00:02<00:00, 21.25it/s]
100%|██████████| 60/60 [00:02<00:00, 21.98it/s]
wandb: WARNING `fps` argument does not affect the frame rate of the video when providing a file path or raw bytes.
796262400: reward=16.260
812646400: mean episode reward=17.341
832962560: mean episode reward=16.164

  0%|          | 0/60 [00:00<?, ?it/s]
  3%|▎         | 2/60 [00:00<00:03, 16.97it/s]
  8%|▊         | 5/60 [00:00<00:02, 20.72it/s]
 13%|█▎        | 8/60 [00:00<00:02, 21.52it/s]
 18%|█▊        | 11/60 [00:00<00:02, 22.02it/s]
 23%|██▎       | 14/60 [00:00<00:01, 23.32it/s]
 28%|██▊       | 17/60 [00:00<00:01, 23.88it/s]
 33%|███▎      | 20/60 [00:00<00:01, 24.49it/s]
 38%|███▊      | 23/60 [00:00<00:01, 25.66it/s]
 43%|████▎     | 26/60 [00:01<00:01, 26.72it/s]
 48%|████▊     | 29/60 [00:01<00:01, 27.48it/s]
 53%|█████▎    | 32/60 [00:01<00:01, 26.85it/s]
 58%|█████▊    | 35/60 [00:01<00:00, 25.55it/s]
 63%|██████▎   | 38/60 [00:01<00:00, 25.32it/s]
 68%|██████▊   | 41/60 [00:01<00:00, 25.20it/s]
 73%|███████▎  | 44/60 [00:01<00:00, 25.00it/s]
 78%|███████▊  | 47/60 [00:01<00:00, 25.32it/s]
 83%|████████▎ | 50/60 [00:02<00:00, 25.24it/s]
 88%|████████▊ | 53/60 [00:02<00:00, 25.06it/s]
 93%|█████████▎| 56/60 [00:02<00:00, 24.99it/s]
 98%|█████████▊| 59/60 [00:02<00:00, 24.80it/s]
100%|██████████| 60/60 [00:02<00:00, 24.72it/s]
wandb: WARNING `fps` argument does not affect the frame rate of the video when providing a file path or raw bytes.
849346560: reward=16.336
853278720: mean episode reward=16.245
873594880: mean episode reward=17.700
893911040: mean episode reward=17.918

  0%|          | 0/60 [00:00<?, ?it/s]
  3%|▎         | 2/60 [00:00<00:03, 16.37it/s]
  8%|▊         | 5/60 [00:00<00:02, 18.90it/s]
 13%|█▎        | 8/60 [00:00<00:02, 19.50it/s]
 18%|█▊        | 11/60 [00:00<00:02, 21.00it/s]
 23%|██▎       | 14/60 [00:00<00:02, 22.62it/s]
 28%|██▊       | 17/60 [00:00<00:01, 23.83it/s]
 33%|███▎      | 20/60 [00:00<00:01, 24.31it/s]
 38%|███▊      | 23/60 [00:00<00:01, 25.61it/s]
 43%|████▎     | 26/60 [00:01<00:01, 26.30it/s]
 48%|████▊     | 29/60 [00:01<00:01, 26.82it/s]
 55%|█████▌    | 33/60 [00:01<00:00, 27.74it/s]
 60%|██████    | 36/60 [00:01<00:00, 27.52it/s]
 65%|██████▌   | 39/60 [00:01<00:00, 28.17it/s]
 70%|███████   | 42/60 [00:01<00:00, 28.30it/s]
 75%|███████▌  | 45/60 [00:01<00:00, 27.66it/s]
 80%|████████  | 48/60 [00:01<00:00, 27.39it/s]
 87%|████████▋ | 52/60 [00:02<00:00, 28.34it/s]
 92%|█████████▏| 55/60 [00:02<00:00, 28.72it/s]
 97%|█████████▋| 58/60 [00:02<00:00, 28.02it/s]
100%|██████████| 60/60 [00:02<00:00, 26.03it/s]
wandb: WARNING `fps` argument does not affect the frame rate of the video when providing a file path or raw bytes.
902430720: reward=16.418
914227200: mean episode reward=16.778
934543360: mean episode reward=17.627
954859520: mean episode reward=16.912

  0%|          | 0/60 [00:00<?, ?it/s]
  3%|▎         | 2/60 [00:00<00:03, 17.41it/s]
  8%|▊         | 5/60 [00:00<00:02, 22.05it/s]
 13%|█▎        | 8/60 [00:00<00:02, 23.87it/s]
 18%|█▊        | 11/60 [00:00<00:01, 24.86it/s]
 23%|██▎       | 14/60 [00:00<00:01, 25.60it/s]
 28%|██▊       | 17/60 [00:00<00:01, 25.62it/s]
 33%|███▎      | 20/60 [00:00<00:01, 25.54it/s]
 38%|███▊      | 23/60 [00:00<00:01, 25.58it/s]
 43%|████▎     | 26/60 [00:01<00:01, 24.39it/s]
 48%|████▊     | 29/60 [00:01<00:01, 23.60it/s]
 53%|█████▎    | 32/60 [00:01<00:01, 23.05it/s]
 58%|█████▊    | 35/60 [00:01<00:01, 22.86it/s]
 63%|██████▎   | 38/60 [00:01<00:00, 23.17it/s]
 68%|██████▊   | 41/60 [00:01<00:00, 23.26it/s]
 73%|███████▎  | 44/60 [00:01<00:00, 23.28it/s]
 78%|███████▊  | 47/60 [00:01<00:00, 23.61it/s]
 83%|████████▎ | 50/60 [00:02<00:00, 23.55it/s]
 88%|████████▊ | 53/60 [00:02<00:00, 23.64it/s]
 93%|█████████▎| 56/60 [00:02<00:00, 24.02it/s]
 98%|█████████▊| 59/60 [00:02<00:00, 24.09it/s]
100%|██████████| 60/60 [00:02<00:00, 23.91it/s]
wandb: WARNING `fps` argument does not affect the frame rate of the video when providing a file path or raw bytes.
955514880: reward=17.044
975175680: mean episode reward=16.286
995491840: mean episode reward=17.537

  0%|          | 0/60 [00:00<?, ?it/s]
  3%|▎         | 2/60 [00:00<00:03, 18.12it/s]
  8%|▊         | 5/60 [00:00<00:02, 20.82it/s]
 13%|█▎        | 8/60 [00:00<00:02, 21.91it/s]
 18%|█▊        | 11/60 [00:00<00:02, 21.31it/s]
 23%|██▎       | 14/60 [00:00<00:02, 21.22it/s]
 28%|██▊       | 17/60 [00:00<00:02, 21.28it/s]
 33%|███▎      | 20/60 [00:00<00:01, 20.98it/s]
 38%|███▊      | 23/60 [00:01<00:01, 21.05it/s]
 43%|████▎     | 26/60 [00:01<00:01, 21.34it/s]
 48%|████▊     | 29/60 [00:01<00:01, 21.73it/s]
 53%|█████▎    | 32/60 [00:01<00:01, 22.59it/s]
 58%|█████▊    | 35/60 [00:01<00:01, 22.79it/s]
 63%|██████▎   | 38/60 [00:01<00:00, 22.84it/s]
 68%|██████▊   | 41/60 [00:01<00:00, 22.84it/s]
 73%|███████▎  | 44/60 [00:02<00:00, 22.30it/s]
 78%|███████▊  | 47/60 [00:02<00:00, 21.69it/s]
 83%|████████▎ | 50/60 [00:02<00:00, 21.34it/s]
 88%|████████▊ | 53/60 [00:02<00:00, 21.98it/s]
 93%|█████████▎| 56/60 [00:02<00:00, 22.28it/s]
 98%|█████████▊| 59/60 [00:02<00:00, 22.39it/s]
100%|██████████| 60/60 [00:02<00:00, 21.87it/s]
wandb: WARNING `fps` argument does not affect the frame rate of the video when providing a file path or raw bytes.
1008599040: reward=17.699
Done training.
Time to JIT compile: 22.095394387841225
Time to train: 6566.182391248643
Starting inference...
FPS for rendering: 10.0

  0%|          | 0/500 [00:00<?, ?it/s]
  0%|          | 2/500 [00:00<00:31, 15.69it/s]
  1%|          | 5/500 [00:00<00:26, 18.93it/s]
  2%|▏         | 8/500 [00:00<00:24, 19.86it/s]
  2%|▏         | 11/500 [00:00<00:23, 20.68it/s]
  3%|▎         | 14/500 [00:00<00:23, 20.99it/s]
  3%|▎         | 17/500 [00:00<00:22, 21.60it/s]
  4%|▍         | 20/500 [00:00<00:21, 21.92it/s]
  5%|▍         | 23/500 [00:01<00:21, 21.97it/s]
  5%|▌         | 26/500 [00:01<00:21, 22.43it/s]
  6%|▌         | 29/500 [00:01<00:21, 21.59it/s]
  6%|▋         | 32/500 [00:01<00:21, 21.98it/s]
  7%|▋         | 35/500 [00:01<00:21, 21.47it/s]
  8%|▊         | 38/500 [00:01<00:21, 21.05it/s]
  8%|▊         | 41/500 [00:01<00:21, 21.26it/s]
  9%|▉         | 44/500 [00:02<00:21, 21.27it/s]
  9%|▉         | 47/500 [00:02<00:20, 21.94it/s]
 10%|█         | 50/500 [00:02<00:20, 22.19it/s]
 11%|█         | 53/500 [00:02<00:20, 21.63it/s]
 11%|█         | 56/500 [00:02<00:20, 21.93it/s]
 12%|█▏        | 59/500 [00:02<00:20, 22.00it/s]
 12%|█▏        | 62/500 [00:02<00:20, 21.61it/s]
 13%|█▎        | 65/500 [00:03<00:18, 22.91it/s]
 14%|█▎        | 68/500 [00:03<00:19, 22.65it/s]
 14%|█▍        | 71/500 [00:03<00:19, 22.26it/s]
 15%|█▍        | 74/500 [00:03<00:19, 22.42it/s]
 15%|█▌        | 77/500 [00:03<00:18, 23.26it/s]
 16%|█▌        | 80/500 [00:03<00:17, 23.59it/s]
 17%|█▋        | 83/500 [00:03<00:17, 24.22it/s]
 17%|█▋        | 86/500 [00:03<00:16, 24.62it/s]
 18%|█▊        | 89/500 [00:04<00:16, 24.35it/s]
 18%|█▊        | 92/500 [00:04<00:16, 24.41it/s]
 19%|█▉        | 95/500 [00:04<00:16, 24.17it/s]
 20%|█▉        | 98/500 [00:04<00:16, 23.97it/s]
 20%|██        | 101/500 [00:04<00:16, 24.55it/s]
 21%|██        | 104/500 [00:04<00:16, 24.51it/s]
 21%|██▏       | 107/500 [00:04<00:16, 24.55it/s]
 22%|██▏       | 110/500 [00:04<00:15, 24.49it/s]
 23%|██▎       | 113/500 [00:04<00:15, 24.50it/s]
 23%|██▎       | 116/500 [00:05<00:15, 24.52it/s]
 24%|██▍       | 119/500 [00:05<00:15, 24.65it/s]
 24%|██▍       | 122/500 [00:05<00:15, 24.86it/s]
 25%|██▌       | 125/500 [00:05<00:14, 25.15it/s]
 26%|██▌       | 128/500 [00:05<00:14, 25.20it/s]
 26%|██▌       | 131/500 [00:05<00:14, 25.90it/s]
 27%|██▋       | 134/500 [00:05<00:14, 25.57it/s]
 27%|██▋       | 137/500 [00:05<00:14, 25.82it/s]
 28%|██▊       | 140/500 [00:06<00:14, 25.32it/s]
 29%|██▊       | 143/500 [00:06<00:13, 25.84it/s]
 29%|██▉       | 146/500 [00:06<00:13, 26.74it/s]
 30%|██▉       | 149/500 [00:06<00:13, 26.74it/s]
 30%|███       | 152/500 [00:06<00:12, 26.93it/s]
 31%|███       | 155/500 [00:06<00:13, 26.53it/s]
 32%|███▏      | 158/500 [00:06<00:13, 26.31it/s]
 32%|███▏      | 161/500 [00:06<00:12, 26.38it/s]
 33%|███▎      | 164/500 [00:06<00:12, 26.55it/s]
 33%|███▎      | 167/500 [00:07<00:12, 26.68it/s]
 34%|███▍      | 170/500 [00:07<00:12, 26.95it/s]
 35%|███▍      | 173/500 [00:07<00:12, 26.60it/s]
 35%|███▌      | 176/500 [00:07<00:12, 26.57it/s]
 36%|███▌      | 179/500 [00:07<00:12, 26.71it/s]
 36%|███▋      | 182/500 [00:07<00:11, 26.81it/s]
 37%|███▋      | 185/500 [00:07<00:11, 27.12it/s]
 38%|███▊      | 188/500 [00:07<00:11, 26.95it/s]
 38%|███▊      | 191/500 [00:07<00:11, 26.88it/s]
 39%|███▉      | 194/500 [00:08<00:11, 27.05it/s]
 39%|███▉      | 197/500 [00:08<00:11, 27.48it/s]
 40%|████      | 200/500 [00:08<00:11, 27.23it/s]
 41%|████      | 203/500 [00:08<00:10, 27.02it/s]
 41%|████      | 206/500 [00:08<00:10, 27.18it/s]
 42%|████▏     | 209/500 [00:08<00:10, 26.89it/s]
 42%|████▏     | 212/500 [00:08<00:10, 26.68it/s]
 43%|████▎     | 215/500 [00:08<00:10, 26.85it/s]
 44%|████▎     | 218/500 [00:08<00:10, 26.43it/s]
 44%|████▍     | 221/500 [00:09<00:10, 26.29it/s]
 45%|████▍     | 224/500 [00:09<00:10, 26.37it/s]
 45%|████▌     | 227/500 [00:09<00:10, 26.58it/s]
 46%|████▌     | 230/500 [00:09<00:10, 26.26it/s]
 47%|████▋     | 233/500 [00:09<00:10, 26.34it/s]
 47%|████▋     | 236/500 [00:09<00:09, 26.97it/s]
 48%|████▊     | 239/500 [00:09<00:09, 27.58it/s]
 48%|████▊     | 242/500 [00:09<00:09, 27.16it/s]
 49%|████▉     | 245/500 [00:09<00:09, 27.47it/s]
 50%|████▉     | 248/500 [00:10<00:09, 27.95it/s]
 50%|█████     | 252/500 [00:10<00:08, 29.06it/s]
 51%|█████     | 255/500 [00:10<00:08, 28.54it/s]
 52%|█████▏    | 258/500 [00:10<00:08, 28.70it/s]
 52%|█████▏    | 261/500 [00:10<00:08, 28.61it/s]
 53%|█████▎    | 264/500 [00:10<00:08, 28.50it/s]
 53%|█████▎    | 267/500 [00:10<00:08, 28.32it/s]
 54%|█████▍    | 270/500 [00:10<00:08, 28.48it/s]
 55%|█████▍    | 273/500 [00:10<00:07, 28.61it/s]
 55%|█████▌    | 276/500 [00:11<00:07, 28.19it/s]
 56%|█████▌    | 279/500 [00:11<00:07, 28.03it/s]
 56%|█████▋    | 282/500 [00:11<00:07, 28.12it/s]
 57%|█████▋    | 285/500 [00:11<00:07, 28.16it/s]
 58%|█████▊    | 288/500 [00:11<00:07, 28.31it/s]
 58%|█████▊    | 291/500 [00:11<00:07, 28.17it/s]
 59%|█████▉    | 294/500 [00:11<00:07, 28.02it/s]
 59%|█████▉    | 297/500 [00:11<00:07, 28.08it/s]
 60%|██████    | 301/500 [00:11<00:06, 28.97it/s]
 61%|██████    | 305/500 [00:12<00:06, 29.33it/s]
 62%|██████▏   | 308/500 [00:12<00:06, 29.15it/s]
 62%|██████▏   | 312/500 [00:12<00:06, 29.28it/s]
 63%|██████▎   | 315/500 [00:12<00:06, 28.82it/s]
 64%|██████▍   | 319/500 [00:12<00:06, 29.25it/s]
 65%|██████▍   | 323/500 [00:12<00:05, 29.68it/s]
 65%|██████▌   | 326/500 [00:12<00:05, 29.52it/s]
 66%|██████▌   | 330/500 [00:12<00:05, 29.81it/s]
 67%|██████▋   | 334/500 [00:13<00:05, 30.42it/s]
 68%|██████▊   | 338/500 [00:13<00:05, 30.18it/s]
 68%|██████▊   | 342/500 [00:13<00:05, 30.25it/s]
 69%|██████▉   | 346/500 [00:13<00:05, 30.39it/s]
 70%|███████   | 350/500 [00:13<00:04, 30.41it/s]
 71%|███████   | 354/500 [00:13<00:04, 30.29it/s]
 72%|███████▏  | 358/500 [00:13<00:04, 29.73it/s]
 72%|███████▏  | 361/500 [00:13<00:04, 29.72it/s]
 73%|███████▎  | 364/500 [00:14<00:04, 29.19it/s]
 73%|███████▎  | 367/500 [00:14<00:04, 28.31it/s]
 74%|███████▍  | 370/500 [00:14<00:04, 27.91it/s]
 75%|███████▍  | 373/500 [00:14<00:04, 27.84it/s]
 75%|███████▌  | 376/500 [00:14<00:04, 27.65it/s]
 76%|███████▌  | 379/500 [00:14<00:04, 26.74it/s]
 76%|███████▋  | 382/500 [00:14<00:04, 26.42it/s]
 77%|███████▋  | 385/500 [00:14<00:04, 26.83it/s]
 78%|███████▊  | 388/500 [00:14<00:04, 26.69it/s]
 78%|███████▊  | 391/500 [00:15<00:04, 26.56it/s]
 79%|███████▉  | 394/500 [00:15<00:04, 26.15it/s]
 79%|███████▉  | 397/500 [00:15<00:03, 26.74it/s]
 80%|████████  | 400/500 [00:15<00:03, 27.58it/s]
 81%|████████  | 404/500 [00:15<00:03, 28.54it/s]
 81%|████████▏ | 407/500 [00:15<00:03, 28.69it/s]
 82%|████████▏ | 410/500 [00:15<00:03, 28.44it/s]
 83%|████████▎ | 414/500 [00:15<00:02, 29.23it/s]
 84%|████████▎ | 418/500 [00:15<00:02, 29.81it/s]
 84%|████████▍ | 422/500 [00:16<00:02, 29.97it/s]
 85%|████████▌ | 426/500 [00:16<00:02, 30.58it/s]
 86%|████████▌ | 430/500 [00:16<00:02, 30.61it/s]
 87%|████████▋ | 434/500 [00:16<00:02, 30.64it/s]
 88%|████████▊ | 438/500 [00:16<00:02, 30.65it/s]
 88%|████████▊ | 442/500 [00:16<00:01, 30.27it/s]
 89%|████████▉ | 446/500 [00:16<00:01, 30.19it/s]
 90%|█████████ | 450/500 [00:17<00:01, 30.21it/s]
 91%|█████████ | 454/500 [00:17<00:01, 29.62it/s]
 91%|█████████▏| 457/500 [00:17<00:01, 29.52it/s]
 92%|█████████▏| 460/500 [00:17<00:01, 29.37it/s]
 93%|█████████▎| 463/500 [00:17<00:01, 29.19it/s]
 93%|█████████▎| 466/500 [00:17<00:01, 29.33it/s]
 94%|█████████▍| 469/500 [00:17<00:01, 29.25it/s]
 95%|█████████▍| 473/500 [00:17<00:00, 29.70it/s]
 95%|█████████▌| 476/500 [00:17<00:00, 29.33it/s]
 96%|█████████▌| 479/500 [00:18<00:00, 29.19it/s]
 96%|█████████▋| 482/500 [00:18<00:00, 29.33it/s]
 97%|█████████▋| 486/500 [00:18<00:00, 29.97it/s]
 98%|█████████▊| 489/500 [00:18<00:00, 29.79it/s]
 99%|█████████▊| 493/500 [00:18<00:00, 30.41it/s]
 99%|█████████▉| 497/500 [00:18<00:00, 30.73it/s]
100%|██████████| 500/500 [00:18<00:00, 26.71it/s]
Rollout video saved as 'rollout0.mp4'.
[1;34mwandb[0m: 
[1;34mwandb[0m: 🚀 View run [33mTesolloDownwardsRotateZ-20260625-124824-downwardsrotatez_sb_forcemagnitude_s0[0m at: [34mhttps://wandb.ai/nikolastaykov/mjxrl/runs/dmc586mw[0m
[1;34mwandb[0m: Find logs at: [1;35mwandb/run-20260625_124824-dmc586mw/logs[0m
