Warp 1.12.1 initialized:
   CUDA Toolkit 12.9, Driver 12.5
   Devices:
     "cpu"      : "x86_64"
     "cuda:0"   : "NVIDIA GeForce RTX 4090" (24 GiB, sm_89, mempool enabled)
   Kernel cache:
     /home/nstaykov/.cache/warp/1.12.1
Warp DeprecationWarning: The symbol `warp.types.warp_type_to_np_dtype` will soon be removed from the public API. It can still be accessed from `warp._src.types.warp_type_to_np_dtype` but might be changed or removed without notice.
/local/home/nstaykov/workspace/mujoco_playground/mujoco_playground/_src/manipulation/tesollo_hand/obs.py:161: UserWarning: obs_noise.scales has keys not in active obs spec: {'motor_targets'}
  warnings.warn(
Environment Config:
action_mode: absolute
action_repeat: 1
action_scale: 0.5
constrain_wrist_translation: false
ctrl_dt: 0.05
curriculum:
  band_width: 0.08726646259971647
  enable: false
  promote_after: 5
  success_count_threshold: 70
ema_alpha: 0.2
episode_length: 120
impl: warp
kp_scale: 1.0
max_target_angle: 2.0943951023931953
nconmax: 1638400
njmax: 2200
obs_noise:
  level: 1.0
  scales:
    goal_quat: 0.0
    joint_pos: 0.0
    joint_vel: 0.0
    motor_targets: 0.0
ori_tolerance_rad: 0.05235987755982988
pert_config:
  angular_velocity_pert:
  - 0.0
  - 0.5
  enable: false
  linear_velocity_pert:
  - 0.0
  - 3.0
  pert_duration_steps:
  - 1
  - 100
  pert_wait_steps:
  - 60
  - 150
reward_config:
  ori_reward_margin_rad: 0.5235987755982988
  scales:
    action_rate: -0.5
    cube_on_floor: -0.5
    cube_ori: 2.0
    fingertip_pos: 1.5
    joint_vel: -0.002
    wrist_vel: -0.02
  success_reward: 2.0
scene:
  cube_mass: 0.108
sensor_bundle: baseline
sim_dt: 0.01
target_hold_time: 0.05

PPO Training Parameters:
action_repeat: 1
batch_size: 256
discounting: 0.99
entropy_cost: 0.005
episode_length: 120
learning_rate: 0.0001
log_training_metrics: true
network_factory:
  policy_hidden_layer_sizes: &id001 !!python/tuple
  - 512
  - 256
  - 128
  policy_obs_key: state
  value_hidden_layer_sizes: *id001
  value_obs_key: privileged_state
normalize_observations: true
num_envs: 8192
num_evals: 20
num_minibatches: 64
num_resets_per_eval: 0
num_timesteps: 1000000000
num_updates_per_batch: 4
reward_scaling: 1.0
training_metrics_steps: 20000000
unroll_length: 40

CLI overrides: {
  "env_name": "TesolloDownwardsRotateZ",
  "suffix": "downwardsrotatez_sb_baseline_s2",
  "use_wandb": true,
  "log_video_to_wandb": true,
  "seed": 2,
  "num_timesteps": 1000000000,
  "num_envs": 8192,
  "log_training_metrics": true,
  "training_metrics_steps": 20000000,
  "env_overrides_file": "logs/_queue/downwards_sensor_sweep_120-20260625-124815/run-05-TesolloDownwardsRotateZ-downwardsrotatez_sb_baseline_s2-overrides.yaml"
}
Experiment name: TesolloDownwardsRotateZ-20260625-220243-downwardsrotatez_sb_baseline_s2
Logs are being stored in: /local/home/nstaykov/workspace/mujoco_playground/logs/TesolloDownwardsRotateZ-20260625-220243-downwardsrotatez_sb_baseline_s2
wandb: [wandb.login()] Loaded credentials for https://api.wandb.ai from WANDB_API_KEY.
wandb: Currently logged in as: nstaykov (nikolastaykov) to https://api.wandb.ai. Use `wandb login --relogin` to force relogin
wandb: Tracking run with wandb version 0.26.1
wandb: Run data is saved locally in /local/home/nstaykov/workspace/mujoco_playground/wandb/run-20260625_220243-1wuqb7px
wandb: Run `wandb offline` to turn off syncing.
wandb: Syncing run TesolloDownwardsRotateZ-20260625-220243-downwardsrotatez_sb_baseline_s2
wandb: ⭐️ View project at https://wandb.ai/nikolastaykov/mjxrl
wandb: 🚀 View run at https://wandb.ai/nikolastaykov/mjxrl/runs/1wuqb7px
No checkpoint path provided, not restoring from checkpoint
Checkpoint path: /local/home/nstaykov/workspace/mujoco_playground/logs/TesolloDownwardsRotateZ-20260625-220243-downwardsrotatez_sb_baseline_s2/checkpoints
/local/home/nstaykov/workspace/mujoco_playground/mujoco_playground/_src/manipulation/tesollo_hand/obs.py:161: UserWarning: obs_noise.scales has keys not in active obs spec: {'motor_targets'}
  warnings.warn(
Module mujoco.mjx.warp.ffi 98d2031 load on device 'cuda:0' took 0.38 ms  (cached)
Module mujoco.mjx.third_party.mujoco_warp._src.smooth 26bbc02 load on device 'cuda:0' took 6.46 ms  (cached)
Module mujoco.mjx.third_party.mujoco_warp._src.collision_driver 88f7770 load on device 'cuda:0' took 0.32 ms  (cached)
Module _nxn_broadphase__locals__kernel_c763f4cb c763f4c load on device 'cuda:0' took 0.30 ms  (cached)
Module _primitive_narrowphase__locals__primitive_narrowphase_072e9f5e 072e9f5 load on device 'cuda:0' took 0.47 ms  (cached)
Module mujoco.mjx.third_party.mujoco_warp._src.constraint c567367 load on device 'cuda:0' took 0.52 ms  (cached)
Module mujoco.mjx.third_party.mujoco_warp._src.sensor 18a78e5 load on device 'cuda:0' took 0.60 ms  (cached)
Module mujoco.mjx.third_party.mujoco_warp._src.forward 16fbac8 load on device 'cuda:0' took 0.47 ms  (cached)
Module mujoco.mjx.third_party.mujoco_warp._src.passive 8bfe11c load on device 'cuda:0' took 0.35 ms  (cached)
Module mujoco.mjx.third_party.mujoco_warp._src.forward 8f5355c load on device 'cuda:0' took 0.44 ms  (cached)
Module mujoco.mjx.third_party.mujoco_warp._src.support dd3f924 load on device 'cuda:0' took 0.27 ms  (cached)
Module _tile_cholesky_factorize_solve__locals__cholesky_factorize_solve_98799697 3154237 load on device 'cuda:0' took 26.46 ms  (cached)
Module _tile_cholesky_factorize_solve__locals__cholesky_factorize_solve_b2744b1b e16af87 load on device 'cuda:0' took 27.70 ms  (cached)
Module mujoco.mjx.third_party.mujoco_warp._src.solver b116efb load on device 'cuda:0' took 0.54 ms  (cached)
Module solve_init_jaref__locals__kernel_feadd581 feadd58 load on device 'cuda:0' took 0.41 ms  (cached)
Module mul_m_dense__locals___mul_m_dense_e34139c1 e34139c load on device 'cuda:0' took 0.41 ms  (cached)
Module update_constraint_efc__locals__kernel_81015163 8101516 load on device 'cuda:0' took 0.29 ms  (cached)
Module update_constraint_gauss_cost__locals__kernel_6370b491 6370b49 load on device 'cuda:0' took 0.29 ms  (cached)
Module update_gradient_JTDAJ_dense_tiled__locals__kernel_e0063ce2 85330e7 load on device 'cuda:0' took 0.59 ms  (cached)
Module update_gradient_cholesky__locals__kernel_c54e7710 b74aeaf load on device 'cuda:0' took 28.65 ms  (cached)
Module linesearch_iterative__locals__kernel_94acdc55 9c914fd load on device 'cuda:0' took 0.41 ms  (cached)
Module update_constraint_efc__locals__kernel_25737258 2573725 load on device 'cuda:0' took 0.32 ms  (cached)
Module _contact_sort__locals__contact_sort_44d31eb2 de954a2 load on device 'cuda:0' took 0.39 ms  (cached)
0: reward=-0.358

  0%|          | 0/60 [00:00<?, ?it/s]
  3%|▎         | 2/60 [00:00<00:03, 17.93it/s]
  8%|▊         | 5/60 [00:00<00:02, 23.13it/s]
 13%|█▎        | 8/60 [00:00<00:02, 23.36it/s]
 18%|█▊        | 11/60 [00:00<00:02, 23.51it/s]
 23%|██▎       | 14/60 [00:00<00:01, 23.25it/s]
 28%|██▊       | 17/60 [00:00<00:01, 23.35it/s]
 33%|███▎      | 20/60 [00:00<00:01, 24.20it/s]
 38%|███▊      | 23/60 [00:00<00:01, 23.74it/s]
 43%|████▎     | 26/60 [00:01<00:01, 24.45it/s]
 48%|████▊     | 29/60 [00:01<00:01, 24.52it/s]
 53%|█████▎    | 32/60 [00:01<00:01, 24.56it/s]
 58%|█████▊    | 35/60 [00:01<00:00, 25.50it/s]
 63%|██████▎   | 38/60 [00:01<00:00, 25.29it/s]
 68%|██████▊   | 41/60 [00:01<00:00, 25.17it/s]
 73%|███████▎  | 44/60 [00:01<00:00, 25.05it/s]
 78%|███████▊  | 47/60 [00:01<00:00, 25.73it/s]
 83%|████████▎ | 50/60 [00:02<00:00, 26.67it/s]
 88%|████████▊ | 53/60 [00:02<00:00, 26.25it/s]
 93%|█████████▎| 56/60 [00:02<00:00, 25.93it/s]
 98%|█████████▊| 59/60 [00:02<00:00, 25.73it/s]
100%|██████████| 60/60 [00:02<00:00, 24.78it/s]
wandb: WARNING `fps` argument does not affect the frame rate of the video when providing a file path or raw bytes.
20316160: mean episode reward=3.342
40632320: mean episode reward=7.317

  0%|          | 0/60 [00:00<?, ?it/s]
  3%|▎         | 2/60 [00:00<00:03, 16.65it/s]
  7%|▋         | 4/60 [00:00<00:03, 18.37it/s]
 12%|█▏        | 7/60 [00:00<00:02, 20.05it/s]
 17%|█▋        | 10/60 [00:00<00:02, 21.77it/s]
 22%|██▏       | 13/60 [00:00<00:02, 22.66it/s]
 27%|██▋       | 16/60 [00:00<00:01, 23.76it/s]
 32%|███▏      | 19/60 [00:00<00:01, 23.47it/s]
 37%|███▋      | 22/60 [00:00<00:01, 23.64it/s]
 42%|████▏     | 25/60 [00:01<00:01, 23.76it/s]
 47%|████▋     | 28/60 [00:01<00:01, 24.29it/s]
 52%|█████▏    | 31/60 [00:01<00:01, 24.12it/s]
 57%|█████▋    | 34/60 [00:01<00:01, 24.30it/s]
 62%|██████▏   | 37/60 [00:01<00:00, 23.47it/s]
 67%|██████▋   | 40/60 [00:01<00:00, 22.01it/s]
 72%|███████▏  | 43/60 [00:01<00:00, 21.96it/s]
 77%|███████▋  | 46/60 [00:02<00:00, 22.43it/s]
 82%|████████▏ | 49/60 [00:02<00:00, 22.20it/s]
 87%|████████▋ | 52/60 [00:02<00:00, 22.35it/s]
 92%|█████████▏| 55/60 [00:02<00:00, 22.52it/s]
 97%|█████████▋| 58/60 [00:02<00:00, 22.10it/s]
100%|██████████| 60/60 [00:02<00:00, 22.51it/s]
wandb: WARNING `fps` argument does not affect the frame rate of the video when providing a file path or raw bytes.
53084160: reward=6.717
60948480: mean episode reward=7.811
81264640: mean episode reward=6.398
101580800: mean episode reward=7.512

  0%|          | 0/60 [00:00<?, ?it/s]
  3%|▎         | 2/60 [00:00<00:03, 15.53it/s]
  7%|▋         | 4/60 [00:00<00:03, 17.64it/s]
 12%|█▏        | 7/60 [00:00<00:02, 19.15it/s]
 17%|█▋        | 10/60 [00:00<00:02, 19.57it/s]
 20%|██        | 12/60 [00:00<00:02, 19.53it/s]
 25%|██▌       | 15/60 [00:00<00:02, 20.09it/s]
 30%|███       | 18/60 [00:00<00:02, 19.66it/s]
 33%|███▎      | 20/60 [00:01<00:02, 19.72it/s]
 37%|███▋      | 22/60 [00:01<00:01, 19.78it/s]
 40%|████      | 24/60 [00:01<00:01, 19.52it/s]
 45%|████▌     | 27/60 [00:01<00:01, 19.87it/s]
 50%|█████     | 30/60 [00:01<00:01, 20.05it/s]
 55%|█████▌    | 33/60 [00:01<00:01, 20.11it/s]
 60%|██████    | 36/60 [00:01<00:01, 20.24it/s]
 65%|██████▌   | 39/60 [00:01<00:01, 20.47it/s]
 70%|███████   | 42/60 [00:02<00:00, 20.47it/s]
 75%|███████▌  | 45/60 [00:02<00:00, 20.48it/s]
 80%|████████  | 48/60 [00:02<00:00, 20.40it/s]
 85%|████████▌ | 51/60 [00:02<00:00, 20.15it/s]
 90%|█████████ | 54/60 [00:02<00:00, 20.05it/s]
 95%|█████████▌| 57/60 [00:02<00:00, 20.58it/s]
100%|██████████| 60/60 [00:03<00:00, 20.37it/s]
100%|██████████| 60/60 [00:03<00:00, 19.99it/s]
wandb: WARNING `fps` argument does not affect the frame rate of the video when providing a file path or raw bytes.
106168320: reward=8.335
121896960: mean episode reward=8.343
142213120: mean episode reward=9.175

  0%|          | 0/60 [00:00<?, ?it/s]
  3%|▎         | 2/60 [00:00<00:03, 16.25it/s]
  8%|▊         | 5/60 [00:00<00:02, 20.27it/s]
 13%|█▎        | 8/60 [00:00<00:02, 20.86it/s]
 18%|█▊        | 11/60 [00:00<00:02, 21.52it/s]
 23%|██▎       | 14/60 [00:00<00:02, 21.42it/s]
 28%|██▊       | 17/60 [00:00<00:01, 22.05it/s]
 33%|███▎      | 20/60 [00:00<00:01, 22.09it/s]
 38%|███▊      | 23/60 [00:01<00:01, 22.82it/s]
 43%|████▎     | 26/60 [00:01<00:01, 23.35it/s]
 48%|████▊     | 29/60 [00:01<00:01, 23.41it/s]
 53%|█████▎    | 32/60 [00:01<00:01, 24.04it/s]
 58%|█████▊    | 35/60 [00:01<00:01, 23.55it/s]
 63%|██████▎   | 38/60 [00:01<00:00, 23.20it/s]
 68%|██████▊   | 41/60 [00:01<00:00, 23.62it/s]
 73%|███████▎  | 44/60 [00:01<00:00, 23.35it/s]
 78%|███████▊  | 47/60 [00:02<00:00, 24.26it/s]
 83%|████████▎ | 50/60 [00:02<00:00, 24.40it/s]
 88%|████████▊ | 53/60 [00:02<00:00, 24.19it/s]
 93%|█████████▎| 56/60 [00:02<00:00, 24.13it/s]
 98%|█████████▊| 59/60 [00:02<00:00, 24.61it/s]
100%|██████████| 60/60 [00:02<00:00, 23.23it/s]
wandb: WARNING `fps` argument does not affect the frame rate of the video when providing a file path or raw bytes.
159252480: reward=10.236
162529280: mean episode reward=9.522
182845440: mean episode reward=10.823
203161600: mean episode reward=10.886

  0%|          | 0/60 [00:00<?, ?it/s]
  3%|▎         | 2/60 [00:00<00:03, 16.70it/s]
  8%|▊         | 5/60 [00:00<00:02, 20.18it/s]
 13%|█▎        | 8/60 [00:00<00:02, 21.56it/s]
 18%|█▊        | 11/60 [00:00<00:02, 22.21it/s]
 23%|██▎       | 14/60 [00:00<00:02, 22.50it/s]
 28%|██▊       | 17/60 [00:00<00:01, 23.25it/s]
 33%|███▎      | 20/60 [00:00<00:01, 23.90it/s]
 38%|███▊      | 23/60 [00:01<00:01, 23.86it/s]
 43%|████▎     | 26/60 [00:01<00:01, 23.19it/s]
 48%|████▊     | 29/60 [00:01<00:01, 22.50it/s]
 53%|█████▎    | 32/60 [00:01<00:01, 22.14it/s]
 58%|█████▊    | 35/60 [00:01<00:01, 21.73it/s]
 63%|██████▎   | 38/60 [00:01<00:01, 21.36it/s]
 68%|██████▊   | 41/60 [00:01<00:00, 20.94it/s]
 73%|███████▎  | 44/60 [00:02<00:00, 21.06it/s]
 78%|███████▊  | 47/60 [00:02<00:00, 21.17it/s]
 83%|████████▎ | 50/60 [00:02<00:00, 21.27it/s]
 88%|████████▊ | 53/60 [00:02<00:00, 21.40it/s]
 93%|█████████▎| 56/60 [00:02<00:00, 21.59it/s]
 98%|█████████▊| 59/60 [00:02<00:00, 21.39it/s]
100%|██████████| 60/60 [00:02<00:00, 21.76it/s]
wandb: WARNING `fps` argument does not affect the frame rate of the video when providing a file path or raw bytes.
212336640: reward=10.863
223477760: mean episode reward=11.025
243793920: mean episode reward=12.391
264110080: mean episode reward=13.429

  0%|          | 0/60 [00:00<?, ?it/s]
  3%|▎         | 2/60 [00:00<00:03, 15.89it/s]
  7%|▋         | 4/60 [00:00<00:03, 17.25it/s]
 10%|█         | 6/60 [00:00<00:03, 17.56it/s]
 13%|█▎        | 8/60 [00:00<00:02, 17.94it/s]
 18%|█▊        | 11/60 [00:00<00:02, 18.68it/s]
 23%|██▎       | 14/60 [00:00<00:02, 19.32it/s]
 28%|██▊       | 17/60 [00:00<00:02, 19.97it/s]
 33%|███▎      | 20/60 [00:01<00:01, 20.28it/s]
 38%|███▊      | 23/60 [00:01<00:01, 20.82it/s]
 43%|████▎     | 26/60 [00:01<00:01, 20.18it/s]
 48%|████▊     | 29/60 [00:01<00:01, 20.08it/s]
 53%|█████▎    | 32/60 [00:01<00:01, 20.13it/s]
 58%|█████▊    | 35/60 [00:01<00:01, 20.63it/s]
 63%|██████▎   | 38/60 [00:01<00:01, 21.27it/s]
 68%|██████▊   | 41/60 [00:02<00:00, 21.31it/s]
 73%|███████▎  | 44/60 [00:02<00:00, 21.10it/s]
 78%|███████▊  | 47/60 [00:02<00:00, 20.70it/s]
 83%|████████▎ | 50/60 [00:02<00:00, 20.77it/s]
 88%|████████▊ | 53/60 [00:02<00:00, 20.74it/s]
 93%|█████████▎| 56/60 [00:02<00:00, 21.01it/s]
 98%|█████████▊| 59/60 [00:02<00:00, 20.78it/s]
100%|██████████| 60/60 [00:02<00:00, 20.35it/s]
wandb: WARNING `fps` argument does not affect the frame rate of the video when providing a file path or raw bytes.
265420800: reward=13.177
284426240: mean episode reward=14.205
304742400: mean episode reward=14.279

  0%|          | 0/60 [00:00<?, ?it/s]
  3%|▎         | 2/60 [00:00<00:03, 16.19it/s]
  7%|▋         | 4/60 [00:00<00:03, 18.11it/s]
 10%|█         | 6/60 [00:00<00:02, 18.88it/s]
 15%|█▌        | 9/60 [00:00<00:02, 19.60it/s]
 20%|██        | 12/60 [00:00<00:02, 19.70it/s]
 25%|██▌       | 15/60 [00:00<00:02, 20.88it/s]
 30%|███       | 18/60 [00:00<00:01, 21.03it/s]
 35%|███▌      | 21/60 [00:01<00:01, 21.61it/s]
 40%|████      | 24/60 [00:01<00:01, 21.33it/s]
 45%|████▌     | 27/60 [00:01<00:01, 21.11it/s]
 50%|█████     | 30/60 [00:01<00:01, 21.36it/s]
 55%|█████▌    | 33/60 [00:01<00:01, 21.65it/s]
 60%|██████    | 36/60 [00:01<00:01, 21.76it/s]
 65%|██████▌   | 39/60 [00:01<00:00, 22.33it/s]
 70%|███████   | 42/60 [00:01<00:00, 22.11it/s]
 75%|███████▌  | 45/60 [00:02<00:00, 22.39it/s]
 80%|████████  | 48/60 [00:02<00:00, 22.98it/s]
 85%|████████▌ | 51/60 [00:02<00:00, 22.70it/s]
 90%|█████████ | 54/60 [00:02<00:00, 22.90it/s]
 95%|█████████▌| 57/60 [00:02<00:00, 22.90it/s]
100%|██████████| 60/60 [00:02<00:00, 22.38it/s]
100%|██████████| 60/60 [00:02<00:00, 21.61it/s]
wandb: WARNING `fps` argument does not affect the frame rate of the video when providing a file path or raw bytes.
318504960: reward=13.120
325058560: mean episode reward=14.477
345374720: mean episode reward=14.353
365690880: mean episode reward=13.478

  0%|          | 0/60 [00:00<?, ?it/s]
  3%|▎         | 2/60 [00:00<00:03, 16.03it/s]
  8%|▊         | 5/60 [00:00<00:02, 19.54it/s]
 13%|█▎        | 8/60 [00:00<00:02, 21.04it/s]
 18%|█▊        | 11/60 [00:00<00:02, 22.65it/s]
 23%|██▎       | 14/60 [00:00<00:01, 24.16it/s]
 28%|██▊       | 17/60 [00:00<00:01, 24.42it/s]
 33%|███▎      | 20/60 [00:00<00:01, 24.53it/s]
 38%|███▊      | 23/60 [00:00<00:01, 24.94it/s]
 43%|████▎     | 26/60 [00:01<00:01, 24.75it/s]
 48%|████▊     | 29/60 [00:01<00:01, 24.26it/s]
 53%|█████▎    | 32/60 [00:01<00:01, 23.79it/s]
 58%|█████▊    | 35/60 [00:01<00:01, 23.80it/s]
 63%|██████▎   | 38/60 [00:01<00:00, 23.68it/s]
 68%|██████▊   | 41/60 [00:01<00:00, 23.44it/s]
 73%|███████▎  | 44/60 [00:01<00:00, 23.46it/s]
 78%|███████▊  | 47/60 [00:02<00:00, 23.15it/s]
 83%|████████▎ | 50/60 [00:02<00:00, 23.12it/s]
 88%|████████▊ | 53/60 [00:02<00:00, 22.77it/s]
 93%|█████████▎| 56/60 [00:02<00:00, 22.33it/s]
 98%|█████████▊| 59/60 [00:02<00:00, 22.49it/s]
100%|██████████| 60/60 [00:02<00:00, 23.12it/s]
wandb: WARNING `fps` argument does not affect the frame rate of the video when providing a file path or raw bytes.
371589120: reward=14.526
386007040: mean episode reward=16.747
406323200: mean episode reward=14.210

  0%|          | 0/60 [00:00<?, ?it/s]
  3%|▎         | 2/60 [00:00<00:03, 14.51it/s]
  7%|▋         | 4/60 [00:00<00:03, 16.78it/s]
 12%|█▏        | 7/60 [00:00<00:02, 18.80it/s]
 17%|█▋        | 10/60 [00:00<00:02, 20.11it/s]
 22%|██▏       | 13/60 [00:00<00:02, 20.68it/s]
 27%|██▋       | 16/60 [00:00<00:02, 20.93it/s]
 32%|███▏      | 19/60 [00:00<00:01, 20.76it/s]
 37%|███▋      | 22/60 [00:01<00:01, 21.00it/s]
 42%|████▏     | 25/60 [00:01<00:01, 20.66it/s]
 47%|████▋     | 28/60 [00:01<00:01, 20.25it/s]
 52%|█████▏    | 31/60 [00:01<00:01, 20.30it/s]
 57%|█████▋    | 34/60 [00:01<00:01, 20.53it/s]
 62%|██████▏   | 37/60 [00:01<00:01, 20.53it/s]
 67%|██████▋   | 40/60 [00:01<00:00, 20.48it/s]
 72%|███████▏  | 43/60 [00:02<00:00, 20.97it/s]
 77%|███████▋  | 46/60 [00:02<00:00, 21.08it/s]
 82%|████████▏ | 49/60 [00:02<00:00, 21.31it/s]
 87%|████████▋ | 52/60 [00:02<00:00, 22.10it/s]
 92%|█████████▏| 55/60 [00:02<00:00, 21.79it/s]
 97%|█████████▋| 58/60 [00:02<00:00, 21.33it/s]
100%|██████████| 60/60 [00:02<00:00, 20.70it/s]
wandb: WARNING `fps` argument does not affect the frame rate of the video when providing a file path or raw bytes.
424673280: reward=14.532
426639360: mean episode reward=16.212
446955520: mean episode reward=15.951
467271680: mean episode reward=15.206

  0%|          | 0/60 [00:00<?, ?it/s]
  3%|▎         | 2/60 [00:00<00:03, 15.06it/s]
  8%|▊         | 5/60 [00:00<00:03, 18.18it/s]
 13%|█▎        | 8/60 [00:00<00:02, 19.23it/s]
 18%|█▊        | 11/60 [00:00<00:02, 19.90it/s]
 23%|██▎       | 14/60 [00:00<00:02, 19.96it/s]
 28%|██▊       | 17/60 [00:00<00:02, 20.79it/s]
 33%|███▎      | 20/60 [00:00<00:01, 21.83it/s]
 38%|███▊      | 23/60 [00:01<00:01, 22.77it/s]
 43%|████▎     | 26/60 [00:01<00:01, 23.12it/s]
 48%|████▊     | 29/60 [00:01<00:01, 22.29it/s]
 53%|█████▎    | 32/60 [00:01<00:01, 21.91it/s]
 58%|█████▊    | 35/60 [00:01<00:01, 21.94it/s]
 63%|██████▎   | 38/60 [00:01<00:01, 21.86it/s]
 68%|██████▊   | 41/60 [00:01<00:00, 21.97it/s]
 73%|███████▎  | 44/60 [00:02<00:00, 21.36it/s]
 78%|███████▊  | 47/60 [00:02<00:00, 20.76it/s]
 83%|████████▎ | 50/60 [00:02<00:00, 20.57it/s]
 88%|████████▊ | 53/60 [00:02<00:00, 20.58it/s]
 93%|█████████▎| 56/60 [00:02<00:00, 20.83it/s]
 98%|█████████▊| 59/60 [00:02<00:00, 20.66it/s]
100%|██████████| 60/60 [00:02<00:00, 21.01it/s]
wandb: WARNING `fps` argument does not affect the frame rate of the video when providing a file path or raw bytes.
477757440: reward=16.310
487587840: mean episode reward=14.996
507904000: mean episode reward=15.257
528220160: mean episode reward=16.700

  0%|          | 0/60 [00:00<?, ?it/s]
  3%|▎         | 2/60 [00:00<00:03, 16.52it/s]
  8%|▊         | 5/60 [00:00<00:02, 19.03it/s]
 12%|█▏        | 7/60 [00:00<00:02, 18.84it/s]
 15%|█▌        | 9/60 [00:00<00:02, 18.64it/s]
 18%|█▊        | 11/60 [00:00<00:02, 18.85it/s]
 22%|██▏       | 13/60 [00:00<00:02, 19.12it/s]
 25%|██▌       | 15/60 [00:00<00:02, 18.99it/s]
 30%|███       | 18/60 [00:00<00:02, 20.50it/s]
 35%|███▌      | 21/60 [00:01<00:02, 19.47it/s]
 40%|████      | 24/60 [00:01<00:01, 19.94it/s]
 45%|████▌     | 27/60 [00:01<00:01, 20.28it/s]
 50%|█████     | 30/60 [00:01<00:01, 20.98it/s]
 55%|█████▌    | 33/60 [00:01<00:01, 21.72it/s]
 60%|██████    | 36/60 [00:01<00:01, 22.49it/s]
 65%|██████▌   | 39/60 [00:01<00:00, 23.07it/s]
 70%|███████   | 42/60 [00:02<00:00, 23.47it/s]
 75%|███████▌  | 45/60 [00:02<00:00, 23.81it/s]
 80%|████████  | 48/60 [00:02<00:00, 23.81it/s]
 85%|████████▌ | 51/60 [00:02<00:00, 24.37it/s]
 90%|█████████ | 54/60 [00:02<00:00, 24.28it/s]
 95%|█████████▌| 57/60 [00:02<00:00, 24.51it/s]
100%|██████████| 60/60 [00:02<00:00, 25.32it/s]
100%|██████████| 60/60 [00:02<00:00, 22.01it/s]
wandb: WARNING `fps` argument does not affect the frame rate of the video when providing a file path or raw bytes.
530841600: reward=15.530
548536320: mean episode reward=16.390
568852480: mean episode reward=14.974

  0%|          | 0/60 [00:00<?, ?it/s]
  3%|▎         | 2/60 [00:00<00:03, 18.71it/s]
  8%|▊         | 5/60 [00:00<00:02, 23.90it/s]
 13%|█▎        | 8/60 [00:00<00:02, 24.92it/s]
 18%|█▊        | 11/60 [00:00<00:01, 26.63it/s]
 23%|██▎       | 14/60 [00:00<00:01, 27.38it/s]
 28%|██▊       | 17/60 [00:00<00:01, 27.94it/s]
 33%|███▎      | 20/60 [00:00<00:01, 28.50it/s]
 40%|████      | 24/60 [00:00<00:01, 29.29it/s]
 45%|████▌     | 27/60 [00:00<00:01, 29.06it/s]
 50%|█████     | 30/60 [00:01<00:01, 28.73it/s]
 57%|█████▋    | 34/60 [00:01<00:00, 29.59it/s]
 63%|██████▎   | 38/60 [00:01<00:00, 30.61it/s]
 70%|███████   | 42/60 [00:01<00:00, 31.94it/s]
 77%|███████▋  | 46/60 [00:01<00:00, 32.62it/s]
 83%|████████▎ | 50/60 [00:01<00:00, 32.92it/s]
 90%|█████████ | 54/60 [00:01<00:00, 32.81it/s]
 97%|█████████▋| 58/60 [00:01<00:00, 32.59it/s]
100%|██████████| 60/60 [00:01<00:00, 30.02it/s]
wandb: WARNING `fps` argument does not affect the frame rate of the video when providing a file path or raw bytes.
583925760: reward=16.692
589168640: mean episode reward=16.893
609484800: mean episode reward=15.260
629800960: mean episode reward=15.709

  0%|          | 0/60 [00:00<?, ?it/s]
  3%|▎         | 2/60 [00:00<00:03, 15.67it/s]
  8%|▊         | 5/60 [00:00<00:02, 19.10it/s]
 13%|█▎        | 8/60 [00:00<00:02, 20.27it/s]
 18%|█▊        | 11/60 [00:00<00:02, 21.16it/s]
 23%|██▎       | 14/60 [00:00<00:02, 21.57it/s]
 28%|██▊       | 17/60 [00:00<00:01, 21.73it/s]
 33%|███▎      | 20/60 [00:00<00:01, 22.11it/s]
 38%|███▊      | 23/60 [00:01<00:01, 23.10it/s]
 43%|████▎     | 26/60 [00:01<00:01, 23.33it/s]
 48%|████▊     | 29/60 [00:01<00:01, 23.80it/s]
 53%|█████▎    | 32/60 [00:01<00:01, 25.07it/s]
 58%|█████▊    | 35/60 [00:01<00:00, 25.80it/s]
 63%|██████▎   | 38/60 [00:01<00:00, 25.96it/s]
 68%|██████▊   | 41/60 [00:01<00:00, 25.84it/s]
 73%|███████▎  | 44/60 [00:01<00:00, 24.54it/s]
 78%|███████▊  | 47/60 [00:01<00:00, 25.19it/s]
 83%|████████▎ | 50/60 [00:02<00:00, 25.68it/s]
 88%|████████▊ | 53/60 [00:02<00:00, 26.09it/s]
 93%|█████████▎| 56/60 [00:02<00:00, 26.11it/s]
 98%|█████████▊| 59/60 [00:02<00:00, 25.56it/s]
100%|██████████| 60/60 [00:02<00:00, 24.05it/s]
wandb: WARNING `fps` argument does not affect the frame rate of the video when providing a file path or raw bytes.
637009920: reward=16.551
650117120: mean episode reward=16.145
670433280: mean episode reward=15.692

  0%|          | 0/60 [00:00<?, ?it/s]
  3%|▎         | 2/60 [00:00<00:03, 15.42it/s]
  8%|▊         | 5/60 [00:00<00:02, 20.35it/s]
 13%|█▎        | 8/60 [00:00<00:02, 21.59it/s]
 18%|█▊        | 11/60 [00:00<00:02, 21.37it/s]
 23%|██▎       | 14/60 [00:00<00:02, 22.04it/s]
 28%|██▊       | 17/60 [00:00<00:01, 22.41it/s]
 33%|███▎      | 20/60 [00:00<00:01, 23.16it/s]
 38%|███▊      | 23/60 [00:01<00:01, 24.22it/s]
 43%|████▎     | 26/60 [00:01<00:01, 25.38it/s]
 48%|████▊     | 29/60 [00:01<00:01, 25.91it/s]
 53%|█████▎    | 32/60 [00:01<00:01, 25.50it/s]
 58%|█████▊    | 35/60 [00:01<00:00, 25.39it/s]
 63%|██████▎   | 38/60 [00:01<00:00, 25.40it/s]
 68%|██████▊   | 41/60 [00:01<00:00, 24.84it/s]
 73%|███████▎  | 44/60 [00:01<00:00, 24.22it/s]
 78%|███████▊  | 47/60 [00:01<00:00, 23.95it/s]
 83%|████████▎ | 50/60 [00:02<00:00, 23.73it/s]
 88%|████████▊ | 53/60 [00:02<00:00, 23.71it/s]
 93%|█████████▎| 56/60 [00:02<00:00, 23.56it/s]
 98%|█████████▊| 59/60 [00:02<00:00, 23.31it/s]
100%|██████████| 60/60 [00:02<00:00, 23.62it/s]
wandb: WARNING `fps` argument does not affect the frame rate of the video when providing a file path or raw bytes.
690094080: reward=16.568
690749440: mean episode reward=15.271
711065600: mean episode reward=16.998
731381760: mean episode reward=16.749

  0%|          | 0/60 [00:00<?, ?it/s]
  3%|▎         | 2/60 [00:00<00:03, 16.58it/s]
  8%|▊         | 5/60 [00:00<00:02, 19.26it/s]
 12%|█▏        | 7/60 [00:00<00:02, 19.31it/s]
 15%|█▌        | 9/60 [00:00<00:02, 19.06it/s]
 20%|██        | 12/60 [00:00<00:02, 20.02it/s]
 25%|██▌       | 15/60 [00:00<00:02, 20.20it/s]
 30%|███       | 18/60 [00:00<00:01, 21.15it/s]
 35%|███▌      | 21/60 [00:01<00:01, 21.76it/s]
 40%|████      | 24/60 [00:01<00:01, 21.74it/s]
 45%|████▌     | 27/60 [00:01<00:01, 21.26it/s]
 50%|█████     | 30/60 [00:01<00:01, 22.10it/s]
 55%|█████▌    | 33/60 [00:01<00:01, 21.61it/s]
 60%|██████    | 36/60 [00:01<00:01, 21.73it/s]
 65%|██████▌   | 39/60 [00:01<00:00, 21.42it/s]
 70%|███████   | 42/60 [00:02<00:00, 21.29it/s]
 75%|███████▌  | 45/60 [00:02<00:00, 21.00it/s]
 80%|████████  | 48/60 [00:02<00:00, 20.95it/s]
 85%|████████▌ | 51/60 [00:02<00:00, 20.71it/s]
 90%|█████████ | 54/60 [00:02<00:00, 21.58it/s]
 95%|█████████▌| 57/60 [00:02<00:00, 22.53it/s]
100%|██████████| 60/60 [00:02<00:00, 23.96it/s]
100%|██████████| 60/60 [00:02<00:00, 21.48it/s]
wandb: WARNING `fps` argument does not affect the frame rate of the video when providing a file path or raw bytes.
743178240: reward=17.515
751697920: mean episode reward=16.062
772014080: mean episode reward=16.796
792330240: mean episode reward=16.536

  0%|          | 0/60 [00:00<?, ?it/s]
  3%|▎         | 2/60 [00:00<00:03, 16.01it/s]
  8%|▊         | 5/60 [00:00<00:02, 18.88it/s]
 12%|█▏        | 7/60 [00:00<00:02, 19.03it/s]
 17%|█▋        | 10/60 [00:00<00:02, 20.03it/s]
 22%|██▏       | 13/60 [00:00<00:02, 21.00it/s]
 27%|██▋       | 16/60 [00:00<00:02, 21.32it/s]
 32%|███▏      | 19/60 [00:00<00:01, 22.00it/s]
 37%|███▋      | 22/60 [00:01<00:01, 22.80it/s]
 42%|████▏     | 25/60 [00:01<00:01, 23.54it/s]
 47%|████▋     | 28/60 [00:01<00:01, 23.80it/s]
 52%|█████▏    | 31/60 [00:01<00:01, 23.77it/s]
 57%|█████▋    | 34/60 [00:01<00:01, 23.91it/s]
 62%|██████▏   | 37/60 [00:01<00:00, 24.61it/s]
 67%|██████▋   | 40/60 [00:01<00:00, 25.11it/s]
 72%|███████▏  | 43/60 [00:01<00:00, 25.32it/s]
 77%|███████▋  | 46/60 [00:01<00:00, 25.33it/s]
 82%|████████▏ | 49/60 [00:02<00:00, 26.01it/s]
 87%|████████▋ | 52/60 [00:02<00:00, 25.68it/s]
 92%|█████████▏| 55/60 [00:02<00:00, 25.26it/s]
 97%|█████████▋| 58/60 [00:02<00:00, 24.55it/s]
100%|██████████| 60/60 [00:02<00:00, 23.47it/s]
wandb: WARNING `fps` argument does not affect the frame rate of the video when providing a file path or raw bytes.
796262400: reward=17.304
812646400: mean episode reward=16.257
832962560: mean episode reward=14.369

  0%|          | 0/60 [00:00<?, ?it/s]
  3%|▎         | 2/60 [00:00<00:03, 17.56it/s]
  8%|▊         | 5/60 [00:00<00:02, 21.19it/s]
 13%|█▎        | 8/60 [00:00<00:02, 23.38it/s]
 18%|█▊        | 11/60 [00:00<00:02, 23.62it/s]
 23%|██▎       | 14/60 [00:00<00:02, 22.57it/s]
 28%|██▊       | 17/60 [00:00<00:01, 22.15it/s]
 33%|███▎      | 20/60 [00:00<00:01, 21.92it/s]
 38%|███▊      | 23/60 [00:01<00:01, 21.51it/s]
 43%|████▎     | 26/60 [00:01<00:01, 21.33it/s]
 48%|████▊     | 29/60 [00:01<00:01, 21.30it/s]
 53%|█████▎    | 32/60 [00:01<00:01, 21.07it/s]
 58%|█████▊    | 35/60 [00:01<00:01, 21.73it/s]
 63%|██████▎   | 38/60 [00:01<00:01, 21.94it/s]
 68%|██████▊   | 41/60 [00:01<00:00, 21.86it/s]
 73%|███████▎  | 44/60 [00:02<00:00, 21.87it/s]
 78%|███████▊  | 47/60 [00:02<00:00, 21.99it/s]
 83%|████████▎ | 50/60 [00:02<00:00, 21.85it/s]
 88%|████████▊ | 53/60 [00:02<00:00, 21.44it/s]
 93%|█████████▎| 56/60 [00:02<00:00, 22.15it/s]
 98%|█████████▊| 59/60 [00:02<00:00, 22.06it/s]
100%|██████████| 60/60 [00:02<00:00, 21.90it/s]
wandb: WARNING `fps` argument does not affect the frame rate of the video when providing a file path or raw bytes.
849346560: reward=15.259
853278720: mean episode reward=16.871
873594880: mean episode reward=17.443
893911040: mean episode reward=17.587

  0%|          | 0/60 [00:00<?, ?it/s]
  3%|▎         | 2/60 [00:00<00:03, 16.17it/s]
  7%|▋         | 4/60 [00:00<00:03, 17.94it/s]
 10%|█         | 6/60 [00:00<00:02, 18.61it/s]
 15%|█▌        | 9/60 [00:00<00:02, 19.86it/s]
 20%|██        | 12/60 [00:00<00:02, 20.11it/s]
 25%|██▌       | 15/60 [00:00<00:02, 20.37it/s]
 30%|███       | 18/60 [00:00<00:02, 20.88it/s]
 35%|███▌      | 21/60 [00:01<00:01, 21.21it/s]
 40%|████      | 24/60 [00:01<00:01, 22.09it/s]
 45%|████▌     | 27/60 [00:01<00:01, 21.31it/s]
 50%|█████     | 30/60 [00:01<00:01, 20.62it/s]
 55%|█████▌    | 33/60 [00:01<00:01, 20.85it/s]
 60%|██████    | 36/60 [00:01<00:01, 21.30it/s]
 65%|██████▌   | 39/60 [00:01<00:00, 21.17it/s]
 70%|███████   | 42/60 [00:02<00:00, 21.12it/s]
 75%|███████▌  | 45/60 [00:02<00:00, 21.26it/s]
 80%|████████  | 48/60 [00:02<00:00, 21.61it/s]
 85%|████████▌ | 51/60 [00:02<00:00, 21.75it/s]
 90%|█████████ | 54/60 [00:02<00:00, 22.14it/s]
 95%|█████████▌| 57/60 [00:02<00:00, 22.28it/s]
100%|██████████| 60/60 [00:02<00:00, 23.02it/s]
100%|██████████| 60/60 [00:02<00:00, 21.29it/s]
wandb: WARNING `fps` argument does not affect the frame rate of the video when providing a file path or raw bytes.
902430720: reward=17.265
914227200: mean episode reward=17.887
934543360: mean episode reward=17.046
954859520: mean episode reward=17.159

  0%|          | 0/60 [00:00<?, ?it/s]
  3%|▎         | 2/60 [00:00<00:03, 16.09it/s]
  8%|▊         | 5/60 [00:00<00:02, 19.31it/s]
 13%|█▎        | 8/60 [00:00<00:02, 20.99it/s]
 18%|█▊        | 11/60 [00:00<00:02, 22.33it/s]
 23%|██▎       | 14/60 [00:00<00:02, 22.99it/s]
 28%|██▊       | 17/60 [00:00<00:01, 23.85it/s]
 33%|███▎      | 20/60 [00:00<00:01, 24.85it/s]
 38%|███▊      | 23/60 [00:00<00:01, 25.38it/s]
 43%|████▎     | 26/60 [00:01<00:01, 26.15it/s]
 48%|████▊     | 29/60 [00:01<00:01, 26.87it/s]
 53%|█████▎    | 32/60 [00:01<00:01, 27.33it/s]
 58%|█████▊    | 35/60 [00:01<00:00, 27.71it/s]
 63%|██████▎   | 38/60 [00:01<00:00, 28.09it/s]
 68%|██████▊   | 41/60 [00:01<00:00, 27.77it/s]
 73%|███████▎  | 44/60 [00:01<00:00, 27.81it/s]
 78%|███████▊  | 47/60 [00:01<00:00, 28.01it/s]
 83%|████████▎ | 50/60 [00:01<00:00, 28.26it/s]
 88%|████████▊ | 53/60 [00:02<00:00, 28.56it/s]
 93%|█████████▎| 56/60 [00:02<00:00, 28.60it/s]
 98%|█████████▊| 59/60 [00:02<00:00, 28.31it/s]
100%|██████████| 60/60 [00:02<00:00, 26.27it/s]
wandb: WARNING `fps` argument does not affect the frame rate of the video when providing a file path or raw bytes.
955514880: reward=16.725
975175680: mean episode reward=16.858
995491840: mean episode reward=17.223

  0%|          | 0/60 [00:00<?, ?it/s]
  3%|▎         | 2/60 [00:00<00:03, 15.58it/s]
  8%|▊         | 5/60 [00:00<00:02, 20.30it/s]
 13%|█▎        | 8/60 [00:00<00:02, 22.37it/s]
 18%|█▊        | 11/60 [00:00<00:02, 23.00it/s]
 23%|██▎       | 14/60 [00:00<00:01, 23.28it/s]
 28%|██▊       | 17/60 [00:00<00:01, 23.69it/s]
 33%|███▎      | 20/60 [00:00<00:01, 24.56it/s]
 38%|███▊      | 23/60 [00:00<00:01, 25.33it/s]
 43%|████▎     | 26/60 [00:01<00:01, 25.43it/s]
 48%|████▊     | 29/60 [00:01<00:01, 25.23it/s]
 53%|█████▎    | 32/60 [00:01<00:01, 25.93it/s]
 58%|█████▊    | 35/60 [00:01<00:00, 26.67it/s]
 63%|██████▎   | 38/60 [00:01<00:00, 27.36it/s]
 68%|██████▊   | 41/60 [00:01<00:00, 27.25it/s]
 73%|███████▎  | 44/60 [00:01<00:00, 26.72it/s]
 78%|███████▊  | 47/60 [00:01<00:00, 26.88it/s]
 83%|████████▎ | 50/60 [00:01<00:00, 26.46it/s]
 88%|████████▊ | 53/60 [00:02<00:00, 26.34it/s]
 93%|█████████▎| 56/60 [00:02<00:00, 25.75it/s]
 98%|█████████▊| 59/60 [00:02<00:00, 26.70it/s]
100%|██████████| 60/60 [00:02<00:00, 25.39it/s]
wandb: WARNING `fps` argument does not affect the frame rate of the video when providing a file path or raw bytes.
1008599040: reward=17.313
Done training.
Time to JIT compile: 22.004125483334064
Time to train: 6614.463646605611
Starting inference...
FPS for rendering: 10.0

  0%|          | 0/500 [00:00<?, ?it/s]
  0%|          | 2/500 [00:00<00:30, 16.20it/s]
  1%|          | 5/500 [00:00<00:25, 19.30it/s]
  2%|▏         | 8/500 [00:00<00:23, 20.76it/s]
  2%|▏         | 11/500 [00:00<00:23, 21.16it/s]
  3%|▎         | 14/500 [00:00<00:22, 21.70it/s]
  3%|▎         | 17/500 [00:00<00:21, 22.00it/s]
  4%|▍         | 20/500 [00:00<00:21, 22.45it/s]
  5%|▍         | 23/500 [00:01<00:21, 22.53it/s]
  5%|▌         | 26/500 [00:01<00:20, 22.75it/s]
  6%|▌         | 29/500 [00:01<00:20, 23.10it/s]
  6%|▋         | 32/500 [00:01<00:19, 23.57it/s]
  7%|▋         | 35/500 [00:01<00:19, 23.88it/s]
  8%|▊         | 38/500 [00:01<00:19, 24.25it/s]
  8%|▊         | 41/500 [00:01<00:18, 24.68it/s]
  9%|▉         | 44/500 [00:01<00:18, 24.86it/s]
  9%|▉         | 47/500 [00:02<00:17, 25.21it/s]
 10%|█         | 50/500 [00:02<00:17, 25.49it/s]
 11%|█         | 53/500 [00:02<00:17, 25.20it/s]
 11%|█         | 56/500 [00:02<00:17, 25.47it/s]
 12%|█▏        | 59/500 [00:02<00:17, 25.89it/s]
 12%|█▏        | 62/500 [00:02<00:16, 26.14it/s]
 13%|█▎        | 65/500 [00:02<00:16, 25.65it/s]
 14%|█▎        | 68/500 [00:02<00:16, 26.03it/s]
 14%|█▍        | 71/500 [00:02<00:16, 26.53it/s]
 15%|█▍        | 74/500 [00:03<00:16, 26.54it/s]
 15%|█▌        | 77/500 [00:03<00:16, 26.11it/s]
 16%|█▌        | 80/500 [00:03<00:15, 26.38it/s]
 17%|█▋        | 83/500 [00:03<00:15, 26.30it/s]
 17%|█▋        | 86/500 [00:03<00:15, 26.71it/s]
 18%|█▊        | 89/500 [00:03<00:15, 26.15it/s]
 18%|█▊        | 92/500 [00:03<00:15, 25.71it/s]
 19%|█▉        | 95/500 [00:03<00:15, 25.93it/s]
 20%|█▉        | 98/500 [00:03<00:15, 25.88it/s]
 20%|██        | 101/500 [00:04<00:15, 26.50it/s]
 21%|██        | 104/500 [00:04<00:14, 27.06it/s]
 21%|██▏       | 107/500 [00:04<00:14, 27.49it/s]
 22%|██▏       | 110/500 [00:04<00:14, 27.25it/s]
 23%|██▎       | 113/500 [00:04<00:14, 27.18it/s]
 23%|██▎       | 117/500 [00:04<00:13, 28.14it/s]
 24%|██▍       | 120/500 [00:04<00:13, 28.36it/s]
 25%|██▍       | 123/500 [00:04<00:13, 27.62it/s]
 25%|██▌       | 126/500 [00:04<00:13, 27.54it/s]
 26%|██▌       | 129/500 [00:05<00:13, 27.86it/s]
 26%|██▋       | 132/500 [00:05<00:13, 28.05it/s]
 27%|██▋       | 135/500 [00:05<00:12, 28.28it/s]
 28%|██▊       | 138/500 [00:05<00:12, 28.33it/s]
 28%|██▊       | 141/500 [00:05<00:12, 28.48it/s]
 29%|██▉       | 144/500 [00:05<00:12, 28.69it/s]
 29%|██▉       | 147/500 [00:05<00:12, 28.55it/s]
 30%|███       | 150/500 [00:05<00:12, 28.53it/s]
 31%|███       | 153/500 [00:05<00:12, 27.80it/s]
 31%|███       | 156/500 [00:06<00:12, 27.26it/s]
 32%|███▏      | 159/500 [00:06<00:13, 25.82it/s]
 32%|███▏      | 162/500 [00:06<00:13, 24.61it/s]
 33%|███▎      | 165/500 [00:06<00:13, 24.27it/s]
 34%|███▎      | 168/500 [00:06<00:13, 23.87it/s]
 34%|███▍      | 171/500 [00:06<00:14, 22.56it/s]
 35%|███▍      | 174/500 [00:06<00:14, 22.27it/s]
 35%|███▌      | 177/500 [00:07<00:14, 22.16it/s]
 36%|███▌      | 180/500 [00:07<00:14, 22.03it/s]
 37%|███▋      | 183/500 [00:07<00:14, 21.65it/s]
 37%|███▋      | 186/500 [00:07<00:14, 21.74it/s]
 38%|███▊      | 189/500 [00:07<00:14, 21.75it/s]
 38%|███▊      | 192/500 [00:07<00:14, 21.85it/s]
 39%|███▉      | 195/500 [00:07<00:14, 21.72it/s]
 40%|███▉      | 198/500 [00:07<00:14, 21.48it/s]
 40%|████      | 201/500 [00:08<00:14, 21.18it/s]
 41%|████      | 204/500 [00:08<00:14, 21.07it/s]
 41%|████▏     | 207/500 [00:08<00:14, 20.89it/s]
 42%|████▏     | 210/500 [00:08<00:13, 20.96it/s]
 43%|████▎     | 213/500 [00:08<00:13, 20.90it/s]
 43%|████▎     | 216/500 [00:08<00:13, 21.09it/s]
 44%|████▍     | 219/500 [00:08<00:13, 21.18it/s]
 44%|████▍     | 222/500 [00:09<00:13, 21.24it/s]
 45%|████▌     | 225/500 [00:09<00:12, 21.24it/s]
 46%|████▌     | 228/500 [00:09<00:12, 21.28it/s]
 46%|████▌     | 231/500 [00:09<00:12, 21.05it/s]
 47%|████▋     | 234/500 [00:09<00:12, 20.96it/s]
 47%|████▋     | 237/500 [00:09<00:12, 20.84it/s]
 48%|████▊     | 240/500 [00:09<00:12, 20.95it/s]
 49%|████▊     | 243/500 [00:10<00:12, 21.20it/s]
 49%|████▉     | 246/500 [00:10<00:11, 21.44it/s]
 50%|████▉     | 249/500 [00:10<00:11, 21.21it/s]
 50%|█████     | 252/500 [00:10<00:11, 21.06it/s]
 51%|█████     | 255/500 [00:10<00:11, 21.25it/s]
 52%|█████▏    | 258/500 [00:10<00:11, 21.34it/s]
 52%|█████▏    | 261/500 [00:10<00:11, 21.55it/s]
 53%|█████▎    | 264/500 [00:11<00:10, 21.94it/s]
 53%|█████▎    | 267/500 [00:11<00:10, 21.70it/s]
 54%|█████▍    | 270/500 [00:11<00:10, 21.62it/s]
 55%|█████▍    | 273/500 [00:11<00:10, 21.54it/s]
 55%|█████▌    | 276/500 [00:11<00:10, 21.59it/s]
 56%|█████▌    | 279/500 [00:11<00:10, 21.56it/s]
 56%|█████▋    | 282/500 [00:11<00:10, 21.52it/s]
 57%|█████▋    | 285/500 [00:12<00:10, 21.22it/s]
 58%|█████▊    | 288/500 [00:12<00:09, 21.27it/s]
 58%|█████▊    | 291/500 [00:12<00:09, 21.77it/s]
 59%|█████▉    | 294/500 [00:12<00:09, 21.91it/s]
 59%|█████▉    | 297/500 [00:12<00:09, 21.73it/s]
 60%|██████    | 300/500 [00:12<00:09, 21.75it/s]
 61%|██████    | 303/500 [00:12<00:09, 21.55it/s]
 61%|██████    | 306/500 [00:13<00:08, 21.56it/s]
 62%|██████▏   | 309/500 [00:13<00:08, 21.63it/s]
 62%|██████▏   | 312/500 [00:13<00:08, 21.65it/s]
 63%|██████▎   | 315/500 [00:13<00:08, 21.53it/s]
 64%|██████▎   | 318/500 [00:13<00:08, 21.64it/s]
 64%|██████▍   | 321/500 [00:13<00:08, 21.92it/s]
 65%|██████▍   | 324/500 [00:13<00:07, 22.06it/s]
 65%|██████▌   | 327/500 [00:14<00:07, 21.89it/s]
 66%|██████▌   | 330/500 [00:14<00:07, 21.71it/s]
 67%|██████▋   | 333/500 [00:14<00:07, 21.63it/s]
 67%|██████▋   | 336/500 [00:14<00:07, 21.58it/s]
 68%|██████▊   | 339/500 [00:14<00:07, 21.57it/s]
 68%|██████▊   | 342/500 [00:14<00:06, 22.85it/s]
 69%|██████▉   | 345/500 [00:14<00:06, 23.52it/s]
 70%|██████▉   | 348/500 [00:14<00:06, 23.90it/s]
 70%|███████   | 351/500 [00:15<00:06, 24.67it/s]
 71%|███████   | 354/500 [00:15<00:05, 24.92it/s]
 71%|███████▏  | 357/500 [00:15<00:05, 24.04it/s]
 72%|███████▏  | 360/500 [00:15<00:06, 23.19it/s]
 73%|███████▎  | 363/500 [00:15<00:06, 22.82it/s]
 73%|███████▎  | 366/500 [00:15<00:06, 22.31it/s]
 74%|███████▍  | 369/500 [00:15<00:05, 22.21it/s]
 74%|███████▍  | 372/500 [00:15<00:05, 22.16it/s]
 75%|███████▌  | 375/500 [00:16<00:05, 23.31it/s]
 76%|███████▌  | 378/500 [00:16<00:05, 24.06it/s]
 76%|███████▌  | 381/500 [00:16<00:04, 24.71it/s]
 77%|███████▋  | 384/500 [00:16<00:04, 24.41it/s]
 77%|███████▋  | 387/500 [00:16<00:04, 24.26it/s]
 78%|███████▊  | 390/500 [00:16<00:04, 23.93it/s]
 79%|███████▊  | 393/500 [00:16<00:04, 23.08it/s]
 79%|███████▉  | 396/500 [00:16<00:04, 22.92it/s]
 80%|███████▉  | 399/500 [00:17<00:04, 22.82it/s]
 80%|████████  | 402/500 [00:17<00:04, 23.32it/s]
 81%|████████  | 405/500 [00:17<00:03, 23.83it/s]
 82%|████████▏ | 408/500 [00:17<00:03, 23.16it/s]
 82%|████████▏ | 411/500 [00:17<00:03, 22.54it/s]
 83%|████████▎ | 414/500 [00:17<00:03, 22.07it/s]
 83%|████████▎ | 417/500 [00:17<00:03, 21.76it/s]
 84%|████████▍ | 420/500 [00:18<00:03, 21.91it/s]
 85%|████████▍ | 423/500 [00:18<00:03, 21.59it/s]
 85%|████████▌ | 426/500 [00:18<00:03, 21.36it/s]
 86%|████████▌ | 429/500 [00:18<00:03, 21.31it/s]
 86%|████████▋ | 432/500 [00:18<00:03, 21.24it/s]
 87%|████████▋ | 435/500 [00:18<00:03, 21.29it/s]
 88%|████████▊ | 438/500 [00:18<00:02, 21.23it/s]
 88%|████████▊ | 441/500 [00:19<00:02, 21.32it/s]
 89%|████████▉ | 444/500 [00:19<00:02, 21.29it/s]
 89%|████████▉ | 447/500 [00:19<00:02, 21.38it/s]
 90%|█████████ | 450/500 [00:19<00:02, 21.70it/s]
 91%|█████████ | 453/500 [00:19<00:02, 21.89it/s]
 91%|█████████ | 456/500 [00:19<00:01, 22.41it/s]
 92%|█████████▏| 459/500 [00:19<00:01, 22.56it/s]
 92%|█████████▏| 462/500 [00:19<00:01, 22.59it/s]
 93%|█████████▎| 465/500 [00:20<00:01, 22.82it/s]
 94%|█████████▎| 468/500 [00:20<00:01, 22.47it/s]
 94%|█████████▍| 471/500 [00:20<00:01, 21.65it/s]
 95%|█████████▍| 474/500 [00:20<00:01, 21.29it/s]
 95%|█████████▌| 477/500 [00:20<00:01, 20.97it/s]
 96%|█████████▌| 480/500 [00:20<00:00, 21.17it/s]
 97%|█████████▋| 483/500 [00:20<00:00, 21.08it/s]
 97%|█████████▋| 486/500 [00:21<00:00, 20.85it/s]
 98%|█████████▊| 489/500 [00:21<00:00, 20.71it/s]
 98%|█████████▊| 492/500 [00:21<00:00, 20.87it/s]
 99%|█████████▉| 495/500 [00:21<00:00, 21.29it/s]
100%|█████████▉| 498/500 [00:21<00:00, 21.64it/s]
100%|██████████| 500/500 [00:21<00:00, 22.98it/s]
Rollout video saved as 'rollout0.mp4'.
[1;34mwandb[0m: 
[1;34mwandb[0m: 🚀 View run [33mTesolloDownwardsRotateZ-20260625-220243-downwardsrotatez_sb_baseline_s2[0m at: [34mhttps://wandb.ai/nikolastaykov/mjxrl/runs/1wuqb7px[0m
[1;34mwandb[0m: Find logs at: [1;35mwandb/run-20260625_220243-1wuqb7px/logs[0m
