Warp 1.12.1 initialized:
   CUDA Toolkit 12.9, Driver 12.5
   Devices:
     "cpu"      : "x86_64"
     "cuda:0"   : "NVIDIA GeForce RTX 4090" (24 GiB, sm_89, mempool enabled)
   Kernel cache:
     /home/nstaykov/.cache/warp/1.12.1
Warp DeprecationWarning: The symbol `warp.types.warp_type_to_np_dtype` will soon be removed from the public API. It can still be accessed from `warp._src.types.warp_type_to_np_dtype` but might be changed or removed without notice.
Environment Config:
action_mode: absolute
action_repeat: 1
action_scale: 0.5
constrain_wrist_translation: false
ctrl_dt: 0.05
curriculum:
  band_width: 0.08726646259971647
  enable: false
  promote_after: 5
  success_count_threshold: 70
ema_alpha: 0.2
episode_length: 120
impl: warp
kp_scale: 1.0
max_target_angle: 2.0943951023931953
nconmax: 1638400
njmax: 2200
obs_noise:
  level: 1.0
  scales:
    goal_quat: 0.0
    joint_pos: 0.0
    joint_vel: 0.0
    motor_targets: 0.0
ori_tolerance_rad: 0.05235987755982988
pert_config:
  angular_velocity_pert:
  - 0.0
  - 0.5
  enable: false
  linear_velocity_pert:
  - 0.0
  - 3.0
  pert_duration_steps:
  - 1
  - 100
  pert_wait_steps:
  - 60
  - 150
reward_config:
  ori_reward_margin_rad: 0.5235987755982988
  scales:
    action_rate: -0.5
    cube_on_floor: -0.5
    cube_ori: 2.0
    fingertip_pos: 1.5
    joint_vel: -0.002
    wrist_vel: -0.02
  success_reward: 2.0
scene:
  cube_mass: 0.108
sensor_bundle: proprio.target
sim_dt: 0.01
target_hold_time: 0.05

PPO Training Parameters:
action_repeat: 1
batch_size: 256
discounting: 0.99
entropy_cost: 0.005
episode_length: 120
learning_rate: 0.0001
log_training_metrics: true
network_factory:
  policy_hidden_layer_sizes: &id001 !!python/tuple
  - 512
  - 256
  - 128
  policy_obs_key: state
  value_hidden_layer_sizes: *id001
  value_obs_key: privileged_state
normalize_observations: true
num_envs: 8192
num_evals: 20
num_minibatches: 64
num_resets_per_eval: 0
num_timesteps: 1000000000
num_updates_per_batch: 4
reward_scaling: 1.0
training_metrics_steps: 20000000
unroll_length: 40

CLI overrides: {
  "env_name": "TesolloDownwardsRotateZ",
  "suffix": "downwardsrotatez_sb_propriotarget_s2",
  "use_wandb": true,
  "log_video_to_wandb": true,
  "seed": 2,
  "num_timesteps": 1000000000,
  "num_envs": 8192,
  "log_training_metrics": true,
  "training_metrics_steps": 20000000,
  "env_overrides_file": "logs/_queue/downwards_sensor_sweep_120-20260625-124815/run-11-TesolloDownwardsRotateZ-downwardsrotatez_sb_propriotarget_s2-overrides.yaml"
}
Experiment name: TesolloDownwardsRotateZ-20260626-091328-downwardsrotatez_sb_propriotarget_s2
Logs are being stored in: /local/home/nstaykov/workspace/mujoco_playground/logs/TesolloDownwardsRotateZ-20260626-091328-downwardsrotatez_sb_propriotarget_s2
wandb: [wandb.login()] Loaded credentials for https://api.wandb.ai from WANDB_API_KEY.
wandb: Currently logged in as: nstaykov (nikolastaykov) to https://api.wandb.ai. Use `wandb login --relogin` to force relogin
wandb: setting up run kfg3ffrp
wandb: Tracking run with wandb version 0.26.1
wandb: Run data is saved locally in /local/home/nstaykov/workspace/mujoco_playground/wandb/run-20260626_091328-kfg3ffrp
wandb: Run `wandb offline` to turn off syncing.
wandb: Syncing run TesolloDownwardsRotateZ-20260626-091328-downwardsrotatez_sb_propriotarget_s2
wandb: ⭐️ View project at https://wandb.ai/nikolastaykov/mjxrl
wandb: 🚀 View run at https://wandb.ai/nikolastaykov/mjxrl/runs/kfg3ffrp
No checkpoint path provided, not restoring from checkpoint
Checkpoint path: /local/home/nstaykov/workspace/mujoco_playground/logs/TesolloDownwardsRotateZ-20260626-091328-downwardsrotatez_sb_propriotarget_s2/checkpoints
Module mujoco.mjx.warp.ffi 98d2031 load on device 'cuda:0' took 0.37 ms  (cached)
Module mujoco.mjx.third_party.mujoco_warp._src.smooth 26bbc02 load on device 'cuda:0' took 6.40 ms  (cached)
Module mujoco.mjx.third_party.mujoco_warp._src.collision_driver 88f7770 load on device 'cuda:0' took 0.28 ms  (cached)
Module _nxn_broadphase__locals__kernel_c763f4cb c763f4c load on device 'cuda:0' took 0.27 ms  (cached)
Module _primitive_narrowphase__locals__primitive_narrowphase_072e9f5e 072e9f5 load on device 'cuda:0' took 0.43 ms  (cached)
Module mujoco.mjx.third_party.mujoco_warp._src.constraint c567367 load on device 'cuda:0' took 0.55 ms  (cached)
Module mujoco.mjx.third_party.mujoco_warp._src.sensor 18a78e5 load on device 'cuda:0' took 0.52 ms  (cached)
Module mujoco.mjx.third_party.mujoco_warp._src.forward 16fbac8 load on device 'cuda:0' took 0.58 ms  (cached)
Module mujoco.mjx.third_party.mujoco_warp._src.passive 8bfe11c load on device 'cuda:0' took 0.35 ms  (cached)
Module mujoco.mjx.third_party.mujoco_warp._src.forward 8f5355c load on device 'cuda:0' took 0.41 ms  (cached)
Module mujoco.mjx.third_party.mujoco_warp._src.support dd3f924 load on device 'cuda:0' took 0.27 ms  (cached)
Module _tile_cholesky_factorize_solve__locals__cholesky_factorize_solve_98799697 3154237 load on device 'cuda:0' took 25.58 ms  (cached)
Module _tile_cholesky_factorize_solve__locals__cholesky_factorize_solve_b2744b1b e16af87 load on device 'cuda:0' took 28.36 ms  (cached)
Module mujoco.mjx.third_party.mujoco_warp._src.solver b116efb load on device 'cuda:0' took 0.49 ms  (cached)
Module solve_init_jaref__locals__kernel_feadd581 feadd58 load on device 'cuda:0' took 0.42 ms  (cached)
Module mul_m_dense__locals___mul_m_dense_e34139c1 e34139c load on device 'cuda:0' took 0.41 ms  (cached)
Module update_constraint_efc__locals__kernel_81015163 8101516 load on device 'cuda:0' took 0.28 ms  (cached)
Module update_constraint_gauss_cost__locals__kernel_6370b491 6370b49 load on device 'cuda:0' took 0.28 ms  (cached)
Module update_gradient_JTDAJ_dense_tiled__locals__kernel_e0063ce2 85330e7 load on device 'cuda:0' took 0.57 ms  (cached)
Module update_gradient_cholesky__locals__kernel_c54e7710 b74aeaf load on device 'cuda:0' took 26.02 ms  (cached)
Module linesearch_iterative__locals__kernel_94acdc55 9c914fd load on device 'cuda:0' took 0.38 ms  (cached)
Module update_constraint_efc__locals__kernel_25737258 2573725 load on device 'cuda:0' took 0.29 ms  (cached)
Module _contact_sort__locals__contact_sort_44d31eb2 de954a2 load on device 'cuda:0' took 0.35 ms  (cached)
0: reward=0.299

  0%|          | 0/60 [00:00<?, ?it/s]
  3%|▎         | 2/60 [00:00<00:03, 15.52it/s]
  8%|▊         | 5/60 [00:00<00:02, 18.57it/s]
 13%|█▎        | 8/60 [00:00<00:02, 19.50it/s]
 18%|█▊        | 11/60 [00:00<00:02, 20.64it/s]
 23%|██▎       | 14/60 [00:00<00:02, 21.34it/s]
 28%|██▊       | 17/60 [00:00<00:01, 21.68it/s]
 33%|███▎      | 20/60 [00:00<00:01, 21.83it/s]
 38%|███▊      | 23/60 [00:01<00:01, 22.64it/s]
 43%|████▎     | 26/60 [00:01<00:01, 22.47it/s]
 48%|████▊     | 29/60 [00:01<00:01, 23.06it/s]
 53%|█████▎    | 32/60 [00:01<00:01, 23.70it/s]
 58%|█████▊    | 35/60 [00:01<00:01, 24.47it/s]
 63%|██████▎   | 38/60 [00:01<00:00, 23.80it/s]
 68%|██████▊   | 41/60 [00:01<00:00, 23.30it/s]
 73%|███████▎  | 44/60 [00:01<00:00, 22.47it/s]
 78%|███████▊  | 47/60 [00:02<00:00, 22.42it/s]
 83%|████████▎ | 50/60 [00:02<00:00, 22.16it/s]
 88%|████████▊ | 53/60 [00:02<00:00, 22.34it/s]
 93%|█████████▎| 56/60 [00:02<00:00, 22.03it/s]
 98%|█████████▊| 59/60 [00:02<00:00, 22.41it/s]
100%|██████████| 60/60 [00:02<00:00, 22.16it/s]
wandb: WARNING `fps` argument does not affect the frame rate of the video when providing a file path or raw bytes.
20316160: mean episode reward=3.238
40632320: mean episode reward=7.164

  0%|          | 0/60 [00:00<?, ?it/s]
  3%|▎         | 2/60 [00:00<00:03, 15.45it/s]
  8%|▊         | 5/60 [00:00<00:02, 19.91it/s]
 13%|█▎        | 8/60 [00:00<00:02, 20.52it/s]
 18%|█▊        | 11/60 [00:00<00:02, 22.11it/s]
 23%|██▎       | 14/60 [00:00<00:02, 22.87it/s]
 28%|██▊       | 17/60 [00:00<00:01, 23.75it/s]
 33%|███▎      | 20/60 [00:00<00:01, 24.32it/s]
 38%|███▊      | 23/60 [00:01<00:01, 23.99it/s]
 43%|████▎     | 26/60 [00:01<00:01, 23.76it/s]
 48%|████▊     | 29/60 [00:01<00:01, 23.52it/s]
 53%|█████▎    | 32/60 [00:01<00:01, 23.35it/s]
 58%|█████▊    | 35/60 [00:01<00:01, 23.33it/s]
 63%|██████▎   | 38/60 [00:01<00:00, 23.26it/s]
 68%|██████▊   | 41/60 [00:01<00:00, 23.83it/s]
 73%|███████▎  | 44/60 [00:01<00:00, 24.36it/s]
 78%|███████▊  | 47/60 [00:02<00:00, 24.41it/s]
 83%|████████▎ | 50/60 [00:02<00:00, 24.60it/s]
 88%|████████▊ | 53/60 [00:02<00:00, 24.48it/s]
 93%|█████████▎| 56/60 [00:02<00:00, 23.71it/s]
 98%|█████████▊| 59/60 [00:02<00:00, 23.59it/s]
100%|██████████| 60/60 [00:02<00:00, 23.37it/s]
wandb: WARNING `fps` argument does not affect the frame rate of the video when providing a file path or raw bytes.
53084160: reward=6.945
60948480: mean episode reward=7.965
81264640: mean episode reward=6.088
101580800: mean episode reward=6.530

  0%|          | 0/60 [00:00<?, ?it/s]
  3%|▎         | 2/60 [00:00<00:03, 16.54it/s]
  8%|▊         | 5/60 [00:00<00:02, 20.86it/s]
 13%|█▎        | 8/60 [00:00<00:02, 22.19it/s]
 18%|█▊        | 11/60 [00:00<00:02, 22.32it/s]
 23%|██▎       | 14/60 [00:00<00:02, 21.90it/s]
 28%|██▊       | 17/60 [00:00<00:02, 20.90it/s]
 33%|███▎      | 20/60 [00:00<00:01, 20.20it/s]
 38%|███▊      | 23/60 [00:01<00:01, 19.91it/s]
 43%|████▎     | 26/60 [00:01<00:01, 20.36it/s]
 48%|████▊     | 29/60 [00:01<00:01, 21.10it/s]
 53%|█████▎    | 32/60 [00:01<00:01, 21.62it/s]
 58%|█████▊    | 35/60 [00:01<00:01, 21.83it/s]
 63%|██████▎   | 38/60 [00:01<00:01, 20.92it/s]
 68%|██████▊   | 41/60 [00:01<00:00, 20.78it/s]
 73%|███████▎  | 44/60 [00:02<00:00, 21.10it/s]
 78%|███████▊  | 47/60 [00:02<00:00, 21.21it/s]
 83%|████████▎ | 50/60 [00:02<00:00, 21.36it/s]
 88%|████████▊ | 53/60 [00:02<00:00, 21.81it/s]
 93%|█████████▎| 56/60 [00:02<00:00, 21.57it/s]
 98%|█████████▊| 59/60 [00:02<00:00, 21.67it/s]
100%|██████████| 60/60 [00:02<00:00, 21.23it/s]
wandb: WARNING `fps` argument does not affect the frame rate of the video when providing a file path or raw bytes.
106168320: reward=6.898
121896960: mean episode reward=6.320
142213120: mean episode reward=7.276

  0%|          | 0/60 [00:00<?, ?it/s]
  3%|▎         | 2/60 [00:00<00:03, 14.67it/s]
  7%|▋         | 4/60 [00:00<00:03, 16.93it/s]
 10%|█         | 6/60 [00:00<00:03, 17.87it/s]
 13%|█▎        | 8/60 [00:00<00:02, 18.32it/s]
 17%|█▋        | 10/60 [00:00<00:02, 18.58it/s]
 20%|██        | 12/60 [00:00<00:02, 18.62it/s]
 23%|██▎       | 14/60 [00:00<00:02, 18.85it/s]
 27%|██▋       | 16/60 [00:00<00:02, 19.16it/s]
 30%|███       | 18/60 [00:00<00:02, 19.23it/s]
 33%|███▎      | 20/60 [00:01<00:02, 19.36it/s]
 37%|███▋      | 22/60 [00:01<00:01, 19.49it/s]
 42%|████▏     | 25/60 [00:01<00:01, 20.22it/s]
 47%|████▋     | 28/60 [00:01<00:01, 21.69it/s]
 52%|█████▏    | 31/60 [00:01<00:01, 22.00it/s]
 57%|█████▋    | 34/60 [00:01<00:01, 22.11it/s]
 62%|██████▏   | 37/60 [00:01<00:01, 21.43it/s]
 67%|██████▋   | 40/60 [00:02<00:00, 20.59it/s]
 72%|███████▏  | 43/60 [00:02<00:00, 19.93it/s]
 77%|███████▋  | 46/60 [00:02<00:00, 21.02it/s]
 82%|████████▏ | 49/60 [00:02<00:00, 21.64it/s]
 87%|████████▋ | 52/60 [00:02<00:00, 22.27it/s]
 92%|█████████▏| 55/60 [00:02<00:00, 21.83it/s]
 97%|█████████▋| 58/60 [00:02<00:00, 21.25it/s]
100%|██████████| 60/60 [00:02<00:00, 20.46it/s]
wandb: WARNING `fps` argument does not affect the frame rate of the video when providing a file path or raw bytes.
159252480: reward=8.380
162529280: mean episode reward=7.158
182845440: mean episode reward=9.290
203161600: mean episode reward=9.347

  0%|          | 0/60 [00:00<?, ?it/s]
  3%|▎         | 2/60 [00:00<00:03, 15.38it/s]
  8%|▊         | 5/60 [00:00<00:03, 18.02it/s]
 13%|█▎        | 8/60 [00:00<00:02, 19.37it/s]
 18%|█▊        | 11/60 [00:00<00:02, 20.43it/s]
 23%|██▎       | 14/60 [00:00<00:02, 21.16it/s]
 28%|██▊       | 17/60 [00:00<00:02, 21.34it/s]
 33%|███▎      | 20/60 [00:00<00:01, 22.40it/s]
 38%|███▊      | 23/60 [00:01<00:01, 23.06it/s]
 43%|████▎     | 26/60 [00:01<00:01, 23.87it/s]
 48%|████▊     | 29/60 [00:01<00:01, 23.44it/s]
 53%|█████▎    | 32/60 [00:01<00:01, 23.59it/s]
 58%|█████▊    | 35/60 [00:01<00:01, 24.70it/s]
 63%|██████▎   | 38/60 [00:01<00:00, 24.81it/s]
 68%|██████▊   | 41/60 [00:01<00:00, 24.88it/s]
 73%|███████▎  | 44/60 [00:01<00:00, 25.01it/s]
 78%|███████▊  | 47/60 [00:02<00:00, 25.58it/s]
 83%|████████▎ | 50/60 [00:02<00:00, 25.32it/s]
 88%|████████▊ | 53/60 [00:02<00:00, 25.14it/s]
 93%|█████████▎| 56/60 [00:02<00:00, 24.65it/s]
 98%|█████████▊| 59/60 [00:02<00:00, 24.82it/s]
100%|██████████| 60/60 [00:02<00:00, 23.47it/s]
wandb: WARNING `fps` argument does not affect the frame rate of the video when providing a file path or raw bytes.
212336640: reward=8.086
223477760: mean episode reward=7.844
243793920: mean episode reward=8.156
264110080: mean episode reward=9.580

  0%|          | 0/60 [00:00<?, ?it/s]
  3%|▎         | 2/60 [00:00<00:03, 16.77it/s]
  8%|▊         | 5/60 [00:00<00:02, 19.36it/s]
 13%|█▎        | 8/60 [00:00<00:02, 20.37it/s]
 18%|█▊        | 11/60 [00:00<00:02, 20.76it/s]
 23%|██▎       | 14/60 [00:00<00:02, 22.81it/s]
 28%|██▊       | 17/60 [00:00<00:01, 24.24it/s]
 33%|███▎      | 20/60 [00:00<00:01, 25.35it/s]
 38%|███▊      | 23/60 [00:00<00:01, 25.64it/s]
 43%|████▎     | 26/60 [00:01<00:01, 25.74it/s]
 48%|████▊     | 29/60 [00:01<00:01, 25.79it/s]
 53%|█████▎    | 32/60 [00:01<00:01, 25.91it/s]
 58%|█████▊    | 35/60 [00:01<00:00, 25.35it/s]
 63%|██████▎   | 38/60 [00:01<00:00, 24.97it/s]
 68%|██████▊   | 41/60 [00:01<00:00, 24.45it/s]
 73%|███████▎  | 44/60 [00:01<00:00, 24.29it/s]
 78%|███████▊  | 47/60 [00:01<00:00, 24.30it/s]
 83%|████████▎ | 50/60 [00:02<00:00, 24.39it/s]
 88%|████████▊ | 53/60 [00:02<00:00, 24.16it/s]
 93%|█████████▎| 56/60 [00:02<00:00, 23.93it/s]
 98%|█████████▊| 59/60 [00:02<00:00, 24.03it/s]
100%|██████████| 60/60 [00:02<00:00, 24.04it/s]
wandb: WARNING `fps` argument does not affect the frame rate of the video when providing a file path or raw bytes.
265420800: reward=8.707
284426240: mean episode reward=10.739
304742400: mean episode reward=10.230

  0%|          | 0/60 [00:00<?, ?it/s]
  3%|▎         | 2/60 [00:00<00:03, 16.59it/s]
  8%|▊         | 5/60 [00:00<00:02, 19.80it/s]
 12%|█▏        | 7/60 [00:00<00:02, 19.88it/s]
 15%|█▌        | 9/60 [00:00<00:02, 19.84it/s]
 20%|██        | 12/60 [00:00<00:02, 20.43it/s]
 25%|██▌       | 15/60 [00:00<00:02, 20.17it/s]
 30%|███       | 18/60 [00:00<00:01, 21.44it/s]
 35%|███▌      | 21/60 [00:01<00:01, 22.06it/s]
 40%|████      | 24/60 [00:01<00:01, 23.14it/s]
 45%|████▌     | 27/60 [00:01<00:01, 22.89it/s]
 50%|█████     | 30/60 [00:01<00:01, 23.05it/s]
 55%|█████▌    | 33/60 [00:01<00:01, 23.53it/s]
 60%|██████    | 36/60 [00:01<00:01, 23.73it/s]
 65%|██████▌   | 39/60 [00:01<00:00, 24.09it/s]
 70%|███████   | 42/60 [00:01<00:00, 24.39it/s]
 75%|███████▌  | 45/60 [00:01<00:00, 24.75it/s]
 80%|████████  | 48/60 [00:02<00:00, 24.43it/s]
 85%|████████▌ | 51/60 [00:02<00:00, 24.13it/s]
 90%|█████████ | 54/60 [00:02<00:00, 23.57it/s]
 95%|█████████▌| 57/60 [00:02<00:00, 23.19it/s]
100%|██████████| 60/60 [00:02<00:00, 23.37it/s]
100%|██████████| 60/60 [00:02<00:00, 22.77it/s]
wandb: WARNING `fps` argument does not affect the frame rate of the video when providing a file path or raw bytes.
318504960: reward=10.082
325058560: mean episode reward=10.979
345374720: mean episode reward=11.353
365690880: mean episode reward=10.428

  0%|          | 0/60 [00:00<?, ?it/s]
  3%|▎         | 2/60 [00:00<00:03, 17.42it/s]
  8%|▊         | 5/60 [00:00<00:02, 21.44it/s]
 13%|█▎        | 8/60 [00:00<00:02, 20.70it/s]
 18%|█▊        | 11/60 [00:00<00:02, 20.36it/s]
 23%|██▎       | 14/60 [00:00<00:02, 21.02it/s]
 28%|██▊       | 17/60 [00:00<00:02, 21.01it/s]
 33%|███▎      | 20/60 [00:00<00:01, 21.86it/s]
 38%|███▊      | 23/60 [00:01<00:01, 22.35it/s]
 43%|████▎     | 26/60 [00:01<00:01, 22.80it/s]
 48%|████▊     | 29/60 [00:01<00:01, 22.83it/s]
 53%|█████▎    | 32/60 [00:01<00:01, 22.29it/s]
 58%|█████▊    | 35/60 [00:01<00:01, 22.40it/s]
 63%|██████▎   | 38/60 [00:01<00:00, 22.64it/s]
 68%|██████▊   | 41/60 [00:01<00:00, 22.76it/s]
 73%|███████▎  | 44/60 [00:01<00:00, 23.43it/s]
 78%|███████▊  | 47/60 [00:02<00:00, 23.36it/s]
 83%|████████▎ | 50/60 [00:02<00:00, 23.21it/s]
 88%|████████▊ | 53/60 [00:02<00:00, 22.88it/s]
 93%|█████████▎| 56/60 [00:02<00:00, 22.74it/s]
 98%|█████████▊| 59/60 [00:02<00:00, 22.35it/s]
100%|██████████| 60/60 [00:02<00:00, 22.24it/s]
wandb: WARNING `fps` argument does not affect the frame rate of the video when providing a file path or raw bytes.
371589120: reward=10.917
386007040: mean episode reward=12.250
406323200: mean episode reward=11.041

  0%|          | 0/60 [00:00<?, ?it/s]
  3%|▎         | 2/60 [00:00<00:03, 17.10it/s]
  7%|▋         | 4/60 [00:00<00:03, 18.42it/s]
 10%|█         | 6/60 [00:00<00:02, 18.78it/s]
 13%|█▎        | 8/60 [00:00<00:02, 19.13it/s]
 18%|█▊        | 11/60 [00:00<00:02, 19.66it/s]
 22%|██▏       | 13/60 [00:00<00:02, 19.43it/s]
 25%|██▌       | 15/60 [00:00<00:02, 19.44it/s]
 30%|███       | 18/60 [00:00<00:02, 19.68it/s]
 33%|███▎      | 20/60 [00:01<00:02, 19.37it/s]
 38%|███▊      | 23/60 [00:01<00:01, 19.57it/s]
 43%|████▎     | 26/60 [00:01<00:01, 19.78it/s]
 47%|████▋     | 28/60 [00:01<00:01, 19.50it/s]
 52%|█████▏    | 31/60 [00:01<00:01, 19.86it/s]
 57%|█████▋    | 34/60 [00:01<00:01, 19.92it/s]
 60%|██████    | 36/60 [00:01<00:01, 19.87it/s]
 65%|██████▌   | 39/60 [00:01<00:00, 21.05it/s]
 70%|███████   | 42/60 [00:02<00:00, 22.32it/s]
 75%|███████▌  | 45/60 [00:02<00:00, 23.02it/s]
 80%|████████  | 48/60 [00:02<00:00, 23.21it/s]
 85%|████████▌ | 51/60 [00:02<00:00, 23.05it/s]
 90%|█████████ | 54/60 [00:02<00:00, 22.39it/s]
 95%|█████████▌| 57/60 [00:02<00:00, 21.64it/s]
100%|██████████| 60/60 [00:02<00:00, 21.28it/s]
100%|██████████| 60/60 [00:02<00:00, 20.66it/s]
wandb: WARNING `fps` argument does not affect the frame rate of the video when providing a file path or raw bytes.
424673280: reward=12.218
426639360: mean episode reward=12.981
446955520: mean episode reward=13.574
467271680: mean episode reward=12.108

  0%|          | 0/60 [00:00<?, ?it/s]
  3%|▎         | 2/60 [00:00<00:03, 18.95it/s]
  8%|▊         | 5/60 [00:00<00:02, 23.17it/s]
 13%|█▎        | 8/60 [00:00<00:02, 22.58it/s]
 18%|█▊        | 11/60 [00:00<00:02, 23.16it/s]
 23%|██▎       | 14/60 [00:00<00:01, 23.72it/s]
 28%|██▊       | 17/60 [00:00<00:01, 24.04it/s]
 33%|███▎      | 20/60 [00:00<00:01, 24.48it/s]
 38%|███▊      | 23/60 [00:00<00:01, 25.08it/s]
 43%|████▎     | 26/60 [00:01<00:01, 24.55it/s]
 48%|████▊     | 29/60 [00:01<00:01, 24.61it/s]
 53%|█████▎    | 32/60 [00:01<00:01, 24.26it/s]
 58%|█████▊    | 35/60 [00:01<00:01, 24.05it/s]
 63%|██████▎   | 38/60 [00:01<00:00, 23.17it/s]
 68%|██████▊   | 41/60 [00:01<00:00, 22.67it/s]
 73%|███████▎  | 44/60 [00:01<00:00, 23.15it/s]
 78%|███████▊  | 47/60 [00:01<00:00, 24.10it/s]
 83%|████████▎ | 50/60 [00:02<00:00, 24.03it/s]
 88%|████████▊ | 53/60 [00:02<00:00, 23.75it/s]
 93%|█████████▎| 56/60 [00:02<00:00, 23.30it/s]
 98%|█████████▊| 59/60 [00:02<00:00, 23.13it/s]
100%|██████████| 60/60 [00:02<00:00, 23.60it/s]
wandb: WARNING `fps` argument does not affect the frame rate of the video when providing a file path or raw bytes.
477757440: reward=14.180
487587840: mean episode reward=12.254
507904000: mean episode reward=12.706
528220160: mean episode reward=13.895

  0%|          | 0/60 [00:00<?, ?it/s]
  3%|▎         | 2/60 [00:00<00:03, 15.02it/s]
  8%|▊         | 5/60 [00:00<00:02, 19.14it/s]
 13%|█▎        | 8/60 [00:00<00:02, 20.44it/s]
 18%|█▊        | 11/60 [00:00<00:02, 20.95it/s]
 23%|██▎       | 14/60 [00:00<00:02, 21.56it/s]
 28%|██▊       | 17/60 [00:00<00:01, 22.38it/s]
 33%|███▎      | 20/60 [00:00<00:01, 23.02it/s]
 38%|███▊      | 23/60 [00:01<00:01, 24.26it/s]
 43%|████▎     | 26/60 [00:01<00:01, 24.46it/s]
 48%|████▊     | 29/60 [00:01<00:01, 24.80it/s]
 53%|█████▎    | 32/60 [00:01<00:01, 24.61it/s]
 58%|█████▊    | 35/60 [00:01<00:01, 24.22it/s]
 63%|██████▎   | 38/60 [00:01<00:00, 23.69it/s]
 68%|██████▊   | 41/60 [00:01<00:00, 23.19it/s]
 73%|███████▎  | 44/60 [00:01<00:00, 23.05it/s]
 78%|███████▊  | 47/60 [00:02<00:00, 23.23it/s]
 83%|████████▎ | 50/60 [00:02<00:00, 23.62it/s]
 88%|████████▊ | 53/60 [00:02<00:00, 23.83it/s]
 93%|█████████▎| 56/60 [00:02<00:00, 23.60it/s]
 98%|█████████▊| 59/60 [00:02<00:00, 23.55it/s]
100%|██████████| 60/60 [00:02<00:00, 23.09it/s]
wandb: WARNING `fps` argument does not affect the frame rate of the video when providing a file path or raw bytes.
530841600: reward=13.088
548536320: mean episode reward=13.932
568852480: mean episode reward=12.163

  0%|          | 0/60 [00:00<?, ?it/s]
  3%|▎         | 2/60 [00:00<00:03, 16.69it/s]
  8%|▊         | 5/60 [00:00<00:02, 20.40it/s]
 13%|█▎        | 8/60 [00:00<00:02, 20.96it/s]
 18%|█▊        | 11/60 [00:00<00:02, 21.64it/s]
 23%|██▎       | 14/60 [00:00<00:02, 22.73it/s]
 28%|██▊       | 17/60 [00:00<00:01, 23.62it/s]
 33%|███▎      | 20/60 [00:00<00:01, 24.11it/s]
 38%|███▊      | 23/60 [00:01<00:01, 24.02it/s]
 45%|████▌     | 27/60 [00:01<00:01, 26.15it/s]
 50%|█████     | 30/60 [00:01<00:01, 26.66it/s]
 55%|█████▌    | 33/60 [00:01<00:00, 27.01it/s]
 60%|██████    | 36/60 [00:01<00:00, 27.54it/s]
 65%|██████▌   | 39/60 [00:01<00:00, 27.33it/s]
 70%|███████   | 42/60 [00:01<00:00, 24.56it/s]
 75%|███████▌  | 45/60 [00:01<00:00, 24.07it/s]
 80%|████████  | 48/60 [00:01<00:00, 23.96it/s]
 85%|████████▌ | 51/60 [00:02<00:00, 23.91it/s]
 90%|█████████ | 54/60 [00:02<00:00, 24.39it/s]
 95%|█████████▌| 57/60 [00:02<00:00, 25.15it/s]
100%|██████████| 60/60 [00:02<00:00, 25.54it/s]
100%|██████████| 60/60 [00:02<00:00, 24.56it/s]
wandb: WARNING `fps` argument does not affect the frame rate of the video when providing a file path or raw bytes.
583925760: reward=14.395
589168640: mean episode reward=15.039
609484800: mean episode reward=13.416
629800960: mean episode reward=13.744

  0%|          | 0/60 [00:00<?, ?it/s]
  3%|▎         | 2/60 [00:00<00:03, 16.24it/s]
  8%|▊         | 5/60 [00:00<00:02, 20.26it/s]
 13%|█▎        | 8/60 [00:00<00:02, 21.03it/s]
 18%|█▊        | 11/60 [00:00<00:02, 21.87it/s]
 23%|██▎       | 14/60 [00:00<00:01, 23.39it/s]
 28%|██▊       | 17/60 [00:00<00:01, 24.61it/s]
 33%|███▎      | 20/60 [00:00<00:01, 25.60it/s]
 38%|███▊      | 23/60 [00:00<00:01, 25.98it/s]
 43%|████▎     | 26/60 [00:01<00:01, 26.11it/s]
 48%|████▊     | 29/60 [00:01<00:01, 26.35it/s]
 53%|█████▎    | 32/60 [00:01<00:01, 26.76it/s]
 58%|█████▊    | 35/60 [00:01<00:00, 26.48it/s]
 63%|██████▎   | 38/60 [00:01<00:00, 26.57it/s]
 68%|██████▊   | 41/60 [00:01<00:00, 25.91it/s]
 73%|███████▎  | 44/60 [00:01<00:00, 25.74it/s]
 78%|███████▊  | 47/60 [00:01<00:00, 26.11it/s]
 83%|████████▎ | 50/60 [00:01<00:00, 26.31it/s]
 88%|████████▊ | 53/60 [00:02<00:00, 26.97it/s]
 93%|█████████▎| 56/60 [00:02<00:00, 26.91it/s]
 98%|█████████▊| 59/60 [00:02<00:00, 26.66it/s]
100%|██████████| 60/60 [00:02<00:00, 25.37it/s]
wandb: WARNING `fps` argument does not affect the frame rate of the video when providing a file path or raw bytes.
637009920: reward=14.476
650117120: mean episode reward=14.584
670433280: mean episode reward=14.420

  0%|          | 0/60 [00:00<?, ?it/s]
  3%|▎         | 2/60 [00:00<00:03, 16.74it/s]
  8%|▊         | 5/60 [00:00<00:02, 20.75it/s]
 13%|█▎        | 8/60 [00:00<00:02, 21.58it/s]
 18%|█▊        | 11/60 [00:00<00:02, 21.84it/s]
 23%|██▎       | 14/60 [00:00<00:02, 22.19it/s]
 28%|██▊       | 17/60 [00:00<00:01, 23.85it/s]
 33%|███▎      | 20/60 [00:00<00:01, 24.52it/s]
 38%|███▊      | 23/60 [00:00<00:01, 25.05it/s]
 43%|████▎     | 26/60 [00:01<00:01, 25.77it/s]
 48%|████▊     | 29/60 [00:01<00:01, 25.80it/s]
 53%|█████▎    | 32/60 [00:01<00:01, 26.93it/s]
 58%|█████▊    | 35/60 [00:01<00:00, 27.25it/s]
 63%|██████▎   | 38/60 [00:01<00:00, 27.17it/s]
 68%|██████▊   | 41/60 [00:01<00:00, 26.94it/s]
 73%|███████▎  | 44/60 [00:01<00:00, 26.94it/s]
 78%|███████▊  | 47/60 [00:01<00:00, 27.01it/s]
 83%|████████▎ | 50/60 [00:01<00:00, 26.95it/s]
 88%|████████▊ | 53/60 [00:02<00:00, 26.53it/s]
 93%|█████████▎| 56/60 [00:02<00:00, 26.70it/s]
 98%|█████████▊| 59/60 [00:02<00:00, 26.74it/s]
100%|██████████| 60/60 [00:02<00:00, 25.49it/s]
wandb: WARNING `fps` argument does not affect the frame rate of the video when providing a file path or raw bytes.
690094080: reward=15.096
690749440: mean episode reward=13.610
711065600: mean episode reward=15.479
731381760: mean episode reward=15.837

  0%|          | 0/60 [00:00<?, ?it/s]
  3%|▎         | 2/60 [00:00<00:03, 15.34it/s]
  7%|▋         | 4/60 [00:00<00:03, 17.38it/s]
 10%|█         | 6/60 [00:00<00:03, 17.87it/s]
 13%|█▎        | 8/60 [00:00<00:02, 18.35it/s]
 17%|█▋        | 10/60 [00:00<00:02, 18.86it/s]
 22%|██▏       | 13/60 [00:00<00:02, 19.75it/s]
 27%|██▋       | 16/60 [00:00<00:02, 21.41it/s]
 32%|███▏      | 19/60 [00:00<00:01, 22.62it/s]
 37%|███▋      | 22/60 [00:01<00:01, 23.35it/s]
 42%|████▏     | 25/60 [00:01<00:01, 24.17it/s]
 47%|████▋     | 28/60 [00:01<00:01, 24.88it/s]
 52%|█████▏    | 31/60 [00:01<00:01, 24.94it/s]
 57%|█████▋    | 34/60 [00:01<00:01, 23.91it/s]
 62%|██████▏   | 37/60 [00:01<00:00, 23.71it/s]
 67%|██████▋   | 40/60 [00:01<00:00, 23.36it/s]
 72%|███████▏  | 43/60 [00:01<00:00, 23.02it/s]
 77%|███████▋  | 46/60 [00:02<00:00, 23.14it/s]
 82%|████████▏ | 49/60 [00:02<00:00, 22.89it/s]
 87%|████████▋ | 52/60 [00:02<00:00, 23.17it/s]
 92%|█████████▏| 55/60 [00:02<00:00, 23.12it/s]
 97%|█████████▋| 58/60 [00:02<00:00, 22.86it/s]
100%|██████████| 60/60 [00:02<00:00, 22.41it/s]
wandb: WARNING `fps` argument does not affect the frame rate of the video when providing a file path or raw bytes.
743178240: reward=16.529
751697920: mean episode reward=15.322
772014080: mean episode reward=15.140
792330240: mean episode reward=15.766

  0%|          | 0/60 [00:00<?, ?it/s]
  3%|▎         | 2/60 [00:00<00:03, 16.21it/s]
  8%|▊         | 5/60 [00:00<00:02, 20.18it/s]
 13%|█▎        | 8/60 [00:00<00:02, 22.38it/s]
 18%|█▊        | 11/60 [00:00<00:02, 23.07it/s]
 23%|██▎       | 14/60 [00:00<00:01, 24.16it/s]
 28%|██▊       | 17/60 [00:00<00:01, 24.52it/s]
 33%|███▎      | 20/60 [00:00<00:01, 25.69it/s]
 38%|███▊      | 23/60 [00:00<00:01, 25.74it/s]
 43%|████▎     | 26/60 [00:01<00:01, 26.84it/s]
 48%|████▊     | 29/60 [00:01<00:01, 27.18it/s]
 53%|█████▎    | 32/60 [00:01<00:01, 27.58it/s]
 58%|█████▊    | 35/60 [00:01<00:00, 27.83it/s]
 63%|██████▎   | 38/60 [00:01<00:00, 27.82it/s]
 68%|██████▊   | 41/60 [00:01<00:00, 27.30it/s]
 73%|███████▎  | 44/60 [00:01<00:00, 27.53it/s]
 78%|███████▊  | 47/60 [00:01<00:00, 27.79it/s]
 85%|████████▌ | 51/60 [00:01<00:00, 28.55it/s]
 90%|█████████ | 54/60 [00:02<00:00, 28.44it/s]
 95%|█████████▌| 57/60 [00:02<00:00, 28.55it/s]
100%|██████████| 60/60 [00:02<00:00, 28.57it/s]
100%|██████████| 60/60 [00:02<00:00, 26.59it/s]
wandb: WARNING `fps` argument does not affect the frame rate of the video when providing a file path or raw bytes.
796262400: reward=16.113
812646400: mean episode reward=15.339
832962560: mean episode reward=13.522

  0%|          | 0/60 [00:00<?, ?it/s]
  3%|▎         | 2/60 [00:00<00:03, 14.95it/s]
  8%|▊         | 5/60 [00:00<00:02, 19.01it/s]
 13%|█▎        | 8/60 [00:00<00:02, 20.52it/s]
 18%|█▊        | 11/60 [00:00<00:02, 21.79it/s]
 23%|██▎       | 14/60 [00:00<00:02, 22.08it/s]
 28%|██▊       | 17/60 [00:00<00:01, 23.39it/s]
 33%|███▎      | 20/60 [00:00<00:01, 23.40it/s]
 38%|███▊      | 23/60 [00:01<00:01, 23.46it/s]
 43%|████▎     | 26/60 [00:01<00:01, 23.33it/s]
 48%|████▊     | 29/60 [00:01<00:01, 22.75it/s]
 53%|█████▎    | 32/60 [00:01<00:01, 22.19it/s]
 58%|█████▊    | 35/60 [00:01<00:01, 21.99it/s]
 63%|██████▎   | 38/60 [00:01<00:01, 21.47it/s]
 68%|██████▊   | 41/60 [00:01<00:00, 21.36it/s]
 73%|███████▎  | 44/60 [00:02<00:00, 21.05it/s]
 78%|███████▊  | 47/60 [00:02<00:00, 20.78it/s]
 83%|████████▎ | 50/60 [00:02<00:00, 21.11it/s]
 88%|████████▊ | 53/60 [00:02<00:00, 20.59it/s]
 93%|█████████▎| 56/60 [00:02<00:00, 20.64it/s]
 98%|█████████▊| 59/60 [00:02<00:00, 21.20it/s]
100%|██████████| 60/60 [00:02<00:00, 21.53it/s]
wandb: WARNING `fps` argument does not affect the frame rate of the video when providing a file path or raw bytes.
849346560: reward=14.746
853278720: mean episode reward=15.873
873594880: mean episode reward=16.891
893911040: mean episode reward=16.227

  0%|          | 0/60 [00:00<?, ?it/s]
  3%|▎         | 2/60 [00:00<00:03, 16.26it/s]
  8%|▊         | 5/60 [00:00<00:02, 20.18it/s]
 13%|█▎        | 8/60 [00:00<00:02, 19.77it/s]
 18%|█▊        | 11/60 [00:00<00:02, 20.85it/s]
 23%|██▎       | 14/60 [00:00<00:02, 21.17it/s]
 28%|██▊       | 17/60 [00:00<00:02, 21.18it/s]
 33%|███▎      | 20/60 [00:00<00:01, 21.60it/s]
 38%|███▊      | 23/60 [00:01<00:01, 21.20it/s]
 43%|████▎     | 26/60 [00:01<00:01, 21.20it/s]
 48%|████▊     | 29/60 [00:01<00:01, 22.23it/s]
 53%|█████▎    | 32/60 [00:01<00:01, 22.10it/s]
 58%|█████▊    | 35/60 [00:01<00:01, 21.70it/s]
 63%|██████▎   | 38/60 [00:01<00:01, 20.83it/s]
 68%|██████▊   | 41/60 [00:01<00:00, 21.40it/s]
 73%|███████▎  | 44/60 [00:02<00:00, 21.19it/s]
 78%|███████▊  | 47/60 [00:02<00:00, 21.23it/s]
 83%|████████▎ | 50/60 [00:02<00:00, 21.17it/s]
 88%|████████▊ | 53/60 [00:02<00:00, 20.75it/s]
 93%|█████████▎| 56/60 [00:02<00:00, 20.84it/s]
 98%|█████████▊| 59/60 [00:02<00:00, 20.40it/s]
100%|██████████| 60/60 [00:02<00:00, 21.03it/s]
wandb: WARNING `fps` argument does not affect the frame rate of the video when providing a file path or raw bytes.
902430720: reward=15.989
914227200: mean episode reward=16.438
934543360: mean episode reward=16.157
954859520: mean episode reward=16.286

  0%|          | 0/60 [00:00<?, ?it/s]
  3%|▎         | 2/60 [00:00<00:03, 15.90it/s]
  8%|▊         | 5/60 [00:00<00:02, 18.98it/s]
 13%|█▎        | 8/60 [00:00<00:02, 19.92it/s]
 18%|█▊        | 11/60 [00:00<00:02, 20.05it/s]
 23%|██▎       | 14/60 [00:00<00:02, 20.17it/s]
 28%|██▊       | 17/60 [00:00<00:02, 20.57it/s]
 33%|███▎      | 20/60 [00:00<00:01, 20.60it/s]
 38%|███▊      | 23/60 [00:01<00:01, 20.79it/s]
 43%|████▎     | 26/60 [00:01<00:01, 20.80it/s]
 48%|████▊     | 29/60 [00:01<00:01, 21.08it/s]
 53%|█████▎    | 32/60 [00:01<00:01, 21.11it/s]
 58%|█████▊    | 35/60 [00:01<00:01, 21.17it/s]
 63%|██████▎   | 38/60 [00:01<00:01, 20.86it/s]
 68%|██████▊   | 41/60 [00:01<00:00, 20.83it/s]
 73%|███████▎  | 44/60 [00:02<00:00, 21.23it/s]
 78%|███████▊  | 47/60 [00:02<00:00, 21.55it/s]
 83%|████████▎ | 50/60 [00:02<00:00, 21.50it/s]
 88%|████████▊ | 53/60 [00:02<00:00, 21.56it/s]
 93%|█████████▎| 56/60 [00:02<00:00, 22.00it/s]
 98%|█████████▊| 59/60 [00:02<00:00, 22.84it/s]
100%|██████████| 60/60 [00:02<00:00, 21.16it/s]
wandb: WARNING `fps` argument does not affect the frame rate of the video when providing a file path or raw bytes.
955514880: reward=15.704
975175680: mean episode reward=16.162
995491840: mean episode reward=16.975

  0%|          | 0/60 [00:00<?, ?it/s]
  3%|▎         | 2/60 [00:00<00:03, 16.89it/s]
  8%|▊         | 5/60 [00:00<00:02, 21.80it/s]
 13%|█▎        | 8/60 [00:00<00:02, 22.98it/s]
 18%|█▊        | 11/60 [00:00<00:02, 23.13it/s]
 23%|██▎       | 14/60 [00:00<00:01, 23.84it/s]
 28%|██▊       | 17/60 [00:00<00:01, 24.17it/s]
 33%|███▎      | 20/60 [00:00<00:01, 23.56it/s]
 38%|███▊      | 23/60 [00:00<00:01, 23.41it/s]
 43%|████▎     | 26/60 [00:01<00:01, 22.85it/s]
 48%|████▊     | 29/60 [00:01<00:01, 22.29it/s]
 53%|█████▎    | 32/60 [00:01<00:01, 22.43it/s]
 58%|█████▊    | 35/60 [00:01<00:01, 22.46it/s]
 63%|██████▎   | 38/60 [00:01<00:00, 22.08it/s]
 68%|██████▊   | 41/60 [00:01<00:00, 22.50it/s]
 73%|███████▎  | 44/60 [00:01<00:00, 22.67it/s]
 78%|███████▊  | 47/60 [00:02<00:00, 22.11it/s]
 83%|████████▎ | 50/60 [00:02<00:00, 22.69it/s]
 88%|████████▊ | 53/60 [00:02<00:00, 23.07it/s]
 93%|█████████▎| 56/60 [00:02<00:00, 23.70it/s]
 98%|█████████▊| 59/60 [00:02<00:00, 23.70it/s]
100%|██████████| 60/60 [00:02<00:00, 22.96it/s]
wandb: WARNING `fps` argument does not affect the frame rate of the video when providing a file path or raw bytes.
1008599040: reward=16.635
Done training.
Time to JIT compile: 22.27650048583746
Time to train: 6680.173424206674
Starting inference...
FPS for rendering: 10.0

  0%|          | 0/500 [00:00<?, ?it/s]
  0%|          | 2/500 [00:00<00:32, 15.30it/s]
  1%|          | 4/500 [00:00<00:28, 17.65it/s]
  1%|▏         | 7/500 [00:00<00:25, 19.54it/s]
  2%|▏         | 10/500 [00:00<00:23, 21.01it/s]
  3%|▎         | 13/500 [00:00<00:22, 21.63it/s]
  3%|▎         | 16/500 [00:00<00:21, 22.23it/s]
  4%|▍         | 19/500 [00:00<00:21, 22.62it/s]
  4%|▍         | 22/500 [00:01<00:21, 22.43it/s]
  5%|▌         | 25/500 [00:01<00:20, 23.26it/s]
  6%|▌         | 28/500 [00:01<00:19, 23.90it/s]
  6%|▌         | 31/500 [00:01<00:19, 24.32it/s]
  7%|▋         | 34/500 [00:01<00:19, 24.50it/s]
  7%|▋         | 37/500 [00:01<00:19, 24.19it/s]
  8%|▊         | 40/500 [00:01<00:19, 23.62it/s]
  9%|▊         | 43/500 [00:01<00:19, 23.30it/s]
  9%|▉         | 46/500 [00:02<00:19, 22.97it/s]
 10%|▉         | 49/500 [00:02<00:19, 23.24it/s]
 10%|█         | 52/500 [00:02<00:18, 23.59it/s]
 11%|█         | 55/500 [00:02<00:18, 23.43it/s]
 12%|█▏        | 58/500 [00:02<00:18, 23.30it/s]
 12%|█▏        | 61/500 [00:02<00:19, 22.93it/s]
 13%|█▎        | 64/500 [00:02<00:19, 22.89it/s]
 13%|█▎        | 67/500 [00:02<00:19, 22.36it/s]
 14%|█▍        | 70/500 [00:03<00:19, 22.36it/s]
 15%|█▍        | 73/500 [00:03<00:19, 22.41it/s]
 15%|█▌        | 76/500 [00:03<00:19, 22.27it/s]
 16%|█▌        | 79/500 [00:03<00:18, 22.49it/s]
 16%|█▋        | 82/500 [00:03<00:18, 22.60it/s]
 17%|█▋        | 85/500 [00:03<00:18, 22.48it/s]
 18%|█▊        | 88/500 [00:03<00:18, 22.70it/s]
 18%|█▊        | 91/500 [00:04<00:18, 22.48it/s]
 19%|█▉        | 94/500 [00:04<00:18, 22.42it/s]
 19%|█▉        | 97/500 [00:04<00:17, 22.58it/s]
 20%|██        | 100/500 [00:04<00:17, 22.60it/s]
 21%|██        | 103/500 [00:04<00:17, 22.72it/s]
 21%|██        | 106/500 [00:04<00:17, 22.99it/s]
 22%|██▏       | 109/500 [00:04<00:16, 23.16it/s]
 22%|██▏       | 112/500 [00:04<00:17, 22.71it/s]
 23%|██▎       | 115/500 [00:05<00:16, 23.15it/s]
 24%|██▎       | 118/500 [00:05<00:16, 22.77it/s]
 24%|██▍       | 121/500 [00:05<00:16, 23.02it/s]
 25%|██▍       | 124/500 [00:05<00:16, 23.21it/s]
 25%|██▌       | 127/500 [00:05<00:15, 23.48it/s]
 26%|██▌       | 130/500 [00:05<00:15, 23.52it/s]
 27%|██▋       | 133/500 [00:05<00:15, 23.22it/s]
 27%|██▋       | 136/500 [00:05<00:15, 23.25it/s]
 28%|██▊       | 139/500 [00:06<00:15, 23.65it/s]
 28%|██▊       | 142/500 [00:06<00:15, 23.22it/s]
 29%|██▉       | 145/500 [00:06<00:15, 23.22it/s]
 30%|██▉       | 148/500 [00:06<00:14, 23.62it/s]
 30%|███       | 151/500 [00:06<00:14, 24.04it/s]
 31%|███       | 154/500 [00:06<00:14, 23.91it/s]
 31%|███▏      | 157/500 [00:06<00:14, 23.33it/s]
 32%|███▏      | 160/500 [00:07<00:15, 22.23it/s]
 33%|███▎      | 163/500 [00:07<00:15, 22.17it/s]
 33%|███▎      | 166/500 [00:07<00:15, 22.02it/s]
 34%|███▍      | 169/500 [00:07<00:15, 21.40it/s]
 34%|███▍      | 172/500 [00:07<00:15, 21.40it/s]
 35%|███▌      | 175/500 [00:07<00:15, 21.31it/s]
 36%|███▌      | 178/500 [00:07<00:15, 21.00it/s]
 36%|███▌      | 181/500 [00:08<00:15, 20.74it/s]
 37%|███▋      | 184/500 [00:08<00:15, 20.56it/s]
 37%|███▋      | 187/500 [00:08<00:15, 20.77it/s]
 38%|███▊      | 190/500 [00:08<00:14, 20.89it/s]
 39%|███▊      | 193/500 [00:08<00:14, 20.99it/s]
 39%|███▉      | 196/500 [00:08<00:14, 20.78it/s]
 40%|███▉      | 199/500 [00:08<00:14, 20.84it/s]
 40%|████      | 202/500 [00:09<00:14, 21.20it/s]
 41%|████      | 205/500 [00:09<00:14, 20.86it/s]
 42%|████▏     | 208/500 [00:09<00:13, 20.93it/s]
 42%|████▏     | 211/500 [00:09<00:13, 21.03it/s]
 43%|████▎     | 214/500 [00:09<00:13, 20.97it/s]
 43%|████▎     | 217/500 [00:09<00:13, 21.12it/s]
 44%|████▍     | 220/500 [00:09<00:13, 21.11it/s]
 45%|████▍     | 223/500 [00:10<00:13, 20.77it/s]
 45%|████▌     | 226/500 [00:10<00:13, 20.31it/s]
 46%|████▌     | 229/500 [00:10<00:13, 20.12it/s]
 46%|████▋     | 232/500 [00:10<00:13, 20.23it/s]
 47%|████▋     | 235/500 [00:10<00:13, 20.27it/s]
 48%|████▊     | 238/500 [00:10<00:12, 20.23it/s]
 48%|████▊     | 241/500 [00:10<00:12, 20.14it/s]
 49%|████▉     | 244/500 [00:11<00:12, 20.25it/s]
 49%|████▉     | 247/500 [00:11<00:12, 20.49it/s]
 50%|█████     | 250/500 [00:11<00:11, 21.11it/s]
 51%|█████     | 253/500 [00:11<00:11, 21.35it/s]
 51%|█████     | 256/500 [00:11<00:11, 21.46it/s]
 52%|█████▏    | 259/500 [00:11<00:11, 21.57it/s]
 52%|█████▏    | 262/500 [00:11<00:11, 21.61it/s]
 53%|█████▎    | 265/500 [00:12<00:10, 21.46it/s]
 54%|█████▎    | 268/500 [00:12<00:11, 21.09it/s]
 54%|█████▍    | 271/500 [00:12<00:10, 21.11it/s]
 55%|█████▍    | 274/500 [00:12<00:10, 21.25it/s]
 55%|█████▌    | 277/500 [00:12<00:10, 21.30it/s]
 56%|█████▌    | 280/500 [00:12<00:10, 21.73it/s]
 57%|█████▋    | 283/500 [00:12<00:10, 21.50it/s]
 57%|█████▋    | 286/500 [00:13<00:10, 21.33it/s]
 58%|█████▊    | 289/500 [00:13<00:09, 21.93it/s]
 58%|█████▊    | 292/500 [00:13<00:09, 22.51it/s]
 59%|█████▉    | 295/500 [00:13<00:08, 22.78it/s]
 60%|█████▉    | 298/500 [00:13<00:09, 22.43it/s]
 60%|██████    | 301/500 [00:13<00:08, 22.42it/s]
 61%|██████    | 304/500 [00:13<00:08, 22.03it/s]
 61%|██████▏   | 307/500 [00:13<00:08, 21.74it/s]
 62%|██████▏   | 310/500 [00:14<00:08, 21.28it/s]
 63%|██████▎   | 313/500 [00:14<00:08, 21.40it/s]
 63%|██████▎   | 316/500 [00:14<00:08, 20.94it/s]
 64%|██████▍   | 319/500 [00:14<00:08, 20.87it/s]
 64%|██████▍   | 322/500 [00:14<00:08, 20.95it/s]
 65%|██████▌   | 325/500 [00:14<00:08, 20.87it/s]
 66%|██████▌   | 328/500 [00:14<00:08, 21.16it/s]
 66%|██████▌   | 331/500 [00:15<00:07, 21.48it/s]
 67%|██████▋   | 334/500 [00:15<00:07, 21.54it/s]
 67%|██████▋   | 337/500 [00:15<00:07, 21.20it/s]
 68%|██████▊   | 340/500 [00:15<00:07, 21.90it/s]
 69%|██████▊   | 343/500 [00:15<00:07, 21.57it/s]
 69%|██████▉   | 346/500 [00:15<00:07, 21.52it/s]
 70%|██████▉   | 349/500 [00:15<00:06, 21.84it/s]
 70%|███████   | 352/500 [00:16<00:06, 21.75it/s]
 71%|███████   | 355/500 [00:16<00:06, 21.74it/s]
 72%|███████▏  | 358/500 [00:16<00:06, 21.92it/s]
 72%|███████▏  | 361/500 [00:16<00:06, 22.96it/s]
 73%|███████▎  | 364/500 [00:16<00:05, 22.83it/s]
 73%|███████▎  | 367/500 [00:16<00:05, 22.57it/s]
 74%|███████▍  | 370/500 [00:16<00:05, 22.19it/s]
 75%|███████▍  | 373/500 [00:16<00:05, 21.88it/s]
 75%|███████▌  | 376/500 [00:17<00:05, 22.22it/s]
 76%|███████▌  | 379/500 [00:17<00:05, 22.20it/s]
 76%|███████▋  | 382/500 [00:17<00:05, 22.03it/s]
 77%|███████▋  | 385/500 [00:17<00:05, 21.48it/s]
 78%|███████▊  | 388/500 [00:17<00:05, 21.37it/s]
 78%|███████▊  | 391/500 [00:17<00:05, 21.48it/s]
 79%|███████▉  | 394/500 [00:17<00:04, 21.26it/s]
 79%|███████▉  | 397/500 [00:18<00:04, 21.17it/s]
 80%|████████  | 400/500 [00:18<00:04, 21.41it/s]
 81%|████████  | 403/500 [00:18<00:04, 21.39it/s]
 81%|████████  | 406/500 [00:18<00:04, 21.47it/s]
 82%|████████▏ | 409/500 [00:18<00:04, 21.47it/s]
 82%|████████▏ | 412/500 [00:18<00:04, 21.59it/s]
 83%|████████▎ | 415/500 [00:18<00:03, 21.82it/s]
 84%|████████▎ | 418/500 [00:19<00:03, 22.08it/s]
 84%|████████▍ | 421/500 [00:19<00:03, 22.04it/s]
 85%|████████▍ | 424/500 [00:19<00:03, 21.82it/s]
 85%|████████▌ | 427/500 [00:19<00:03, 21.80it/s]
 86%|████████▌ | 430/500 [00:19<00:03, 21.83it/s]
 87%|████████▋ | 433/500 [00:19<00:03, 21.75it/s]
 87%|████████▋ | 436/500 [00:19<00:02, 21.76it/s]
 88%|████████▊ | 439/500 [00:20<00:02, 21.69it/s]
 88%|████████▊ | 442/500 [00:20<00:02, 21.66it/s]
 89%|████████▉ | 445/500 [00:20<00:02, 21.75it/s]
 90%|████████▉ | 448/500 [00:20<00:02, 21.65it/s]
 90%|█████████ | 451/500 [00:20<00:02, 21.40it/s]
 91%|█████████ | 454/500 [00:20<00:02, 21.34it/s]
 91%|█████████▏| 457/500 [00:20<00:01, 21.63it/s]
 92%|█████████▏| 460/500 [00:21<00:01, 21.51it/s]
 93%|█████████▎| 463/500 [00:21<00:01, 21.46it/s]
 93%|█████████▎| 466/500 [00:21<00:01, 21.49it/s]
 94%|█████████▍| 469/500 [00:21<00:01, 21.41it/s]
 94%|█████████▍| 472/500 [00:21<00:01, 21.41it/s]
 95%|█████████▌| 475/500 [00:21<00:01, 21.27it/s]
 96%|█████████▌| 478/500 [00:21<00:01, 21.29it/s]
 96%|█████████▌| 481/500 [00:22<00:00, 20.97it/s]
 97%|█████████▋| 484/500 [00:22<00:00, 21.18it/s]
 97%|█████████▋| 487/500 [00:22<00:00, 21.38it/s]
 98%|█████████▊| 490/500 [00:22<00:00, 20.80it/s]
 99%|█████████▊| 493/500 [00:22<00:00, 20.73it/s]
 99%|█████████▉| 496/500 [00:22<00:00, 20.81it/s]
100%|█████████▉| 499/500 [00:22<00:00, 20.65it/s]
100%|██████████| 500/500 [00:22<00:00, 21.81it/s]
Rollout video saved as 'rollout0.mp4'.
[1;34mwandb[0m: 
[1;34mwandb[0m: 🚀 View run [33mTesolloDownwardsRotateZ-20260626-091328-downwardsrotatez_sb_propriotarget_s2[0m at: [34mhttps://wandb.ai/nikolastaykov/mjxrl/runs/kfg3ffrp[0m
[1;34mwandb[0m: Find logs at: [1;35mwandb/run-20260626_091328-kfg3ffrp/logs[0m
