Warp 1.12.1 initialized:
   CUDA Toolkit 12.9, Driver 12.5
   Devices:
     "cpu"      : "x86_64"
     "cuda:0"   : "NVIDIA GeForce RTX 4090" (24 GiB, sm_89, mempool enabled)
   Kernel cache:
     /home/nstaykov/.cache/warp/1.12.1
Warp DeprecationWarning: The symbol `warp.types.warp_type_to_np_dtype` will soon be removed from the public API. It can still be accessed from `warp._src.types.warp_type_to_np_dtype` but might be changed or removed without notice.
/local/home/nstaykov/workspace/mujoco_playground/mujoco_playground/_src/manipulation/tesollo_hand/obs.py:161: UserWarning: obs_noise.scales has keys not in active obs spec: {'motor_targets'}
  warnings.warn(
Environment Config:
action_mode: absolute
action_repeat: 1
action_scale: 0.5
constrain_wrist_translation: false
ctrl_dt: 0.05
curriculum:
  band_width: 0.08726646259971647
  enable: false
  promote_after: 5
  success_count_threshold: 70
ema_alpha: 0.2
episode_length: 120
impl: warp
kp_scale: 1.0
max_target_angle: 2.0943951023931953
nconmax: 1638400
njmax: 2200
obs_noise:
  level: 1.0
  scales:
    goal_quat: 0.0
    joint_pos: 0.0
    joint_vel: 0.0
    motor_targets: 0.0
ori_tolerance_rad: 0.05235987755982988
pert_config:
  angular_velocity_pert:
  - 0.0
  - 0.5
  enable: false
  linear_velocity_pert:
  - 0.0
  - 3.0
  pert_duration_steps:
  - 1
  - 100
  pert_wait_steps:
  - 60
  - 150
reward_config:
  ori_reward_margin_rad: 0.5235987755982988
  scales:
    action_rate: -0.5
    cube_on_floor: -0.5
    cube_ori: 2.0
    fingertip_pos: 1.5
    joint_vel: -0.002
    wrist_vel: -0.02
  success_reward: 2.0
scene:
  cube_mass: 0.108
sensor_bundle: baseline
sim_dt: 0.01
target_hold_time: 0.05

PPO Training Parameters:
action_repeat: 1
batch_size: 256
discounting: 0.99
entropy_cost: 0.005
episode_length: 120
learning_rate: 0.0001
log_training_metrics: true
network_factory:
  policy_hidden_layer_sizes: &id001 !!python/tuple
  - 512
  - 256
  - 128
  policy_obs_key: state
  value_hidden_layer_sizes: *id001
  value_obs_key: privileged_state
normalize_observations: true
num_envs: 8192
num_evals: 20
num_minibatches: 64
num_resets_per_eval: 0
num_timesteps: 1000000000
num_updates_per_batch: 4
reward_scaling: 1.0
training_metrics_steps: 20000000
unroll_length: 40

CLI overrides: {
  "env_name": "TesolloDownwardsRotateZ",
  "suffix": "downwardsrotatez_sb_baseline_s1",
  "use_wandb": true,
  "log_video_to_wandb": true,
  "seed": 1,
  "num_timesteps": 1000000000,
  "num_envs": 8192,
  "log_training_metrics": true,
  "training_metrics_steps": 20000000,
  "env_overrides_file": "logs/_queue/downwards_sensor_sweep_120-20260625-124815/run-04-TesolloDownwardsRotateZ-downwardsrotatez_sb_baseline_s1-overrides.yaml"
}
Experiment name: TesolloDownwardsRotateZ-20260625-201219-downwardsrotatez_sb_baseline_s1
Logs are being stored in: /local/home/nstaykov/workspace/mujoco_playground/logs/TesolloDownwardsRotateZ-20260625-201219-downwardsrotatez_sb_baseline_s1
wandb: [wandb.login()] Loaded credentials for https://api.wandb.ai from WANDB_API_KEY.
wandb: Currently logged in as: nstaykov (nikolastaykov) to https://api.wandb.ai. Use `wandb login --relogin` to force relogin
wandb: setting up run ymvf7x9u
wandb: Tracking run with wandb version 0.26.1
wandb: Run data is saved locally in /local/home/nstaykov/workspace/mujoco_playground/wandb/run-20260625_201219-ymvf7x9u
wandb: Run `wandb offline` to turn off syncing.
wandb: Syncing run TesolloDownwardsRotateZ-20260625-201219-downwardsrotatez_sb_baseline_s1
wandb: ⭐️ View project at https://wandb.ai/nikolastaykov/mjxrl
wandb: 🚀 View run at https://wandb.ai/nikolastaykov/mjxrl/runs/ymvf7x9u
No checkpoint path provided, not restoring from checkpoint
Checkpoint path: /local/home/nstaykov/workspace/mujoco_playground/logs/TesolloDownwardsRotateZ-20260625-201219-downwardsrotatez_sb_baseline_s1/checkpoints
/local/home/nstaykov/workspace/mujoco_playground/mujoco_playground/_src/manipulation/tesollo_hand/obs.py:161: UserWarning: obs_noise.scales has keys not in active obs spec: {'motor_targets'}
  warnings.warn(
Module mujoco.mjx.warp.ffi 98d2031 load on device 'cuda:0' took 0.37 ms  (cached)
Module mujoco.mjx.third_party.mujoco_warp._src.smooth 26bbc02 load on device 'cuda:0' took 6.38 ms  (cached)
Module mujoco.mjx.third_party.mujoco_warp._src.collision_driver 88f7770 load on device 'cuda:0' took 0.32 ms  (cached)
Module _nxn_broadphase__locals__kernel_c763f4cb c763f4c load on device 'cuda:0' took 0.29 ms  (cached)
Module _primitive_narrowphase__locals__primitive_narrowphase_072e9f5e 072e9f5 load on device 'cuda:0' took 0.46 ms  (cached)
Module mujoco.mjx.third_party.mujoco_warp._src.constraint c567367 load on device 'cuda:0' took 0.52 ms  (cached)
Module mujoco.mjx.third_party.mujoco_warp._src.sensor 18a78e5 load on device 'cuda:0' took 0.53 ms  (cached)
Module mujoco.mjx.third_party.mujoco_warp._src.forward 16fbac8 load on device 'cuda:0' took 0.43 ms  (cached)
Module mujoco.mjx.third_party.mujoco_warp._src.passive 8bfe11c load on device 'cuda:0' took 0.33 ms  (cached)
Module mujoco.mjx.third_party.mujoco_warp._src.forward 8f5355c load on device 'cuda:0' took 0.40 ms  (cached)
Module mujoco.mjx.third_party.mujoco_warp._src.support dd3f924 load on device 'cuda:0' took 0.27 ms  (cached)
Module _tile_cholesky_factorize_solve__locals__cholesky_factorize_solve_98799697 3154237 load on device 'cuda:0' took 24.21 ms  (cached)
Module _tile_cholesky_factorize_solve__locals__cholesky_factorize_solve_b2744b1b e16af87 load on device 'cuda:0' took 25.79 ms  (cached)
Module mujoco.mjx.third_party.mujoco_warp._src.solver b116efb load on device 'cuda:0' took 0.49 ms  (cached)
Module solve_init_jaref__locals__kernel_feadd581 feadd58 load on device 'cuda:0' took 0.41 ms  (cached)
Module mul_m_dense__locals___mul_m_dense_e34139c1 e34139c load on device 'cuda:0' took 0.40 ms  (cached)
Module update_constraint_efc__locals__kernel_81015163 8101516 load on device 'cuda:0' took 0.29 ms  (cached)
Module update_constraint_gauss_cost__locals__kernel_6370b491 6370b49 load on device 'cuda:0' took 0.28 ms  (cached)
Module update_gradient_JTDAJ_dense_tiled__locals__kernel_e0063ce2 85330e7 load on device 'cuda:0' took 0.58 ms  (cached)
Module update_gradient_cholesky__locals__kernel_c54e7710 b74aeaf load on device 'cuda:0' took 26.40 ms  (cached)
Module linesearch_iterative__locals__kernel_94acdc55 9c914fd load on device 'cuda:0' took 0.38 ms  (cached)
Module update_constraint_efc__locals__kernel_25737258 2573725 load on device 'cuda:0' took 0.29 ms  (cached)
Module _contact_sort__locals__contact_sort_44d31eb2 de954a2 load on device 'cuda:0' took 0.35 ms  (cached)
0: reward=-0.004

  0%|          | 0/60 [00:00<?, ?it/s]
  3%|▎         | 2/60 [00:00<00:03, 15.93it/s]
  8%|▊         | 5/60 [00:00<00:02, 18.49it/s]
 13%|█▎        | 8/60 [00:00<00:02, 20.19it/s]
 18%|█▊        | 11/60 [00:00<00:02, 21.21it/s]
 23%|██▎       | 14/60 [00:00<00:02, 21.72it/s]
 28%|██▊       | 17/60 [00:00<00:01, 22.31it/s]
 33%|███▎      | 20/60 [00:00<00:01, 23.65it/s]
 38%|███▊      | 23/60 [00:01<00:01, 24.72it/s]
 43%|████▎     | 26/60 [00:01<00:01, 25.65it/s]
 48%|████▊     | 29/60 [00:01<00:01, 26.64it/s]
 53%|█████▎    | 32/60 [00:01<00:01, 26.04it/s]
 58%|█████▊    | 35/60 [00:01<00:00, 25.35it/s]
 63%|██████▎   | 38/60 [00:01<00:00, 24.86it/s]
 68%|██████▊   | 41/60 [00:01<00:00, 24.75it/s]
 73%|███████▎  | 44/60 [00:01<00:00, 24.44it/s]
 78%|███████▊  | 47/60 [00:01<00:00, 24.70it/s]
 83%|████████▎ | 50/60 [00:02<00:00, 25.18it/s]
 88%|████████▊ | 53/60 [00:02<00:00, 24.43it/s]
 93%|█████████▎| 56/60 [00:02<00:00, 24.17it/s]
 98%|█████████▊| 59/60 [00:02<00:00, 23.50it/s]
100%|██████████| 60/60 [00:02<00:00, 23.76it/s]
wandb: WARNING `fps` argument does not affect the frame rate of the video when providing a file path or raw bytes.
20316160: mean episode reward=3.493
40632320: mean episode reward=6.408

  0%|          | 0/60 [00:00<?, ?it/s]
  3%|▎         | 2/60 [00:00<00:03, 14.78it/s]
  8%|▊         | 5/60 [00:00<00:03, 18.25it/s]
 13%|█▎        | 8/60 [00:00<00:02, 19.71it/s]
 18%|█▊        | 11/60 [00:00<00:02, 20.67it/s]
 23%|██▎       | 14/60 [00:00<00:02, 21.20it/s]
 28%|██▊       | 17/60 [00:00<00:01, 21.52it/s]
 33%|███▎      | 20/60 [00:00<00:01, 21.73it/s]
 38%|███▊      | 23/60 [00:01<00:01, 21.96it/s]
 43%|████▎     | 26/60 [00:01<00:01, 21.95it/s]
 48%|████▊     | 29/60 [00:01<00:01, 22.24it/s]
 53%|█████▎    | 32/60 [00:01<00:01, 22.20it/s]
 58%|█████▊    | 35/60 [00:01<00:01, 22.01it/s]
 63%|██████▎   | 38/60 [00:01<00:00, 22.40it/s]
 68%|██████▊   | 41/60 [00:01<00:00, 22.49it/s]
 73%|███████▎  | 44/60 [00:02<00:00, 22.69it/s]
 78%|███████▊  | 47/60 [00:02<00:00, 22.43it/s]
 83%|████████▎ | 50/60 [00:02<00:00, 21.89it/s]
 88%|████████▊ | 53/60 [00:02<00:00, 22.42it/s]
 93%|█████████▎| 56/60 [00:02<00:00, 22.71it/s]
 98%|█████████▊| 59/60 [00:02<00:00, 23.22it/s]
100%|██████████| 60/60 [00:02<00:00, 21.94it/s]
wandb: WARNING `fps` argument does not affect the frame rate of the video when providing a file path or raw bytes.
53084160: reward=7.690
60948480: mean episode reward=7.597
81264640: mean episode reward=10.135
101580800: mean episode reward=9.952

  0%|          | 0/60 [00:00<?, ?it/s]
  3%|▎         | 2/60 [00:00<00:03, 15.35it/s]
  8%|▊         | 5/60 [00:00<00:02, 19.96it/s]
 13%|█▎        | 8/60 [00:00<00:02, 22.37it/s]
 18%|█▊        | 11/60 [00:00<00:02, 23.77it/s]
 23%|██▎       | 14/60 [00:00<00:01, 24.84it/s]
 28%|██▊       | 17/60 [00:00<00:01, 25.41it/s]
 33%|███▎      | 20/60 [00:00<00:01, 25.84it/s]
 38%|███▊      | 23/60 [00:00<00:01, 26.18it/s]
 43%|████▎     | 26/60 [00:01<00:01, 26.28it/s]
 48%|████▊     | 29/60 [00:01<00:01, 26.28it/s]
 53%|█████▎    | 32/60 [00:01<00:01, 25.83it/s]
 58%|█████▊    | 35/60 [00:01<00:00, 25.49it/s]
 63%|██████▎   | 38/60 [00:01<00:00, 25.47it/s]
 68%|██████▊   | 41/60 [00:01<00:00, 25.36it/s]
 73%|███████▎  | 44/60 [00:01<00:00, 25.43it/s]
 78%|███████▊  | 47/60 [00:01<00:00, 25.59it/s]
 83%|████████▎ | 50/60 [00:01<00:00, 25.96it/s]
 88%|████████▊ | 53/60 [00:02<00:00, 25.37it/s]
 93%|█████████▎| 56/60 [00:02<00:00, 24.70it/s]
 98%|█████████▊| 59/60 [00:02<00:00, 23.68it/s]
100%|██████████| 60/60 [00:02<00:00, 24.74it/s]
wandb: WARNING `fps` argument does not affect the frame rate of the video when providing a file path or raw bytes.
106168320: reward=11.554
121896960: mean episode reward=10.109
142213120: mean episode reward=11.376

  0%|          | 0/60 [00:00<?, ?it/s]
  3%|▎         | 2/60 [00:00<00:03, 14.63it/s]
  8%|▊         | 5/60 [00:00<00:03, 18.04it/s]
 13%|█▎        | 8/60 [00:00<00:02, 20.73it/s]
 18%|█▊        | 11/60 [00:00<00:02, 21.87it/s]
 23%|██▎       | 14/60 [00:00<00:02, 22.49it/s]
 28%|██▊       | 17/60 [00:00<00:01, 22.66it/s]
 33%|███▎      | 20/60 [00:00<00:01, 22.80it/s]
 38%|███▊      | 23/60 [00:01<00:01, 23.00it/s]
 43%|████▎     | 26/60 [00:01<00:01, 22.50it/s]
 48%|████▊     | 29/60 [00:01<00:01, 22.89it/s]
 53%|█████▎    | 32/60 [00:01<00:01, 22.66it/s]
 58%|█████▊    | 35/60 [00:01<00:01, 22.89it/s]
 63%|██████▎   | 38/60 [00:01<00:00, 23.43it/s]
 68%|██████▊   | 41/60 [00:01<00:00, 23.79it/s]
 73%|███████▎  | 44/60 [00:01<00:00, 23.94it/s]
 78%|███████▊  | 47/60 [00:02<00:00, 23.72it/s]
 83%|████████▎ | 50/60 [00:02<00:00, 23.40it/s]
 88%|████████▊ | 53/60 [00:02<00:00, 23.08it/s]
 93%|█████████▎| 56/60 [00:02<00:00, 23.05it/s]
 98%|█████████▊| 59/60 [00:02<00:00, 22.96it/s]
100%|██████████| 60/60 [00:02<00:00, 22.70it/s]
wandb: WARNING `fps` argument does not affect the frame rate of the video when providing a file path or raw bytes.
159252480: reward=10.768
162529280: mean episode reward=12.443
182845440: mean episode reward=14.528
203161600: mean episode reward=13.757

  0%|          | 0/60 [00:00<?, ?it/s]
  3%|▎         | 2/60 [00:00<00:03, 15.09it/s]
  8%|▊         | 5/60 [00:00<00:02, 19.69it/s]
 13%|█▎        | 8/60 [00:00<00:02, 21.24it/s]
 18%|█▊        | 11/60 [00:00<00:02, 22.61it/s]
 23%|██▎       | 14/60 [00:00<00:01, 23.46it/s]
 28%|██▊       | 17/60 [00:00<00:01, 24.51it/s]
 33%|███▎      | 20/60 [00:00<00:01, 25.10it/s]
 38%|███▊      | 23/60 [00:00<00:01, 24.80it/s]
 43%|████▎     | 26/60 [00:01<00:01, 24.80it/s]
 48%|████▊     | 29/60 [00:01<00:01, 24.72it/s]
 53%|█████▎    | 32/60 [00:01<00:01, 25.24it/s]
 58%|█████▊    | 35/60 [00:01<00:00, 25.10it/s]
 63%|██████▎   | 38/60 [00:01<00:00, 24.82it/s]
 68%|██████▊   | 41/60 [00:01<00:00, 24.68it/s]
 73%|███████▎  | 44/60 [00:01<00:00, 24.47it/s]
 78%|███████▊  | 47/60 [00:01<00:00, 24.35it/s]
 83%|████████▎ | 50/60 [00:02<00:00, 24.91it/s]
 88%|████████▊ | 53/60 [00:02<00:00, 25.07it/s]
 93%|█████████▎| 56/60 [00:02<00:00, 25.19it/s]
 98%|█████████▊| 59/60 [00:02<00:00, 25.73it/s]
100%|██████████| 60/60 [00:02<00:00, 24.43it/s]
wandb: WARNING `fps` argument does not affect the frame rate of the video when providing a file path or raw bytes.
212336640: reward=13.331
223477760: mean episode reward=13.601
243793920: mean episode reward=13.972
264110080: mean episode reward=11.850

  0%|          | 0/60 [00:00<?, ?it/s]
  3%|▎         | 2/60 [00:00<00:03, 16.39it/s]
  7%|▋         | 4/60 [00:00<00:03, 18.32it/s]
 12%|█▏        | 7/60 [00:00<00:02, 20.20it/s]
 17%|█▋        | 10/60 [00:00<00:02, 20.93it/s]
 22%|██▏       | 13/60 [00:00<00:02, 21.63it/s]
 27%|██▋       | 16/60 [00:00<00:02, 21.76it/s]
 32%|███▏      | 19/60 [00:00<00:01, 22.68it/s]
 37%|███▋      | 22/60 [00:01<00:01, 23.15it/s]
 42%|████▏     | 25/60 [00:01<00:01, 23.23it/s]
 47%|████▋     | 28/60 [00:01<00:01, 23.11it/s]
 52%|█████▏    | 31/60 [00:01<00:01, 22.77it/s]
 57%|█████▋    | 34/60 [00:01<00:01, 22.57it/s]
 62%|██████▏   | 37/60 [00:01<00:01, 22.91it/s]
 67%|██████▋   | 40/60 [00:01<00:00, 23.33it/s]
 72%|███████▏  | 43/60 [00:01<00:00, 23.48it/s]
 77%|███████▋  | 46/60 [00:02<00:00, 23.55it/s]
 82%|████████▏ | 49/60 [00:02<00:00, 23.57it/s]
 87%|████████▋ | 52/60 [00:02<00:00, 23.75it/s]
 92%|█████████▏| 55/60 [00:02<00:00, 23.79it/s]
 97%|█████████▋| 58/60 [00:02<00:00, 23.55it/s]
100%|██████████| 60/60 [00:02<00:00, 22.77it/s]
wandb: WARNING `fps` argument does not affect the frame rate of the video when providing a file path or raw bytes.
265420800: reward=13.759
284426240: mean episode reward=14.236
304742400: mean episode reward=14.769

  0%|          | 0/60 [00:00<?, ?it/s]
  3%|▎         | 2/60 [00:00<00:03, 17.80it/s]
  8%|▊         | 5/60 [00:00<00:02, 20.66it/s]
 13%|█▎        | 8/60 [00:00<00:02, 21.01it/s]
 18%|█▊        | 11/60 [00:00<00:02, 22.75it/s]
 23%|██▎       | 14/60 [00:00<00:02, 22.87it/s]
 28%|██▊       | 17/60 [00:00<00:01, 23.30it/s]
 33%|███▎      | 20/60 [00:00<00:01, 23.61it/s]
 38%|███▊      | 23/60 [00:01<00:01, 23.80it/s]
 43%|████▎     | 26/60 [00:01<00:01, 24.26it/s]
 48%|████▊     | 29/60 [00:01<00:01, 24.05it/s]
 53%|█████▎    | 32/60 [00:01<00:01, 23.40it/s]
 58%|█████▊    | 35/60 [00:01<00:01, 23.33it/s]
 63%|██████▎   | 38/60 [00:01<00:00, 23.76it/s]
 68%|██████▊   | 41/60 [00:01<00:00, 24.37it/s]
 73%|███████▎  | 44/60 [00:01<00:00, 25.17it/s]
 78%|███████▊  | 47/60 [00:01<00:00, 25.38it/s]
 83%|████████▎ | 50/60 [00:02<00:00, 25.97it/s]
 88%|████████▊ | 53/60 [00:02<00:00, 25.89it/s]
 93%|█████████▎| 56/60 [00:02<00:00, 25.62it/s]
 98%|█████████▊| 59/60 [00:02<00:00, 25.31it/s]
100%|██████████| 60/60 [00:02<00:00, 24.17it/s]
wandb: WARNING `fps` argument does not affect the frame rate of the video when providing a file path or raw bytes.
318504960: reward=14.448
325058560: mean episode reward=14.916
345374720: mean episode reward=13.285
365690880: mean episode reward=16.387

  0%|          | 0/60 [00:00<?, ?it/s]
  3%|▎         | 2/60 [00:00<00:04, 14.46it/s]
  8%|▊         | 5/60 [00:00<00:02, 18.84it/s]
 13%|█▎        | 8/60 [00:00<00:02, 19.69it/s]
 17%|█▋        | 10/60 [00:00<00:02, 18.64it/s]
 22%|██▏       | 13/60 [00:00<00:02, 20.81it/s]
 27%|██▋       | 16/60 [00:00<00:01, 22.91it/s]
 32%|███▏      | 19/60 [00:00<00:01, 23.47it/s]
 37%|███▋      | 22/60 [00:00<00:01, 25.00it/s]
 42%|████▏     | 25/60 [00:01<00:01, 25.39it/s]
 47%|████▋     | 28/60 [00:01<00:01, 25.47it/s]
 52%|█████▏    | 31/60 [00:01<00:01, 25.66it/s]
 57%|█████▋    | 34/60 [00:01<00:01, 25.89it/s]
 62%|██████▏   | 37/60 [00:01<00:00, 26.55it/s]
 67%|██████▋   | 40/60 [00:01<00:00, 27.04it/s]
 72%|███████▏  | 43/60 [00:01<00:00, 26.61it/s]
 77%|███████▋  | 46/60 [00:01<00:00, 27.28it/s]
 82%|████████▏ | 49/60 [00:02<00:00, 26.53it/s]
 87%|████████▋ | 52/60 [00:02<00:00, 26.59it/s]
 92%|█████████▏| 55/60 [00:02<00:00, 26.89it/s]
 97%|█████████▋| 58/60 [00:02<00:00, 25.82it/s]
100%|██████████| 60/60 [00:02<00:00, 24.75it/s]
wandb: WARNING `fps` argument does not affect the frame rate of the video when providing a file path or raw bytes.
371589120: reward=13.898
386007040: mean episode reward=14.056
406323200: mean episode reward=14.918

  0%|          | 0/60 [00:00<?, ?it/s]
  3%|▎         | 2/60 [00:00<00:03, 18.73it/s]
  8%|▊         | 5/60 [00:00<00:02, 20.21it/s]
 13%|█▎        | 8/60 [00:00<00:02, 20.73it/s]
 18%|█▊        | 11/60 [00:00<00:02, 22.35it/s]
 23%|██▎       | 14/60 [00:00<00:01, 23.18it/s]
 28%|██▊       | 17/60 [00:00<00:01, 24.25it/s]
 33%|███▎      | 20/60 [00:00<00:01, 24.74it/s]
 38%|███▊      | 23/60 [00:00<00:01, 24.99it/s]
 43%|████▎     | 26/60 [00:01<00:01, 25.10it/s]
 48%|████▊     | 29/60 [00:01<00:01, 25.52it/s]
 53%|█████▎    | 32/60 [00:01<00:01, 26.11it/s]
 58%|█████▊    | 35/60 [00:01<00:00, 26.19it/s]
 63%|██████▎   | 38/60 [00:01<00:00, 25.82it/s]
 68%|██████▊   | 41/60 [00:01<00:00, 24.87it/s]
 73%|███████▎  | 44/60 [00:01<00:00, 24.80it/s]
 78%|███████▊  | 47/60 [00:01<00:00, 25.52it/s]
 83%|████████▎ | 50/60 [00:02<00:00, 25.78it/s]
 88%|████████▊ | 53/60 [00:02<00:00, 25.44it/s]
 93%|█████████▎| 56/60 [00:02<00:00, 24.91it/s]
 98%|█████████▊| 59/60 [00:02<00:00, 24.35it/s]
100%|██████████| 60/60 [00:02<00:00, 24.53it/s]
wandb: WARNING `fps` argument does not affect the frame rate of the video when providing a file path or raw bytes.
424673280: reward=14.645
426639360: mean episode reward=15.192
446955520: mean episode reward=15.422
467271680: mean episode reward=15.814

  0%|          | 0/60 [00:00<?, ?it/s]
  3%|▎         | 2/60 [00:00<00:03, 18.64it/s]
  8%|▊         | 5/60 [00:00<00:02, 23.20it/s]
 13%|█▎        | 8/60 [00:00<00:02, 24.52it/s]
 18%|█▊        | 11/60 [00:00<00:01, 25.20it/s]
 23%|██▎       | 14/60 [00:00<00:01, 26.36it/s]
 28%|██▊       | 17/60 [00:00<00:01, 27.22it/s]
 33%|███▎      | 20/60 [00:00<00:01, 27.49it/s]
 38%|███▊      | 23/60 [00:00<00:01, 27.32it/s]
 43%|████▎     | 26/60 [00:00<00:01, 27.91it/s]
 48%|████▊     | 29/60 [00:01<00:01, 27.85it/s]
 53%|█████▎    | 32/60 [00:01<00:01, 27.43it/s]
 58%|█████▊    | 35/60 [00:01<00:00, 26.39it/s]
 63%|██████▎   | 38/60 [00:01<00:00, 25.77it/s]
 68%|██████▊   | 41/60 [00:01<00:00, 24.85it/s]
 73%|███████▎  | 44/60 [00:01<00:00, 25.08it/s]
 78%|███████▊  | 47/60 [00:01<00:00, 25.59it/s]
 83%|████████▎ | 50/60 [00:01<00:00, 26.23it/s]
 88%|████████▊ | 53/60 [00:02<00:00, 26.52it/s]
 93%|█████████▎| 56/60 [00:02<00:00, 26.62it/s]
 98%|█████████▊| 59/60 [00:02<00:00, 27.49it/s]
100%|██████████| 60/60 [00:02<00:00, 26.40it/s]
wandb: WARNING `fps` argument does not affect the frame rate of the video when providing a file path or raw bytes.
477757440: reward=16.501
487587840: mean episode reward=15.998
507904000: mean episode reward=14.653
528220160: mean episode reward=15.354

  0%|          | 0/60 [00:00<?, ?it/s]
  3%|▎         | 2/60 [00:00<00:03, 15.81it/s]
  8%|▊         | 5/60 [00:00<00:02, 19.89it/s]
 13%|█▎        | 8/60 [00:00<00:02, 21.72it/s]
 18%|█▊        | 11/60 [00:00<00:02, 22.04it/s]
 23%|██▎       | 14/60 [00:00<00:02, 22.17it/s]
 28%|██▊       | 17/60 [00:00<00:01, 22.50it/s]
 33%|███▎      | 20/60 [00:00<00:01, 23.15it/s]
 38%|███▊      | 23/60 [00:01<00:01, 23.53it/s]
 43%|████▎     | 26/60 [00:01<00:01, 24.01it/s]
 48%|████▊     | 29/60 [00:01<00:01, 23.45it/s]
 53%|█████▎    | 32/60 [00:01<00:01, 23.12it/s]
 58%|█████▊    | 35/60 [00:01<00:01, 23.60it/s]
 63%|██████▎   | 38/60 [00:01<00:00, 24.05it/s]
 68%|██████▊   | 41/60 [00:01<00:00, 23.97it/s]
 73%|███████▎  | 44/60 [00:01<00:00, 24.01it/s]
 78%|███████▊  | 47/60 [00:02<00:00, 24.19it/s]
 83%|████████▎ | 50/60 [00:02<00:00, 24.03it/s]
 88%|████████▊ | 53/60 [00:02<00:00, 24.38it/s]
 93%|█████████▎| 56/60 [00:02<00:00, 24.08it/s]
 98%|█████████▊| 59/60 [00:02<00:00, 24.18it/s]
100%|██████████| 60/60 [00:02<00:00, 23.37it/s]
wandb: WARNING `fps` argument does not affect the frame rate of the video when providing a file path or raw bytes.
530841600: reward=15.866
548536320: mean episode reward=14.828
568852480: mean episode reward=16.425

  0%|          | 0/60 [00:00<?, ?it/s]
  3%|▎         | 2/60 [00:00<00:03, 16.17it/s]
  8%|▊         | 5/60 [00:00<00:02, 19.12it/s]
 13%|█▎        | 8/60 [00:00<00:02, 20.93it/s]
 18%|█▊        | 11/60 [00:00<00:02, 22.83it/s]
 23%|██▎       | 14/60 [00:00<00:01, 23.01it/s]
 28%|██▊       | 17/60 [00:00<00:01, 23.16it/s]
 33%|███▎      | 20/60 [00:00<00:01, 23.06it/s]
 38%|███▊      | 23/60 [00:01<00:01, 22.83it/s]
 43%|████▎     | 26/60 [00:01<00:01, 23.04it/s]
 48%|████▊     | 29/60 [00:01<00:01, 23.74it/s]
 53%|█████▎    | 32/60 [00:01<00:01, 23.62it/s]
 58%|█████▊    | 35/60 [00:01<00:01, 23.50it/s]
 63%|██████▎   | 38/60 [00:01<00:00, 22.90it/s]
 68%|██████▊   | 41/60 [00:01<00:00, 23.01it/s]
 73%|███████▎  | 44/60 [00:01<00:00, 23.82it/s]
 78%|███████▊  | 47/60 [00:02<00:00, 24.00it/s]
 83%|████████▎ | 50/60 [00:02<00:00, 24.44it/s]
 88%|████████▊ | 53/60 [00:02<00:00, 24.23it/s]
 93%|█████████▎| 56/60 [00:02<00:00, 23.22it/s]
 98%|█████████▊| 59/60 [00:02<00:00, 22.91it/s]
100%|██████████| 60/60 [00:02<00:00, 23.09it/s]
wandb: WARNING `fps` argument does not affect the frame rate of the video when providing a file path or raw bytes.
583925760: reward=16.511
589168640: mean episode reward=15.926
609484800: mean episode reward=16.131
629800960: mean episode reward=17.233

  0%|          | 0/60 [00:00<?, ?it/s]
  3%|▎         | 2/60 [00:00<00:03, 16.57it/s]
  8%|▊         | 5/60 [00:00<00:02, 21.73it/s]
 13%|█▎        | 8/60 [00:00<00:02, 23.15it/s]
 18%|█▊        | 11/60 [00:00<00:02, 24.22it/s]
 23%|██▎       | 14/60 [00:00<00:01, 25.37it/s]
 28%|██▊       | 17/60 [00:00<00:01, 25.13it/s]
 33%|███▎      | 20/60 [00:00<00:01, 25.78it/s]
 38%|███▊      | 23/60 [00:00<00:01, 25.98it/s]
 43%|████▎     | 26/60 [00:01<00:01, 26.32it/s]
 48%|████▊     | 29/60 [00:01<00:01, 26.20it/s]
 53%|█████▎    | 32/60 [00:01<00:01, 25.11it/s]
 58%|█████▊    | 35/60 [00:01<00:01, 24.53it/s]
 63%|██████▎   | 38/60 [00:01<00:00, 23.90it/s]
 68%|██████▊   | 41/60 [00:01<00:00, 23.01it/s]
 73%|███████▎  | 44/60 [00:01<00:00, 21.91it/s]
 78%|███████▊  | 47/60 [00:01<00:00, 22.04it/s]
 83%|████████▎ | 50/60 [00:02<00:00, 22.52it/s]
 88%|████████▊ | 53/60 [00:02<00:00, 22.88it/s]
 93%|█████████▎| 56/60 [00:02<00:00, 23.14it/s]
 98%|█████████▊| 59/60 [00:02<00:00, 23.05it/s]
100%|██████████| 60/60 [00:02<00:00, 23.72it/s]
wandb: WARNING `fps` argument does not affect the frame rate of the video when providing a file path or raw bytes.
637009920: reward=17.688
650117120: mean episode reward=16.242
670433280: mean episode reward=16.789

  0%|          | 0/60 [00:00<?, ?it/s]
  3%|▎         | 2/60 [00:00<00:03, 16.59it/s]
  8%|▊         | 5/60 [00:00<00:02, 20.90it/s]
 13%|█▎        | 8/60 [00:00<00:02, 22.49it/s]
 18%|█▊        | 11/60 [00:00<00:02, 22.35it/s]
 23%|██▎       | 14/60 [00:00<00:02, 22.84it/s]
 28%|██▊       | 17/60 [00:00<00:01, 23.39it/s]
 33%|███▎      | 20/60 [00:00<00:01, 23.45it/s]
 38%|███▊      | 23/60 [00:01<00:01, 23.63it/s]
 43%|████▎     | 26/60 [00:01<00:01, 23.90it/s]
 48%|████▊     | 29/60 [00:01<00:01, 24.14it/s]
 53%|█████▎    | 32/60 [00:01<00:01, 24.86it/s]
 58%|█████▊    | 35/60 [00:01<00:01, 24.99it/s]
 63%|██████▎   | 38/60 [00:01<00:00, 25.19it/s]
 68%|██████▊   | 41/60 [00:01<00:00, 24.90it/s]
 73%|███████▎  | 44/60 [00:01<00:00, 24.79it/s]
 78%|███████▊  | 47/60 [00:01<00:00, 24.61it/s]
 83%|████████▎ | 50/60 [00:02<00:00, 24.63it/s]
 88%|████████▊ | 53/60 [00:02<00:00, 24.26it/s]
 93%|█████████▎| 56/60 [00:02<00:00, 24.22it/s]
 98%|█████████▊| 59/60 [00:02<00:00, 24.21it/s]
100%|██████████| 60/60 [00:02<00:00, 23.88it/s]
wandb: WARNING `fps` argument does not affect the frame rate of the video when providing a file path or raw bytes.
690094080: reward=17.409
690749440: mean episode reward=17.842
711065600: mean episode reward=18.799
731381760: mean episode reward=16.876

  0%|          | 0/60 [00:00<?, ?it/s]
  3%|▎         | 2/60 [00:00<00:03, 18.45it/s]
  8%|▊         | 5/60 [00:00<00:02, 21.61it/s]
 13%|█▎        | 8/60 [00:00<00:02, 21.22it/s]
 18%|█▊        | 11/60 [00:00<00:02, 21.40it/s]
 23%|██▎       | 14/60 [00:00<00:02, 21.73it/s]
 28%|██▊       | 17/60 [00:00<00:01, 21.82it/s]
 33%|███▎      | 20/60 [00:00<00:01, 21.42it/s]
 38%|███▊      | 23/60 [00:01<00:01, 21.63it/s]
 43%|████▎     | 26/60 [00:01<00:01, 22.03it/s]
 48%|████▊     | 29/60 [00:01<00:01, 22.82it/s]
 53%|█████▎    | 32/60 [00:01<00:01, 21.83it/s]
 58%|█████▊    | 35/60 [00:01<00:01, 21.53it/s]
 63%|██████▎   | 38/60 [00:01<00:01, 21.31it/s]
 68%|██████▊   | 41/60 [00:01<00:00, 21.06it/s]
 73%|███████▎  | 44/60 [00:02<00:00, 21.45it/s]
 78%|███████▊  | 47/60 [00:02<00:00, 21.55it/s]
 83%|████████▎ | 50/60 [00:02<00:00, 21.62it/s]
 88%|████████▊ | 53/60 [00:02<00:00, 21.02it/s]
 93%|█████████▎| 56/60 [00:02<00:00, 20.79it/s]
 98%|█████████▊| 59/60 [00:02<00:00, 20.27it/s]
100%|██████████| 60/60 [00:02<00:00, 21.24it/s]
wandb: WARNING `fps` argument does not affect the frame rate of the video when providing a file path or raw bytes.
743178240: reward=16.831
751697920: mean episode reward=16.413
772014080: mean episode reward=17.413
792330240: mean episode reward=17.903

  0%|          | 0/60 [00:00<?, ?it/s]
  3%|▎         | 2/60 [00:00<00:03, 15.26it/s]
  8%|▊         | 5/60 [00:00<00:02, 18.95it/s]
 13%|█▎        | 8/60 [00:00<00:02, 20.92it/s]
 18%|█▊        | 11/60 [00:00<00:02, 21.49it/s]
 23%|██▎       | 14/60 [00:00<00:02, 21.58it/s]
 28%|██▊       | 17/60 [00:00<00:01, 21.71it/s]
 33%|███▎      | 20/60 [00:00<00:01, 21.89it/s]
 38%|███▊      | 23/60 [00:01<00:01, 23.00it/s]
 43%|████▎     | 26/60 [00:01<00:01, 23.94it/s]
 48%|████▊     | 29/60 [00:01<00:01, 24.81it/s]
 53%|█████▎    | 32/60 [00:01<00:01, 25.32it/s]
 58%|█████▊    | 35/60 [00:01<00:00, 26.06it/s]
 63%|██████▎   | 38/60 [00:01<00:00, 27.12it/s]
 68%|██████▊   | 41/60 [00:01<00:00, 27.53it/s]
 73%|███████▎  | 44/60 [00:01<00:00, 27.82it/s]
 78%|███████▊  | 47/60 [00:01<00:00, 28.18it/s]
 83%|████████▎ | 50/60 [00:02<00:00, 28.43it/s]
 90%|█████████ | 54/60 [00:02<00:00, 29.37it/s]
 97%|█████████▋| 58/60 [00:02<00:00, 30.18it/s]
100%|██████████| 60/60 [00:02<00:00, 25.63it/s]
wandb: WARNING `fps` argument does not affect the frame rate of the video when providing a file path or raw bytes.
796262400: reward=17.551
812646400: mean episode reward=17.305
832962560: mean episode reward=15.803

  0%|          | 0/60 [00:00<?, ?it/s]
  3%|▎         | 2/60 [00:00<00:03, 17.74it/s]
  8%|▊         | 5/60 [00:00<00:02, 22.82it/s]
 13%|█▎        | 8/60 [00:00<00:02, 25.42it/s]
 18%|█▊        | 11/60 [00:00<00:01, 25.63it/s]
 23%|██▎       | 14/60 [00:00<00:01, 24.85it/s]
 28%|██▊       | 17/60 [00:00<00:01, 24.39it/s]
 33%|███▎      | 20/60 [00:00<00:01, 24.89it/s]
 38%|███▊      | 23/60 [00:00<00:01, 25.14it/s]
 43%|████▎     | 26/60 [00:01<00:01, 25.98it/s]
 48%|████▊     | 29/60 [00:01<00:01, 26.42it/s]
 53%|█████▎    | 32/60 [00:01<00:01, 27.41it/s]
 58%|█████▊    | 35/60 [00:01<00:00, 28.05it/s]
 63%|██████▎   | 38/60 [00:01<00:00, 28.01it/s]
 68%|██████▊   | 41/60 [00:01<00:00, 27.49it/s]
 73%|███████▎  | 44/60 [00:01<00:00, 26.76it/s]
 78%|███████▊  | 47/60 [00:01<00:00, 26.13it/s]
 83%|████████▎ | 50/60 [00:01<00:00, 25.92it/s]
 88%|████████▊ | 53/60 [00:02<00:00, 25.92it/s]
 93%|█████████▎| 56/60 [00:02<00:00, 26.58it/s]
 98%|█████████▊| 59/60 [00:02<00:00, 26.81it/s]
100%|██████████| 60/60 [00:02<00:00, 26.08it/s]
wandb: WARNING `fps` argument does not affect the frame rate of the video when providing a file path or raw bytes.
849346560: reward=16.842
853278720: mean episode reward=15.822
873594880: mean episode reward=16.792
893911040: mean episode reward=16.746

  0%|          | 0/60 [00:00<?, ?it/s]
  3%|▎         | 2/60 [00:00<00:03, 17.33it/s]
  8%|▊         | 5/60 [00:00<00:02, 22.11it/s]
 13%|█▎        | 8/60 [00:00<00:02, 23.37it/s]
 18%|█▊        | 11/60 [00:00<00:02, 24.08it/s]
 23%|██▎       | 14/60 [00:00<00:01, 24.02it/s]
 28%|██▊       | 17/60 [00:00<00:01, 23.71it/s]
 33%|███▎      | 20/60 [00:00<00:01, 22.97it/s]
 38%|███▊      | 23/60 [00:01<00:01, 22.64it/s]
 43%|████▎     | 26/60 [00:01<00:01, 22.29it/s]
 48%|████▊     | 29/60 [00:01<00:01, 22.08it/s]
 53%|█████▎    | 32/60 [00:01<00:01, 22.02it/s]
 58%|█████▊    | 35/60 [00:01<00:01, 22.10it/s]
 63%|██████▎   | 38/60 [00:01<00:01, 21.86it/s]
 68%|██████▊   | 41/60 [00:01<00:00, 21.75it/s]
 73%|███████▎  | 44/60 [00:01<00:00, 21.49it/s]
 78%|███████▊  | 47/60 [00:02<00:00, 21.46it/s]
 83%|████████▎ | 50/60 [00:02<00:00, 22.06it/s]
 88%|████████▊ | 53/60 [00:02<00:00, 22.47it/s]
 93%|█████████▎| 56/60 [00:02<00:00, 23.19it/s]
 98%|█████████▊| 59/60 [00:02<00:00, 23.60it/s]
100%|██████████| 60/60 [00:02<00:00, 22.58it/s]
wandb: WARNING `fps` argument does not affect the frame rate of the video when providing a file path or raw bytes.
902430720: reward=17.203
914227200: mean episode reward=16.840
934543360: mean episode reward=18.310
954859520: mean episode reward=17.065

  0%|          | 0/60 [00:00<?, ?it/s]
  3%|▎         | 2/60 [00:00<00:03, 18.32it/s]
  8%|▊         | 5/60 [00:00<00:02, 20.42it/s]
 13%|█▎        | 8/60 [00:00<00:02, 23.56it/s]
 18%|█▊        | 11/60 [00:00<00:01, 24.70it/s]
 23%|██▎       | 14/60 [00:00<00:01, 25.23it/s]
 28%|██▊       | 17/60 [00:00<00:01, 25.52it/s]
 33%|███▎      | 20/60 [00:00<00:01, 25.26it/s]
 38%|███▊      | 23/60 [00:00<00:01, 25.06it/s]
 43%|████▎     | 26/60 [00:01<00:01, 24.98it/s]
 48%|████▊     | 29/60 [00:01<00:01, 24.72it/s]
 53%|█████▎    | 32/60 [00:01<00:01, 24.33it/s]
 58%|█████▊    | 35/60 [00:01<00:01, 23.69it/s]
 63%|██████▎   | 38/60 [00:01<00:00, 24.32it/s]
 68%|██████▊   | 41/60 [00:01<00:00, 25.40it/s]
 73%|███████▎  | 44/60 [00:01<00:00, 26.20it/s]
 78%|███████▊  | 47/60 [00:01<00:00, 25.95it/s]
 83%|████████▎ | 50/60 [00:02<00:00, 26.37it/s]
 88%|████████▊ | 53/60 [00:02<00:00, 26.42it/s]
 93%|█████████▎| 56/60 [00:02<00:00, 26.41it/s]
 98%|█████████▊| 59/60 [00:02<00:00, 26.68it/s]
100%|██████████| 60/60 [00:02<00:00, 25.21it/s]
wandb: WARNING `fps` argument does not affect the frame rate of the video when providing a file path or raw bytes.
955514880: reward=17.313
975175680: mean episode reward=15.728
995491840: mean episode reward=17.608

  0%|          | 0/60 [00:00<?, ?it/s]
  3%|▎         | 2/60 [00:00<00:03, 17.96it/s]
  8%|▊         | 5/60 [00:00<00:02, 20.73it/s]
 13%|█▎        | 8/60 [00:00<00:02, 21.08it/s]
 18%|█▊        | 11/60 [00:00<00:02, 23.38it/s]
 23%|██▎       | 14/60 [00:00<00:01, 24.36it/s]
 28%|██▊       | 17/60 [00:00<00:01, 24.81it/s]
 33%|███▎      | 20/60 [00:00<00:01, 25.24it/s]
 38%|███▊      | 23/60 [00:00<00:01, 24.81it/s]
 43%|████▎     | 26/60 [00:01<00:01, 24.19it/s]
 48%|████▊     | 29/60 [00:01<00:01, 24.39it/s]
 53%|█████▎    | 32/60 [00:01<00:01, 24.58it/s]
 58%|█████▊    | 35/60 [00:01<00:01, 24.36it/s]
 63%|██████▎   | 38/60 [00:01<00:00, 24.69it/s]
 68%|██████▊   | 41/60 [00:01<00:00, 24.53it/s]
 73%|███████▎  | 44/60 [00:01<00:00, 24.24it/s]
 78%|███████▊  | 47/60 [00:01<00:00, 23.67it/s]
 83%|████████▎ | 50/60 [00:02<00:00, 23.47it/s]
 88%|████████▊ | 53/60 [00:02<00:00, 23.46it/s]
 93%|█████████▎| 56/60 [00:02<00:00, 23.64it/s]
 98%|█████████▊| 59/60 [00:02<00:00, 23.46it/s]
100%|██████████| 60/60 [00:02<00:00, 23.80it/s]
wandb: WARNING `fps` argument does not affect the frame rate of the video when providing a file path or raw bytes.
1008599040: reward=17.999
Done training.
Time to JIT compile: 21.91867983341217
Time to train: 6556.478393532336
Starting inference...
FPS for rendering: 10.0

  0%|          | 0/500 [00:00<?, ?it/s]
  0%|          | 2/500 [00:00<00:28, 17.29it/s]
  1%|          | 5/500 [00:00<00:22, 21.57it/s]
  2%|▏         | 8/500 [00:00<00:23, 20.96it/s]
  2%|▏         | 11/500 [00:00<00:22, 21.37it/s]
  3%|▎         | 14/500 [00:00<00:21, 22.32it/s]
  3%|▎         | 17/500 [00:00<00:21, 22.57it/s]
  4%|▍         | 20/500 [00:00<00:20, 23.07it/s]
  5%|▍         | 23/500 [00:01<00:20, 23.80it/s]
  5%|▌         | 26/500 [00:01<00:20, 23.60it/s]
  6%|▌         | 29/500 [00:01<00:19, 23.75it/s]
  6%|▋         | 32/500 [00:01<00:20, 23.34it/s]
  7%|▋         | 35/500 [00:01<00:19, 23.52it/s]
  8%|▊         | 38/500 [00:01<00:19, 23.22it/s]
  8%|▊         | 41/500 [00:01<00:19, 23.44it/s]
  9%|▉         | 44/500 [00:01<00:18, 24.51it/s]
  9%|▉         | 47/500 [00:02<00:17, 25.36it/s]
 10%|█         | 50/500 [00:02<00:17, 25.59it/s]
 11%|█         | 53/500 [00:02<00:17, 25.86it/s]
 11%|█         | 56/500 [00:02<00:17, 25.45it/s]
 12%|█▏        | 59/500 [00:02<00:17, 25.55it/s]
 12%|█▏        | 62/500 [00:02<00:17, 25.10it/s]
 13%|█▎        | 65/500 [00:02<00:17, 25.24it/s]
 14%|█▎        | 68/500 [00:02<00:17, 24.78it/s]
 14%|█▍        | 71/500 [00:02<00:17, 24.29it/s]
 15%|█▍        | 74/500 [00:03<00:17, 24.31it/s]
 15%|█▌        | 77/500 [00:03<00:17, 24.02it/s]
 16%|█▌        | 80/500 [00:03<00:17, 23.79it/s]
 17%|█▋        | 83/500 [00:03<00:17, 23.81it/s]
 17%|█▋        | 86/500 [00:03<00:17, 24.12it/s]
 18%|█▊        | 89/500 [00:03<00:17, 24.05it/s]
 18%|█▊        | 92/500 [00:03<00:16, 24.80it/s]
 19%|█▉        | 95/500 [00:03<00:16, 24.85it/s]
 20%|█▉        | 98/500 [00:04<00:15, 25.19it/s]
 20%|██        | 101/500 [00:04<00:15, 25.89it/s]
 21%|██        | 104/500 [00:04<00:14, 26.69it/s]
 21%|██▏       | 107/500 [00:04<00:14, 26.57it/s]
 22%|██▏       | 110/500 [00:04<00:14, 26.98it/s]
 23%|██▎       | 113/500 [00:04<00:14, 26.89it/s]
 23%|██▎       | 116/500 [00:04<00:13, 27.66it/s]
 24%|██▍       | 119/500 [00:04<00:13, 27.76it/s]
 24%|██▍       | 122/500 [00:04<00:13, 27.69it/s]
 25%|██▌       | 125/500 [00:05<00:13, 27.55it/s]
 26%|██▌       | 128/500 [00:05<00:14, 26.57it/s]
 26%|██▌       | 131/500 [00:05<00:13, 26.41it/s]
 27%|██▋       | 134/500 [00:05<00:14, 25.82it/s]
 27%|██▋       | 137/500 [00:05<00:14, 25.61it/s]
 28%|██▊       | 140/500 [00:05<00:14, 25.60it/s]
 29%|██▊       | 143/500 [00:05<00:13, 25.88it/s]
 29%|██▉       | 146/500 [00:05<00:13, 25.86it/s]
 30%|██▉       | 149/500 [00:06<00:14, 24.94it/s]
 30%|███       | 152/500 [00:06<00:13, 25.46it/s]
 31%|███       | 155/500 [00:06<00:13, 25.17it/s]
 32%|███▏      | 158/500 [00:06<00:13, 25.38it/s]
 32%|███▏      | 161/500 [00:06<00:12, 26.10it/s]
 33%|███▎      | 164/500 [00:06<00:12, 26.64it/s]
 33%|███▎      | 167/500 [00:06<00:12, 27.19it/s]
 34%|███▍      | 170/500 [00:06<00:12, 25.97it/s]
 35%|███▍      | 173/500 [00:06<00:12, 25.54it/s]
 35%|███▌      | 176/500 [00:07<00:12, 25.80it/s]
 36%|███▌      | 179/500 [00:07<00:12, 26.28it/s]
 36%|███▋      | 182/500 [00:07<00:12, 26.08it/s]
 37%|███▋      | 185/500 [00:07<00:11, 26.61it/s]
 38%|███▊      | 188/500 [00:07<00:11, 26.50it/s]
 38%|███▊      | 191/500 [00:07<00:11, 26.60it/s]
 39%|███▉      | 194/500 [00:07<00:11, 26.08it/s]
 39%|███▉      | 197/500 [00:07<00:11, 26.21it/s]
 40%|████      | 200/500 [00:07<00:11, 25.97it/s]
 41%|████      | 203/500 [00:08<00:11, 26.03it/s]
 41%|████      | 206/500 [00:08<00:11, 25.76it/s]
 42%|████▏     | 209/500 [00:08<00:11, 25.17it/s]
 42%|████▏     | 212/500 [00:08<00:11, 25.03it/s]
 43%|████▎     | 215/500 [00:08<00:11, 25.41it/s]
 44%|████▍     | 219/500 [00:08<00:10, 26.91it/s]
 44%|████▍     | 222/500 [00:08<00:10, 27.35it/s]
 45%|████▌     | 225/500 [00:08<00:10, 27.00it/s]
 46%|████▌     | 228/500 [00:09<00:10, 26.74it/s]
 46%|████▌     | 231/500 [00:09<00:09, 27.31it/s]
 47%|████▋     | 234/500 [00:09<00:09, 27.72it/s]
 47%|████▋     | 237/500 [00:09<00:09, 27.43it/s]
 48%|████▊     | 240/500 [00:09<00:09, 27.97it/s]
 49%|████▊     | 243/500 [00:09<00:09, 27.85it/s]
 49%|████▉     | 246/500 [00:09<00:09, 27.39it/s]
 50%|████▉     | 249/500 [00:09<00:09, 27.54it/s]
 50%|█████     | 252/500 [00:09<00:08, 27.64it/s]
 51%|█████     | 255/500 [00:09<00:09, 27.11it/s]
 52%|█████▏    | 258/500 [00:10<00:09, 26.22it/s]
 52%|█████▏    | 261/500 [00:10<00:09, 26.10it/s]
 53%|█████▎    | 264/500 [00:10<00:09, 25.91it/s]
 53%|█████▎    | 267/500 [00:10<00:09, 25.67it/s]
 54%|█████▍    | 270/500 [00:10<00:08, 25.59it/s]
 55%|█████▍    | 273/500 [00:10<00:08, 26.10it/s]
 55%|█████▌    | 276/500 [00:10<00:08, 26.70it/s]
 56%|█████▌    | 279/500 [00:10<00:08, 27.53it/s]
 56%|█████▋    | 282/500 [00:11<00:07, 27.75it/s]
 57%|█████▋    | 285/500 [00:11<00:07, 28.33it/s]
 58%|█████▊    | 288/500 [00:11<00:07, 27.93it/s]
 58%|█████▊    | 291/500 [00:11<00:07, 27.67it/s]
 59%|█████▉    | 294/500 [00:11<00:07, 26.94it/s]
 59%|█████▉    | 297/500 [00:11<00:07, 26.45it/s]
 60%|██████    | 300/500 [00:11<00:07, 26.11it/s]
 61%|██████    | 303/500 [00:11<00:07, 26.84it/s]
 61%|██████    | 306/500 [00:11<00:07, 27.52it/s]
 62%|██████▏   | 309/500 [00:11<00:06, 28.18it/s]
 62%|██████▏   | 312/500 [00:12<00:06, 27.96it/s]
 63%|██████▎   | 315/500 [00:12<00:06, 28.13it/s]
 64%|██████▎   | 318/500 [00:12<00:06, 27.96it/s]
 64%|██████▍   | 322/500 [00:12<00:06, 28.28it/s]
 65%|██████▌   | 325/500 [00:12<00:06, 27.67it/s]
 66%|██████▌   | 328/500 [00:12<00:06, 27.56it/s]
 66%|██████▌   | 331/500 [00:12<00:06, 26.25it/s]
 67%|██████▋   | 334/500 [00:12<00:06, 26.74it/s]
 67%|██████▋   | 337/500 [00:13<00:06, 26.89it/s]
 68%|██████▊   | 340/500 [00:13<00:05, 27.21it/s]
 69%|██████▊   | 343/500 [00:13<00:05, 27.49it/s]
 69%|██████▉   | 346/500 [00:13<00:05, 27.33it/s]
 70%|██████▉   | 349/500 [00:13<00:05, 26.73it/s]
 70%|███████   | 352/500 [00:13<00:05, 27.16it/s]
 71%|███████   | 355/500 [00:13<00:05, 26.81it/s]
 72%|███████▏  | 358/500 [00:13<00:05, 26.65it/s]
 72%|███████▏  | 361/500 [00:13<00:05, 25.70it/s]
 73%|███████▎  | 364/500 [00:14<00:05, 26.02it/s]
 73%|███████▎  | 367/500 [00:14<00:05, 25.24it/s]
 74%|███████▍  | 370/500 [00:14<00:05, 24.70it/s]
 75%|███████▍  | 373/500 [00:14<00:05, 24.89it/s]
 75%|███████▌  | 376/500 [00:14<00:04, 25.14it/s]
 76%|███████▌  | 379/500 [00:14<00:04, 25.71it/s]
 76%|███████▋  | 382/500 [00:14<00:04, 25.93it/s]
 77%|███████▋  | 385/500 [00:14<00:04, 26.18it/s]
 78%|███████▊  | 388/500 [00:14<00:04, 26.18it/s]
 78%|███████▊  | 391/500 [00:15<00:04, 25.73it/s]
 79%|███████▉  | 394/500 [00:15<00:04, 25.35it/s]
 79%|███████▉  | 397/500 [00:15<00:03, 26.08it/s]
 80%|████████  | 400/500 [00:15<00:03, 25.99it/s]
 81%|████████  | 403/500 [00:15<00:03, 26.07it/s]
 81%|████████  | 406/500 [00:15<00:03, 25.04it/s]
 82%|████████▏ | 409/500 [00:15<00:03, 25.02it/s]
 82%|████████▏ | 412/500 [00:15<00:03, 24.60it/s]
 83%|████████▎ | 415/500 [00:16<00:03, 23.73it/s]
 84%|████████▎ | 418/500 [00:16<00:03, 23.05it/s]
 84%|████████▍ | 421/500 [00:16<00:03, 22.85it/s]
 85%|████████▍ | 424/500 [00:16<00:03, 23.53it/s]
 85%|████████▌ | 427/500 [00:16<00:03, 24.28it/s]
 86%|████████▌ | 430/500 [00:16<00:02, 24.91it/s]
 87%|████████▋ | 433/500 [00:16<00:02, 24.56it/s]
 87%|████████▋ | 436/500 [00:16<00:02, 23.51it/s]
 88%|████████▊ | 439/500 [00:17<00:02, 22.70it/s]
 88%|████████▊ | 442/500 [00:17<00:02, 23.12it/s]
 89%|████████▉ | 445/500 [00:17<00:02, 23.01it/s]
 90%|████████▉ | 448/500 [00:17<00:02, 22.41it/s]
 90%|█████████ | 451/500 [00:17<00:02, 22.94it/s]
 91%|█████████ | 454/500 [00:17<00:01, 23.02it/s]
 91%|█████████▏| 457/500 [00:17<00:01, 22.73it/s]
 92%|█████████▏| 460/500 [00:18<00:01, 22.22it/s]
 93%|█████████▎| 463/500 [00:18<00:01, 22.08it/s]
 93%|█████████▎| 466/500 [00:18<00:01, 21.91it/s]
 94%|█████████▍| 469/500 [00:18<00:01, 22.23it/s]
 94%|█████████▍| 472/500 [00:18<00:01, 22.32it/s]
 95%|█████████▌| 475/500 [00:18<00:01, 22.52it/s]
 96%|█████████▌| 478/500 [00:18<00:00, 22.63it/s]
 96%|█████████▌| 481/500 [00:18<00:00, 22.72it/s]
 97%|█████████▋| 484/500 [00:19<00:00, 23.88it/s]
 97%|█████████▋| 487/500 [00:19<00:00, 24.37it/s]
 98%|█████████▊| 490/500 [00:19<00:00, 24.23it/s]
 99%|█████████▊| 493/500 [00:19<00:00, 24.88it/s]
 99%|█████████▉| 496/500 [00:19<00:00, 25.22it/s]
100%|█████████▉| 499/500 [00:19<00:00, 25.80it/s]
100%|██████████| 500/500 [00:19<00:00, 25.39it/s]
Rollout video saved as 'rollout0.mp4'.
[1;34mwandb[0m: 
[1;34mwandb[0m: 🚀 View run [33mTesolloDownwardsRotateZ-20260625-201219-downwardsrotatez_sb_baseline_s1[0m at: [34mhttps://wandb.ai/nikolastaykov/mjxrl/runs/ymvf7x9u[0m
[1;34mwandb[0m: Find logs at: [1;35mwandb/run-20260625_201219-ymvf7x9u/logs[0m
