Warp 1.12.1 initialized:
   CUDA Toolkit 12.9, Driver 12.5
   Devices:
     "cpu"      : "x86_64"
     "cuda:0"   : "NVIDIA GeForce RTX 4090" (24 GiB, sm_89, mempool enabled)
   Kernel cache:
     /home/nstaykov/.cache/warp/1.12.1
Warp DeprecationWarning: The symbol `warp.types.warp_type_to_np_dtype` will soon be removed from the public API. It can still be accessed from `warp._src.types.warp_type_to_np_dtype` but might be changed or removed without notice.
Environment Config:
action_mode: absolute
action_repeat: 1
action_scale: 0.5
constrain_wrist_translation: false
ctrl_dt: 0.05
curriculum:
  band_width: 0.08726646259971647
  enable: false
  promote_after: 5
  success_count_threshold: 70
ema_alpha: 0.2
episode_length: 120
impl: warp
kp_scale: 1.0
max_target_angle: 2.0943951023931953
nconmax: 1638400
njmax: 2200
obs_noise:
  level: 1.0
  scales:
    goal_quat: 0.0
    joint_pos: 0.0
    joint_vel: 0.0
    motor_targets: 0.0
ori_tolerance_rad: 0.05235987755982988
pert_config:
  angular_velocity_pert:
  - 0.0
  - 0.5
  enable: false
  linear_velocity_pert:
  - 0.0
  - 3.0
  pert_duration_steps:
  - 1
  - 100
  pert_wait_steps:
  - 60
  - 150
reward_config:
  ori_reward_margin_rad: 0.5235987755982988
  scales:
    action_rate: -0.5
    cube_on_floor: -0.5
    cube_ori: 2.0
    fingertip_pos: 1.5
    joint_vel: -0.002
    wrist_vel: -0.02
  success_reward: 2.0
scene:
  cube_mass: 0.108
sensor_bundle: proprio.target
sim_dt: 0.01
target_hold_time: 0.05

PPO Training Parameters:
action_repeat: 1
batch_size: 256
discounting: 0.99
entropy_cost: 0.005
episode_length: 120
learning_rate: 0.0001
log_training_metrics: true
network_factory:
  policy_hidden_layer_sizes: &id001 !!python/tuple
  - 512
  - 256
  - 128
  policy_obs_key: state
  value_hidden_layer_sizes: *id001
  value_obs_key: privileged_state
normalize_observations: true
num_envs: 8192
num_evals: 20
num_minibatches: 64
num_resets_per_eval: 0
num_timesteps: 1000000000
num_updates_per_batch: 4
reward_scaling: 1.0
training_metrics_steps: 20000000
unroll_length: 40

CLI overrides: {
  "env_name": "TesolloDownwardsRotateZ",
  "suffix": "downwardsrotatez_sb_propriotarget_s1",
  "use_wandb": true,
  "log_video_to_wandb": true,
  "seed": 1,
  "num_timesteps": 1000000000,
  "num_envs": 8192,
  "log_training_metrics": true,
  "training_metrics_steps": 20000000,
  "env_overrides_file": "logs/_queue/downwards_sensor_sweep_120-20260625-124815/run-10-TesolloDownwardsRotateZ-downwardsrotatez_sb_propriotarget_s1-overrides.yaml"
}
Experiment name: TesolloDownwardsRotateZ-20260626-072314-downwardsrotatez_sb_propriotarget_s1
Logs are being stored in: /local/home/nstaykov/workspace/mujoco_playground/logs/TesolloDownwardsRotateZ-20260626-072314-downwardsrotatez_sb_propriotarget_s1
wandb: [wandb.login()] Loaded credentials for https://api.wandb.ai from WANDB_API_KEY.
wandb: Currently logged in as: nstaykov (nikolastaykov) to https://api.wandb.ai. Use `wandb login --relogin` to force relogin
wandb: setting up run u6utzxb9
wandb: Tracking run with wandb version 0.26.1
wandb: Run data is saved locally in /local/home/nstaykov/workspace/mujoco_playground/wandb/run-20260626_072314-u6utzxb9
wandb: Run `wandb offline` to turn off syncing.
wandb: Syncing run TesolloDownwardsRotateZ-20260626-072314-downwardsrotatez_sb_propriotarget_s1
wandb: ⭐️ View project at https://wandb.ai/nikolastaykov/mjxrl
wandb: 🚀 View run at https://wandb.ai/nikolastaykov/mjxrl/runs/u6utzxb9
No checkpoint path provided, not restoring from checkpoint
Checkpoint path: /local/home/nstaykov/workspace/mujoco_playground/logs/TesolloDownwardsRotateZ-20260626-072314-downwardsrotatez_sb_propriotarget_s1/checkpoints
Module mujoco.mjx.warp.ffi 98d2031 load on device 'cuda:0' took 0.38 ms  (cached)
Module mujoco.mjx.third_party.mujoco_warp._src.smooth 26bbc02 load on device 'cuda:0' took 6.37 ms  (cached)
Module mujoco.mjx.third_party.mujoco_warp._src.collision_driver 88f7770 load on device 'cuda:0' took 0.29 ms  (cached)
Module _nxn_broadphase__locals__kernel_c763f4cb c763f4c load on device 'cuda:0' took 0.28 ms  (cached)
Module _primitive_narrowphase__locals__primitive_narrowphase_072e9f5e 072e9f5 load on device 'cuda:0' took 0.38 ms  (cached)
Module mujoco.mjx.third_party.mujoco_warp._src.constraint c567367 load on device 'cuda:0' took 0.46 ms  (cached)
Module mujoco.mjx.third_party.mujoco_warp._src.sensor 18a78e5 load on device 'cuda:0' took 0.52 ms  (cached)
Module mujoco.mjx.third_party.mujoco_warp._src.forward 16fbac8 load on device 'cuda:0' took 0.57 ms  (cached)
Module mujoco.mjx.third_party.mujoco_warp._src.passive 8bfe11c load on device 'cuda:0' took 0.34 ms  (cached)
Module mujoco.mjx.third_party.mujoco_warp._src.forward 8f5355c load on device 'cuda:0' took 0.42 ms  (cached)
Module mujoco.mjx.third_party.mujoco_warp._src.support dd3f924 load on device 'cuda:0' took 0.28 ms  (cached)
Module _tile_cholesky_factorize_solve__locals__cholesky_factorize_solve_98799697 3154237 load on device 'cuda:0' took 25.98 ms  (cached)
Module _tile_cholesky_factorize_solve__locals__cholesky_factorize_solve_b2744b1b e16af87 load on device 'cuda:0' took 28.93 ms  (cached)
Module mujoco.mjx.third_party.mujoco_warp._src.solver b116efb load on device 'cuda:0' took 0.55 ms  (cached)
Module solve_init_jaref__locals__kernel_feadd581 feadd58 load on device 'cuda:0' took 0.40 ms  (cached)
Module mul_m_dense__locals___mul_m_dense_e34139c1 e34139c load on device 'cuda:0' took 0.41 ms  (cached)
Module update_constraint_efc__locals__kernel_81015163 8101516 load on device 'cuda:0' took 0.29 ms  (cached)
Module update_constraint_gauss_cost__locals__kernel_6370b491 6370b49 load on device 'cuda:0' took 0.41 ms  (cached)
Module update_gradient_JTDAJ_dense_tiled__locals__kernel_e0063ce2 85330e7 load on device 'cuda:0' took 0.60 ms  (cached)
Module update_gradient_cholesky__locals__kernel_c54e7710 b74aeaf load on device 'cuda:0' took 27.92 ms  (cached)
Module linesearch_iterative__locals__kernel_94acdc55 9c914fd load on device 'cuda:0' took 0.39 ms  (cached)
Module update_constraint_efc__locals__kernel_25737258 2573725 load on device 'cuda:0' took 0.30 ms  (cached)
Module _contact_sort__locals__contact_sort_44d31eb2 de954a2 load on device 'cuda:0' took 0.36 ms  (cached)
0: reward=-0.136

  0%|          | 0/60 [00:00<?, ?it/s]
  3%|▎         | 2/60 [00:00<00:03, 15.55it/s]
  8%|▊         | 5/60 [00:00<00:02, 18.85it/s]
 13%|█▎        | 8/60 [00:00<00:02, 20.00it/s]
 18%|█▊        | 11/60 [00:00<00:02, 20.49it/s]
 23%|██▎       | 14/60 [00:00<00:02, 20.60it/s]
 28%|██▊       | 17/60 [00:00<00:02, 21.20it/s]
 33%|███▎      | 20/60 [00:00<00:01, 21.44it/s]
 38%|███▊      | 23/60 [00:01<00:01, 21.65it/s]
 43%|████▎     | 26/60 [00:01<00:01, 21.76it/s]
 48%|████▊     | 29/60 [00:01<00:01, 21.85it/s]
 53%|█████▎    | 32/60 [00:01<00:01, 21.58it/s]
 58%|█████▊    | 35/60 [00:01<00:01, 21.92it/s]
 63%|██████▎   | 38/60 [00:01<00:01, 21.94it/s]
 68%|██████▊   | 41/60 [00:01<00:00, 21.85it/s]
 73%|███████▎  | 44/60 [00:02<00:00, 22.18it/s]
 78%|███████▊  | 47/60 [00:02<00:00, 22.14it/s]
 83%|████████▎ | 50/60 [00:02<00:00, 22.01it/s]
 88%|████████▊ | 53/60 [00:02<00:00, 21.56it/s]
 93%|█████████▎| 56/60 [00:02<00:00, 21.25it/s]
 98%|█████████▊| 59/60 [00:02<00:00, 21.24it/s]
100%|██████████| 60/60 [00:02<00:00, 21.37it/s]
wandb: WARNING `fps` argument does not affect the frame rate of the video when providing a file path or raw bytes.
20316160: mean episode reward=3.907
40632320: mean episode reward=7.838

  0%|          | 0/60 [00:00<?, ?it/s]
  3%|▎         | 2/60 [00:00<00:03, 17.21it/s]
  8%|▊         | 5/60 [00:00<00:02, 22.24it/s]
 13%|█▎        | 8/60 [00:00<00:02, 22.63it/s]
 18%|█▊        | 11/60 [00:00<00:02, 23.42it/s]
 23%|██▎       | 14/60 [00:00<00:01, 23.35it/s]
 28%|██▊       | 17/60 [00:00<00:01, 23.65it/s]
 33%|███▎      | 20/60 [00:00<00:01, 23.13it/s]
 38%|███▊      | 23/60 [00:00<00:01, 23.43it/s]
 43%|████▎     | 26/60 [00:01<00:01, 23.84it/s]
 48%|████▊     | 29/60 [00:01<00:01, 23.69it/s]
 53%|█████▎    | 32/60 [00:01<00:01, 24.08it/s]
 58%|█████▊    | 35/60 [00:01<00:01, 23.44it/s]
 63%|██████▎   | 38/60 [00:01<00:00, 22.62it/s]
 68%|██████▊   | 41/60 [00:01<00:00, 22.25it/s]
 73%|███████▎  | 44/60 [00:01<00:00, 22.38it/s]
 78%|███████▊  | 47/60 [00:02<00:00, 22.16it/s]
 83%|████████▎ | 50/60 [00:02<00:00, 22.65it/s]
 88%|████████▊ | 53/60 [00:02<00:00, 23.32it/s]
 93%|█████████▎| 56/60 [00:02<00:00, 23.18it/s]
 98%|█████████▊| 59/60 [00:02<00:00, 22.90it/s]
100%|██████████| 60/60 [00:02<00:00, 22.94it/s]
wandb: WARNING `fps` argument does not affect the frame rate of the video when providing a file path or raw bytes.
53084160: reward=9.002
60948480: mean episode reward=8.506
81264640: mean episode reward=10.632
101580800: mean episode reward=11.055

  0%|          | 0/60 [00:00<?, ?it/s]
  3%|▎         | 2/60 [00:00<00:03, 15.65it/s]
  8%|▊         | 5/60 [00:00<00:02, 19.03it/s]
 13%|█▎        | 8/60 [00:00<00:02, 20.92it/s]
 18%|█▊        | 11/60 [00:00<00:02, 22.16it/s]
 23%|██▎       | 14/60 [00:00<00:02, 22.63it/s]
 28%|██▊       | 17/60 [00:00<00:01, 23.32it/s]
 33%|███▎      | 20/60 [00:00<00:01, 23.41it/s]
 38%|███▊      | 23/60 [00:01<00:01, 23.49it/s]
 43%|████▎     | 26/60 [00:01<00:01, 23.09it/s]
 48%|████▊     | 29/60 [00:01<00:01, 22.60it/s]
 53%|█████▎    | 32/60 [00:01<00:01, 22.24it/s]
 58%|█████▊    | 35/60 [00:01<00:01, 21.87it/s]
 63%|██████▎   | 38/60 [00:01<00:01, 21.64it/s]
 68%|██████▊   | 41/60 [00:01<00:00, 22.73it/s]
 73%|███████▎  | 44/60 [00:01<00:00, 23.24it/s]
 78%|███████▊  | 47/60 [00:02<00:00, 23.59it/s]
 83%|████████▎ | 50/60 [00:02<00:00, 23.25it/s]
 88%|████████▊ | 53/60 [00:02<00:00, 23.06it/s]
 93%|█████████▎| 56/60 [00:02<00:00, 22.36it/s]
 98%|█████████▊| 59/60 [00:02<00:00, 22.23it/s]
100%|██████████| 60/60 [00:02<00:00, 22.40it/s]
wandb: WARNING `fps` argument does not affect the frame rate of the video when providing a file path or raw bytes.
106168320: reward=12.477
121896960: mean episode reward=10.447
142213120: mean episode reward=11.920

  0%|          | 0/60 [00:00<?, ?it/s]
  3%|▎         | 2/60 [00:00<00:03, 14.63it/s]
  7%|▋         | 4/60 [00:00<00:03, 17.31it/s]
 10%|█         | 6/60 [00:00<00:02, 18.34it/s]
 15%|█▌        | 9/60 [00:00<00:02, 19.94it/s]
 20%|██        | 12/60 [00:00<00:02, 20.57it/s]
 25%|██▌       | 15/60 [00:00<00:02, 22.19it/s]
 30%|███       | 18/60 [00:00<00:01, 23.11it/s]
 35%|███▌      | 21/60 [00:00<00:01, 23.97it/s]
 40%|████      | 24/60 [00:01<00:01, 24.58it/s]
 45%|████▌     | 27/60 [00:01<00:01, 23.71it/s]
 50%|█████     | 30/60 [00:01<00:01, 22.21it/s]
 55%|█████▌    | 33/60 [00:01<00:01, 21.15it/s]
 60%|██████    | 36/60 [00:01<00:01, 20.94it/s]
 65%|██████▌   | 39/60 [00:01<00:01, 20.89it/s]
 70%|███████   | 42/60 [00:01<00:00, 20.56it/s]
 75%|███████▌  | 45/60 [00:02<00:00, 20.30it/s]
 80%|████████  | 48/60 [00:02<00:00, 20.10it/s]
 85%|████████▌ | 51/60 [00:02<00:00, 20.07it/s]
 90%|█████████ | 54/60 [00:02<00:00, 19.93it/s]
 95%|█████████▌| 57/60 [00:02<00:00, 20.50it/s]
100%|██████████| 60/60 [00:02<00:00, 20.53it/s]
100%|██████████| 60/60 [00:02<00:00, 20.95it/s]
wandb: WARNING `fps` argument does not affect the frame rate of the video when providing a file path or raw bytes.
159252480: reward=10.571
162529280: mean episode reward=12.471
182845440: mean episode reward=14.007
203161600: mean episode reward=12.755

  0%|          | 0/60 [00:00<?, ?it/s]
  3%|▎         | 2/60 [00:00<00:03, 16.78it/s]
  8%|▊         | 5/60 [00:00<00:02, 20.90it/s]
 13%|█▎        | 8/60 [00:00<00:02, 21.98it/s]
 18%|█▊        | 11/60 [00:00<00:02, 22.14it/s]
 23%|██▎       | 14/60 [00:00<00:01, 23.10it/s]
 28%|██▊       | 17/60 [00:00<00:01, 23.59it/s]
 33%|███▎      | 20/60 [00:00<00:01, 23.50it/s]
 38%|███▊      | 23/60 [00:01<00:01, 23.00it/s]
 43%|████▎     | 26/60 [00:01<00:01, 23.47it/s]
 48%|████▊     | 29/60 [00:01<00:01, 23.57it/s]
 53%|█████▎    | 32/60 [00:01<00:01, 23.18it/s]
 58%|█████▊    | 35/60 [00:01<00:01, 23.29it/s]
 63%|██████▎   | 38/60 [00:01<00:00, 23.25it/s]
 68%|██████▊   | 41/60 [00:01<00:00, 23.46it/s]
 73%|███████▎  | 44/60 [00:01<00:00, 23.08it/s]
 78%|███████▊  | 47/60 [00:02<00:00, 23.27it/s]
 83%|████████▎ | 50/60 [00:02<00:00, 23.35it/s]
 88%|████████▊ | 53/60 [00:02<00:00, 23.37it/s]
 93%|█████████▎| 56/60 [00:02<00:00, 23.12it/s]
 98%|█████████▊| 59/60 [00:02<00:00, 23.15it/s]
100%|██████████| 60/60 [00:02<00:00, 23.02it/s]
wandb: WARNING `fps` argument does not affect the frame rate of the video when providing a file path or raw bytes.
212336640: reward=12.813
223477760: mean episode reward=13.141
243793920: mean episode reward=13.398
264110080: mean episode reward=11.434

  0%|          | 0/60 [00:00<?, ?it/s]
  3%|▎         | 2/60 [00:00<00:03, 16.16it/s]
  8%|▊         | 5/60 [00:00<00:02, 19.20it/s]
 13%|█▎        | 8/60 [00:00<00:02, 20.23it/s]
 18%|█▊        | 11/60 [00:00<00:02, 21.17it/s]
 23%|██▎       | 14/60 [00:00<00:02, 22.70it/s]
 28%|██▊       | 17/60 [00:00<00:01, 24.05it/s]
 33%|███▎      | 20/60 [00:00<00:01, 24.61it/s]
 38%|███▊      | 23/60 [00:00<00:01, 24.96it/s]
 43%|████▎     | 26/60 [00:01<00:01, 24.43it/s]
 48%|████▊     | 29/60 [00:01<00:01, 24.20it/s]
 53%|█████▎    | 32/60 [00:01<00:01, 24.01it/s]
 58%|█████▊    | 35/60 [00:01<00:01, 23.28it/s]
 63%|██████▎   | 38/60 [00:01<00:00, 22.87it/s]
 68%|██████▊   | 41/60 [00:01<00:00, 23.07it/s]
 73%|███████▎  | 44/60 [00:01<00:00, 22.84it/s]
 78%|███████▊  | 47/60 [00:02<00:00, 23.28it/s]
 83%|████████▎ | 50/60 [00:02<00:00, 22.62it/s]
 88%|████████▊ | 53/60 [00:02<00:00, 22.85it/s]
 93%|█████████▎| 56/60 [00:02<00:00, 22.53it/s]
 98%|█████████▊| 59/60 [00:02<00:00, 22.69it/s]
100%|██████████| 60/60 [00:02<00:00, 22.89it/s]
wandb: WARNING `fps` argument does not affect the frame rate of the video when providing a file path or raw bytes.
265420800: reward=13.123
284426240: mean episode reward=13.268
304742400: mean episode reward=13.823

  0%|          | 0/60 [00:00<?, ?it/s]
  3%|▎         | 2/60 [00:00<00:04, 13.73it/s]
  8%|▊         | 5/60 [00:00<00:03, 17.66it/s]
 13%|█▎        | 8/60 [00:00<00:02, 19.27it/s]
 18%|█▊        | 11/60 [00:00<00:02, 20.35it/s]
 23%|██▎       | 14/60 [00:00<00:02, 21.15it/s]
 28%|██▊       | 17/60 [00:00<00:01, 22.18it/s]
 33%|███▎      | 20/60 [00:00<00:01, 22.64it/s]
 38%|███▊      | 23/60 [00:01<00:01, 23.31it/s]
 43%|████▎     | 26/60 [00:01<00:01, 23.50it/s]
 48%|████▊     | 29/60 [00:01<00:01, 23.36it/s]
 53%|█████▎    | 32/60 [00:01<00:01, 23.96it/s]
 58%|█████▊    | 35/60 [00:01<00:01, 24.41it/s]
 63%|██████▎   | 38/60 [00:01<00:00, 24.97it/s]
 68%|██████▊   | 41/60 [00:01<00:00, 24.96it/s]
 73%|███████▎  | 44/60 [00:01<00:00, 24.59it/s]
 78%|███████▊  | 47/60 [00:02<00:00, 24.55it/s]
 83%|████████▎ | 50/60 [00:02<00:00, 24.79it/s]
 88%|████████▊ | 53/60 [00:02<00:00, 24.43it/s]
 93%|█████████▎| 56/60 [00:02<00:00, 24.49it/s]
 98%|█████████▊| 59/60 [00:02<00:00, 24.15it/s]
100%|██████████| 60/60 [00:02<00:00, 23.20it/s]
wandb: WARNING `fps` argument does not affect the frame rate of the video when providing a file path or raw bytes.
318504960: reward=13.976
325058560: mean episode reward=14.308
345374720: mean episode reward=12.598
365690880: mean episode reward=16.399

  0%|          | 0/60 [00:00<?, ?it/s]
  3%|▎         | 2/60 [00:00<00:03, 18.05it/s]
  8%|▊         | 5/60 [00:00<00:02, 22.16it/s]
 13%|█▎        | 8/60 [00:00<00:02, 23.70it/s]
 18%|█▊        | 11/60 [00:00<00:02, 24.32it/s]
 23%|██▎       | 14/60 [00:00<00:01, 25.35it/s]
 28%|██▊       | 17/60 [00:00<00:01, 25.33it/s]
 33%|███▎      | 20/60 [00:00<00:01, 24.98it/s]
 38%|███▊      | 23/60 [00:00<00:01, 24.18it/s]
 43%|████▎     | 26/60 [00:01<00:01, 22.92it/s]
 48%|████▊     | 29/60 [00:01<00:01, 22.00it/s]
 53%|█████▎    | 32/60 [00:01<00:01, 22.29it/s]
 58%|█████▊    | 35/60 [00:01<00:01, 22.61it/s]
 63%|██████▎   | 38/60 [00:01<00:00, 22.77it/s]
 68%|██████▊   | 41/60 [00:01<00:00, 23.30it/s]
 73%|███████▎  | 44/60 [00:01<00:00, 24.21it/s]
 78%|███████▊  | 47/60 [00:02<00:00, 23.85it/s]
 83%|████████▎ | 50/60 [00:02<00:00, 22.93it/s]
 88%|████████▊ | 53/60 [00:02<00:00, 23.73it/s]
 93%|█████████▎| 56/60 [00:02<00:00, 24.20it/s]
 98%|█████████▊| 59/60 [00:02<00:00, 23.82it/s]
100%|██████████| 60/60 [00:02<00:00, 23.55it/s]
wandb: WARNING `fps` argument does not affect the frame rate of the video when providing a file path or raw bytes.
371589120: reward=13.010
386007040: mean episode reward=13.593
406323200: mean episode reward=14.517

  0%|          | 0/60 [00:00<?, ?it/s]
  3%|▎         | 2/60 [00:00<00:03, 15.73it/s]
  8%|▊         | 5/60 [00:00<00:02, 20.15it/s]
 13%|█▎        | 8/60 [00:00<00:02, 22.99it/s]
 18%|█▊        | 11/60 [00:00<00:01, 24.54it/s]
 23%|██▎       | 14/60 [00:00<00:01, 24.09it/s]
 28%|██▊       | 17/60 [00:00<00:01, 24.50it/s]
 33%|███▎      | 20/60 [00:00<00:01, 24.58it/s]
 38%|███▊      | 23/60 [00:00<00:01, 24.78it/s]
 43%|████▎     | 26/60 [00:01<00:01, 25.52it/s]
 48%|████▊     | 29/60 [00:01<00:01, 25.89it/s]
 53%|█████▎    | 32/60 [00:01<00:01, 26.63it/s]
 58%|█████▊    | 35/60 [00:01<00:00, 26.67it/s]
 63%|██████▎   | 38/60 [00:01<00:00, 26.71it/s]
 68%|██████▊   | 41/60 [00:01<00:00, 26.74it/s]
 73%|███████▎  | 44/60 [00:01<00:00, 27.03it/s]
 78%|███████▊  | 47/60 [00:01<00:00, 27.12it/s]
 83%|████████▎ | 50/60 [00:01<00:00, 26.62it/s]
 88%|████████▊ | 53/60 [00:02<00:00, 26.98it/s]
 93%|█████████▎| 56/60 [00:02<00:00, 26.13it/s]
 98%|█████████▊| 59/60 [00:02<00:00, 26.83it/s]
100%|██████████| 60/60 [00:02<00:00, 25.66it/s]
wandb: WARNING `fps` argument does not affect the frame rate of the video when providing a file path or raw bytes.
424673280: reward=14.693
426639360: mean episode reward=14.726
446955520: mean episode reward=15.084
467271680: mean episode reward=15.794

  0%|          | 0/60 [00:00<?, ?it/s]
  3%|▎         | 2/60 [00:00<00:04, 14.43it/s]
  7%|▋         | 4/60 [00:00<00:03, 17.06it/s]
 12%|█▏        | 7/60 [00:00<00:02, 18.67it/s]
 17%|█▋        | 10/60 [00:00<00:02, 19.97it/s]
 22%|██▏       | 13/60 [00:00<00:02, 21.01it/s]
 27%|██▋       | 16/60 [00:00<00:01, 22.78it/s]
 32%|███▏      | 19/60 [00:00<00:01, 23.34it/s]
 37%|███▋      | 22/60 [00:01<00:01, 22.40it/s]
 42%|████▏     | 25/60 [00:01<00:01, 22.07it/s]
 47%|████▋     | 28/60 [00:01<00:01, 21.67it/s]
 52%|█████▏    | 31/60 [00:01<00:01, 21.57it/s]
 57%|█████▋    | 34/60 [00:01<00:01, 21.71it/s]
 62%|██████▏   | 37/60 [00:01<00:01, 21.84it/s]
 67%|██████▋   | 40/60 [00:01<00:00, 22.55it/s]
 72%|███████▏  | 43/60 [00:01<00:00, 23.10it/s]
 77%|███████▋  | 46/60 [00:02<00:00, 23.60it/s]
 82%|████████▏ | 49/60 [00:02<00:00, 24.27it/s]
 87%|████████▋ | 52/60 [00:02<00:00, 23.80it/s]
 92%|█████████▏| 55/60 [00:02<00:00, 24.29it/s]
 97%|█████████▋| 58/60 [00:02<00:00, 25.29it/s]
100%|██████████| 60/60 [00:02<00:00, 22.59it/s]
wandb: WARNING `fps` argument does not affect the frame rate of the video when providing a file path or raw bytes.
477757440: reward=15.802
487587840: mean episode reward=15.962
507904000: mean episode reward=14.796
528220160: mean episode reward=14.529

  0%|          | 0/60 [00:00<?, ?it/s]
  3%|▎         | 2/60 [00:00<00:03, 15.45it/s]
  8%|▊         | 5/60 [00:00<00:02, 19.56it/s]
 13%|█▎        | 8/60 [00:00<00:02, 20.90it/s]
 18%|█▊        | 11/60 [00:00<00:02, 21.80it/s]
 23%|██▎       | 14/60 [00:00<00:02, 21.94it/s]
 28%|██▊       | 17/60 [00:00<00:01, 22.87it/s]
 33%|███▎      | 20/60 [00:00<00:01, 23.45it/s]
 38%|███▊      | 23/60 [00:01<00:01, 22.60it/s]
 43%|████▎     | 26/60 [00:01<00:01, 22.75it/s]
 48%|████▊     | 29/60 [00:01<00:01, 23.39it/s]
 53%|█████▎    | 32/60 [00:01<00:01, 23.85it/s]
 58%|█████▊    | 35/60 [00:01<00:01, 23.86it/s]
 63%|██████▎   | 38/60 [00:01<00:00, 23.38it/s]
 68%|██████▊   | 41/60 [00:01<00:00, 23.11it/s]
 73%|███████▎  | 44/60 [00:01<00:00, 23.22it/s]
 78%|███████▊  | 47/60 [00:02<00:00, 23.05it/s]
 83%|████████▎ | 50/60 [00:02<00:00, 22.65it/s]
 88%|████████▊ | 53/60 [00:02<00:00, 22.99it/s]
 93%|█████████▎| 56/60 [00:02<00:00, 23.07it/s]
 98%|█████████▊| 59/60 [00:02<00:00, 23.84it/s]
100%|██████████| 60/60 [00:02<00:00, 22.86it/s]
wandb: WARNING `fps` argument does not affect the frame rate of the video when providing a file path or raw bytes.
530841600: reward=15.382
548536320: mean episode reward=14.366
568852480: mean episode reward=16.214

  0%|          | 0/60 [00:00<?, ?it/s]
  3%|▎         | 2/60 [00:00<00:03, 16.00it/s]
  8%|▊         | 5/60 [00:00<00:02, 19.45it/s]
 13%|█▎        | 8/60 [00:00<00:02, 20.88it/s]
 18%|█▊        | 11/60 [00:00<00:02, 22.18it/s]
 23%|██▎       | 14/60 [00:00<00:02, 22.75it/s]
 28%|██▊       | 17/60 [00:00<00:01, 23.38it/s]
 33%|███▎      | 20/60 [00:00<00:01, 24.85it/s]
 38%|███▊      | 23/60 [00:00<00:01, 26.08it/s]
 43%|████▎     | 26/60 [00:01<00:01, 27.13it/s]
 48%|████▊     | 29/60 [00:01<00:01, 27.69it/s]
 53%|█████▎    | 32/60 [00:01<00:01, 27.96it/s]
 58%|█████▊    | 35/60 [00:01<00:00, 28.35it/s]
 63%|██████▎   | 38/60 [00:01<00:00, 28.50it/s]
 68%|██████▊   | 41/60 [00:01<00:00, 28.33it/s]
 73%|███████▎  | 44/60 [00:01<00:00, 28.15it/s]
 78%|███████▊  | 47/60 [00:01<00:00, 28.19it/s]
 83%|████████▎ | 50/60 [00:01<00:00, 27.93it/s]
 88%|████████▊ | 53/60 [00:02<00:00, 27.74it/s]
 93%|█████████▎| 56/60 [00:02<00:00, 27.81it/s]
 98%|█████████▊| 59/60 [00:02<00:00, 27.99it/s]
100%|██████████| 60/60 [00:02<00:00, 26.28it/s]
wandb: WARNING `fps` argument does not affect the frame rate of the video when providing a file path or raw bytes.
583925760: reward=15.628
589168640: mean episode reward=15.779
609484800: mean episode reward=15.406
629800960: mean episode reward=17.092

  0%|          | 0/60 [00:00<?, ?it/s]
  3%|▎         | 2/60 [00:00<00:03, 16.50it/s]
  8%|▊         | 5/60 [00:00<00:02, 19.68it/s]
 13%|█▎        | 8/60 [00:00<00:02, 21.31it/s]
 18%|█▊        | 11/60 [00:00<00:02, 21.76it/s]
 23%|██▎       | 14/60 [00:00<00:02, 22.95it/s]
 28%|██▊       | 17/60 [00:00<00:01, 24.62it/s]
 33%|███▎      | 20/60 [00:00<00:01, 24.44it/s]
 38%|███▊      | 23/60 [00:00<00:01, 24.36it/s]
 43%|████▎     | 26/60 [00:01<00:01, 24.44it/s]
 48%|████▊     | 29/60 [00:01<00:01, 24.23it/s]
 53%|█████▎    | 32/60 [00:01<00:01, 24.49it/s]
 58%|█████▊    | 35/60 [00:01<00:00, 25.07it/s]
 63%|██████▎   | 38/60 [00:01<00:00, 25.21it/s]
 68%|██████▊   | 41/60 [00:01<00:00, 25.40it/s]
 73%|███████▎  | 44/60 [00:01<00:00, 25.26it/s]
 78%|███████▊  | 47/60 [00:01<00:00, 25.40it/s]
 83%|████████▎ | 50/60 [00:02<00:00, 25.41it/s]
 88%|████████▊ | 53/60 [00:02<00:00, 25.47it/s]
 93%|█████████▎| 56/60 [00:02<00:00, 25.48it/s]
 98%|█████████▊| 59/60 [00:02<00:00, 25.41it/s]
100%|██████████| 60/60 [00:02<00:00, 24.46it/s]
wandb: WARNING `fps` argument does not affect the frame rate of the video when providing a file path or raw bytes.
637009920: reward=16.518
650117120: mean episode reward=15.281
670433280: mean episode reward=16.088

  0%|          | 0/60 [00:00<?, ?it/s]
  3%|▎         | 2/60 [00:00<00:03, 16.03it/s]
  8%|▊         | 5/60 [00:00<00:02, 20.16it/s]
 13%|█▎        | 8/60 [00:00<00:02, 20.71it/s]
 18%|█▊        | 11/60 [00:00<00:02, 21.03it/s]
 23%|██▎       | 14/60 [00:00<00:02, 21.72it/s]
 28%|██▊       | 17/60 [00:00<00:01, 21.78it/s]
 33%|███▎      | 20/60 [00:00<00:01, 21.69it/s]
 38%|███▊      | 23/60 [00:01<00:01, 21.75it/s]
 43%|████▎     | 26/60 [00:01<00:01, 22.77it/s]
 48%|████▊     | 29/60 [00:01<00:01, 23.98it/s]
 53%|█████▎    | 32/60 [00:01<00:01, 25.01it/s]
 58%|█████▊    | 35/60 [00:01<00:00, 25.60it/s]
 63%|██████▎   | 38/60 [00:01<00:00, 26.41it/s]
 68%|██████▊   | 41/60 [00:01<00:00, 26.48it/s]
 73%|███████▎  | 44/60 [00:01<00:00, 26.73it/s]
 78%|███████▊  | 47/60 [00:01<00:00, 26.59it/s]
 83%|████████▎ | 50/60 [00:02<00:00, 26.52it/s]
 88%|████████▊ | 53/60 [00:02<00:00, 26.07it/s]
 93%|█████████▎| 56/60 [00:02<00:00, 25.99it/s]
 98%|█████████▊| 59/60 [00:02<00:00, 25.85it/s]
100%|██████████| 60/60 [00:02<00:00, 24.21it/s]
wandb: WARNING `fps` argument does not affect the frame rate of the video when providing a file path or raw bytes.
690094080: reward=16.595
690749440: mean episode reward=17.462
711065600: mean episode reward=17.949
731381760: mean episode reward=15.601

  0%|          | 0/60 [00:00<?, ?it/s]
  3%|▎         | 2/60 [00:00<00:03, 17.52it/s]
  8%|▊         | 5/60 [00:00<00:02, 21.65it/s]
 13%|█▎        | 8/60 [00:00<00:02, 22.64it/s]
 18%|█▊        | 11/60 [00:00<00:02, 22.93it/s]
 23%|██▎       | 14/60 [00:00<00:02, 21.80it/s]
 28%|██▊       | 17/60 [00:00<00:02, 21.17it/s]
 33%|███▎      | 20/60 [00:00<00:01, 21.83it/s]
 38%|███▊      | 23/60 [00:01<00:01, 21.49it/s]
 43%|████▎     | 26/60 [00:01<00:01, 21.07it/s]
 48%|████▊     | 29/60 [00:01<00:01, 21.83it/s]
 53%|█████▎    | 32/60 [00:01<00:01, 22.00it/s]
 58%|█████▊    | 35/60 [00:01<00:01, 22.49it/s]
 63%|██████▎   | 38/60 [00:01<00:00, 23.20it/s]
 68%|██████▊   | 41/60 [00:01<00:00, 23.40it/s]
 73%|███████▎  | 44/60 [00:01<00:00, 22.75it/s]
 78%|███████▊  | 47/60 [00:02<00:00, 22.80it/s]
 83%|████████▎ | 50/60 [00:02<00:00, 22.58it/s]
 88%|████████▊ | 53/60 [00:02<00:00, 22.96it/s]
 93%|█████████▎| 56/60 [00:02<00:00, 22.65it/s]
 98%|█████████▊| 59/60 [00:02<00:00, 21.91it/s]
100%|██████████| 60/60 [00:02<00:00, 22.14it/s]
wandb: WARNING `fps` argument does not affect the frame rate of the video when providing a file path or raw bytes.
743178240: reward=16.070
751697920: mean episode reward=15.457
772014080: mean episode reward=16.800
792330240: mean episode reward=17.235

  0%|          | 0/60 [00:00<?, ?it/s]
  3%|▎         | 2/60 [00:00<00:03, 15.96it/s]
  8%|▊         | 5/60 [00:00<00:02, 20.19it/s]
 13%|█▎        | 8/60 [00:00<00:02, 21.27it/s]
 18%|█▊        | 11/60 [00:00<00:02, 21.34it/s]
 23%|██▎       | 14/60 [00:00<00:02, 22.05it/s]
 28%|██▊       | 17/60 [00:00<00:01, 22.53it/s]
 35%|███▌      | 21/60 [00:00<00:01, 25.33it/s]
 42%|████▏     | 25/60 [00:01<00:01, 26.99it/s]
 47%|████▋     | 28/60 [00:01<00:01, 27.48it/s]
 52%|█████▏    | 31/60 [00:01<00:01, 27.89it/s]
 57%|█████▋    | 34/60 [00:01<00:00, 27.77it/s]
 62%|██████▏   | 37/60 [00:01<00:00, 26.35it/s]
 67%|██████▋   | 40/60 [00:01<00:00, 25.38it/s]
 72%|███████▏  | 43/60 [00:01<00:00, 24.75it/s]
 77%|███████▋  | 46/60 [00:01<00:00, 24.11it/s]
 82%|████████▏ | 49/60 [00:02<00:00, 24.10it/s]
 87%|████████▋ | 52/60 [00:02<00:00, 24.19it/s]
 92%|█████████▏| 55/60 [00:02<00:00, 24.57it/s]
 97%|█████████▋| 58/60 [00:02<00:00, 25.32it/s]
100%|██████████| 60/60 [00:02<00:00, 24.73it/s]
wandb: WARNING `fps` argument does not affect the frame rate of the video when providing a file path or raw bytes.
796262400: reward=15.983
812646400: mean episode reward=15.293
832962560: mean episode reward=14.819

  0%|          | 0/60 [00:00<?, ?it/s]
  3%|▎         | 2/60 [00:00<00:03, 16.32it/s]
  8%|▊         | 5/60 [00:00<00:02, 20.30it/s]
 13%|█▎        | 8/60 [00:00<00:02, 22.02it/s]
 18%|█▊        | 11/60 [00:00<00:02, 22.73it/s]
 23%|██▎       | 14/60 [00:00<00:01, 23.26it/s]
 28%|██▊       | 17/60 [00:00<00:01, 24.18it/s]
 33%|███▎      | 20/60 [00:00<00:01, 24.42it/s]
 38%|███▊      | 23/60 [00:00<00:01, 24.26it/s]
 43%|████▎     | 26/60 [00:01<00:01, 25.01it/s]
 48%|████▊     | 29/60 [00:01<00:01, 24.91it/s]
 53%|█████▎    | 32/60 [00:01<00:01, 25.74it/s]
 58%|█████▊    | 35/60 [00:01<00:00, 26.42it/s]
 63%|██████▎   | 38/60 [00:01<00:00, 26.03it/s]
 68%|██████▊   | 41/60 [00:01<00:00, 26.11it/s]
 73%|███████▎  | 44/60 [00:01<00:00, 25.91it/s]
 78%|███████▊  | 47/60 [00:01<00:00, 26.08it/s]
 83%|████████▎ | 50/60 [00:02<00:00, 26.20it/s]
 88%|████████▊ | 53/60 [00:02<00:00, 25.99it/s]
 93%|█████████▎| 56/60 [00:02<00:00, 25.80it/s]
 98%|█████████▊| 59/60 [00:02<00:00, 25.75it/s]
100%|██████████| 60/60 [00:02<00:00, 24.92it/s]
wandb: WARNING `fps` argument does not affect the frame rate of the video when providing a file path or raw bytes.
849346560: reward=15.645
853278720: mean episode reward=14.558
873594880: mean episode reward=15.649
893911040: mean episode reward=15.760

  0%|          | 0/60 [00:00<?, ?it/s]
  3%|▎         | 2/60 [00:00<00:03, 17.62it/s]
  8%|▊         | 5/60 [00:00<00:02, 20.56it/s]
 13%|█▎        | 8/60 [00:00<00:02, 22.68it/s]
 18%|█▊        | 11/60 [00:00<00:02, 22.94it/s]
 23%|██▎       | 14/60 [00:00<00:01, 23.67it/s]
 28%|██▊       | 17/60 [00:00<00:01, 23.72it/s]
 33%|███▎      | 20/60 [00:00<00:01, 24.31it/s]
 38%|███▊      | 23/60 [00:00<00:01, 24.28it/s]
 43%|████▎     | 26/60 [00:01<00:01, 23.72it/s]
 48%|████▊     | 29/60 [00:01<00:01, 22.80it/s]
 53%|█████▎    | 32/60 [00:01<00:01, 22.91it/s]
 58%|█████▊    | 35/60 [00:01<00:01, 23.35it/s]
 63%|██████▎   | 38/60 [00:01<00:00, 23.41it/s]
 68%|██████▊   | 41/60 [00:01<00:00, 23.40it/s]
 73%|███████▎  | 44/60 [00:01<00:00, 23.75it/s]
 78%|███████▊  | 47/60 [00:02<00:00, 23.87it/s]
 83%|████████▎ | 50/60 [00:02<00:00, 24.10it/s]
 88%|████████▊ | 53/60 [00:02<00:00, 23.94it/s]
 93%|█████████▎| 56/60 [00:02<00:00, 24.23it/s]
 98%|█████████▊| 59/60 [00:02<00:00, 24.46it/s]
100%|██████████| 60/60 [00:02<00:00, 23.61it/s]
wandb: WARNING `fps` argument does not affect the frame rate of the video when providing a file path or raw bytes.
902430720: reward=16.286
914227200: mean episode reward=15.840
934543360: mean episode reward=17.978
954859520: mean episode reward=13.986

  0%|          | 0/60 [00:00<?, ?it/s]
  3%|▎         | 2/60 [00:00<00:03, 17.71it/s]
  8%|▊         | 5/60 [00:00<00:02, 20.60it/s]
 13%|█▎        | 8/60 [00:00<00:02, 21.59it/s]
 18%|█▊        | 11/60 [00:00<00:02, 22.09it/s]
 23%|██▎       | 14/60 [00:00<00:02, 22.62it/s]
 28%|██▊       | 17/60 [00:00<00:01, 22.46it/s]
 33%|███▎      | 20/60 [00:00<00:01, 22.82it/s]
 38%|███▊      | 23/60 [00:01<00:01, 23.30it/s]
 43%|████▎     | 26/60 [00:01<00:01, 23.86it/s]
 48%|████▊     | 29/60 [00:01<00:01, 24.30it/s]
 53%|█████▎    | 32/60 [00:01<00:01, 24.23it/s]
 58%|█████▊    | 35/60 [00:01<00:01, 23.89it/s]
 63%|██████▎   | 38/60 [00:01<00:00, 23.74it/s]
 68%|██████▊   | 41/60 [00:01<00:00, 24.32it/s]
 73%|███████▎  | 44/60 [00:01<00:00, 24.36it/s]
 78%|███████▊  | 47/60 [00:01<00:00, 24.83it/s]
 83%|████████▎ | 50/60 [00:02<00:00, 24.54it/s]
 88%|████████▊ | 53/60 [00:02<00:00, 24.54it/s]
 93%|█████████▎| 56/60 [00:02<00:00, 25.28it/s]
 98%|█████████▊| 59/60 [00:02<00:00, 25.78it/s]
100%|██████████| 60/60 [00:02<00:00, 23.92it/s]
wandb: WARNING `fps` argument does not affect the frame rate of the video when providing a file path or raw bytes.
955514880: reward=15.085
975175680: mean episode reward=14.855
995491840: mean episode reward=16.549

  0%|          | 0/60 [00:00<?, ?it/s]
  3%|▎         | 2/60 [00:00<00:03, 18.03it/s]
  8%|▊         | 5/60 [00:00<00:02, 20.03it/s]
 13%|█▎        | 8/60 [00:00<00:02, 20.78it/s]
 18%|█▊        | 11/60 [00:00<00:02, 20.73it/s]
 23%|██▎       | 14/60 [00:00<00:02, 20.24it/s]
 28%|██▊       | 17/60 [00:00<00:02, 20.15it/s]
 33%|███▎      | 20/60 [00:00<00:02, 19.98it/s]
 38%|███▊      | 23/60 [00:01<00:01, 20.94it/s]
 43%|████▎     | 26/60 [00:01<00:01, 20.75it/s]
 48%|████▊     | 29/60 [00:01<00:01, 21.80it/s]
 53%|█████▎    | 32/60 [00:01<00:01, 23.10it/s]
 58%|█████▊    | 35/60 [00:01<00:01, 24.19it/s]
 63%|██████▎   | 38/60 [00:01<00:00, 25.18it/s]
 68%|██████▊   | 41/60 [00:01<00:00, 25.28it/s]
 73%|███████▎  | 44/60 [00:01<00:00, 24.88it/s]
 78%|███████▊  | 47/60 [00:02<00:00, 24.60it/s]
 83%|████████▎ | 50/60 [00:02<00:00, 24.10it/s]
 88%|████████▊ | 53/60 [00:02<00:00, 24.33it/s]
 93%|█████████▎| 56/60 [00:02<00:00, 24.41it/s]
 98%|█████████▊| 59/60 [00:02<00:00, 23.81it/s]
100%|██████████| 60/60 [00:02<00:00, 22.70it/s]
wandb: WARNING `fps` argument does not affect the frame rate of the video when providing a file path or raw bytes.
1008599040: reward=17.251
Done training.
Time to JIT compile: 22.25017675757408
Time to train: 6541.367893584073
Starting inference...
FPS for rendering: 10.0

  0%|          | 0/500 [00:00<?, ?it/s]
  0%|          | 2/500 [00:00<00:30, 16.35it/s]
  1%|          | 5/500 [00:00<00:26, 19.03it/s]
  1%|▏         | 7/500 [00:00<00:25, 19.40it/s]
  2%|▏         | 9/500 [00:00<00:25, 19.46it/s]
  2%|▏         | 12/500 [00:00<00:24, 19.64it/s]
  3%|▎         | 15/500 [00:00<00:24, 19.80it/s]
  4%|▎         | 18/500 [00:00<00:23, 20.10it/s]
  4%|▍         | 21/500 [00:01<00:22, 21.03it/s]
  5%|▍         | 24/500 [00:01<00:23, 20.60it/s]
  5%|▌         | 27/500 [00:01<00:23, 19.83it/s]
  6%|▌         | 30/500 [00:01<00:23, 20.30it/s]
  7%|▋         | 33/500 [00:01<00:21, 21.28it/s]
  7%|▋         | 36/500 [00:01<00:22, 20.83it/s]
  8%|▊         | 39/500 [00:01<00:21, 21.13it/s]
  8%|▊         | 42/500 [00:02<00:21, 20.84it/s]
  9%|▉         | 45/500 [00:02<00:22, 20.41it/s]
 10%|▉         | 48/500 [00:02<00:22, 20.20it/s]
 10%|█         | 51/500 [00:02<00:22, 19.98it/s]
 11%|█         | 54/500 [00:02<00:22, 20.00it/s]
 11%|█▏        | 57/500 [00:02<00:22, 20.12it/s]
 12%|█▏        | 60/500 [00:02<00:21, 20.69it/s]
 13%|█▎        | 63/500 [00:03<00:20, 20.85it/s]
 13%|█▎        | 66/500 [00:03<00:20, 20.96it/s]
 14%|█▍        | 69/500 [00:03<00:20, 20.96it/s]
 14%|█▍        | 72/500 [00:03<00:19, 21.46it/s]
 15%|█▌        | 75/500 [00:03<00:19, 22.01it/s]
 16%|█▌        | 78/500 [00:03<00:18, 22.26it/s]
 16%|█▌        | 81/500 [00:03<00:18, 22.63it/s]
 17%|█▋        | 84/500 [00:04<00:18, 22.80it/s]
 17%|█▋        | 87/500 [00:04<00:18, 22.77it/s]
 18%|█▊        | 90/500 [00:04<00:18, 22.32it/s]
 19%|█▊        | 93/500 [00:04<00:19, 21.29it/s]
 19%|█▉        | 96/500 [00:04<00:19, 20.86it/s]
 20%|█▉        | 99/500 [00:04<00:19, 20.29it/s]
 20%|██        | 102/500 [00:04<00:19, 20.15it/s]
 21%|██        | 105/500 [00:05<00:19, 20.10it/s]
 22%|██▏       | 108/500 [00:05<00:19, 20.26it/s]
 22%|██▏       | 111/500 [00:05<00:19, 20.30it/s]
 23%|██▎       | 114/500 [00:05<00:19, 20.19it/s]
 23%|██▎       | 117/500 [00:05<00:19, 20.01it/s]
 24%|██▍       | 120/500 [00:05<00:18, 20.10it/s]
 25%|██▍       | 123/500 [00:05<00:18, 20.51it/s]
 25%|██▌       | 126/500 [00:06<00:18, 20.38it/s]
 26%|██▌       | 129/500 [00:06<00:18, 20.13it/s]
 26%|██▋       | 132/500 [00:06<00:17, 20.68it/s]
 27%|██▋       | 135/500 [00:06<00:17, 20.45it/s]
 28%|██▊       | 138/500 [00:06<00:17, 20.48it/s]
 28%|██▊       | 141/500 [00:06<00:17, 20.11it/s]
 29%|██▉       | 144/500 [00:06<00:17, 20.18it/s]
 29%|██▉       | 147/500 [00:07<00:17, 20.19it/s]
 30%|███       | 150/500 [00:07<00:17, 20.25it/s]
 31%|███       | 153/500 [00:07<00:17, 19.64it/s]
 31%|███       | 155/500 [00:07<00:17, 19.59it/s]
 32%|███▏      | 158/500 [00:07<00:17, 19.58it/s]
 32%|███▏      | 161/500 [00:07<00:17, 19.85it/s]
 33%|███▎      | 163/500 [00:07<00:17, 19.81it/s]
 33%|███▎      | 166/500 [00:08<00:16, 20.52it/s]
 34%|███▍      | 169/500 [00:08<00:16, 20.61it/s]
 34%|███▍      | 172/500 [00:08<00:15, 21.10it/s]
 35%|███▌      | 175/500 [00:08<00:15, 21.09it/s]
 36%|███▌      | 178/500 [00:08<00:15, 20.42it/s]
 36%|███▌      | 181/500 [00:08<00:14, 21.57it/s]
 37%|███▋      | 184/500 [00:08<00:14, 21.71it/s]
 37%|███▋      | 187/500 [00:09<00:14, 22.24it/s]
 38%|███▊      | 190/500 [00:09<00:14, 21.74it/s]
 39%|███▊      | 193/500 [00:09<00:14, 21.52it/s]
 39%|███▉      | 196/500 [00:09<00:14, 20.38it/s]
 40%|███▉      | 199/500 [00:09<00:15, 20.01it/s]
 40%|████      | 202/500 [00:09<00:14, 20.90it/s]
 41%|████      | 205/500 [00:09<00:14, 20.97it/s]
 42%|████▏     | 208/500 [00:10<00:14, 20.76it/s]
 42%|████▏     | 211/500 [00:10<00:14, 20.23it/s]
 43%|████▎     | 214/500 [00:10<00:14, 19.68it/s]
 43%|████▎     | 216/500 [00:10<00:14, 19.25it/s]
 44%|████▎     | 218/500 [00:10<00:14, 19.25it/s]
 44%|████▍     | 220/500 [00:10<00:14, 19.37it/s]
 45%|████▍     | 223/500 [00:10<00:13, 19.98it/s]
 45%|████▌     | 225/500 [00:10<00:14, 19.58it/s]
 45%|████▌     | 227/500 [00:11<00:13, 19.64it/s]
 46%|████▌     | 229/500 [00:11<00:13, 19.58it/s]
 46%|████▌     | 231/500 [00:11<00:13, 19.30it/s]
 47%|████▋     | 233/500 [00:11<00:14, 19.00it/s]
 47%|████▋     | 235/500 [00:11<00:13, 19.10it/s]
 48%|████▊     | 238/500 [00:11<00:12, 20.24it/s]
 48%|████▊     | 241/500 [00:11<00:12, 20.33it/s]
 49%|████▉     | 244/500 [00:11<00:12, 20.81it/s]
 49%|████▉     | 247/500 [00:12<00:11, 21.15it/s]
 50%|█████     | 250/500 [00:12<00:11, 21.32it/s]
 51%|█████     | 253/500 [00:12<00:11, 20.69it/s]
 51%|█████     | 256/500 [00:12<00:11, 20.86it/s]
 52%|█████▏    | 259/500 [00:12<00:11, 21.20it/s]
 52%|█████▏    | 262/500 [00:12<00:11, 20.95it/s]
 53%|█████▎    | 265/500 [00:12<00:11, 21.00it/s]
 54%|█████▎    | 268/500 [00:13<00:11, 21.07it/s]
 54%|█████▍    | 271/500 [00:13<00:10, 21.14it/s]
 55%|█████▍    | 274/500 [00:13<00:10, 21.07it/s]
 55%|█████▌    | 277/500 [00:13<00:10, 20.49it/s]
 56%|█████▌    | 280/500 [00:13<00:10, 20.11it/s]
 57%|█████▋    | 283/500 [00:13<00:11, 19.49it/s]
 57%|█████▋    | 285/500 [00:13<00:10, 19.56it/s]
 57%|█████▋    | 287/500 [00:14<00:11, 19.33it/s]
 58%|█████▊    | 289/500 [00:14<00:10, 19.19it/s]
 58%|█████▊    | 292/500 [00:14<00:10, 19.61it/s]
 59%|█████▉    | 295/500 [00:14<00:10, 19.90it/s]
 59%|█████▉    | 297/500 [00:14<00:10, 19.36it/s]
 60%|██████    | 300/500 [00:14<00:10, 19.68it/s]
 61%|██████    | 303/500 [00:14<00:09, 19.86it/s]
 61%|██████    | 305/500 [00:14<00:09, 19.78it/s]
 61%|██████▏   | 307/500 [00:15<00:09, 19.64it/s]
 62%|██████▏   | 309/500 [00:15<00:09, 19.47it/s]
 62%|██████▏   | 312/500 [00:15<00:09, 20.04it/s]
 63%|██████▎   | 315/500 [00:15<00:09, 20.36it/s]
 64%|██████▎   | 318/500 [00:15<00:08, 20.35it/s]
 64%|██████▍   | 321/500 [00:15<00:08, 19.93it/s]
 65%|██████▍   | 324/500 [00:15<00:08, 19.97it/s]
 65%|██████▌   | 326/500 [00:15<00:08, 19.95it/s]
 66%|██████▌   | 329/500 [00:16<00:08, 19.95it/s]
 66%|██████▋   | 332/500 [00:16<00:08, 20.48it/s]
 67%|██████▋   | 335/500 [00:16<00:07, 21.26it/s]
 68%|██████▊   | 338/500 [00:16<00:07, 21.39it/s]
 68%|██████▊   | 341/500 [00:16<00:07, 21.68it/s]
 69%|██████▉   | 344/500 [00:16<00:07, 22.14it/s]
 69%|██████▉   | 347/500 [00:16<00:07, 21.84it/s]
 70%|███████   | 350/500 [00:17<00:06, 22.25it/s]
 71%|███████   | 353/500 [00:17<00:06, 22.49it/s]
 71%|███████   | 356/500 [00:17<00:06, 22.32it/s]
 72%|███████▏  | 359/500 [00:17<00:06, 22.01it/s]
 72%|███████▏  | 362/500 [00:17<00:06, 21.80it/s]
 73%|███████▎  | 365/500 [00:17<00:06, 21.31it/s]
 74%|███████▎  | 368/500 [00:17<00:06, 21.61it/s]
 74%|███████▍  | 371/500 [00:18<00:06, 21.21it/s]
 75%|███████▍  | 374/500 [00:18<00:05, 21.12it/s]
 75%|███████▌  | 377/500 [00:18<00:06, 20.50it/s]
 76%|███████▌  | 380/500 [00:18<00:05, 20.54it/s]
 77%|███████▋  | 383/500 [00:18<00:05, 21.16it/s]
 77%|███████▋  | 386/500 [00:18<00:05, 21.26it/s]
 78%|███████▊  | 389/500 [00:18<00:05, 21.86it/s]
 78%|███████▊  | 392/500 [00:19<00:04, 22.41it/s]
 79%|███████▉  | 395/500 [00:19<00:04, 22.23it/s]
 80%|███████▉  | 398/500 [00:19<00:04, 21.19it/s]
 80%|████████  | 401/500 [00:19<00:04, 20.32it/s]
 81%|████████  | 404/500 [00:19<00:04, 19.83it/s]
 81%|████████  | 406/500 [00:19<00:04, 19.54it/s]
 82%|████████▏ | 408/500 [00:19<00:04, 19.60it/s]
 82%|████████▏ | 410/500 [00:19<00:04, 19.44it/s]
 82%|████████▏ | 412/500 [00:20<00:04, 19.08it/s]
 83%|████████▎ | 414/500 [00:20<00:04, 19.27it/s]
 83%|████████▎ | 416/500 [00:20<00:04, 19.37it/s]
 84%|████████▎ | 418/500 [00:20<00:04, 19.30it/s]
 84%|████████▍ | 420/500 [00:20<00:04, 18.94it/s]
 84%|████████▍ | 422/500 [00:20<00:04, 19.14it/s]
 85%|████████▍ | 424/500 [00:20<00:03, 19.35it/s]
 85%|████████▌ | 426/500 [00:20<00:03, 19.43it/s]
 86%|████████▌ | 428/500 [00:20<00:03, 19.20it/s]
 86%|████████▌ | 430/500 [00:20<00:03, 19.09it/s]
 87%|████████▋ | 433/500 [00:21<00:03, 19.37it/s]
 87%|████████▋ | 436/500 [00:21<00:03, 19.52it/s]
 88%|████████▊ | 438/500 [00:21<00:03, 19.60it/s]
 88%|████████▊ | 441/500 [00:21<00:02, 20.25it/s]
 89%|████████▉ | 444/500 [00:21<00:02, 19.52it/s]
 89%|████████▉ | 447/500 [00:21<00:02, 19.84it/s]
 90%|████████▉ | 449/500 [00:21<00:02, 19.72it/s]
 90%|█████████ | 451/500 [00:22<00:02, 19.44it/s]
 91%|█████████ | 453/500 [00:22<00:02, 19.28it/s]
 91%|█████████ | 455/500 [00:22<00:02, 18.95it/s]
 92%|█████████▏| 458/500 [00:22<00:02, 19.37it/s]
 92%|█████████▏| 460/500 [00:22<00:02, 19.31it/s]
 92%|█████████▏| 462/500 [00:22<00:01, 19.41it/s]
 93%|█████████▎| 464/500 [00:22<00:01, 19.32it/s]
 93%|█████████▎| 466/500 [00:22<00:01, 19.49it/s]
 94%|█████████▎| 468/500 [00:22<00:01, 19.05it/s]
 94%|█████████▍| 470/500 [00:23<00:01, 18.84it/s]
 94%|█████████▍| 472/500 [00:23<00:01, 18.86it/s]
 95%|█████████▍| 474/500 [00:23<00:01, 19.15it/s]
 95%|█████████▌| 476/500 [00:23<00:01, 19.28it/s]
 96%|█████████▌| 478/500 [00:23<00:01, 19.30it/s]
 96%|█████████▌| 480/500 [00:23<00:01, 18.80it/s]
 96%|█████████▋| 482/500 [00:23<00:00, 18.83it/s]
 97%|█████████▋| 484/500 [00:23<00:00, 18.92it/s]
 97%|█████████▋| 486/500 [00:23<00:00, 19.11it/s]
 98%|█████████▊| 489/500 [00:24<00:00, 19.30it/s]
 98%|█████████▊| 491/500 [00:24<00:00, 19.27it/s]
 99%|█████████▊| 493/500 [00:24<00:00, 19.08it/s]
 99%|█████████▉| 495/500 [00:24<00:00, 19.14it/s]
 99%|█████████▉| 497/500 [00:24<00:00, 18.86it/s]
100%|█████████▉| 499/500 [00:24<00:00, 18.64it/s]
100%|██████████| 500/500 [00:24<00:00, 20.31it/s]
Rollout video saved as 'rollout0.mp4'.
[1;34mwandb[0m: 
[1;34mwandb[0m: 🚀 View run [33mTesolloDownwardsRotateZ-20260626-072314-downwardsrotatez_sb_propriotarget_s1[0m at: [34mhttps://wandb.ai/nikolastaykov/mjxrl/runs/u6utzxb9[0m
[1;34mwandb[0m: Find logs at: [1;35mwandb/run-20260626_072314-u6utzxb9/logs[0m
