Warp 1.12.1 initialized:
   CUDA Toolkit 12.9, Driver 12.5
   Devices:
     "cpu"      : "x86_64"
     "cuda:0"   : "NVIDIA GeForce RTX 4090" (24 GiB, sm_89, mempool enabled)
   Kernel cache:
     /home/nstaykov/.cache/warp/1.12.1
Warp DeprecationWarning: The symbol `warp.types.warp_type_to_np_dtype` will soon be removed from the public API. It can still be accessed from `warp._src.types.warp_type_to_np_dtype` but might be changed or removed without notice.
/local/home/nstaykov/workspace/mujoco_playground/mujoco_playground/_src/manipulation/tesollo_hand/obs.py:161: UserWarning: obs_noise.scales has keys not in active obs spec: {'motor_targets'}
  warnings.warn(
Environment Config:
action_mode: absolute
action_repeat: 1
action_scale: 0.5
constrain_wrist_translation: false
ctrl_dt: 0.05
curriculum:
  band_width: 0.08726646259971647
  enable: false
  promote_after: 5
  success_count_threshold: 70
ema_alpha: 0.2
episode_length: 120
impl: warp
kp_scale: 1.0
max_target_angle: 2.0943951023931953
nconmax: 1638400
njmax: 2200
obs_noise:
  level: 1.0
  scales:
    goal_quat: 0.0
    joint_pos: 0.0
    joint_vel: 0.0
    motor_targets: 0.0
ori_tolerance_rad: 0.05235987755982988
pert_config:
  angular_velocity_pert:
  - 0.0
  - 0.5
  enable: false
  linear_velocity_pert:
  - 0.0
  - 3.0
  pert_duration_steps:
  - 1
  - 100
  pert_wait_steps:
  - 60
  - 150
reward_config:
  ori_reward_margin_rad: 0.5235987755982988
  scales:
    action_rate: -0.5
    cube_on_floor: -0.5
    cube_ori: 2.0
    fingertip_pos: 1.5
    joint_vel: -0.002
    wrist_vel: -0.02
  success_reward: 2.0
scene:
  cube_mass: 0.108
sensor_bundle: force.magnitude
sim_dt: 0.01
target_hold_time: 0.05

PPO Training Parameters:
action_repeat: 1
batch_size: 256
discounting: 0.99
entropy_cost: 0.005
episode_length: 120
learning_rate: 0.0001
log_training_metrics: true
network_factory:
  policy_hidden_layer_sizes: &id001 !!python/tuple
  - 512
  - 256
  - 128
  policy_obs_key: state
  value_hidden_layer_sizes: *id001
  value_obs_key: privileged_state
normalize_observations: true
num_envs: 8192
num_evals: 20
num_minibatches: 64
num_resets_per_eval: 0
num_timesteps: 1000000000
num_updates_per_batch: 4
reward_scaling: 1.0
training_metrics_steps: 20000000
unroll_length: 40

CLI overrides: {
  "env_name": "TesolloDownwardsRotateZ",
  "suffix": "downwardsrotatez_sb_forcemagnitude_s1",
  "use_wandb": true,
  "log_video_to_wandb": true,
  "seed": 1,
  "num_timesteps": 1000000000,
  "num_envs": 8192,
  "log_training_metrics": true,
  "training_metrics_steps": 20000000,
  "env_overrides_file": "logs/_queue/downwards_sensor_sweep_120-20260625-124815/run-01-TesolloDownwardsRotateZ-downwardsrotatez_sb_forcemagnitude_s1-overrides.yaml"
}
Experiment name: TesolloDownwardsRotateZ-20260625-143857-downwardsrotatez_sb_forcemagnitude_s1
Logs are being stored in: /local/home/nstaykov/workspace/mujoco_playground/logs/TesolloDownwardsRotateZ-20260625-143857-downwardsrotatez_sb_forcemagnitude_s1
wandb: [wandb.login()] Loaded credentials for https://api.wandb.ai from WANDB_API_KEY.
wandb: Currently logged in as: nstaykov (nikolastaykov) to https://api.wandb.ai. Use `wandb login --relogin` to force relogin
wandb: setting up run kr63pmvs
wandb: Tracking run with wandb version 0.26.1
wandb: Run data is saved locally in /local/home/nstaykov/workspace/mujoco_playground/wandb/run-20260625_143857-kr63pmvs
wandb: Run `wandb offline` to turn off syncing.
wandb: Syncing run TesolloDownwardsRotateZ-20260625-143857-downwardsrotatez_sb_forcemagnitude_s1
wandb: ⭐️ View project at https://wandb.ai/nikolastaykov/mjxrl
wandb: 🚀 View run at https://wandb.ai/nikolastaykov/mjxrl/runs/kr63pmvs
No checkpoint path provided, not restoring from checkpoint
Checkpoint path: /local/home/nstaykov/workspace/mujoco_playground/logs/TesolloDownwardsRotateZ-20260625-143857-downwardsrotatez_sb_forcemagnitude_s1/checkpoints
/local/home/nstaykov/workspace/mujoco_playground/mujoco_playground/_src/manipulation/tesollo_hand/obs.py:161: UserWarning: obs_noise.scales has keys not in active obs spec: {'motor_targets'}
  warnings.warn(
Module mujoco.mjx.warp.ffi 98d2031 load on device 'cuda:0' took 0.39 ms  (cached)
Module mujoco.mjx.third_party.mujoco_warp._src.smooth 26bbc02 load on device 'cuda:0' took 6.37 ms  (cached)
Module mujoco.mjx.third_party.mujoco_warp._src.collision_driver 88f7770 load on device 'cuda:0' took 0.29 ms  (cached)
Module _nxn_broadphase__locals__kernel_c763f4cb c763f4c load on device 'cuda:0' took 0.28 ms  (cached)
Module _primitive_narrowphase__locals__primitive_narrowphase_072e9f5e 072e9f5 load on device 'cuda:0' took 0.42 ms  (cached)
Module mujoco.mjx.third_party.mujoco_warp._src.constraint c567367 load on device 'cuda:0' took 0.49 ms  (cached)
Module mujoco.mjx.third_party.mujoco_warp._src.sensor 18a78e5 load on device 'cuda:0' took 0.54 ms  (cached)
Module mujoco.mjx.third_party.mujoco_warp._src.forward 16fbac8 load on device 'cuda:0' took 0.61 ms  (cached)
Module mujoco.mjx.third_party.mujoco_warp._src.passive 8bfe11c load on device 'cuda:0' took 0.34 ms  (cached)
Module mujoco.mjx.third_party.mujoco_warp._src.forward 8f5355c load on device 'cuda:0' took 0.42 ms  (cached)
Module mujoco.mjx.third_party.mujoco_warp._src.support dd3f924 load on device 'cuda:0' took 0.27 ms  (cached)
Module _tile_cholesky_factorize_solve__locals__cholesky_factorize_solve_98799697 3154237 load on device 'cuda:0' took 25.16 ms  (cached)
Module _tile_cholesky_factorize_solve__locals__cholesky_factorize_solve_b2744b1b e16af87 load on device 'cuda:0' took 25.43 ms  (cached)
Module mujoco.mjx.third_party.mujoco_warp._src.solver b116efb load on device 'cuda:0' took 0.50 ms  (cached)
Module solve_init_jaref__locals__kernel_feadd581 feadd58 load on device 'cuda:0' took 0.43 ms  (cached)
Module mul_m_dense__locals___mul_m_dense_e34139c1 e34139c load on device 'cuda:0' took 0.42 ms  (cached)
Module update_constraint_efc__locals__kernel_81015163 8101516 load on device 'cuda:0' took 0.28 ms  (cached)
Module update_constraint_gauss_cost__locals__kernel_6370b491 6370b49 load on device 'cuda:0' took 0.28 ms  (cached)
Module update_gradient_JTDAJ_dense_tiled__locals__kernel_e0063ce2 85330e7 load on device 'cuda:0' took 0.56 ms  (cached)
Module update_gradient_cholesky__locals__kernel_c54e7710 b74aeaf load on device 'cuda:0' took 26.04 ms  (cached)
Module linesearch_iterative__locals__kernel_94acdc55 9c914fd load on device 'cuda:0' took 0.38 ms  (cached)
Module update_constraint_efc__locals__kernel_25737258 2573725 load on device 'cuda:0' took 0.29 ms  (cached)
Module _contact_sort__locals__contact_sort_44d31eb2 de954a2 load on device 'cuda:0' took 0.34 ms  (cached)
0: reward=-0.150

  0%|          | 0/60 [00:00<?, ?it/s]
  3%|▎         | 2/60 [00:00<00:03, 15.54it/s]
  8%|▊         | 5/60 [00:00<00:02, 18.52it/s]
 13%|█▎        | 8/60 [00:00<00:02, 19.40it/s]
 18%|█▊        | 11/60 [00:00<00:02, 20.34it/s]
 23%|██▎       | 14/60 [00:00<00:02, 21.26it/s]
 28%|██▊       | 17/60 [00:00<00:01, 21.83it/s]
 33%|███▎      | 20/60 [00:00<00:01, 21.57it/s]
 38%|███▊      | 23/60 [00:01<00:01, 21.42it/s]
 43%|████▎     | 26/60 [00:01<00:01, 21.23it/s]
 48%|████▊     | 29/60 [00:01<00:01, 21.66it/s]
 53%|█████▎    | 32/60 [00:01<00:01, 22.05it/s]
 58%|█████▊    | 35/60 [00:01<00:01, 22.10it/s]
 63%|██████▎   | 38/60 [00:01<00:01, 21.92it/s]
 68%|██████▊   | 41/60 [00:01<00:00, 21.80it/s]
 73%|███████▎  | 44/60 [00:02<00:00, 21.86it/s]
 78%|███████▊  | 47/60 [00:02<00:00, 22.10it/s]
 83%|████████▎ | 50/60 [00:02<00:00, 22.14it/s]
 88%|████████▊ | 53/60 [00:02<00:00, 22.30it/s]
 93%|█████████▎| 56/60 [00:02<00:00, 22.23it/s]
 98%|█████████▊| 59/60 [00:02<00:00, 22.48it/s]
100%|██████████| 60/60 [00:02<00:00, 21.64it/s]
wandb: WARNING `fps` argument does not affect the frame rate of the video when providing a file path or raw bytes.
20316160: mean episode reward=3.718
40632320: mean episode reward=7.491

  0%|          | 0/60 [00:00<?, ?it/s]
  3%|▎         | 2/60 [00:00<00:03, 15.19it/s]
  8%|▊         | 5/60 [00:00<00:02, 19.09it/s]
 13%|█▎        | 8/60 [00:00<00:02, 21.31it/s]
 18%|█▊        | 11/60 [00:00<00:02, 21.72it/s]
 23%|██▎       | 14/60 [00:00<00:02, 22.03it/s]
 28%|██▊       | 17/60 [00:00<00:01, 22.07it/s]
 33%|███▎      | 20/60 [00:00<00:01, 21.53it/s]
 38%|███▊      | 23/60 [00:01<00:01, 21.79it/s]
 43%|████▎     | 26/60 [00:01<00:01, 23.41it/s]
 48%|████▊     | 29/60 [00:01<00:01, 23.89it/s]
 53%|█████▎    | 32/60 [00:01<00:01, 23.60it/s]
 58%|█████▊    | 35/60 [00:01<00:01, 23.59it/s]
 63%|██████▎   | 38/60 [00:01<00:00, 23.64it/s]
 68%|██████▊   | 41/60 [00:01<00:00, 24.27it/s]
 73%|███████▎  | 44/60 [00:01<00:00, 24.38it/s]
 78%|███████▊  | 47/60 [00:02<00:00, 24.55it/s]
 83%|████████▎ | 50/60 [00:02<00:00, 24.43it/s]
 88%|████████▊ | 53/60 [00:02<00:00, 24.52it/s]
 93%|█████████▎| 56/60 [00:02<00:00, 24.60it/s]
 98%|█████████▊| 59/60 [00:02<00:00, 24.24it/s]
100%|██████████| 60/60 [00:02<00:00, 23.23it/s]
wandb: WARNING `fps` argument does not affect the frame rate of the video when providing a file path or raw bytes.
53084160: reward=8.197
60948480: mean episode reward=7.489
81264640: mean episode reward=9.220
101580800: mean episode reward=9.854

  0%|          | 0/60 [00:00<?, ?it/s]
  3%|▎         | 2/60 [00:00<00:03, 15.62it/s]
  8%|▊         | 5/60 [00:00<00:02, 19.54it/s]
 13%|█▎        | 8/60 [00:00<00:02, 20.26it/s]
 18%|█▊        | 11/60 [00:00<00:02, 21.21it/s]
 23%|██▎       | 14/60 [00:00<00:02, 22.16it/s]
 28%|██▊       | 17/60 [00:00<00:01, 21.76it/s]
 33%|███▎      | 20/60 [00:00<00:01, 21.43it/s]
 38%|███▊      | 23/60 [00:01<00:01, 21.32it/s]
 43%|████▎     | 26/60 [00:01<00:01, 21.48it/s]
 48%|████▊     | 29/60 [00:01<00:01, 21.09it/s]
 53%|█████▎    | 32/60 [00:01<00:01, 22.00it/s]
 58%|█████▊    | 35/60 [00:01<00:01, 22.00it/s]
 63%|██████▎   | 38/60 [00:01<00:00, 22.55it/s]
 68%|██████▊   | 41/60 [00:01<00:00, 22.55it/s]
 73%|███████▎  | 44/60 [00:02<00:00, 21.89it/s]
 78%|███████▊  | 47/60 [00:02<00:00, 21.64it/s]
 83%|████████▎ | 50/60 [00:02<00:00, 21.71it/s]
 88%|████████▊ | 53/60 [00:02<00:00, 21.60it/s]
 93%|█████████▎| 56/60 [00:02<00:00, 21.82it/s]
 98%|█████████▊| 59/60 [00:02<00:00, 21.80it/s]
100%|██████████| 60/60 [00:02<00:00, 21.58it/s]
wandb: WARNING `fps` argument does not affect the frame rate of the video when providing a file path or raw bytes.
106168320: reward=10.979
121896960: mean episode reward=9.948
142213120: mean episode reward=10.907

  0%|          | 0/60 [00:00<?, ?it/s]
  3%|▎         | 2/60 [00:00<00:03, 14.78it/s]
  8%|▊         | 5/60 [00:00<00:02, 19.46it/s]
 13%|█▎        | 8/60 [00:00<00:02, 20.25it/s]
 18%|█▊        | 11/60 [00:00<00:02, 20.44it/s]
 23%|██▎       | 14/60 [00:00<00:02, 20.53it/s]
 28%|██▊       | 17/60 [00:00<00:02, 21.13it/s]
 33%|███▎      | 20/60 [00:00<00:01, 21.99it/s]
 38%|███▊      | 23/60 [00:01<00:01, 22.16it/s]
 43%|████▎     | 26/60 [00:01<00:01, 22.43it/s]
 48%|████▊     | 29/60 [00:01<00:01, 22.30it/s]
 53%|█████▎    | 32/60 [00:01<00:01, 22.53it/s]
 58%|█████▊    | 35/60 [00:01<00:01, 22.62it/s]
 63%|██████▎   | 38/60 [00:01<00:00, 22.94it/s]
 68%|██████▊   | 41/60 [00:01<00:00, 23.30it/s]
 73%|███████▎  | 44/60 [00:01<00:00, 23.84it/s]
 78%|███████▊  | 47/60 [00:02<00:00, 23.58it/s]
 83%|████████▎ | 50/60 [00:02<00:00, 23.58it/s]
 88%|████████▊ | 53/60 [00:02<00:00, 23.14it/s]
 93%|█████████▎| 56/60 [00:02<00:00, 22.74it/s]
 98%|█████████▊| 59/60 [00:02<00:00, 22.87it/s]
100%|██████████| 60/60 [00:02<00:00, 22.27it/s]
wandb: WARNING `fps` argument does not affect the frame rate of the video when providing a file path or raw bytes.
159252480: reward=9.780
162529280: mean episode reward=11.785
182845440: mean episode reward=13.447
203161600: mean episode reward=12.308

  0%|          | 0/60 [00:00<?, ?it/s]
  3%|▎         | 2/60 [00:00<00:03, 17.20it/s]
  8%|▊         | 5/60 [00:00<00:02, 20.58it/s]
 13%|█▎        | 8/60 [00:00<00:02, 21.19it/s]
 18%|█▊        | 11/60 [00:00<00:02, 22.02it/s]
 23%|██▎       | 14/60 [00:00<00:02, 21.80it/s]
 28%|██▊       | 17/60 [00:00<00:02, 21.16it/s]
 33%|███▎      | 20/60 [00:00<00:01, 20.87it/s]
 38%|███▊      | 23/60 [00:01<00:01, 20.58it/s]
 43%|████▎     | 26/60 [00:01<00:01, 20.33it/s]
 48%|████▊     | 29/60 [00:01<00:01, 20.41it/s]
 53%|█████▎    | 32/60 [00:01<00:01, 20.44it/s]
 58%|█████▊    | 35/60 [00:01<00:01, 20.26it/s]
 63%|██████▎   | 38/60 [00:01<00:01, 20.30it/s]
 68%|██████▊   | 41/60 [00:01<00:00, 20.66it/s]
 73%|███████▎  | 44/60 [00:02<00:00, 20.72it/s]
 78%|███████▊  | 47/60 [00:02<00:00, 20.80it/s]
 83%|████████▎ | 50/60 [00:02<00:00, 20.62it/s]
 88%|████████▊ | 53/60 [00:02<00:00, 20.83it/s]
 93%|█████████▎| 56/60 [00:02<00:00, 20.42it/s]
 98%|█████████▊| 59/60 [00:02<00:00, 20.37it/s]
100%|██████████| 60/60 [00:02<00:00, 20.62it/s]
wandb: WARNING `fps` argument does not affect the frame rate of the video when providing a file path or raw bytes.
212336640: reward=12.456
223477760: mean episode reward=12.897
243793920: mean episode reward=12.855
264110080: mean episode reward=11.463

  0%|          | 0/60 [00:00<?, ?it/s]
  3%|▎         | 2/60 [00:00<00:03, 17.03it/s]
  8%|▊         | 5/60 [00:00<00:02, 20.62it/s]
 13%|█▎        | 8/60 [00:00<00:02, 21.64it/s]
 18%|█▊        | 11/60 [00:00<00:02, 22.63it/s]
 23%|██▎       | 14/60 [00:00<00:01, 23.22it/s]
 28%|██▊       | 17/60 [00:00<00:01, 22.73it/s]
 33%|███▎      | 20/60 [00:00<00:01, 22.29it/s]
 38%|███▊      | 23/60 [00:01<00:01, 21.88it/s]
 43%|████▎     | 26/60 [00:01<00:01, 21.86it/s]
 48%|████▊     | 29/60 [00:01<00:01, 21.17it/s]
 53%|█████▎    | 32/60 [00:01<00:01, 20.91it/s]
 58%|█████▊    | 35/60 [00:01<00:01, 21.08it/s]
 63%|██████▎   | 38/60 [00:01<00:01, 20.61it/s]
 68%|██████▊   | 41/60 [00:01<00:00, 21.29it/s]
 73%|███████▎  | 44/60 [00:02<00:00, 21.99it/s]
 78%|███████▊  | 47/60 [00:02<00:00, 21.57it/s]
 83%|████████▎ | 50/60 [00:02<00:00, 21.66it/s]
 88%|████████▊ | 53/60 [00:02<00:00, 21.02it/s]
 93%|█████████▎| 56/60 [00:02<00:00, 20.91it/s]
 98%|█████████▊| 59/60 [00:02<00:00, 21.10it/s]
100%|██████████| 60/60 [00:02<00:00, 21.39it/s]
wandb: WARNING `fps` argument does not affect the frame rate of the video when providing a file path or raw bytes.
265420800: reward=13.009
284426240: mean episode reward=13.753
304742400: mean episode reward=14.164

  0%|          | 0/60 [00:00<?, ?it/s]
  3%|▎         | 2/60 [00:00<00:03, 16.22it/s]
  8%|▊         | 5/60 [00:00<00:02, 19.27it/s]
 13%|█▎        | 8/60 [00:00<00:02, 20.43it/s]
 18%|█▊        | 11/60 [00:00<00:02, 20.32it/s]
 23%|██▎       | 14/60 [00:00<00:02, 20.58it/s]
 28%|██▊       | 17/60 [00:00<00:02, 21.02it/s]
 33%|███▎      | 20/60 [00:00<00:01, 21.22it/s]
 38%|███▊      | 23/60 [00:01<00:01, 22.02it/s]
 43%|████▎     | 26/60 [00:01<00:01, 22.60it/s]
 48%|████▊     | 29/60 [00:01<00:01, 22.17it/s]
 53%|█████▎    | 32/60 [00:01<00:01, 22.58it/s]
 58%|█████▊    | 35/60 [00:01<00:01, 22.56it/s]
 63%|██████▎   | 38/60 [00:01<00:00, 22.00it/s]
 68%|██████▊   | 41/60 [00:01<00:00, 21.86it/s]
 73%|███████▎  | 44/60 [00:02<00:00, 22.24it/s]
 78%|███████▊  | 47/60 [00:02<00:00, 22.44it/s]
 83%|████████▎ | 50/60 [00:02<00:00, 21.91it/s]
 88%|████████▊ | 53/60 [00:02<00:00, 21.83it/s]
 93%|█████████▎| 56/60 [00:02<00:00, 21.70it/s]
 98%|█████████▊| 59/60 [00:02<00:00, 21.65it/s]
100%|██████████| 60/60 [00:02<00:00, 21.64it/s]
wandb: WARNING `fps` argument does not affect the frame rate of the video when providing a file path or raw bytes.
318504960: reward=13.726
325058560: mean episode reward=14.147
345374720: mean episode reward=12.064
365690880: mean episode reward=15.577

  0%|          | 0/60 [00:00<?, ?it/s]
  3%|▎         | 2/60 [00:00<00:03, 16.33it/s]
  8%|▊         | 5/60 [00:00<00:02, 18.79it/s]
 13%|█▎        | 8/60 [00:00<00:02, 19.74it/s]
 18%|█▊        | 11/60 [00:00<00:02, 20.61it/s]
 23%|██▎       | 14/60 [00:00<00:02, 22.26it/s]
 28%|██▊       | 17/60 [00:00<00:01, 24.02it/s]
 33%|███▎      | 20/60 [00:00<00:01, 25.11it/s]
 38%|███▊      | 23/60 [00:00<00:01, 25.37it/s]
 43%|████▎     | 26/60 [00:01<00:01, 25.00it/s]
 48%|████▊     | 29/60 [00:01<00:01, 25.30it/s]
 53%|█████▎    | 32/60 [00:01<00:01, 25.17it/s]
 58%|█████▊    | 35/60 [00:01<00:01, 24.80it/s]
 63%|██████▎   | 38/60 [00:01<00:00, 25.51it/s]
 68%|██████▊   | 41/60 [00:01<00:00, 25.83it/s]
 73%|███████▎  | 44/60 [00:01<00:00, 26.28it/s]
 78%|███████▊  | 47/60 [00:01<00:00, 26.72it/s]
 83%|████████▎ | 50/60 [00:02<00:00, 26.72it/s]
 88%|████████▊ | 53/60 [00:02<00:00, 27.07it/s]
 93%|█████████▎| 56/60 [00:02<00:00, 27.04it/s]
 98%|█████████▊| 59/60 [00:02<00:00, 26.88it/s]
100%|██████████| 60/60 [00:02<00:00, 24.90it/s]
wandb: WARNING `fps` argument does not affect the frame rate of the video when providing a file path or raw bytes.
371589120: reward=11.710
386007040: mean episode reward=13.630
406323200: mean episode reward=14.842

  0%|          | 0/60 [00:00<?, ?it/s]
  3%|▎         | 2/60 [00:00<00:03, 15.93it/s]
  8%|▊         | 5/60 [00:00<00:02, 20.85it/s]
 13%|█▎        | 8/60 [00:00<00:02, 21.77it/s]
 18%|█▊        | 11/60 [00:00<00:02, 21.48it/s]
 23%|██▎       | 14/60 [00:00<00:02, 21.97it/s]
 28%|██▊       | 17/60 [00:00<00:01, 22.45it/s]
 33%|███▎      | 20/60 [00:00<00:01, 23.22it/s]
 38%|███▊      | 23/60 [00:01<00:01, 23.90it/s]
 43%|████▎     | 26/60 [00:01<00:01, 24.64it/s]
 48%|████▊     | 29/60 [00:01<00:01, 23.91it/s]
 53%|█████▎    | 32/60 [00:01<00:01, 23.87it/s]
 58%|█████▊    | 35/60 [00:01<00:01, 23.43it/s]
 63%|██████▎   | 38/60 [00:01<00:00, 23.47it/s]
 68%|██████▊   | 41/60 [00:01<00:00, 23.14it/s]
 73%|███████▎  | 44/60 [00:01<00:00, 23.54it/s]
 78%|███████▊  | 47/60 [00:02<00:00, 23.33it/s]
 83%|████████▎ | 50/60 [00:02<00:00, 23.15it/s]
 88%|████████▊ | 53/60 [00:02<00:00, 23.26it/s]
 93%|█████████▎| 56/60 [00:02<00:00, 24.14it/s]
 98%|█████████▊| 59/60 [00:02<00:00, 24.40it/s]
100%|██████████| 60/60 [00:02<00:00, 23.31it/s]
wandb: WARNING `fps` argument does not affect the frame rate of the video when providing a file path or raw bytes.
424673280: reward=14.483
426639360: mean episode reward=15.680
446955520: mean episode reward=15.687
467271680: mean episode reward=16.142

  0%|          | 0/60 [00:00<?, ?it/s]
  3%|▎         | 2/60 [00:00<00:04, 14.49it/s]
  7%|▋         | 4/60 [00:00<00:03, 16.86it/s]
 12%|█▏        | 7/60 [00:00<00:02, 19.50it/s]
 17%|█▋        | 10/60 [00:00<00:02, 20.74it/s]
 22%|██▏       | 13/60 [00:00<00:02, 22.47it/s]
 27%|██▋       | 16/60 [00:00<00:01, 23.86it/s]
 32%|███▏      | 19/60 [00:00<00:01, 24.57it/s]
 37%|███▋      | 22/60 [00:00<00:01, 25.44it/s]
 42%|████▏     | 25/60 [00:01<00:01, 24.97it/s]
 47%|████▋     | 28/60 [00:01<00:01, 24.33it/s]
 52%|█████▏    | 31/60 [00:01<00:01, 24.80it/s]
 57%|█████▋    | 34/60 [00:01<00:01, 24.56it/s]
 62%|██████▏   | 37/60 [00:01<00:00, 23.45it/s]
 67%|██████▋   | 40/60 [00:01<00:00, 23.47it/s]
 72%|███████▏  | 43/60 [00:01<00:00, 23.36it/s]
 77%|███████▋  | 46/60 [00:02<00:00, 22.57it/s]
 82%|████████▏ | 49/60 [00:02<00:00, 22.54it/s]
 87%|████████▋ | 52/60 [00:02<00:00, 22.73it/s]
 92%|█████████▏| 55/60 [00:02<00:00, 22.52it/s]
 97%|█████████▋| 58/60 [00:02<00:00, 22.25it/s]
100%|██████████| 60/60 [00:02<00:00, 22.80it/s]
wandb: WARNING `fps` argument does not affect the frame rate of the video when providing a file path or raw bytes.
477757440: reward=16.341
487587840: mean episode reward=16.307
507904000: mean episode reward=15.434
528220160: mean episode reward=15.880

  0%|          | 0/60 [00:00<?, ?it/s]
  3%|▎         | 2/60 [00:00<00:03, 16.61it/s]
  8%|▊         | 5/60 [00:00<00:02, 21.00it/s]
 13%|█▎        | 8/60 [00:00<00:02, 22.14it/s]
 18%|█▊        | 11/60 [00:00<00:02, 22.70it/s]
 23%|██▎       | 14/60 [00:00<00:02, 22.97it/s]
 28%|██▊       | 17/60 [00:00<00:01, 23.87it/s]
 33%|███▎      | 20/60 [00:00<00:01, 24.27it/s]
 38%|███▊      | 23/60 [00:00<00:01, 24.23it/s]
 43%|████▎     | 26/60 [00:01<00:01, 23.55it/s]
 48%|████▊     | 29/60 [00:01<00:01, 23.69it/s]
 53%|█████▎    | 32/60 [00:01<00:01, 23.53it/s]
 58%|█████▊    | 35/60 [00:01<00:01, 23.44it/s]
 63%|██████▎   | 38/60 [00:01<00:00, 23.77it/s]
 68%|██████▊   | 41/60 [00:01<00:00, 23.52it/s]
 73%|███████▎  | 44/60 [00:01<00:00, 23.51it/s]
 78%|███████▊  | 47/60 [00:02<00:00, 23.63it/s]
 83%|████████▎ | 50/60 [00:02<00:00, 23.84it/s]
 88%|████████▊ | 53/60 [00:02<00:00, 23.70it/s]
 93%|█████████▎| 56/60 [00:02<00:00, 22.78it/s]
 98%|█████████▊| 59/60 [00:02<00:00, 22.45it/s]
100%|██████████| 60/60 [00:02<00:00, 23.13it/s]
wandb: WARNING `fps` argument does not affect the frame rate of the video when providing a file path or raw bytes.
530841600: reward=16.306
548536320: mean episode reward=15.348
568852480: mean episode reward=17.097

  0%|          | 0/60 [00:00<?, ?it/s]
  3%|▎         | 2/60 [00:00<00:03, 16.23it/s]
  8%|▊         | 5/60 [00:00<00:02, 20.32it/s]
 13%|█▎        | 8/60 [00:00<00:02, 22.71it/s]
 18%|█▊        | 11/60 [00:00<00:02, 24.22it/s]
 23%|██▎       | 14/60 [00:00<00:01, 25.46it/s]
 28%|██▊       | 17/60 [00:00<00:01, 25.96it/s]
 33%|███▎      | 20/60 [00:00<00:01, 26.45it/s]
 38%|███▊      | 23/60 [00:00<00:01, 26.79it/s]
 43%|████▎     | 26/60 [00:01<00:01, 26.16it/s]
 48%|████▊     | 29/60 [00:01<00:01, 25.76it/s]
 53%|█████▎    | 32/60 [00:01<00:01, 25.61it/s]
 58%|█████▊    | 35/60 [00:01<00:00, 25.02it/s]
 63%|██████▎   | 38/60 [00:01<00:00, 25.52it/s]
 68%|██████▊   | 41/60 [00:01<00:00, 24.87it/s]
 73%|███████▎  | 44/60 [00:01<00:00, 24.78it/s]
 78%|███████▊  | 47/60 [00:01<00:00, 24.51it/s]
 83%|████████▎ | 50/60 [00:02<00:00, 24.36it/s]
 88%|████████▊ | 53/60 [00:02<00:00, 24.44it/s]
 93%|█████████▎| 56/60 [00:02<00:00, 24.21it/s]
 98%|█████████▊| 59/60 [00:02<00:00, 24.47it/s]
100%|██████████| 60/60 [00:02<00:00, 24.73it/s]
wandb: WARNING `fps` argument does not affect the frame rate of the video when providing a file path or raw bytes.
583925760: reward=16.674
589168640: mean episode reward=16.367
609484800: mean episode reward=16.117
629800960: mean episode reward=17.548

  0%|          | 0/60 [00:00<?, ?it/s]
  3%|▎         | 2/60 [00:00<00:03, 14.84it/s]
  8%|▊         | 5/60 [00:00<00:02, 18.99it/s]
 13%|█▎        | 8/60 [00:00<00:02, 21.07it/s]
 18%|█▊        | 11/60 [00:00<00:02, 21.77it/s]
 23%|██▎       | 14/60 [00:00<00:02, 22.28it/s]
 28%|██▊       | 17/60 [00:00<00:01, 22.90it/s]
 33%|███▎      | 20/60 [00:00<00:01, 23.35it/s]
 38%|███▊      | 23/60 [00:01<00:01, 23.79it/s]
 43%|████▎     | 26/60 [00:01<00:01, 23.73it/s]
 48%|████▊     | 29/60 [00:01<00:01, 23.89it/s]
 53%|█████▎    | 32/60 [00:01<00:01, 24.16it/s]
 58%|█████▊    | 35/60 [00:01<00:01, 24.29it/s]
 63%|██████▎   | 38/60 [00:01<00:00, 24.18it/s]
 68%|██████▊   | 41/60 [00:01<00:00, 24.21it/s]
 73%|███████▎  | 44/60 [00:01<00:00, 24.26it/s]
 78%|███████▊  | 47/60 [00:02<00:00, 24.40it/s]
 83%|████████▎ | 50/60 [00:02<00:00, 24.45it/s]
 88%|████████▊ | 53/60 [00:02<00:00, 24.14it/s]
 93%|█████████▎| 56/60 [00:02<00:00, 24.72it/s]
 98%|█████████▊| 59/60 [00:02<00:00, 24.41it/s]
100%|██████████| 60/60 [00:02<00:00, 23.57it/s]
wandb: WARNING `fps` argument does not affect the frame rate of the video when providing a file path or raw bytes.
637009920: reward=17.364
650117120: mean episode reward=16.251
670433280: mean episode reward=16.509

  0%|          | 0/60 [00:00<?, ?it/s]
  3%|▎         | 2/60 [00:00<00:03, 16.44it/s]
  8%|▊         | 5/60 [00:00<00:02, 18.88it/s]
 12%|█▏        | 7/60 [00:00<00:02, 19.22it/s]
 15%|█▌        | 9/60 [00:00<00:02, 19.26it/s]
 20%|██        | 12/60 [00:00<00:02, 20.07it/s]
 25%|██▌       | 15/60 [00:00<00:02, 21.24it/s]
 30%|███       | 18/60 [00:00<00:01, 21.63it/s]
 35%|███▌      | 21/60 [00:01<00:01, 21.67it/s]
 40%|████      | 24/60 [00:01<00:01, 22.01it/s]
 45%|████▌     | 27/60 [00:01<00:01, 22.85it/s]
 50%|█████     | 30/60 [00:01<00:01, 23.15it/s]
 55%|█████▌    | 33/60 [00:01<00:01, 23.49it/s]
 60%|██████    | 36/60 [00:01<00:01, 23.14it/s]
 65%|██████▌   | 39/60 [00:01<00:00, 23.21it/s]
 70%|███████   | 42/60 [00:01<00:00, 23.05it/s]
 75%|███████▌  | 45/60 [00:02<00:00, 22.83it/s]
 80%|████████  | 48/60 [00:02<00:00, 22.31it/s]
 85%|████████▌ | 51/60 [00:02<00:00, 22.39it/s]
 90%|█████████ | 54/60 [00:02<00:00, 22.78it/s]
 95%|█████████▌| 57/60 [00:02<00:00, 22.45it/s]
100%|██████████| 60/60 [00:02<00:00, 22.03it/s]
100%|██████████| 60/60 [00:02<00:00, 22.00it/s]
wandb: WARNING `fps` argument does not affect the frame rate of the video when providing a file path or raw bytes.
690094080: reward=17.664
690749440: mean episode reward=18.301
711065600: mean episode reward=18.695
731381760: mean episode reward=16.595

  0%|          | 0/60 [00:00<?, ?it/s]
  3%|▎         | 2/60 [00:00<00:03, 17.21it/s]
  7%|▋         | 4/60 [00:00<00:03, 18.51it/s]
 10%|█         | 6/60 [00:00<00:02, 18.27it/s]
 15%|█▌        | 9/60 [00:00<00:02, 18.83it/s]
 18%|█▊        | 11/60 [00:00<00:02, 19.15it/s]
 23%|██▎       | 14/60 [00:00<00:02, 20.31it/s]
 28%|██▊       | 17/60 [00:00<00:02, 20.96it/s]
 33%|███▎      | 20/60 [00:00<00:01, 20.94it/s]
 38%|███▊      | 23/60 [00:01<00:01, 21.50it/s]
 43%|████▎     | 26/60 [00:01<00:01, 22.65it/s]
 48%|████▊     | 29/60 [00:01<00:01, 23.69it/s]
 53%|█████▎    | 32/60 [00:01<00:01, 24.74it/s]
 58%|█████▊    | 35/60 [00:01<00:01, 24.73it/s]
 63%|██████▎   | 38/60 [00:01<00:00, 24.96it/s]
 68%|██████▊   | 41/60 [00:01<00:00, 24.19it/s]
 73%|███████▎  | 44/60 [00:01<00:00, 23.40it/s]
 78%|███████▊  | 47/60 [00:02<00:00, 22.33it/s]
 83%|████████▎ | 50/60 [00:02<00:00, 21.66it/s]
 88%|████████▊ | 53/60 [00:02<00:00, 21.17it/s]
 93%|█████████▎| 56/60 [00:02<00:00, 20.39it/s]
 98%|█████████▊| 59/60 [00:02<00:00, 21.04it/s]
100%|██████████| 60/60 [00:02<00:00, 21.70it/s]
wandb: WARNING `fps` argument does not affect the frame rate of the video when providing a file path or raw bytes.
743178240: reward=16.723
751697920: mean episode reward=16.498
772014080: mean episode reward=17.721
792330240: mean episode reward=18.096

  0%|          | 0/60 [00:00<?, ?it/s]
  3%|▎         | 2/60 [00:00<00:03, 16.97it/s]
  8%|▊         | 5/60 [00:00<00:02, 19.19it/s]
 13%|█▎        | 8/60 [00:00<00:02, 20.66it/s]
 18%|█▊        | 11/60 [00:00<00:02, 21.99it/s]
 23%|██▎       | 14/60 [00:00<00:02, 22.71it/s]
 28%|██▊       | 17/60 [00:00<00:01, 22.65it/s]
 33%|███▎      | 20/60 [00:00<00:01, 23.07it/s]
 38%|███▊      | 23/60 [00:01<00:01, 23.00it/s]
 43%|████▎     | 26/60 [00:01<00:01, 23.55it/s]
 48%|████▊     | 29/60 [00:01<00:01, 23.94it/s]
 53%|█████▎    | 32/60 [00:01<00:01, 23.99it/s]
 58%|█████▊    | 35/60 [00:01<00:01, 23.70it/s]
 63%|██████▎   | 38/60 [00:01<00:00, 23.45it/s]
 68%|██████▊   | 41/60 [00:01<00:00, 22.67it/s]
 73%|███████▎  | 44/60 [00:01<00:00, 22.47it/s]
 78%|███████▊  | 47/60 [00:02<00:00, 22.82it/s]
 83%|████████▎ | 50/60 [00:02<00:00, 22.60it/s]
 88%|████████▊ | 53/60 [00:02<00:00, 22.98it/s]
 93%|█████████▎| 56/60 [00:02<00:00, 22.73it/s]
 98%|█████████▊| 59/60 [00:02<00:00, 22.93it/s]
100%|██████████| 60/60 [00:02<00:00, 22.74it/s]
wandb: WARNING `fps` argument does not affect the frame rate of the video when providing a file path or raw bytes.
796262400: reward=17.338
812646400: mean episode reward=16.803
832962560: mean episode reward=16.237

  0%|          | 0/60 [00:00<?, ?it/s]
  3%|▎         | 2/60 [00:00<00:03, 18.96it/s]
  8%|▊         | 5/60 [00:00<00:02, 23.12it/s]
 13%|█▎        | 8/60 [00:00<00:02, 24.59it/s]
 18%|█▊        | 11/60 [00:00<00:01, 24.78it/s]
 23%|██▎       | 14/60 [00:00<00:01, 24.86it/s]
 28%|██▊       | 17/60 [00:00<00:01, 24.83it/s]
 33%|███▎      | 20/60 [00:00<00:01, 24.07it/s]
 38%|███▊      | 23/60 [00:00<00:01, 23.84it/s]
 43%|████▎     | 26/60 [00:01<00:01, 23.94it/s]
 48%|████▊     | 29/60 [00:01<00:01, 23.13it/s]
 53%|█████▎    | 32/60 [00:01<00:01, 23.60it/s]
 58%|█████▊    | 35/60 [00:01<00:01, 24.39it/s]
 63%|██████▎   | 38/60 [00:01<00:00, 24.25it/s]
 68%|██████▊   | 41/60 [00:01<00:00, 23.61it/s]
 73%|███████▎  | 44/60 [00:01<00:00, 23.69it/s]
 78%|███████▊  | 47/60 [00:01<00:00, 23.93it/s]
 83%|████████▎ | 50/60 [00:02<00:00, 24.09it/s]
 88%|████████▊ | 53/60 [00:02<00:00, 23.77it/s]
 93%|█████████▎| 56/60 [00:02<00:00, 23.87it/s]
 98%|█████████▊| 59/60 [00:02<00:00, 23.68it/s]
100%|██████████| 60/60 [00:02<00:00, 23.90it/s]
wandb: WARNING `fps` argument does not affect the frame rate of the video when providing a file path or raw bytes.
849346560: reward=16.691
853278720: mean episode reward=15.612
873594880: mean episode reward=16.568
893911040: mean episode reward=16.690

  0%|          | 0/60 [00:00<?, ?it/s]
  3%|▎         | 2/60 [00:00<00:03, 15.84it/s]
  8%|▊         | 5/60 [00:00<00:02, 18.50it/s]
 13%|█▎        | 8/60 [00:00<00:02, 19.29it/s]
 17%|█▋        | 10/60 [00:00<00:02, 19.43it/s]
 20%|██        | 12/60 [00:00<00:02, 19.49it/s]
 25%|██▌       | 15/60 [00:00<00:02, 20.11it/s]
 30%|███       | 18/60 [00:00<00:02, 20.33it/s]
 35%|███▌      | 21/60 [00:01<00:01, 20.56it/s]
 40%|████      | 24/60 [00:01<00:01, 20.37it/s]
 45%|████▌     | 27/60 [00:01<00:01, 20.35it/s]
 50%|█████     | 30/60 [00:01<00:01, 20.44it/s]
 55%|█████▌    | 33/60 [00:01<00:01, 20.14it/s]
 60%|██████    | 36/60 [00:01<00:01, 20.48it/s]
 65%|██████▌   | 39/60 [00:01<00:01, 20.93it/s]
 70%|███████   | 42/60 [00:02<00:00, 20.94it/s]
 75%|███████▌  | 45/60 [00:02<00:00, 20.87it/s]
 80%|████████  | 48/60 [00:02<00:00, 20.88it/s]
 85%|████████▌ | 51/60 [00:02<00:00, 21.27it/s]
 90%|█████████ | 54/60 [00:02<00:00, 21.36it/s]
 95%|█████████▌| 57/60 [00:02<00:00, 21.69it/s]
100%|██████████| 60/60 [00:02<00:00, 22.28it/s]
100%|██████████| 60/60 [00:02<00:00, 20.71it/s]
wandb: WARNING `fps` argument does not affect the frame rate of the video when providing a file path or raw bytes.
902430720: reward=17.284
914227200: mean episode reward=16.742
934543360: mean episode reward=18.288
954859520: mean episode reward=16.866

  0%|          | 0/60 [00:00<?, ?it/s]
  3%|▎         | 2/60 [00:00<00:03, 17.27it/s]
  8%|▊         | 5/60 [00:00<00:02, 21.33it/s]
 13%|█▎        | 8/60 [00:00<00:02, 23.51it/s]
 18%|█▊        | 11/60 [00:00<00:02, 24.44it/s]
 23%|██▎       | 14/60 [00:00<00:01, 25.21it/s]
 28%|██▊       | 17/60 [00:00<00:01, 25.40it/s]
 33%|███▎      | 20/60 [00:00<00:01, 25.79it/s]
 38%|███▊      | 23/60 [00:00<00:01, 25.62it/s]
 43%|████▎     | 26/60 [00:01<00:01, 25.35it/s]
 48%|████▊     | 29/60 [00:01<00:01, 24.94it/s]
 53%|█████▎    | 32/60 [00:01<00:01, 24.35it/s]
 58%|█████▊    | 35/60 [00:01<00:01, 24.14it/s]
 63%|██████▎   | 38/60 [00:01<00:00, 24.14it/s]
 68%|██████▊   | 41/60 [00:01<00:00, 23.86it/s]
 73%|███████▎  | 44/60 [00:01<00:00, 24.25it/s]
 78%|███████▊  | 47/60 [00:01<00:00, 23.57it/s]
 83%|████████▎ | 50/60 [00:02<00:00, 22.93it/s]
 88%|████████▊ | 53/60 [00:02<00:00, 23.15it/s]
 93%|█████████▎| 56/60 [00:02<00:00, 22.56it/s]
 98%|█████████▊| 59/60 [00:02<00:00, 22.32it/s]
100%|██████████| 60/60 [00:02<00:00, 23.68it/s]
wandb: WARNING `fps` argument does not affect the frame rate of the video when providing a file path or raw bytes.
955514880: reward=16.730
975175680: mean episode reward=15.663
995491840: mean episode reward=17.291

  0%|          | 0/60 [00:00<?, ?it/s]
  3%|▎         | 2/60 [00:00<00:03, 16.29it/s]
  8%|▊         | 5/60 [00:00<00:02, 20.55it/s]
 13%|█▎        | 8/60 [00:00<00:02, 21.54it/s]
 18%|█▊        | 11/60 [00:00<00:02, 23.12it/s]
 23%|██▎       | 14/60 [00:00<00:01, 23.21it/s]
 28%|██▊       | 17/60 [00:00<00:01, 23.55it/s]
 33%|███▎      | 20/60 [00:00<00:01, 23.52it/s]
 38%|███▊      | 23/60 [00:00<00:01, 23.99it/s]
 43%|████▎     | 26/60 [00:01<00:01, 23.96it/s]
 48%|████▊     | 29/60 [00:01<00:01, 24.62it/s]
 53%|█████▎    | 32/60 [00:01<00:01, 25.20it/s]
 58%|█████▊    | 35/60 [00:01<00:00, 25.15it/s]
 63%|██████▎   | 38/60 [00:01<00:00, 24.66it/s]
 68%|██████▊   | 41/60 [00:01<00:00, 24.53it/s]
 73%|███████▎  | 44/60 [00:01<00:00, 24.75it/s]
 78%|███████▊  | 47/60 [00:01<00:00, 24.94it/s]
 83%|████████▎ | 50/60 [00:02<00:00, 25.93it/s]
 88%|████████▊ | 53/60 [00:02<00:00, 25.76it/s]
 93%|█████████▎| 56/60 [00:02<00:00, 26.03it/s]
 98%|█████████▊| 59/60 [00:02<00:00, 26.83it/s]
100%|██████████| 60/60 [00:02<00:00, 24.66it/s]
wandb: WARNING `fps` argument does not affect the frame rate of the video when providing a file path or raw bytes.
1008599040: reward=17.480
Done training.
Time to JIT compile: 22.74714158475399
Time to train: 6566.646818950772
Starting inference...
FPS for rendering: 10.0

  0%|          | 0/500 [00:00<?, ?it/s]
  0%|          | 2/500 [00:00<00:33, 14.66it/s]
  1%|          | 5/500 [00:00<00:27, 18.04it/s]
  2%|▏         | 8/500 [00:00<00:26, 18.85it/s]
  2%|▏         | 11/500 [00:00<00:24, 19.72it/s]
  3%|▎         | 13/500 [00:00<00:24, 19.73it/s]
  3%|▎         | 15/500 [00:00<00:24, 19.74it/s]
  4%|▎         | 18/500 [00:00<00:24, 19.91it/s]
  4%|▍         | 21/500 [00:01<00:23, 20.08it/s]
  5%|▍         | 24/500 [00:01<00:24, 19.82it/s]
  5%|▌         | 26/500 [00:01<00:23, 19.81it/s]
  6%|▌         | 28/500 [00:01<00:23, 19.75it/s]
  6%|▌         | 30/500 [00:01<00:23, 19.69it/s]
  7%|▋         | 33/500 [00:01<00:22, 20.47it/s]
  7%|▋         | 36/500 [00:01<00:22, 20.32it/s]
  8%|▊         | 39/500 [00:01<00:22, 20.14it/s]
  8%|▊         | 42/500 [00:02<00:23, 19.83it/s]
  9%|▉         | 45/500 [00:02<00:22, 19.81it/s]
  9%|▉         | 47/500 [00:02<00:23, 19.64it/s]
 10%|█         | 50/500 [00:02<00:22, 19.82it/s]
 11%|█         | 53/500 [00:02<00:22, 20.07it/s]
 11%|█         | 56/500 [00:02<00:21, 20.57it/s]
 12%|█▏        | 59/500 [00:02<00:21, 20.69it/s]
 12%|█▏        | 62/500 [00:03<00:21, 20.31it/s]
 13%|█▎        | 65/500 [00:03<00:21, 20.38it/s]
 14%|█▎        | 68/500 [00:03<00:21, 20.52it/s]
 14%|█▍        | 71/500 [00:03<00:20, 20.67it/s]
 15%|█▍        | 74/500 [00:03<00:20, 20.47it/s]
 15%|█▌        | 77/500 [00:03<00:20, 20.52it/s]
 16%|█▌        | 80/500 [00:03<00:19, 21.15it/s]
 17%|█▋        | 83/500 [00:04<00:19, 21.56it/s]
 17%|█▋        | 86/500 [00:04<00:18, 22.01it/s]
 18%|█▊        | 89/500 [00:04<00:18, 21.65it/s]
 18%|█▊        | 92/500 [00:04<00:19, 21.11it/s]
 19%|█▉        | 95/500 [00:04<00:19, 20.67it/s]
 20%|█▉        | 98/500 [00:04<00:19, 20.58it/s]
 20%|██        | 101/500 [00:04<00:19, 20.55it/s]
 21%|██        | 104/500 [00:05<00:19, 20.36it/s]
 21%|██▏       | 107/500 [00:05<00:19, 19.93it/s]
 22%|██▏       | 110/500 [00:05<00:19, 20.14it/s]
 23%|██▎       | 113/500 [00:05<00:18, 20.45it/s]
 23%|██▎       | 116/500 [00:05<00:18, 20.38it/s]
 24%|██▍       | 119/500 [00:05<00:18, 20.47it/s]
 24%|██▍       | 122/500 [00:05<00:17, 21.13it/s]
 25%|██▌       | 125/500 [00:06<00:17, 21.94it/s]
 26%|██▌       | 128/500 [00:06<00:16, 22.13it/s]
 26%|██▌       | 131/500 [00:06<00:16, 22.74it/s]
 27%|██▋       | 134/500 [00:06<00:15, 23.47it/s]
 27%|██▋       | 137/500 [00:06<00:15, 24.07it/s]
 28%|██▊       | 140/500 [00:06<00:15, 22.67it/s]
 29%|██▊       | 143/500 [00:06<00:16, 22.28it/s]
 29%|██▉       | 146/500 [00:07<00:16, 21.84it/s]
 30%|██▉       | 149/500 [00:07<00:16, 21.56it/s]
 30%|███       | 152/500 [00:07<00:16, 21.11it/s]
 31%|███       | 155/500 [00:07<00:16, 21.43it/s]
 32%|███▏      | 158/500 [00:07<00:16, 21.18it/s]
 32%|███▏      | 161/500 [00:07<00:16, 20.76it/s]
 33%|███▎      | 164/500 [00:07<00:16, 20.39it/s]
 33%|███▎      | 167/500 [00:08<00:16, 20.25it/s]
 34%|███▍      | 170/500 [00:08<00:16, 20.47it/s]
 35%|███▍      | 173/500 [00:08<00:15, 21.39it/s]
 35%|███▌      | 176/500 [00:08<00:15, 21.38it/s]
 36%|███▌      | 179/500 [00:08<00:15, 21.08it/s]
 36%|███▋      | 182/500 [00:08<00:15, 20.91it/s]
 37%|███▋      | 185/500 [00:08<00:14, 21.02it/s]
 38%|███▊      | 188/500 [00:09<00:15, 20.67it/s]
 38%|███▊      | 191/500 [00:09<00:15, 20.33it/s]
 39%|███▉      | 194/500 [00:09<00:15, 19.88it/s]
 39%|███▉      | 197/500 [00:09<00:14, 20.33it/s]
 40%|████      | 200/500 [00:09<00:14, 20.58it/s]
 41%|████      | 203/500 [00:09<00:14, 20.65it/s]
 41%|████      | 206/500 [00:09<00:14, 20.57it/s]
 42%|████▏     | 209/500 [00:10<00:14, 20.60it/s]
 42%|████▏     | 212/500 [00:10<00:13, 21.17it/s]
 43%|████▎     | 215/500 [00:10<00:13, 20.89it/s]
 44%|████▎     | 218/500 [00:10<00:13, 21.38it/s]
 44%|████▍     | 221/500 [00:10<00:13, 21.35it/s]
 45%|████▍     | 224/500 [00:10<00:12, 21.62it/s]
 45%|████▌     | 227/500 [00:10<00:12, 21.30it/s]
 46%|████▌     | 230/500 [00:11<00:12, 21.27it/s]
 47%|████▋     | 233/500 [00:11<00:13, 20.40it/s]
 47%|████▋     | 236/500 [00:11<00:12, 20.32it/s]
 48%|████▊     | 239/500 [00:11<00:12, 20.23it/s]
 48%|████▊     | 242/500 [00:11<00:12, 20.11it/s]
 49%|████▉     | 245/500 [00:11<00:12, 20.84it/s]
 50%|████▉     | 248/500 [00:11<00:12, 20.94it/s]
 50%|█████     | 251/500 [00:12<00:11, 21.14it/s]
 51%|█████     | 254/500 [00:12<00:11, 20.58it/s]
 51%|█████▏    | 257/500 [00:12<00:12, 20.24it/s]
 52%|█████▏    | 260/500 [00:12<00:11, 20.00it/s]
 53%|█████▎    | 263/500 [00:12<00:12, 19.74it/s]
 53%|█████▎    | 265/500 [00:12<00:11, 19.62it/s]
 54%|█████▎    | 268/500 [00:12<00:11, 20.15it/s]
 54%|█████▍    | 271/500 [00:13<00:11, 20.16it/s]
 55%|█████▍    | 274/500 [00:13<00:11, 20.03it/s]
 55%|█████▌    | 277/500 [00:13<00:11, 19.69it/s]
 56%|█████▌    | 280/500 [00:13<00:11, 19.76it/s]
 56%|█████▋    | 282/500 [00:13<00:11, 19.63it/s]
 57%|█████▋    | 284/500 [00:13<00:11, 19.43it/s]
 57%|█████▋    | 286/500 [00:13<00:11, 19.45it/s]
 58%|█████▊    | 289/500 [00:14<00:10, 19.47it/s]
 58%|█████▊    | 291/500 [00:14<00:10, 19.58it/s]
 59%|█████▊    | 293/500 [00:14<00:10, 19.27it/s]
 59%|█████▉    | 295/500 [00:14<00:10, 19.36it/s]
 59%|█████▉    | 297/500 [00:14<00:10, 19.47it/s]
 60%|█████▉    | 299/500 [00:14<00:10, 19.30it/s]
 60%|██████    | 301/500 [00:14<00:10, 19.02it/s]
 61%|██████    | 303/500 [00:14<00:10, 18.67it/s]
 61%|██████    | 305/500 [00:14<00:10, 18.92it/s]
 61%|██████▏   | 307/500 [00:14<00:10, 18.69it/s]
 62%|██████▏   | 310/500 [00:15<00:09, 19.76it/s]
 63%|██████▎   | 313/500 [00:15<00:09, 19.88it/s]
 63%|██████▎   | 315/500 [00:15<00:09, 19.54it/s]
 63%|██████▎   | 317/500 [00:15<00:09, 19.14it/s]
 64%|██████▍   | 319/500 [00:15<00:09, 18.87it/s]
 64%|██████▍   | 321/500 [00:15<00:09, 18.89it/s]
 65%|██████▍   | 323/500 [00:15<00:09, 18.86it/s]
 65%|██████▌   | 325/500 [00:15<00:09, 18.89it/s]
 65%|██████▌   | 327/500 [00:16<00:09, 19.05it/s]
 66%|██████▌   | 329/500 [00:16<00:09, 18.94it/s]
 66%|██████▌   | 331/500 [00:16<00:08, 18.88it/s]
 67%|██████▋   | 334/500 [00:16<00:08, 19.58it/s]
 67%|██████▋   | 337/500 [00:16<00:07, 20.49it/s]
 68%|██████▊   | 340/500 [00:16<00:07, 20.49it/s]
 69%|██████▊   | 343/500 [00:16<00:07, 19.93it/s]
 69%|██████▉   | 345/500 [00:16<00:07, 19.79it/s]
 69%|██████▉   | 347/500 [00:17<00:07, 19.74it/s]
 70%|██████▉   | 349/500 [00:17<00:07, 19.52it/s]
 70%|███████   | 352/500 [00:17<00:07, 19.59it/s]
 71%|███████   | 355/500 [00:17<00:07, 19.83it/s]
 72%|███████▏  | 358/500 [00:17<00:07, 20.20it/s]
 72%|███████▏  | 361/500 [00:17<00:06, 20.15it/s]
 73%|███████▎  | 364/500 [00:17<00:06, 20.10it/s]
 73%|███████▎  | 367/500 [00:18<00:06, 19.91it/s]
 74%|███████▍  | 369/500 [00:18<00:06, 19.74it/s]
 74%|███████▍  | 371/500 [00:18<00:06, 19.72it/s]
 75%|███████▍  | 373/500 [00:18<00:06, 19.63it/s]
 75%|███████▌  | 375/500 [00:18<00:06, 19.47it/s]
 76%|███████▌  | 378/500 [00:18<00:05, 20.65it/s]
 76%|███████▌  | 381/500 [00:18<00:05, 20.84it/s]
 77%|███████▋  | 384/500 [00:18<00:05, 20.78it/s]
 77%|███████▋  | 387/500 [00:19<00:05, 20.53it/s]
 78%|███████▊  | 390/500 [00:19<00:05, 20.11it/s]
 79%|███████▊  | 393/500 [00:19<00:05, 20.07it/s]
 79%|███████▉  | 396/500 [00:19<00:05, 19.89it/s]
 80%|███████▉  | 399/500 [00:19<00:05, 20.04it/s]
 80%|████████  | 402/500 [00:19<00:04, 20.10it/s]
 81%|████████  | 405/500 [00:19<00:04, 19.43it/s]
 81%|████████▏ | 407/500 [00:20<00:04, 19.45it/s]
 82%|████████▏ | 409/500 [00:20<00:04, 19.51it/s]
 82%|████████▏ | 412/500 [00:20<00:04, 20.10it/s]
 83%|████████▎ | 415/500 [00:20<00:03, 21.88it/s]
 84%|████████▎ | 418/500 [00:20<00:03, 22.58it/s]
 84%|████████▍ | 421/500 [00:20<00:03, 22.68it/s]
 85%|████████▍ | 424/500 [00:20<00:03, 22.53it/s]
 85%|████████▌ | 427/500 [00:20<00:03, 22.37it/s]
 86%|████████▌ | 430/500 [00:21<00:03, 21.49it/s]
 87%|████████▋ | 433/500 [00:21<00:03, 21.09it/s]
 87%|████████▋ | 436/500 [00:21<00:03, 20.77it/s]
 88%|████████▊ | 439/500 [00:21<00:02, 20.97it/s]
 88%|████████▊ | 442/500 [00:21<00:02, 20.88it/s]
 89%|████████▉ | 445/500 [00:21<00:02, 20.83it/s]
 90%|████████▉ | 448/500 [00:21<00:02, 20.88it/s]
 90%|█████████ | 451/500 [00:22<00:02, 20.71it/s]
 91%|█████████ | 454/500 [00:22<00:02, 20.58it/s]
 91%|█████████▏| 457/500 [00:22<00:02, 20.41it/s]
 92%|█████████▏| 460/500 [00:22<00:01, 20.20it/s]
 93%|█████████▎| 463/500 [00:22<00:01, 20.00it/s]
 93%|█████████▎| 466/500 [00:22<00:01, 20.36it/s]
 94%|█████████▍| 469/500 [00:22<00:01, 20.15it/s]
 94%|█████████▍| 472/500 [00:23<00:01, 20.26it/s]
 95%|█████████▌| 475/500 [00:23<00:01, 20.04it/s]
 96%|█████████▌| 478/500 [00:23<00:01, 19.71it/s]
 96%|█████████▌| 480/500 [00:23<00:01, 19.39it/s]
 97%|█████████▋| 483/500 [00:23<00:00, 19.73it/s]
 97%|█████████▋| 486/500 [00:23<00:00, 20.45it/s]
 98%|█████████▊| 489/500 [00:23<00:00, 20.68it/s]
 98%|█████████▊| 492/500 [00:24<00:00, 21.04it/s]
 99%|█████████▉| 495/500 [00:24<00:00, 21.23it/s]
100%|█████████▉| 498/500 [00:24<00:00, 20.98it/s]
100%|██████████| 500/500 [00:24<00:00, 20.40it/s]
Rollout video saved as 'rollout0.mp4'.
[1;34mwandb[0m: 
[1;34mwandb[0m: 🚀 View run [33mTesolloDownwardsRotateZ-20260625-143857-downwardsrotatez_sb_forcemagnitude_s1[0m at: [34mhttps://wandb.ai/nikolastaykov/mjxrl/runs/kr63pmvs[0m
[1;34mwandb[0m: Find logs at: [1;35mwandb/run-20260625_143857-kr63pmvs/logs[0m
