Warp 1.12.1 initialized:
   CUDA Toolkit 12.9, Driver 12.5
   Devices:
     "cpu"      : "x86_64"
     "cuda:0"   : "NVIDIA GeForce RTX 4090" (24 GiB, sm_89, mempool enabled)
   Kernel cache:
     /home/nstaykov/.cache/warp/1.12.1
Warp DeprecationWarning: The symbol `warp.types.warp_type_to_np_dtype` will soon be removed from the public API. It can still be accessed from `warp._src.types.warp_type_to_np_dtype` but might be changed or removed without notice.
Environment Config:
action_mode: absolute
action_repeat: 1
action_scale: 0.5
constrain_wrist_translation: false
ctrl_dt: 0.05
curriculum:
  band_width: 0.08726646259971647
  enable: false
  promote_after: 5
  success_count_threshold: 70
ema_alpha: 0.2
episode_length: 120
impl: warp
kp_scale: 1.0
max_target_angle: 2.0943951023931953
nconmax: 1638400
njmax: 2200
obs_noise:
  level: 1.0
  scales:
    goal_quat: 0.0
    joint_pos: 0.0
    joint_vel: 0.0
    motor_targets: 0.0
ori_tolerance_rad: 0.05235987755982988
pert_config:
  angular_velocity_pert:
  - 0.0
  - 0.5
  enable: false
  linear_velocity_pert:
  - 0.0
  - 3.0
  pert_duration_steps:
  - 1
  - 100
  pert_wait_steps:
  - 60
  - 150
reward_config:
  ori_reward_margin_rad: 0.5235987755982988
  scales:
    action_rate: -0.5
    cube_on_floor: -0.5
    cube_ori: 2.0
    fingertip_pos: 1.5
    joint_vel: -0.002
    wrist_vel: -0.02
  success_reward: 2.0
scene:
  cube_mass: 0.108
sensor_bundle: proprio.target
sim_dt: 0.01
target_hold_time: 0.05

PPO Training Parameters:
action_repeat: 1
batch_size: 256
discounting: 0.99
entropy_cost: 0.005
episode_length: 120
learning_rate: 0.0001
log_training_metrics: true
network_factory:
  policy_hidden_layer_sizes: &id001 !!python/tuple
  - 512
  - 256
  - 128
  policy_obs_key: state
  value_hidden_layer_sizes: *id001
  value_obs_key: privileged_state
normalize_observations: true
num_envs: 8192
num_evals: 20
num_minibatches: 64
num_resets_per_eval: 0
num_timesteps: 1000000000
num_updates_per_batch: 4
reward_scaling: 1.0
training_metrics_steps: 20000000
unroll_length: 40

CLI overrides: {
  "env_name": "TesolloDownwardsRotateZ",
  "suffix": "downwardsrotatez_sb_propriotarget_s0",
  "use_wandb": true,
  "log_video_to_wandb": true,
  "seed": 0,
  "num_timesteps": 1000000000,
  "num_envs": 8192,
  "log_training_metrics": true,
  "training_metrics_steps": 20000000,
  "env_overrides_file": "logs/_queue/downwards_sensor_sweep_120-20260625-124815/run-09-TesolloDownwardsRotateZ-downwardsrotatez_sb_propriotarget_s0-overrides.yaml"
}
Experiment name: TesolloDownwardsRotateZ-20260626-053300-downwardsrotatez_sb_propriotarget_s0
Logs are being stored in: /local/home/nstaykov/workspace/mujoco_playground/logs/TesolloDownwardsRotateZ-20260626-053300-downwardsrotatez_sb_propriotarget_s0
wandb: [wandb.login()] Loaded credentials for https://api.wandb.ai from WANDB_API_KEY.
wandb: Currently logged in as: nstaykov (nikolastaykov) to https://api.wandb.ai. Use `wandb login --relogin` to force relogin
wandb: setting up run aloa843l
wandb: Tracking run with wandb version 0.26.1
wandb: Run data is saved locally in /local/home/nstaykov/workspace/mujoco_playground/wandb/run-20260626_053300-aloa843l
wandb: Run `wandb offline` to turn off syncing.
wandb: Syncing run TesolloDownwardsRotateZ-20260626-053300-downwardsrotatez_sb_propriotarget_s0
wandb: ⭐️ View project at https://wandb.ai/nikolastaykov/mjxrl
wandb: 🚀 View run at https://wandb.ai/nikolastaykov/mjxrl/runs/aloa843l
No checkpoint path provided, not restoring from checkpoint
Checkpoint path: /local/home/nstaykov/workspace/mujoco_playground/logs/TesolloDownwardsRotateZ-20260626-053300-downwardsrotatez_sb_propriotarget_s0/checkpoints
Module mujoco.mjx.warp.ffi 98d2031 load on device 'cuda:0' took 0.36 ms  (cached)
Module mujoco.mjx.third_party.mujoco_warp._src.smooth 26bbc02 load on device 'cuda:0' took 6.39 ms  (cached)
Module mujoco.mjx.third_party.mujoco_warp._src.collision_driver 88f7770 load on device 'cuda:0' took 0.29 ms  (cached)
Module _nxn_broadphase__locals__kernel_c763f4cb c763f4c load on device 'cuda:0' took 0.27 ms  (cached)
Module _primitive_narrowphase__locals__primitive_narrowphase_072e9f5e 072e9f5 load on device 'cuda:0' took 0.35 ms  (cached)
Module mujoco.mjx.third_party.mujoco_warp._src.constraint c567367 load on device 'cuda:0' took 0.48 ms  (cached)
Module mujoco.mjx.third_party.mujoco_warp._src.sensor 18a78e5 load on device 'cuda:0' took 0.48 ms  (cached)
Module mujoco.mjx.third_party.mujoco_warp._src.forward 16fbac8 load on device 'cuda:0' took 0.51 ms  (cached)
Module mujoco.mjx.third_party.mujoco_warp._src.passive 8bfe11c load on device 'cuda:0' took 0.35 ms  (cached)
Module mujoco.mjx.third_party.mujoco_warp._src.forward 8f5355c load on device 'cuda:0' took 0.40 ms  (cached)
Module mujoco.mjx.third_party.mujoco_warp._src.support dd3f924 load on device 'cuda:0' took 0.28 ms  (cached)
Module _tile_cholesky_factorize_solve__locals__cholesky_factorize_solve_98799697 3154237 load on device 'cuda:0' took 25.94 ms  (cached)
Module _tile_cholesky_factorize_solve__locals__cholesky_factorize_solve_b2744b1b e16af87 load on device 'cuda:0' took 28.77 ms  (cached)
Module mujoco.mjx.third_party.mujoco_warp._src.solver b116efb load on device 'cuda:0' took 0.52 ms  (cached)
Module solve_init_jaref__locals__kernel_feadd581 feadd58 load on device 'cuda:0' took 0.39 ms  (cached)
Module mul_m_dense__locals___mul_m_dense_e34139c1 e34139c load on device 'cuda:0' took 0.40 ms  (cached)
Module update_constraint_efc__locals__kernel_81015163 8101516 load on device 'cuda:0' took 0.28 ms  (cached)
Module update_constraint_gauss_cost__locals__kernel_6370b491 6370b49 load on device 'cuda:0' took 0.29 ms  (cached)
Module update_gradient_JTDAJ_dense_tiled__locals__kernel_e0063ce2 85330e7 load on device 'cuda:0' took 0.56 ms  (cached)
Module update_gradient_cholesky__locals__kernel_c54e7710 b74aeaf load on device 'cuda:0' took 26.17 ms  (cached)
Module linesearch_iterative__locals__kernel_94acdc55 9c914fd load on device 'cuda:0' took 0.37 ms  (cached)
Module update_constraint_efc__locals__kernel_25737258 2573725 load on device 'cuda:0' took 0.29 ms  (cached)
Module _contact_sort__locals__contact_sort_44d31eb2 de954a2 load on device 'cuda:0' took 0.35 ms  (cached)
0: reward=-0.126

  0%|          | 0/60 [00:00<?, ?it/s]
  3%|▎         | 2/60 [00:00<00:03, 15.72it/s]
  8%|▊         | 5/60 [00:00<00:02, 19.03it/s]
 13%|█▎        | 8/60 [00:00<00:02, 20.36it/s]
 18%|█▊        | 11/60 [00:00<00:02, 21.59it/s]
 23%|██▎       | 14/60 [00:00<00:02, 22.40it/s]
 28%|██▊       | 17/60 [00:00<00:01, 23.51it/s]
 33%|███▎      | 20/60 [00:00<00:01, 23.50it/s]
 38%|███▊      | 23/60 [00:01<00:01, 23.36it/s]
 43%|████▎     | 26/60 [00:01<00:01, 22.89it/s]
 48%|████▊     | 29/60 [00:01<00:01, 23.30it/s]
 53%|█████▎    | 32/60 [00:01<00:01, 23.58it/s]
 58%|█████▊    | 35/60 [00:01<00:01, 23.33it/s]
 63%|██████▎   | 38/60 [00:01<00:00, 23.16it/s]
 68%|██████▊   | 41/60 [00:01<00:00, 22.66it/s]
 73%|███████▎  | 44/60 [00:01<00:00, 22.84it/s]
 78%|███████▊  | 47/60 [00:02<00:00, 22.69it/s]
 83%|████████▎ | 50/60 [00:02<00:00, 22.36it/s]
 88%|████████▊ | 53/60 [00:02<00:00, 22.41it/s]
 93%|█████████▎| 56/60 [00:02<00:00, 22.17it/s]
 98%|█████████▊| 59/60 [00:02<00:00, 22.26it/s]
100%|██████████| 60/60 [00:02<00:00, 22.43it/s]
wandb: WARNING `fps` argument does not affect the frame rate of the video when providing a file path or raw bytes.
20316160: mean episode reward=3.399
40632320: mean episode reward=7.398

  0%|          | 0/60 [00:00<?, ?it/s]
  3%|▎         | 2/60 [00:00<00:04, 14.01it/s]
  7%|▋         | 4/60 [00:00<00:03, 16.25it/s]
 10%|█         | 6/60 [00:00<00:03, 17.48it/s]
 15%|█▌        | 9/60 [00:00<00:02, 19.12it/s]
 20%|██        | 12/60 [00:00<00:02, 20.03it/s]
 25%|██▌       | 15/60 [00:00<00:02, 20.93it/s]
 30%|███       | 18/60 [00:00<00:01, 22.59it/s]
 35%|███▌      | 21/60 [00:00<00:01, 23.75it/s]
 40%|████      | 24/60 [00:01<00:01, 24.24it/s]
 45%|████▌     | 27/60 [00:01<00:01, 24.84it/s]
 50%|█████     | 30/60 [00:01<00:01, 24.19it/s]
 55%|█████▌    | 33/60 [00:01<00:01, 24.07it/s]
 60%|██████    | 36/60 [00:01<00:01, 21.70it/s]
 65%|██████▌   | 39/60 [00:01<00:01, 20.53it/s]
 70%|███████   | 42/60 [00:01<00:00, 19.89it/s]
 75%|███████▌  | 45/60 [00:02<00:00, 20.31it/s]
 80%|████████  | 48/60 [00:02<00:00, 21.10it/s]
 85%|████████▌ | 51/60 [00:02<00:00, 21.69it/s]
 90%|█████████ | 54/60 [00:02<00:00, 22.09it/s]
 95%|█████████▌| 57/60 [00:02<00:00, 22.21it/s]
100%|██████████| 60/60 [00:02<00:00, 22.38it/s]
100%|██████████| 60/60 [00:02<00:00, 21.61it/s]
wandb: WARNING `fps` argument does not affect the frame rate of the video when providing a file path or raw bytes.
53084160: reward=7.777
60948480: mean episode reward=7.200
81264640: mean episode reward=7.695
101580800: mean episode reward=8.713

  0%|          | 0/60 [00:00<?, ?it/s]
  3%|▎         | 2/60 [00:00<00:03, 14.95it/s]
  8%|▊         | 5/60 [00:00<00:02, 19.60it/s]
 13%|█▎        | 8/60 [00:00<00:02, 22.01it/s]
 18%|█▊        | 11/60 [00:00<00:02, 23.04it/s]
 23%|██▎       | 14/60 [00:00<00:01, 23.57it/s]
 28%|██▊       | 17/60 [00:00<00:01, 23.37it/s]
 33%|███▎      | 20/60 [00:00<00:01, 23.10it/s]
 38%|███▊      | 23/60 [00:01<00:01, 23.64it/s]
 43%|████▎     | 26/60 [00:01<00:01, 24.29it/s]
 48%|████▊     | 29/60 [00:01<00:01, 23.98it/s]
 53%|█████▎    | 32/60 [00:01<00:01, 23.83it/s]
 58%|█████▊    | 35/60 [00:01<00:01, 23.55it/s]
 63%|██████▎   | 38/60 [00:01<00:00, 23.47it/s]
 68%|██████▊   | 41/60 [00:01<00:00, 23.52it/s]
 73%|███████▎  | 44/60 [00:01<00:00, 23.65it/s]
 78%|███████▊  | 47/60 [00:02<00:00, 23.26it/s]
 83%|████████▎ | 50/60 [00:02<00:00, 23.23it/s]
 88%|████████▊ | 53/60 [00:02<00:00, 23.22it/s]
 93%|█████████▎| 56/60 [00:02<00:00, 23.81it/s]
 98%|█████████▊| 59/60 [00:02<00:00, 23.58it/s]
100%|██████████| 60/60 [00:02<00:00, 23.26it/s]
wandb: WARNING `fps` argument does not affect the frame rate of the video when providing a file path or raw bytes.
106168320: reward=7.971
121896960: mean episode reward=8.071
142213120: mean episode reward=8.609

  0%|          | 0/60 [00:00<?, ?it/s]
  3%|▎         | 2/60 [00:00<00:03, 14.63it/s]
  7%|▋         | 4/60 [00:00<00:03, 17.11it/s]
 12%|█▏        | 7/60 [00:00<00:02, 18.93it/s]
 17%|█▋        | 10/60 [00:00<00:02, 20.11it/s]
 22%|██▏       | 13/60 [00:00<00:02, 21.56it/s]
 27%|██▋       | 16/60 [00:00<00:01, 22.43it/s]
 32%|███▏      | 19/60 [00:00<00:01, 23.59it/s]
 37%|███▋      | 22/60 [00:01<00:01, 23.95it/s]
 42%|████▏     | 25/60 [00:01<00:01, 23.79it/s]
 47%|████▋     | 28/60 [00:01<00:01, 24.23it/s]
 52%|█████▏    | 31/60 [00:01<00:01, 24.99it/s]
 57%|█████▋    | 34/60 [00:01<00:01, 25.32it/s]
 62%|██████▏   | 37/60 [00:01<00:00, 24.74it/s]
 67%|██████▋   | 40/60 [00:01<00:00, 25.31it/s]
 72%|███████▏  | 43/60 [00:01<00:00, 25.04it/s]
 77%|███████▋  | 46/60 [00:01<00:00, 25.21it/s]
 82%|████████▏ | 49/60 [00:02<00:00, 25.47it/s]
 87%|████████▋ | 52/60 [00:02<00:00, 25.57it/s]
 92%|█████████▏| 55/60 [00:02<00:00, 25.66it/s]
 97%|█████████▋| 58/60 [00:02<00:00, 26.01it/s]
100%|██████████| 60/60 [00:02<00:00, 24.10it/s]
wandb: WARNING `fps` argument does not affect the frame rate of the video when providing a file path or raw bytes.
159252480: reward=9.746
162529280: mean episode reward=7.212
182845440: mean episode reward=9.167
203161600: mean episode reward=11.953

  0%|          | 0/60 [00:00<?, ?it/s]
  3%|▎         | 2/60 [00:00<00:03, 15.80it/s]
  8%|▊         | 5/60 [00:00<00:02, 19.56it/s]
 13%|█▎        | 8/60 [00:00<00:02, 21.67it/s]
 18%|█▊        | 11/60 [00:00<00:02, 22.28it/s]
 23%|██▎       | 14/60 [00:00<00:01, 23.12it/s]
 28%|██▊       | 17/60 [00:00<00:01, 23.60it/s]
 33%|███▎      | 20/60 [00:00<00:01, 24.42it/s]
 38%|███▊      | 23/60 [00:00<00:01, 24.85it/s]
 43%|████▎     | 26/60 [00:01<00:01, 24.75it/s]
 48%|████▊     | 29/60 [00:01<00:01, 24.14it/s]
 53%|█████▎    | 32/60 [00:01<00:01, 23.96it/s]
 58%|█████▊    | 35/60 [00:01<00:01, 24.43it/s]
 63%|██████▎   | 38/60 [00:01<00:00, 24.47it/s]
 68%|██████▊   | 41/60 [00:01<00:00, 25.12it/s]
 73%|███████▎  | 44/60 [00:01<00:00, 25.77it/s]
 78%|███████▊  | 47/60 [00:01<00:00, 26.71it/s]
 83%|████████▎ | 50/60 [00:02<00:00, 27.04it/s]
 88%|████████▊ | 53/60 [00:02<00:00, 26.56it/s]
 93%|█████████▎| 56/60 [00:02<00:00, 26.16it/s]
 98%|█████████▊| 59/60 [00:02<00:00, 25.28it/s]
100%|██████████| 60/60 [00:02<00:00, 24.51it/s]
wandb: WARNING `fps` argument does not affect the frame rate of the video when providing a file path or raw bytes.
212336640: reward=9.826
223477760: mean episode reward=11.745
243793920: mean episode reward=11.547
264110080: mean episode reward=11.256

  0%|          | 0/60 [00:00<?, ?it/s]
  3%|▎         | 2/60 [00:00<00:03, 15.36it/s]
  8%|▊         | 5/60 [00:00<00:02, 18.44it/s]
 13%|█▎        | 8/60 [00:00<00:02, 19.43it/s]
 18%|█▊        | 11/60 [00:00<00:02, 20.39it/s]
 23%|██▎       | 14/60 [00:00<00:02, 20.66it/s]
 28%|██▊       | 17/60 [00:00<00:01, 21.71it/s]
 33%|███▎      | 20/60 [00:00<00:01, 22.90it/s]
 38%|███▊      | 23/60 [00:01<00:01, 23.69it/s]
 43%|████▎     | 26/60 [00:01<00:01, 24.74it/s]
 48%|████▊     | 29/60 [00:01<00:01, 25.49it/s]
 53%|█████▎    | 32/60 [00:01<00:01, 25.46it/s]
 58%|█████▊    | 35/60 [00:01<00:00, 25.51it/s]
 63%|██████▎   | 38/60 [00:01<00:00, 25.74it/s]
 68%|██████▊   | 41/60 [00:01<00:00, 26.07it/s]
 73%|███████▎  | 44/60 [00:01<00:00, 25.81it/s]
 78%|███████▊  | 47/60 [00:01<00:00, 25.16it/s]
 83%|████████▎ | 50/60 [00:02<00:00, 25.36it/s]
 88%|████████▊ | 53/60 [00:02<00:00, 25.89it/s]
 93%|█████████▎| 56/60 [00:02<00:00, 25.91it/s]
 98%|█████████▊| 59/60 [00:02<00:00, 26.07it/s]
100%|██████████| 60/60 [00:02<00:00, 24.10it/s]
wandb: WARNING `fps` argument does not affect the frame rate of the video when providing a file path or raw bytes.
265420800: reward=13.332
284426240: mean episode reward=13.026
304742400: mean episode reward=12.443

  0%|          | 0/60 [00:00<?, ?it/s]
  3%|▎         | 2/60 [00:00<00:03, 16.31it/s]
  8%|▊         | 5/60 [00:00<00:02, 19.73it/s]
 13%|█▎        | 8/60 [00:00<00:02, 20.12it/s]
 18%|█▊        | 11/60 [00:00<00:02, 21.15it/s]
 23%|██▎       | 14/60 [00:00<00:02, 21.75it/s]
 28%|██▊       | 17/60 [00:00<00:01, 22.06it/s]
 33%|███▎      | 20/60 [00:00<00:01, 22.73it/s]
 38%|███▊      | 23/60 [00:01<00:01, 23.06it/s]
 43%|████▎     | 26/60 [00:01<00:01, 22.77it/s]
 48%|████▊     | 29/60 [00:01<00:01, 22.83it/s]
 53%|█████▎    | 32/60 [00:01<00:01, 22.83it/s]
 58%|█████▊    | 35/60 [00:01<00:01, 22.97it/s]
 63%|██████▎   | 38/60 [00:01<00:00, 22.92it/s]
 68%|██████▊   | 41/60 [00:01<00:00, 23.29it/s]
 73%|███████▎  | 44/60 [00:01<00:00, 23.73it/s]
 78%|███████▊  | 47/60 [00:02<00:00, 24.44it/s]
 83%|████████▎ | 50/60 [00:02<00:00, 25.12it/s]
 88%|████████▊ | 53/60 [00:02<00:00, 25.06it/s]
 93%|█████████▎| 56/60 [00:02<00:00, 24.44it/s]
 98%|█████████▊| 59/60 [00:02<00:00, 24.25it/s]
100%|██████████| 60/60 [00:02<00:00, 23.12it/s]
wandb: WARNING `fps` argument does not affect the frame rate of the video when providing a file path or raw bytes.
318504960: reward=13.237
325058560: mean episode reward=12.574
345374720: mean episode reward=13.264
365690880: mean episode reward=14.268

  0%|          | 0/60 [00:00<?, ?it/s]
  3%|▎         | 2/60 [00:00<00:03, 15.08it/s]
  8%|▊         | 5/60 [00:00<00:03, 18.31it/s]
 13%|█▎        | 8/60 [00:00<00:02, 19.85it/s]
 18%|█▊        | 11/60 [00:00<00:02, 20.68it/s]
 23%|██▎       | 14/60 [00:00<00:02, 21.20it/s]
 28%|██▊       | 17/60 [00:00<00:02, 21.38it/s]
 33%|███▎      | 20/60 [00:00<00:01, 21.65it/s]
 38%|███▊      | 23/60 [00:01<00:01, 21.93it/s]
 43%|████▎     | 26/60 [00:01<00:01, 21.84it/s]
 48%|████▊     | 29/60 [00:01<00:01, 21.94it/s]
 53%|█████▎    | 32/60 [00:01<00:01, 22.47it/s]
 58%|█████▊    | 35/60 [00:01<00:01, 22.65it/s]
 63%|██████▎   | 38/60 [00:01<00:00, 22.54it/s]
 68%|██████▊   | 41/60 [00:01<00:00, 22.88it/s]
 73%|███████▎  | 44/60 [00:02<00:00, 22.53it/s]
 78%|███████▊  | 47/60 [00:02<00:00, 22.35it/s]
 83%|████████▎ | 50/60 [00:02<00:00, 22.47it/s]
 88%|████████▊ | 53/60 [00:02<00:00, 22.37it/s]
 93%|█████████▎| 56/60 [00:02<00:00, 22.68it/s]
 98%|█████████▊| 59/60 [00:02<00:00, 22.26it/s]
100%|██████████| 60/60 [00:02<00:00, 21.86it/s]
wandb: WARNING `fps` argument does not affect the frame rate of the video when providing a file path or raw bytes.
371589120: reward=13.519
386007040: mean episode reward=13.132
406323200: mean episode reward=14.457

  0%|          | 0/60 [00:00<?, ?it/s]
  3%|▎         | 2/60 [00:00<00:03, 15.33it/s]
  8%|▊         | 5/60 [00:00<00:02, 18.53it/s]
 13%|█▎        | 8/60 [00:00<00:02, 19.77it/s]
 18%|█▊        | 11/60 [00:00<00:02, 20.28it/s]
 23%|██▎       | 14/60 [00:00<00:02, 21.00it/s]
 28%|██▊       | 17/60 [00:00<00:01, 21.68it/s]
 33%|███▎      | 20/60 [00:00<00:01, 21.84it/s]
 38%|███▊      | 23/60 [00:01<00:01, 21.94it/s]
 43%|████▎     | 26/60 [00:01<00:01, 22.26it/s]
 48%|████▊     | 29/60 [00:01<00:01, 22.44it/s]
 53%|█████▎    | 32/60 [00:01<00:01, 22.40it/s]
 58%|█████▊    | 35/60 [00:01<00:01, 22.20it/s]
 63%|██████▎   | 38/60 [00:01<00:01, 21.95it/s]
 68%|██████▊   | 41/60 [00:01<00:00, 21.70it/s]
 73%|███████▎  | 44/60 [00:02<00:00, 22.06it/s]
 78%|███████▊  | 47/60 [00:02<00:00, 22.30it/s]
 83%|████████▎ | 50/60 [00:02<00:00, 22.30it/s]
 88%|████████▊ | 53/60 [00:02<00:00, 22.12it/s]
 93%|█████████▎| 56/60 [00:02<00:00, 22.47it/s]
 98%|█████████▊| 59/60 [00:02<00:00, 23.37it/s]
100%|██████████| 60/60 [00:02<00:00, 21.98it/s]
wandb: WARNING `fps` argument does not affect the frame rate of the video when providing a file path or raw bytes.
424673280: reward=14.242
426639360: mean episode reward=14.939
446955520: mean episode reward=15.342
467271680: mean episode reward=16.676

  0%|          | 0/60 [00:00<?, ?it/s]
  3%|▎         | 2/60 [00:00<00:03, 15.69it/s]
  8%|▊         | 5/60 [00:00<00:02, 18.94it/s]
 13%|█▎        | 8/60 [00:00<00:02, 20.81it/s]
 18%|█▊        | 11/60 [00:00<00:02, 21.96it/s]
 23%|██▎       | 14/60 [00:00<00:02, 22.95it/s]
 28%|██▊       | 17/60 [00:00<00:01, 22.90it/s]
 33%|███▎      | 20/60 [00:00<00:01, 22.65it/s]
 38%|███▊      | 23/60 [00:01<00:01, 22.72it/s]
 43%|████▎     | 26/60 [00:01<00:01, 23.19it/s]
 48%|████▊     | 29/60 [00:01<00:01, 23.63it/s]
 53%|█████▎    | 32/60 [00:01<00:01, 22.91it/s]
 58%|█████▊    | 35/60 [00:01<00:01, 22.39it/s]
 63%|██████▎   | 38/60 [00:01<00:00, 22.27it/s]
 68%|██████▊   | 41/60 [00:01<00:00, 21.97it/s]
 73%|███████▎  | 44/60 [00:01<00:00, 21.38it/s]
 78%|███████▊  | 47/60 [00:02<00:00, 21.68it/s]
 83%|████████▎ | 50/60 [00:02<00:00, 21.86it/s]
 88%|████████▊ | 53/60 [00:02<00:00, 21.75it/s]
 93%|█████████▎| 56/60 [00:02<00:00, 21.88it/s]
 98%|█████████▊| 59/60 [00:02<00:00, 21.52it/s]
100%|██████████| 60/60 [00:02<00:00, 21.98it/s]
wandb: WARNING `fps` argument does not affect the frame rate of the video when providing a file path or raw bytes.
477757440: reward=13.832
487587840: mean episode reward=13.607
507904000: mean episode reward=13.354
528220160: mean episode reward=15.623

  0%|          | 0/60 [00:00<?, ?it/s]
  3%|▎         | 2/60 [00:00<00:03, 16.16it/s]
  8%|▊         | 5/60 [00:00<00:02, 19.60it/s]
 13%|█▎        | 8/60 [00:00<00:02, 20.90it/s]
 18%|█▊        | 11/60 [00:00<00:02, 22.32it/s]
 23%|██▎       | 14/60 [00:00<00:01, 23.09it/s]
 28%|██▊       | 17/60 [00:00<00:01, 23.21it/s]
 33%|███▎      | 20/60 [00:00<00:01, 23.63it/s]
 38%|███▊      | 23/60 [00:01<00:01, 23.80it/s]
 43%|████▎     | 26/60 [00:01<00:01, 24.15it/s]
 48%|████▊     | 29/60 [00:01<00:01, 24.10it/s]
 53%|█████▎    | 32/60 [00:01<00:01, 24.65it/s]
 58%|█████▊    | 35/60 [00:01<00:01, 24.62it/s]
 63%|██████▎   | 38/60 [00:01<00:00, 24.66it/s]
 68%|██████▊   | 41/60 [00:01<00:00, 24.68it/s]
 73%|███████▎  | 44/60 [00:01<00:00, 24.90it/s]
 78%|███████▊  | 47/60 [00:01<00:00, 24.55it/s]
 83%|████████▎ | 50/60 [00:02<00:00, 24.17it/s]
 88%|████████▊ | 53/60 [00:02<00:00, 23.93it/s]
 93%|█████████▎| 56/60 [00:02<00:00, 23.99it/s]
 98%|█████████▊| 59/60 [00:02<00:00, 24.15it/s]
100%|██████████| 60/60 [00:02<00:00, 23.72it/s]
wandb: WARNING `fps` argument does not affect the frame rate of the video when providing a file path or raw bytes.
530841600: reward=14.114
548536320: mean episode reward=15.797
568852480: mean episode reward=16.979

  0%|          | 0/60 [00:00<?, ?it/s]
  3%|▎         | 2/60 [00:00<00:03, 17.38it/s]
  8%|▊         | 5/60 [00:00<00:02, 20.96it/s]
 13%|█▎        | 8/60 [00:00<00:02, 20.95it/s]
 18%|█▊        | 11/60 [00:00<00:02, 20.73it/s]
 23%|██▎       | 14/60 [00:00<00:02, 20.96it/s]
 28%|██▊       | 17/60 [00:00<00:01, 21.74it/s]
 33%|███▎      | 20/60 [00:00<00:01, 22.10it/s]
 38%|███▊      | 23/60 [00:01<00:01, 22.18it/s]
 43%|████▎     | 26/60 [00:01<00:01, 22.71it/s]
 48%|████▊     | 29/60 [00:01<00:01, 23.10it/s]
 53%|█████▎    | 32/60 [00:01<00:01, 23.22it/s]
 58%|█████▊    | 35/60 [00:01<00:01, 23.44it/s]
 63%|██████▎   | 38/60 [00:01<00:00, 23.50it/s]
 68%|██████▊   | 41/60 [00:01<00:00, 25.14it/s]
 73%|███████▎  | 44/60 [00:01<00:00, 25.63it/s]
 78%|███████▊  | 47/60 [00:02<00:00, 25.96it/s]
 83%|████████▎ | 50/60 [00:02<00:00, 26.54it/s]
 88%|████████▊ | 53/60 [00:02<00:00, 26.57it/s]
 93%|█████████▎| 56/60 [00:02<00:00, 26.09it/s]
 98%|█████████▊| 59/60 [00:02<00:00, 26.16it/s]
100%|██████████| 60/60 [00:02<00:00, 23.88it/s]
wandb: WARNING `fps` argument does not affect the frame rate of the video when providing a file path or raw bytes.
583925760: reward=14.427
589168640: mean episode reward=15.124
609484800: mean episode reward=13.028
629800960: mean episode reward=15.366

  0%|          | 0/60 [00:00<?, ?it/s]
  3%|▎         | 2/60 [00:00<00:03, 16.45it/s]
  8%|▊         | 5/60 [00:00<00:02, 19.43it/s]
 13%|█▎        | 8/60 [00:00<00:02, 20.50it/s]
 18%|█▊        | 11/60 [00:00<00:02, 20.74it/s]
 23%|██▎       | 14/60 [00:00<00:02, 20.91it/s]
 28%|██▊       | 17/60 [00:00<00:02, 21.03it/s]
 33%|███▎      | 20/60 [00:00<00:01, 21.31it/s]
 38%|███▊      | 23/60 [00:01<00:01, 21.75it/s]
 43%|████▎     | 26/60 [00:01<00:01, 22.32it/s]
 48%|████▊     | 29/60 [00:01<00:01, 22.61it/s]
 53%|█████▎    | 32/60 [00:01<00:01, 23.03it/s]
 58%|█████▊    | 35/60 [00:01<00:01, 22.93it/s]
 63%|██████▎   | 38/60 [00:01<00:00, 22.85it/s]
 68%|██████▊   | 41/60 [00:01<00:00, 22.64it/s]
 73%|███████▎  | 44/60 [00:02<00:00, 22.36it/s]
 78%|███████▊  | 47/60 [00:02<00:00, 22.20it/s]
 83%|████████▎ | 50/60 [00:02<00:00, 21.90it/s]
 88%|████████▊ | 53/60 [00:02<00:00, 22.50it/s]
 93%|█████████▎| 56/60 [00:02<00:00, 22.63it/s]
 98%|█████████▊| 59/60 [00:02<00:00, 22.90it/s]
100%|██████████| 60/60 [00:02<00:00, 22.05it/s]
wandb: WARNING `fps` argument does not affect the frame rate of the video when providing a file path or raw bytes.
637009920: reward=14.871
650117120: mean episode reward=16.105
670433280: mean episode reward=16.067

  0%|          | 0/60 [00:00<?, ?it/s]
  3%|▎         | 2/60 [00:00<00:03, 18.26it/s]
  8%|▊         | 5/60 [00:00<00:02, 20.23it/s]
 13%|█▎        | 8/60 [00:00<00:02, 20.48it/s]
 18%|█▊        | 11/60 [00:00<00:02, 21.30it/s]
 23%|██▎       | 14/60 [00:00<00:02, 22.01it/s]
 28%|██▊       | 17/60 [00:00<00:01, 22.89it/s]
 33%|███▎      | 20/60 [00:00<00:01, 22.96it/s]
 38%|███▊      | 23/60 [00:01<00:01, 22.91it/s]
 43%|████▎     | 26/60 [00:01<00:01, 23.83it/s]
 48%|████▊     | 29/60 [00:01<00:01, 24.45it/s]
 53%|█████▎    | 32/60 [00:01<00:01, 23.96it/s]
 58%|█████▊    | 35/60 [00:01<00:01, 23.55it/s]
 63%|██████▎   | 38/60 [00:01<00:00, 23.22it/s]
 68%|██████▊   | 41/60 [00:01<00:00, 23.72it/s]
 73%|███████▎  | 44/60 [00:01<00:00, 23.45it/s]
 78%|███████▊  | 47/60 [00:02<00:00, 22.95it/s]
 83%|████████▎ | 50/60 [00:02<00:00, 23.50it/s]
 88%|████████▊ | 53/60 [00:02<00:00, 22.93it/s]
 93%|█████████▎| 56/60 [00:02<00:00, 22.56it/s]
 98%|█████████▊| 59/60 [00:02<00:00, 22.52it/s]
100%|██████████| 60/60 [00:02<00:00, 22.81it/s]
wandb: WARNING `fps` argument does not affect the frame rate of the video when providing a file path or raw bytes.
690094080: reward=16.361
690749440: mean episode reward=15.939
711065600: mean episode reward=16.408
731381760: mean episode reward=17.051

  0%|          | 0/60 [00:00<?, ?it/s]
  3%|▎         | 2/60 [00:00<00:03, 16.32it/s]
  8%|▊         | 5/60 [00:00<00:02, 20.00it/s]
 13%|█▎        | 8/60 [00:00<00:02, 22.61it/s]
 18%|█▊        | 11/60 [00:00<00:02, 23.43it/s]
 23%|██▎       | 14/60 [00:00<00:01, 23.63it/s]
 28%|██▊       | 17/60 [00:00<00:01, 23.40it/s]
 33%|███▎      | 20/60 [00:00<00:01, 23.90it/s]
 38%|███▊      | 23/60 [00:00<00:01, 24.29it/s]
 43%|████▎     | 26/60 [00:01<00:01, 24.53it/s]
 48%|████▊     | 29/60 [00:01<00:01, 24.61it/s]
 53%|█████▎    | 32/60 [00:01<00:01, 24.92it/s]
 58%|█████▊    | 35/60 [00:01<00:00, 25.09it/s]
 63%|██████▎   | 38/60 [00:01<00:00, 25.24it/s]
 68%|██████▊   | 41/60 [00:01<00:00, 25.35it/s]
 73%|███████▎  | 44/60 [00:01<00:00, 25.36it/s]
 78%|███████▊  | 47/60 [00:01<00:00, 25.30it/s]
 83%|████████▎ | 50/60 [00:02<00:00, 24.70it/s]
 88%|████████▊ | 53/60 [00:02<00:00, 25.08it/s]
 93%|█████████▎| 56/60 [00:02<00:00, 25.17it/s]
 98%|█████████▊| 59/60 [00:02<00:00, 25.42it/s]
100%|██████████| 60/60 [00:02<00:00, 24.47it/s]
wandb: WARNING `fps` argument does not affect the frame rate of the video when providing a file path or raw bytes.
743178240: reward=17.409
751697920: mean episode reward=17.134
772014080: mean episode reward=16.765
792330240: mean episode reward=16.086

  0%|          | 0/60 [00:00<?, ?it/s]
  3%|▎         | 2/60 [00:00<00:03, 15.30it/s]
  8%|▊         | 5/60 [00:00<00:02, 18.43it/s]
 13%|█▎        | 8/60 [00:00<00:02, 20.52it/s]
 18%|█▊        | 11/60 [00:00<00:02, 21.73it/s]
 23%|██▎       | 14/60 [00:00<00:02, 22.05it/s]
 28%|██▊       | 17/60 [00:00<00:01, 22.58it/s]
 33%|███▎      | 20/60 [00:00<00:01, 23.39it/s]
 38%|███▊      | 23/60 [00:01<00:01, 23.74it/s]
 43%|████▎     | 26/60 [00:01<00:01, 23.37it/s]
 48%|████▊     | 29/60 [00:01<00:01, 24.27it/s]
 53%|█████▎    | 32/60 [00:01<00:01, 24.67it/s]
 58%|█████▊    | 35/60 [00:01<00:01, 24.96it/s]
 63%|██████▎   | 38/60 [00:01<00:00, 24.69it/s]
 68%|██████▊   | 41/60 [00:01<00:00, 24.77it/s]
 73%|███████▎  | 44/60 [00:01<00:00, 23.89it/s]
 78%|███████▊  | 47/60 [00:02<00:00, 24.85it/s]
 83%|████████▎ | 50/60 [00:02<00:00, 25.32it/s]
 88%|████████▊ | 53/60 [00:02<00:00, 25.37it/s]
 93%|█████████▎| 56/60 [00:02<00:00, 24.70it/s]
 98%|█████████▊| 59/60 [00:02<00:00, 24.95it/s]
100%|██████████| 60/60 [00:02<00:00, 23.78it/s]
wandb: WARNING `fps` argument does not affect the frame rate of the video when providing a file path or raw bytes.
796262400: reward=16.120
812646400: mean episode reward=17.099
832962560: mean episode reward=15.936

  0%|          | 0/60 [00:00<?, ?it/s]
  3%|▎         | 2/60 [00:00<00:03, 15.34it/s]
  8%|▊         | 5/60 [00:00<00:02, 18.70it/s]
 13%|█▎        | 8/60 [00:00<00:02, 20.24it/s]
 18%|█▊        | 11/60 [00:00<00:02, 22.52it/s]
 23%|██▎       | 14/60 [00:00<00:01, 24.40it/s]
 30%|███       | 18/60 [00:00<00:01, 26.50it/s]
 35%|███▌      | 21/60 [00:00<00:01, 27.05it/s]
 40%|████      | 24/60 [00:00<00:01, 27.09it/s]
 45%|████▌     | 27/60 [00:01<00:01, 26.77it/s]
 50%|█████     | 30/60 [00:01<00:01, 25.97it/s]
 55%|█████▌    | 33/60 [00:01<00:01, 25.80it/s]
 60%|██████    | 36/60 [00:01<00:00, 25.47it/s]
 65%|██████▌   | 39/60 [00:01<00:00, 25.25it/s]
 70%|███████   | 42/60 [00:01<00:00, 25.17it/s]
 75%|███████▌  | 45/60 [00:01<00:00, 25.16it/s]
 80%|████████  | 48/60 [00:01<00:00, 25.59it/s]
 85%|████████▌ | 51/60 [00:02<00:00, 25.49it/s]
 90%|█████████ | 54/60 [00:02<00:00, 25.78it/s]
 95%|█████████▌| 57/60 [00:02<00:00, 26.00it/s]
100%|██████████| 60/60 [00:02<00:00, 25.88it/s]
100%|██████████| 60/60 [00:02<00:00, 25.10it/s]
wandb: WARNING `fps` argument does not affect the frame rate of the video when providing a file path or raw bytes.
849346560: reward=15.833
853278720: mean episode reward=16.277
873594880: mean episode reward=17.547
893911040: mean episode reward=17.523

  0%|          | 0/60 [00:00<?, ?it/s]
  3%|▎         | 2/60 [00:00<00:03, 15.95it/s]
  8%|▊         | 5/60 [00:00<00:02, 19.56it/s]
 13%|█▎        | 8/60 [00:00<00:02, 20.34it/s]
 18%|█▊        | 11/60 [00:00<00:02, 21.31it/s]
 23%|██▎       | 14/60 [00:00<00:02, 22.23it/s]
 28%|██▊       | 17/60 [00:00<00:01, 22.92it/s]
 33%|███▎      | 20/60 [00:00<00:01, 23.38it/s]
 38%|███▊      | 23/60 [00:01<00:01, 23.31it/s]
 43%|████▎     | 26/60 [00:01<00:01, 23.43it/s]
 48%|████▊     | 29/60 [00:01<00:01, 23.29it/s]
 53%|█████▎    | 32/60 [00:01<00:01, 23.40it/s]
 58%|█████▊    | 35/60 [00:01<00:01, 24.57it/s]
 65%|██████▌   | 39/60 [00:01<00:00, 26.67it/s]
 70%|███████   | 42/60 [00:01<00:00, 27.02it/s]
 75%|███████▌  | 45/60 [00:01<00:00, 27.64it/s]
 80%|████████  | 48/60 [00:01<00:00, 27.83it/s]
 85%|████████▌ | 51/60 [00:02<00:00, 27.96it/s]
 90%|█████████ | 54/60 [00:02<00:00, 26.47it/s]
 95%|█████████▌| 57/60 [00:02<00:00, 25.73it/s]
100%|██████████| 60/60 [00:02<00:00, 25.48it/s]
100%|██████████| 60/60 [00:02<00:00, 24.48it/s]
wandb: WARNING `fps` argument does not affect the frame rate of the video when providing a file path or raw bytes.
902430720: reward=16.180
914227200: mean episode reward=16.740
934543360: mean episode reward=17.731
954859520: mean episode reward=17.079

  0%|          | 0/60 [00:00<?, ?it/s]
  3%|▎         | 2/60 [00:00<00:03, 15.22it/s]
  8%|▊         | 5/60 [00:00<00:02, 18.69it/s]
 13%|█▎        | 8/60 [00:00<00:02, 21.03it/s]
 18%|█▊        | 11/60 [00:00<00:02, 21.35it/s]
 23%|██▎       | 14/60 [00:00<00:02, 22.13it/s]
 28%|██▊       | 17/60 [00:00<00:01, 22.34it/s]
 33%|███▎      | 20/60 [00:00<00:01, 22.17it/s]
 38%|███▊      | 23/60 [00:01<00:01, 22.02it/s]
 43%|████▎     | 26/60 [00:01<00:01, 22.81it/s]
 48%|████▊     | 29/60 [00:01<00:01, 23.37it/s]
 53%|█████▎    | 32/60 [00:01<00:01, 23.92it/s]
 58%|█████▊    | 35/60 [00:01<00:01, 24.18it/s]
 63%|██████▎   | 38/60 [00:01<00:00, 24.91it/s]
 68%|██████▊   | 41/60 [00:01<00:00, 25.44it/s]
 73%|███████▎  | 44/60 [00:01<00:00, 24.99it/s]
 78%|███████▊  | 47/60 [00:02<00:00, 25.22it/s]
 83%|████████▎ | 50/60 [00:02<00:00, 24.82it/s]
 88%|████████▊ | 53/60 [00:02<00:00, 24.91it/s]
 93%|█████████▎| 56/60 [00:02<00:00, 24.78it/s]
 98%|█████████▊| 59/60 [00:02<00:00, 25.09it/s]
100%|██████████| 60/60 [00:02<00:00, 23.58it/s]
wandb: WARNING `fps` argument does not affect the frame rate of the video when providing a file path or raw bytes.
955514880: reward=17.282
975175680: mean episode reward=16.181
995491840: mean episode reward=17.646

  0%|          | 0/60 [00:00<?, ?it/s]
  3%|▎         | 2/60 [00:00<00:03, 15.67it/s]
  8%|▊         | 5/60 [00:00<00:02, 19.48it/s]
 12%|█▏        | 7/60 [00:00<00:02, 19.55it/s]
 17%|█▋        | 10/60 [00:00<00:02, 21.60it/s]
 22%|██▏       | 13/60 [00:00<00:02, 22.85it/s]
 27%|██▋       | 16/60 [00:00<00:01, 23.77it/s]
 32%|███▏      | 19/60 [00:00<00:01, 23.94it/s]
 37%|███▋      | 22/60 [00:00<00:01, 23.35it/s]
 42%|████▏     | 25/60 [00:01<00:01, 22.17it/s]
 47%|████▋     | 28/60 [00:01<00:01, 21.02it/s]
 52%|█████▏    | 31/60 [00:01<00:01, 20.70it/s]
 57%|█████▋    | 34/60 [00:01<00:01, 20.33it/s]
 62%|██████▏   | 37/60 [00:01<00:01, 20.24it/s]
 67%|██████▋   | 40/60 [00:01<00:01, 19.62it/s]
 72%|███████▏  | 43/60 [00:02<00:00, 19.94it/s]
 77%|███████▋  | 46/60 [00:02<00:00, 19.69it/s]
 80%|████████  | 48/60 [00:02<00:00, 19.65it/s]
 83%|████████▎ | 50/60 [00:02<00:00, 19.69it/s]
 87%|████████▋ | 52/60 [00:02<00:00, 19.70it/s]
 90%|█████████ | 54/60 [00:02<00:00, 19.33it/s]
 95%|█████████▌| 57/60 [00:02<00:00, 19.94it/s]
100%|██████████| 60/60 [00:02<00:00, 20.91it/s]
100%|██████████| 60/60 [00:02<00:00, 20.71it/s]
wandb: WARNING `fps` argument does not affect the frame rate of the video when providing a file path or raw bytes.
1008599040: reward=17.873
Done training.
Time to JIT compile: 22.357572212815285
Time to train: 6546.022205680609
Starting inference...
FPS for rendering: 10.0

  0%|          | 0/500 [00:00<?, ?it/s]
  0%|          | 2/500 [00:00<00:31, 15.87it/s]
  1%|          | 4/500 [00:00<00:27, 17.95it/s]
  1%|▏         | 7/500 [00:00<00:25, 19.23it/s]
  2%|▏         | 10/500 [00:00<00:24, 20.10it/s]
  3%|▎         | 13/500 [00:00<00:22, 21.65it/s]
  3%|▎         | 16/500 [00:00<00:20, 23.85it/s]
  4%|▍         | 19/500 [00:00<00:19, 24.52it/s]
  4%|▍         | 22/500 [00:00<00:20, 23.45it/s]
  5%|▌         | 25/500 [00:01<00:20, 23.46it/s]
  6%|▌         | 28/500 [00:01<00:20, 22.81it/s]
  6%|▌         | 31/500 [00:01<00:20, 23.42it/s]
  7%|▋         | 34/500 [00:01<00:19, 23.52it/s]
  7%|▋         | 37/500 [00:01<00:20, 23.05it/s]
  8%|▊         | 40/500 [00:01<00:19, 23.39it/s]
  9%|▊         | 43/500 [00:01<00:19, 23.26it/s]
  9%|▉         | 46/500 [00:02<00:20, 22.58it/s]
 10%|▉         | 49/500 [00:02<00:20, 22.50it/s]
 10%|█         | 52/500 [00:02<00:19, 23.38it/s]
 11%|█         | 55/500 [00:02<00:19, 23.35it/s]
 12%|█▏        | 58/500 [00:02<00:19, 22.82it/s]
 12%|█▏        | 61/500 [00:02<00:18, 23.36it/s]
 13%|█▎        | 64/500 [00:02<00:19, 22.79it/s]
 13%|█▎        | 67/500 [00:02<00:19, 22.53it/s]
 14%|█▍        | 70/500 [00:03<00:19, 22.17it/s]
 15%|█▍        | 73/500 [00:03<00:18, 23.00it/s]
 15%|█▌        | 76/500 [00:03<00:18, 22.78it/s]
 16%|█▌        | 79/500 [00:03<00:18, 22.79it/s]
 16%|█▋        | 82/500 [00:03<00:18, 23.18it/s]
 17%|█▋        | 85/500 [00:03<00:18, 22.54it/s]
 18%|█▊        | 88/500 [00:03<00:18, 22.74it/s]
 18%|█▊        | 91/500 [00:03<00:17, 23.38it/s]
 19%|█▉        | 94/500 [00:04<00:17, 23.76it/s]
 19%|█▉        | 97/500 [00:04<00:17, 23.67it/s]
 20%|██        | 100/500 [00:04<00:16, 23.96it/s]
 21%|██        | 103/500 [00:04<00:16, 23.51it/s]
 21%|██        | 106/500 [00:04<00:16, 24.58it/s]
 22%|██▏       | 109/500 [00:04<00:15, 24.69it/s]
 22%|██▏       | 112/500 [00:04<00:15, 24.76it/s]
 23%|██▎       | 115/500 [00:04<00:15, 24.62it/s]
 24%|██▎       | 118/500 [00:05<00:15, 24.61it/s]
 24%|██▍       | 121/500 [00:05<00:15, 24.02it/s]
 25%|██▍       | 124/500 [00:05<00:15, 24.52it/s]
 25%|██▌       | 127/500 [00:05<00:15, 24.47it/s]
 26%|██▌       | 130/500 [00:05<00:15, 24.46it/s]
 27%|██▋       | 133/500 [00:05<00:14, 25.25it/s]
 27%|██▋       | 136/500 [00:05<00:14, 25.60it/s]
 28%|██▊       | 139/500 [00:05<00:14, 25.65it/s]
 28%|██▊       | 142/500 [00:06<00:13, 26.02it/s]
 29%|██▉       | 145/500 [00:06<00:13, 25.80it/s]
 30%|██▉       | 148/500 [00:06<00:13, 25.93it/s]
 30%|███       | 151/500 [00:06<00:13, 25.89it/s]
 31%|███       | 154/500 [00:06<00:13, 26.20it/s]
 31%|███▏      | 157/500 [00:06<00:13, 25.96it/s]
 32%|███▏      | 160/500 [00:06<00:12, 26.40it/s]
 33%|███▎      | 163/500 [00:06<00:12, 26.71it/s]
 33%|███▎      | 166/500 [00:06<00:12, 26.71it/s]
 34%|███▍      | 169/500 [00:07<00:12, 27.38it/s]
 34%|███▍      | 172/500 [00:07<00:11, 28.10it/s]
 35%|███▌      | 176/500 [00:07<00:11, 29.04it/s]
 36%|███▌      | 179/500 [00:07<00:11, 29.00it/s]
 36%|███▋      | 182/500 [00:07<00:11, 28.55it/s]
 37%|███▋      | 185/500 [00:07<00:11, 27.31it/s]
 38%|███▊      | 188/500 [00:07<00:11, 26.90it/s]
 38%|███▊      | 191/500 [00:07<00:11, 25.85it/s]
 39%|███▉      | 194/500 [00:07<00:11, 26.13it/s]
 39%|███▉      | 197/500 [00:08<00:11, 25.82it/s]
 40%|████      | 200/500 [00:08<00:11, 25.52it/s]
 41%|████      | 203/500 [00:08<00:11, 25.42it/s]
 41%|████      | 206/500 [00:08<00:11, 25.88it/s]
 42%|████▏     | 209/500 [00:08<00:11, 25.66it/s]
 42%|████▏     | 212/500 [00:08<00:11, 25.85it/s]
 43%|████▎     | 215/500 [00:08<00:11, 25.64it/s]
 44%|████▎     | 218/500 [00:08<00:11, 25.63it/s]
 44%|████▍     | 221/500 [00:09<00:10, 25.61it/s]
 45%|████▍     | 224/500 [00:09<00:10, 26.01it/s]
 45%|████▌     | 227/500 [00:09<00:10, 26.22it/s]
 46%|████▌     | 230/500 [00:09<00:10, 26.27it/s]
 47%|████▋     | 233/500 [00:09<00:10, 25.77it/s]
 47%|████▋     | 236/500 [00:09<00:10, 26.29it/s]
 48%|████▊     | 239/500 [00:09<00:10, 26.03it/s]
 48%|████▊     | 242/500 [00:09<00:09, 26.31it/s]
 49%|████▉     | 245/500 [00:09<00:09, 26.12it/s]
 50%|████▉     | 248/500 [00:10<00:09, 26.64it/s]
 50%|█████     | 251/500 [00:10<00:09, 26.91it/s]
 51%|█████     | 254/500 [00:10<00:09, 26.88it/s]
 51%|█████▏    | 257/500 [00:10<00:08, 27.06it/s]
 52%|█████▏    | 260/500 [00:10<00:08, 26.89it/s]
 53%|█████▎    | 263/500 [00:10<00:08, 27.42it/s]
 53%|█████▎    | 267/500 [00:10<00:08, 28.16it/s]
 54%|█████▍    | 270/500 [00:10<00:08, 28.18it/s]
 55%|█████▍    | 273/500 [00:10<00:08, 28.07it/s]
 55%|█████▌    | 276/500 [00:11<00:08, 27.97it/s]
 56%|█████▌    | 279/500 [00:11<00:07, 27.96it/s]
 56%|█████▋    | 282/500 [00:11<00:07, 28.04it/s]
 57%|█████▋    | 285/500 [00:11<00:07, 28.04it/s]
 58%|█████▊    | 288/500 [00:11<00:07, 27.54it/s]
 58%|█████▊    | 291/500 [00:11<00:07, 27.65it/s]
 59%|█████▉    | 294/500 [00:11<00:07, 27.56it/s]
 59%|█████▉    | 297/500 [00:11<00:07, 27.25it/s]
 60%|██████    | 300/500 [00:11<00:07, 27.45it/s]
 61%|██████    | 303/500 [00:12<00:06, 28.16it/s]
 61%|██████    | 306/500 [00:12<00:07, 27.69it/s]
 62%|██████▏   | 309/500 [00:12<00:06, 27.49it/s]
 62%|██████▏   | 312/500 [00:12<00:07, 26.56it/s]
 63%|██████▎   | 315/500 [00:12<00:07, 26.15it/s]
 64%|██████▎   | 318/500 [00:12<00:07, 25.92it/s]
 64%|██████▍   | 321/500 [00:12<00:06, 26.55it/s]
 65%|██████▍   | 324/500 [00:12<00:06, 26.08it/s]
 65%|██████▌   | 327/500 [00:12<00:06, 25.37it/s]
 66%|██████▌   | 330/500 [00:13<00:06, 25.39it/s]
 67%|██████▋   | 333/500 [00:13<00:06, 25.60it/s]
 67%|██████▋   | 336/500 [00:13<00:06, 25.50it/s]
 68%|██████▊   | 339/500 [00:13<00:06, 25.62it/s]
 68%|██████▊   | 342/500 [00:13<00:06, 25.97it/s]
 69%|██████▉   | 345/500 [00:13<00:05, 26.57it/s]
 70%|██████▉   | 348/500 [00:13<00:05, 26.89it/s]
 70%|███████   | 351/500 [00:13<00:05, 26.85it/s]
 71%|███████   | 354/500 [00:13<00:05, 27.06it/s]
 71%|███████▏  | 357/500 [00:14<00:05, 26.89it/s]
 72%|███████▏  | 360/500 [00:14<00:05, 26.34it/s]
 73%|███████▎  | 363/500 [00:14<00:05, 26.39it/s]
 73%|███████▎  | 366/500 [00:14<00:05, 25.95it/s]
 74%|███████▍  | 369/500 [00:14<00:05, 26.04it/s]
 74%|███████▍  | 372/500 [00:14<00:04, 26.78it/s]
 75%|███████▌  | 375/500 [00:14<00:04, 26.24it/s]
 76%|███████▌  | 378/500 [00:14<00:04, 25.55it/s]
 76%|███████▌  | 381/500 [00:15<00:04, 25.25it/s]
 77%|███████▋  | 384/500 [00:15<00:04, 25.73it/s]
 77%|███████▋  | 387/500 [00:15<00:04, 25.62it/s]
 78%|███████▊  | 390/500 [00:15<00:04, 25.29it/s]
 79%|███████▊  | 393/500 [00:15<00:04, 24.74it/s]
 79%|███████▉  | 396/500 [00:15<00:04, 24.46it/s]
 80%|███████▉  | 399/500 [00:15<00:04, 25.24it/s]
 80%|████████  | 402/500 [00:15<00:03, 25.49it/s]
 81%|████████  | 405/500 [00:15<00:03, 26.15it/s]
 82%|████████▏ | 408/500 [00:16<00:03, 26.45it/s]
 82%|████████▏ | 411/500 [00:16<00:03, 26.68it/s]
 83%|████████▎ | 414/500 [00:16<00:03, 26.53it/s]
 83%|████████▎ | 417/500 [00:16<00:03, 26.33it/s]
 84%|████████▍ | 420/500 [00:16<00:03, 25.90it/s]
 85%|████████▍ | 423/500 [00:16<00:03, 25.37it/s]
 85%|████████▌ | 426/500 [00:16<00:02, 25.25it/s]
 86%|████████▌ | 429/500 [00:16<00:02, 25.14it/s]
 86%|████████▋ | 432/500 [00:17<00:02, 25.29it/s]
 87%|████████▋ | 435/500 [00:17<00:02, 25.24it/s]
 88%|████████▊ | 438/500 [00:17<00:02, 25.82it/s]
 88%|████████▊ | 442/500 [00:17<00:02, 27.27it/s]
 89%|████████▉ | 445/500 [00:17<00:01, 27.82it/s]
 90%|████████▉ | 448/500 [00:17<00:01, 28.01it/s]
 90%|█████████ | 451/500 [00:17<00:01, 27.79it/s]
 91%|█████████ | 454/500 [00:17<00:01, 27.56it/s]
 91%|█████████▏| 457/500 [00:17<00:01, 27.03it/s]
 92%|█████████▏| 460/500 [00:18<00:01, 27.04it/s]
 93%|█████████▎| 463/500 [00:18<00:01, 26.66it/s]
 93%|█████████▎| 466/500 [00:18<00:01, 26.05it/s]
 94%|█████████▍| 469/500 [00:18<00:01, 25.87it/s]
 94%|█████████▍| 472/500 [00:18<00:01, 26.14it/s]
 95%|█████████▌| 475/500 [00:18<00:00, 26.09it/s]
 96%|█████████▌| 478/500 [00:18<00:00, 26.00it/s]
 96%|█████████▌| 481/500 [00:18<00:00, 26.08it/s]
 97%|█████████▋| 484/500 [00:18<00:00, 25.94it/s]
 97%|█████████▋| 487/500 [00:19<00:00, 26.29it/s]
 98%|█████████▊| 490/500 [00:19<00:00, 26.84it/s]
 99%|█████████▊| 493/500 [00:19<00:00, 26.64it/s]
 99%|█████████▉| 496/500 [00:19<00:00, 26.09it/s]
100%|█████████▉| 499/500 [00:19<00:00, 26.16it/s]
100%|██████████| 500/500 [00:19<00:00, 25.54it/s]
Rollout video saved as 'rollout0.mp4'.
[1;34mwandb[0m: 
[1;34mwandb[0m: 🚀 View run [33mTesolloDownwardsRotateZ-20260626-053300-downwardsrotatez_sb_propriotarget_s0[0m at: [34mhttps://wandb.ai/nikolastaykov/mjxrl/runs/aloa843l[0m
[1;34mwandb[0m: Find logs at: [1;35mwandb/run-20260626_053300-aloa843l/logs[0m
