Warp 1.12.1 initialized:
   CUDA Toolkit 12.9, Driver 12.5
   Devices:
     "cpu"      : "x86_64"
     "cuda:0"   : "NVIDIA GeForce RTX 4090" (24 GiB, sm_89, mempool enabled)
   Kernel cache:
     /home/nstaykov/.cache/warp/1.12.1
Warp DeprecationWarning: The symbol `warp.types.warp_type_to_np_dtype` will soon be removed from the public API. It can still be accessed from `warp._src.types.warp_type_to_np_dtype` but might be changed or removed without notice.
/local/home/nstaykov/workspace/mujoco_playground/mujoco_playground/_src/manipulation/tesollo_hand/obs.py:161: UserWarning: obs_noise.scales has keys not in active obs spec: {'motor_targets'}
  warnings.warn(
Environment Config:
action_mode: absolute
action_repeat: 1
action_scale: 0.5
constrain_wrist_translation: false
ctrl_dt: 0.05
curriculum:
  band_width: 0.08726646259971647
  enable: false
  promote_after: 5
  success_count_threshold: 70
ema_alpha: 0.2
episode_length: 120
impl: warp
kp_scale: 1.0
max_target_angle: 2.0943951023931953
nconmax: 1638400
njmax: 2200
obs_noise:
  level: 1.0
  scales:
    goal_quat: 0.0
    joint_pos: 0.0
    joint_vel: 0.0
    motor_targets: 0.0
ori_tolerance_rad: 0.05235987755982988
pert_config:
  angular_velocity_pert:
  - 0.0
  - 0.5
  enable: false
  linear_velocity_pert:
  - 0.0
  - 3.0
  pert_duration_steps:
  - 1
  - 100
  pert_wait_steps:
  - 60
  - 150
reward_config:
  ori_reward_margin_rad: 0.5235987755982988
  scales:
    action_rate: -0.5
    cube_on_floor: -0.5
    cube_ori: 2.0
    fingertip_pos: 1.5
    joint_vel: -0.002
    wrist_vel: -0.02
  success_reward: 2.0
scene:
  cube_mass: 0.108
sensor_bundle: proprio.delta
sim_dt: 0.01
target_hold_time: 0.05

PPO Training Parameters:
action_repeat: 1
batch_size: 256
discounting: 0.99
entropy_cost: 0.005
episode_length: 120
learning_rate: 0.0001
log_training_metrics: true
network_factory:
  policy_hidden_layer_sizes: &id001 !!python/tuple
  - 512
  - 256
  - 128
  policy_obs_key: state
  value_hidden_layer_sizes: *id001
  value_obs_key: privileged_state
normalize_observations: true
num_envs: 8192
num_evals: 20
num_minibatches: 64
num_resets_per_eval: 0
num_timesteps: 1000000000
num_updates_per_batch: 4
reward_scaling: 1.0
training_metrics_steps: 20000000
unroll_length: 40

CLI overrides: {
  "env_name": "TesolloDownwardsRotateZ",
  "suffix": "downwardsrotatez_sb_propriodelta_s1",
  "use_wandb": true,
  "log_video_to_wandb": true,
  "seed": 1,
  "num_timesteps": 1000000000,
  "num_envs": 8192,
  "log_training_metrics": true,
  "training_metrics_steps": 20000000,
  "env_overrides_file": "logs/_queue/downwards_sensor_sweep_120-20260625-124815/run-07-TesolloDownwardsRotateZ-downwardsrotatez_sb_propriodelta_s1-overrides.yaml"
}
Experiment name: TesolloDownwardsRotateZ-20260626-014823-downwardsrotatez_sb_propriodelta_s1
Logs are being stored in: /local/home/nstaykov/workspace/mujoco_playground/logs/TesolloDownwardsRotateZ-20260626-014823-downwardsrotatez_sb_propriodelta_s1
wandb: [wandb.login()] Loaded credentials for https://api.wandb.ai from WANDB_API_KEY.
wandb: Currently logged in as: nstaykov (nikolastaykov) to https://api.wandb.ai. Use `wandb login --relogin` to force relogin
wandb: setting up run ko5u9bnu
wandb: Tracking run with wandb version 0.26.1
wandb: Run data is saved locally in /local/home/nstaykov/workspace/mujoco_playground/wandb/run-20260626_014823-ko5u9bnu
wandb: Run `wandb offline` to turn off syncing.
wandb: Syncing run TesolloDownwardsRotateZ-20260626-014823-downwardsrotatez_sb_propriodelta_s1
wandb: ⭐️ View project at https://wandb.ai/nikolastaykov/mjxrl
wandb: 🚀 View run at https://wandb.ai/nikolastaykov/mjxrl/runs/ko5u9bnu
No checkpoint path provided, not restoring from checkpoint
Checkpoint path: /local/home/nstaykov/workspace/mujoco_playground/logs/TesolloDownwardsRotateZ-20260626-014823-downwardsrotatez_sb_propriodelta_s1/checkpoints
/local/home/nstaykov/workspace/mujoco_playground/mujoco_playground/_src/manipulation/tesollo_hand/obs.py:161: UserWarning: obs_noise.scales has keys not in active obs spec: {'motor_targets'}
  warnings.warn(
Module mujoco.mjx.warp.ffi 98d2031 load on device 'cuda:0' took 0.37 ms  (cached)
Module mujoco.mjx.third_party.mujoco_warp._src.smooth 26bbc02 load on device 'cuda:0' took 6.42 ms  (cached)
Module mujoco.mjx.third_party.mujoco_warp._src.collision_driver 88f7770 load on device 'cuda:0' took 0.28 ms  (cached)
Module _nxn_broadphase__locals__kernel_c763f4cb c763f4c load on device 'cuda:0' took 0.29 ms  (cached)
Module _primitive_narrowphase__locals__primitive_narrowphase_072e9f5e 072e9f5 load on device 'cuda:0' took 0.42 ms  (cached)
Module mujoco.mjx.third_party.mujoco_warp._src.constraint c567367 load on device 'cuda:0' took 0.47 ms  (cached)
Module mujoco.mjx.third_party.mujoco_warp._src.sensor 18a78e5 load on device 'cuda:0' took 0.51 ms  (cached)
Module mujoco.mjx.third_party.mujoco_warp._src.forward 16fbac8 load on device 'cuda:0' took 0.43 ms  (cached)
Module mujoco.mjx.third_party.mujoco_warp._src.passive 8bfe11c load on device 'cuda:0' took 0.33 ms  (cached)
Module mujoco.mjx.third_party.mujoco_warp._src.forward 8f5355c load on device 'cuda:0' took 0.39 ms  (cached)
Module mujoco.mjx.third_party.mujoco_warp._src.support dd3f924 load on device 'cuda:0' took 0.27 ms  (cached)
Module _tile_cholesky_factorize_solve__locals__cholesky_factorize_solve_98799697 3154237 load on device 'cuda:0' took 24.55 ms  (cached)
Module _tile_cholesky_factorize_solve__locals__cholesky_factorize_solve_b2744b1b e16af87 load on device 'cuda:0' took 27.65 ms  (cached)
Module mujoco.mjx.third_party.mujoco_warp._src.solver b116efb load on device 'cuda:0' took 0.50 ms  (cached)
Module solve_init_jaref__locals__kernel_feadd581 feadd58 load on device 'cuda:0' took 0.40 ms  (cached)
Module mul_m_dense__locals___mul_m_dense_e34139c1 e34139c load on device 'cuda:0' took 0.41 ms  (cached)
Module update_constraint_efc__locals__kernel_81015163 8101516 load on device 'cuda:0' took 0.29 ms  (cached)
Module update_constraint_gauss_cost__locals__kernel_6370b491 6370b49 load on device 'cuda:0' took 0.29 ms  (cached)
Module update_gradient_JTDAJ_dense_tiled__locals__kernel_e0063ce2 85330e7 load on device 'cuda:0' took 0.60 ms  (cached)
Module update_gradient_cholesky__locals__kernel_c54e7710 b74aeaf load on device 'cuda:0' took 26.83 ms  (cached)
Module linesearch_iterative__locals__kernel_94acdc55 9c914fd load on device 'cuda:0' took 0.38 ms  (cached)
Module update_constraint_efc__locals__kernel_25737258 2573725 load on device 'cuda:0' took 0.29 ms  (cached)
Module _contact_sort__locals__contact_sort_44d31eb2 de954a2 load on device 'cuda:0' took 0.34 ms  (cached)
0: reward=-0.073

  0%|          | 0/60 [00:00<?, ?it/s]
  3%|▎         | 2/60 [00:00<00:04, 14.46it/s]
  8%|▊         | 5/60 [00:00<00:02, 18.35it/s]
 13%|█▎        | 8/60 [00:00<00:02, 20.84it/s]
 18%|█▊        | 11/60 [00:00<00:02, 22.85it/s]
 23%|██▎       | 14/60 [00:00<00:01, 23.78it/s]
 28%|██▊       | 17/60 [00:00<00:01, 23.85it/s]
 33%|███▎      | 20/60 [00:00<00:01, 23.58it/s]
 38%|███▊      | 23/60 [00:01<00:01, 23.28it/s]
 43%|████▎     | 26/60 [00:01<00:01, 22.93it/s]
 48%|████▊     | 29/60 [00:01<00:01, 22.48it/s]
 53%|█████▎    | 32/60 [00:01<00:01, 22.07it/s]
 58%|█████▊    | 35/60 [00:01<00:01, 22.11it/s]
 63%|██████▎   | 38/60 [00:01<00:00, 22.05it/s]
 68%|██████▊   | 41/60 [00:01<00:00, 22.02it/s]
 73%|███████▎  | 44/60 [00:01<00:00, 21.88it/s]
 78%|███████▊  | 47/60 [00:02<00:00, 21.75it/s]
 83%|████████▎ | 50/60 [00:02<00:00, 21.86it/s]
 88%|████████▊ | 53/60 [00:02<00:00, 22.05it/s]
 93%|█████████▎| 56/60 [00:02<00:00, 22.08it/s]
 98%|█████████▊| 59/60 [00:02<00:00, 21.97it/s]
100%|██████████| 60/60 [00:02<00:00, 22.11it/s]
wandb: WARNING `fps` argument does not affect the frame rate of the video when providing a file path or raw bytes.
20316160: mean episode reward=3.915
40632320: mean episode reward=7.580

  0%|          | 0/60 [00:00<?, ?it/s]
  3%|▎         | 2/60 [00:00<00:03, 16.26it/s]
  8%|▊         | 5/60 [00:00<00:02, 20.34it/s]
 13%|█▎        | 8/60 [00:00<00:02, 21.45it/s]
 18%|█▊        | 11/60 [00:00<00:02, 21.85it/s]
 23%|██▎       | 14/60 [00:00<00:02, 21.65it/s]
 28%|██▊       | 17/60 [00:00<00:01, 21.97it/s]
 33%|███▎      | 20/60 [00:00<00:01, 21.88it/s]
 38%|███▊      | 23/60 [00:01<00:01, 21.73it/s]
 43%|████▎     | 26/60 [00:01<00:01, 22.05it/s]
 48%|████▊     | 29/60 [00:01<00:01, 22.36it/s]
 53%|█████▎    | 32/60 [00:01<00:01, 22.35it/s]
 58%|█████▊    | 35/60 [00:01<00:01, 22.30it/s]
 63%|██████▎   | 38/60 [00:01<00:00, 22.63it/s]
 68%|██████▊   | 41/60 [00:01<00:00, 22.95it/s]
 73%|███████▎  | 44/60 [00:01<00:00, 23.29it/s]
 78%|███████▊  | 47/60 [00:02<00:00, 23.25it/s]
 83%|████████▎ | 50/60 [00:02<00:00, 23.35it/s]
 88%|████████▊ | 53/60 [00:02<00:00, 23.72it/s]
 93%|█████████▎| 56/60 [00:02<00:00, 23.63it/s]
 98%|█████████▊| 59/60 [00:02<00:00, 23.55it/s]
100%|██████████| 60/60 [00:02<00:00, 22.55it/s]
wandb: WARNING `fps` argument does not affect the frame rate of the video when providing a file path or raw bytes.
53084160: reward=8.478
60948480: mean episode reward=7.881
81264640: mean episode reward=9.992
101580800: mean episode reward=10.029

  0%|          | 0/60 [00:00<?, ?it/s]
  3%|▎         | 2/60 [00:00<00:03, 17.12it/s]
  8%|▊         | 5/60 [00:00<00:02, 21.33it/s]
 13%|█▎        | 8/60 [00:00<00:02, 22.64it/s]
 18%|█▊        | 11/60 [00:00<00:02, 23.08it/s]
 23%|██▎       | 14/60 [00:00<00:01, 23.44it/s]
 28%|██▊       | 17/60 [00:00<00:01, 23.20it/s]
 33%|███▎      | 20/60 [00:00<00:01, 23.06it/s]
 38%|███▊      | 23/60 [00:01<00:01, 22.90it/s]
 43%|████▎     | 26/60 [00:01<00:01, 22.35it/s]
 48%|████▊     | 29/60 [00:01<00:01, 21.84it/s]
 53%|█████▎    | 32/60 [00:01<00:01, 22.06it/s]
 58%|█████▊    | 35/60 [00:01<00:01, 22.64it/s]
 63%|██████▎   | 38/60 [00:01<00:00, 22.87it/s]
 68%|██████▊   | 41/60 [00:01<00:00, 22.75it/s]
 73%|███████▎  | 44/60 [00:01<00:00, 22.75it/s]
 78%|███████▊  | 47/60 [00:02<00:00, 23.08it/s]
 83%|████████▎ | 50/60 [00:02<00:00, 23.02it/s]
 88%|████████▊ | 53/60 [00:02<00:00, 23.14it/s]
 93%|█████████▎| 56/60 [00:02<00:00, 23.14it/s]
 98%|█████████▊| 59/60 [00:02<00:00, 23.01it/s]
100%|██████████| 60/60 [00:02<00:00, 22.76it/s]
wandb: WARNING `fps` argument does not affect the frame rate of the video when providing a file path or raw bytes.
106168320: reward=11.839
121896960: mean episode reward=10.160
142213120: mean episode reward=10.564

  0%|          | 0/60 [00:00<?, ?it/s]
  3%|▎         | 2/60 [00:00<00:03, 15.92it/s]
  8%|▊         | 5/60 [00:00<00:02, 20.00it/s]
 13%|█▎        | 8/60 [00:00<00:02, 20.55it/s]
 18%|█▊        | 11/60 [00:00<00:02, 20.68it/s]
 23%|██▎       | 14/60 [00:00<00:02, 21.09it/s]
 28%|██▊       | 17/60 [00:00<00:01, 21.52it/s]
 33%|███▎      | 20/60 [00:00<00:01, 21.69it/s]
 38%|███▊      | 23/60 [00:01<00:01, 21.87it/s]
 43%|████▎     | 26/60 [00:01<00:01, 22.34it/s]
 48%|████▊     | 29/60 [00:01<00:01, 22.61it/s]
 53%|█████▎    | 32/60 [00:01<00:01, 23.11it/s]
 58%|█████▊    | 35/60 [00:01<00:01, 22.61it/s]
 63%|██████▎   | 38/60 [00:01<00:00, 22.42it/s]
 68%|██████▊   | 41/60 [00:01<00:00, 22.82it/s]
 73%|███████▎  | 44/60 [00:02<00:00, 22.68it/s]
 78%|███████▊  | 47/60 [00:02<00:00, 22.67it/s]
 83%|████████▎ | 50/60 [00:02<00:00, 23.16it/s]
 88%|████████▊ | 53/60 [00:02<00:00, 23.42it/s]
 93%|█████████▎| 56/60 [00:02<00:00, 23.20it/s]
 98%|█████████▊| 59/60 [00:02<00:00, 23.09it/s]
100%|██████████| 60/60 [00:02<00:00, 22.33it/s]
wandb: WARNING `fps` argument does not affect the frame rate of the video when providing a file path or raw bytes.
159252480: reward=10.011
162529280: mean episode reward=11.448
182845440: mean episode reward=13.532
203161600: mean episode reward=12.573

  0%|          | 0/60 [00:00<?, ?it/s]
  3%|▎         | 2/60 [00:00<00:03, 16.88it/s]
  8%|▊         | 5/60 [00:00<00:02, 19.27it/s]
 13%|█▎        | 8/60 [00:00<00:02, 20.07it/s]
 18%|█▊        | 11/60 [00:00<00:02, 21.38it/s]
 23%|██▎       | 14/60 [00:00<00:02, 22.13it/s]
 28%|██▊       | 17/60 [00:00<00:01, 22.22it/s]
 33%|███▎      | 20/60 [00:00<00:01, 22.25it/s]
 38%|███▊      | 23/60 [00:01<00:01, 22.77it/s]
 43%|████▎     | 26/60 [00:01<00:01, 22.75it/s]
 48%|████▊     | 29/60 [00:01<00:01, 22.82it/s]
 53%|█████▎    | 32/60 [00:01<00:01, 23.10it/s]
 58%|█████▊    | 35/60 [00:01<00:01, 23.48it/s]
 63%|██████▎   | 38/60 [00:01<00:00, 23.50it/s]
 68%|██████▊   | 41/60 [00:01<00:00, 23.76it/s]
 73%|███████▎  | 44/60 [00:01<00:00, 24.16it/s]
 78%|███████▊  | 47/60 [00:02<00:00, 24.69it/s]
 83%|████████▎ | 50/60 [00:02<00:00, 24.48it/s]
 88%|████████▊ | 53/60 [00:02<00:00, 24.43it/s]
 93%|█████████▎| 56/60 [00:02<00:00, 24.14it/s]
 98%|█████████▊| 59/60 [00:02<00:00, 24.03it/s]
100%|██████████| 60/60 [00:02<00:00, 23.09it/s]
wandb: WARNING `fps` argument does not affect the frame rate of the video when providing a file path or raw bytes.
212336640: reward=12.205
223477760: mean episode reward=12.354
243793920: mean episode reward=12.896
264110080: mean episode reward=10.936

  0%|          | 0/60 [00:00<?, ?it/s]
  3%|▎         | 2/60 [00:00<00:03, 15.89it/s]
  7%|▋         | 4/60 [00:00<00:03, 18.02it/s]
 10%|█         | 6/60 [00:00<00:02, 18.70it/s]
 13%|█▎        | 8/60 [00:00<00:02, 19.15it/s]
 18%|█▊        | 11/60 [00:00<00:02, 20.74it/s]
 23%|██▎       | 14/60 [00:00<00:02, 21.46it/s]
 28%|██▊       | 17/60 [00:00<00:01, 21.95it/s]
 33%|███▎      | 20/60 [00:00<00:01, 23.16it/s]
 38%|███▊      | 23/60 [00:01<00:01, 24.05it/s]
 43%|████▎     | 26/60 [00:01<00:01, 23.92it/s]
 48%|████▊     | 29/60 [00:01<00:01, 23.82it/s]
 53%|█████▎    | 32/60 [00:01<00:01, 24.11it/s]
 58%|█████▊    | 35/60 [00:01<00:01, 24.14it/s]
 63%|██████▎   | 38/60 [00:01<00:00, 24.39it/s]
 68%|██████▊   | 41/60 [00:01<00:00, 24.15it/s]
 73%|███████▎  | 44/60 [00:01<00:00, 23.56it/s]
 78%|███████▊  | 47/60 [00:02<00:00, 23.53it/s]
 83%|████████▎ | 50/60 [00:02<00:00, 23.52it/s]
 88%|████████▊ | 53/60 [00:02<00:00, 23.44it/s]
 93%|█████████▎| 56/60 [00:02<00:00, 23.51it/s]
 98%|█████████▊| 59/60 [00:02<00:00, 23.23it/s]
100%|██████████| 60/60 [00:02<00:00, 22.88it/s]
wandb: WARNING `fps` argument does not affect the frame rate of the video when providing a file path or raw bytes.
265420800: reward=12.635
284426240: mean episode reward=13.057
304742400: mean episode reward=13.905

  0%|          | 0/60 [00:00<?, ?it/s]
  3%|▎         | 2/60 [00:00<00:03, 15.53it/s]
  8%|▊         | 5/60 [00:00<00:02, 18.73it/s]
 13%|█▎        | 8/60 [00:00<00:02, 20.08it/s]
 18%|█▊        | 11/60 [00:00<00:02, 21.56it/s]
 23%|██▎       | 14/60 [00:00<00:02, 22.92it/s]
 28%|██▊       | 17/60 [00:00<00:01, 23.49it/s]
 33%|███▎      | 20/60 [00:00<00:01, 24.14it/s]
 38%|███▊      | 23/60 [00:01<00:01, 24.38it/s]
 43%|████▎     | 26/60 [00:01<00:01, 24.61it/s]
 48%|████▊     | 29/60 [00:01<00:01, 23.92it/s]
 53%|█████▎    | 32/60 [00:01<00:01, 23.74it/s]
 58%|█████▊    | 35/60 [00:01<00:01, 23.70it/s]
 63%|██████▎   | 38/60 [00:01<00:00, 23.15it/s]
 68%|██████▊   | 41/60 [00:01<00:00, 23.33it/s]
 73%|███████▎  | 44/60 [00:01<00:00, 23.18it/s]
 78%|███████▊  | 47/60 [00:02<00:00, 22.63it/s]
 83%|████████▎ | 50/60 [00:02<00:00, 22.50it/s]
 88%|████████▊ | 53/60 [00:02<00:00, 22.44it/s]
 93%|█████████▎| 56/60 [00:02<00:00, 22.62it/s]
 98%|█████████▊| 59/60 [00:02<00:00, 22.62it/s]
100%|██████████| 60/60 [00:02<00:00, 22.75it/s]
wandb: WARNING `fps` argument does not affect the frame rate of the video when providing a file path or raw bytes.
318504960: reward=13.699
325058560: mean episode reward=13.980
345374720: mean episode reward=11.952
365690880: mean episode reward=15.574

  0%|          | 0/60 [00:00<?, ?it/s]
  3%|▎         | 2/60 [00:00<00:03, 14.85it/s]
  7%|▋         | 4/60 [00:00<00:03, 17.47it/s]
 12%|█▏        | 7/60 [00:00<00:02, 18.99it/s]
 17%|█▋        | 10/60 [00:00<00:02, 19.65it/s]
 20%|██        | 12/60 [00:00<00:02, 19.63it/s]
 25%|██▌       | 15/60 [00:00<00:02, 20.21it/s]
 30%|███       | 18/60 [00:00<00:02, 20.75it/s]
 35%|███▌      | 21/60 [00:01<00:01, 20.54it/s]
 40%|████      | 24/60 [00:01<00:01, 20.74it/s]
 45%|████▌     | 27/60 [00:01<00:01, 20.63it/s]
 50%|█████     | 30/60 [00:01<00:01, 21.14it/s]
 55%|█████▌    | 33/60 [00:01<00:01, 21.51it/s]
 60%|██████    | 36/60 [00:01<00:01, 21.81it/s]
 65%|██████▌   | 39/60 [00:01<00:00, 21.73it/s]
 70%|███████   | 42/60 [00:02<00:00, 21.67it/s]
 75%|███████▌  | 45/60 [00:02<00:00, 21.82it/s]
 80%|████████  | 48/60 [00:02<00:00, 21.91it/s]
 85%|████████▌ | 51/60 [00:02<00:00, 21.42it/s]
 90%|█████████ | 54/60 [00:02<00:00, 21.48it/s]
 95%|█████████▌| 57/60 [00:02<00:00, 22.05it/s]
100%|██████████| 60/60 [00:02<00:00, 21.90it/s]
100%|██████████| 60/60 [00:02<00:00, 21.04it/s]
wandb: WARNING `fps` argument does not affect the frame rate of the video when providing a file path or raw bytes.
371589120: reward=11.371
386007040: mean episode reward=13.628
406323200: mean episode reward=13.647

  0%|          | 0/60 [00:00<?, ?it/s]
  3%|▎         | 2/60 [00:00<00:03, 15.93it/s]
  8%|▊         | 5/60 [00:00<00:02, 19.10it/s]
 13%|█▎        | 8/60 [00:00<00:02, 20.23it/s]
 18%|█▊        | 11/60 [00:00<00:02, 20.82it/s]
 23%|██▎       | 14/60 [00:00<00:02, 21.20it/s]
 28%|██▊       | 17/60 [00:00<00:02, 21.20it/s]
 33%|███▎      | 20/60 [00:00<00:01, 21.51it/s]
 38%|███▊      | 23/60 [00:01<00:01, 22.63it/s]
 43%|████▎     | 26/60 [00:01<00:01, 23.10it/s]
 48%|████▊     | 29/60 [00:01<00:01, 23.99it/s]
 53%|█████▎    | 32/60 [00:01<00:01, 24.91it/s]
 58%|█████▊    | 35/60 [00:01<00:00, 25.20it/s]
 63%|██████▎   | 38/60 [00:01<00:00, 25.01it/s]
 68%|██████▊   | 41/60 [00:01<00:00, 24.76it/s]
 73%|███████▎  | 44/60 [00:01<00:00, 23.86it/s]
 78%|███████▊  | 47/60 [00:02<00:00, 23.73it/s]
 83%|████████▎ | 50/60 [00:02<00:00, 23.21it/s]
 88%|████████▊ | 53/60 [00:02<00:00, 23.55it/s]
 93%|█████████▎| 56/60 [00:02<00:00, 23.46it/s]
 98%|█████████▊| 59/60 [00:02<00:00, 23.36it/s]
100%|██████████| 60/60 [00:02<00:00, 22.96it/s]
wandb: WARNING `fps` argument does not affect the frame rate of the video when providing a file path or raw bytes.
424673280: reward=13.736
426639360: mean episode reward=14.292
446955520: mean episode reward=13.254
467271680: mean episode reward=14.364

  0%|          | 0/60 [00:00<?, ?it/s]
  3%|▎         | 2/60 [00:00<00:03, 15.86it/s]
  8%|▊         | 5/60 [00:00<00:02, 19.93it/s]
 12%|█▏        | 7/60 [00:00<00:02, 19.94it/s]
 17%|█▋        | 10/60 [00:00<00:02, 21.13it/s]
 22%|██▏       | 13/60 [00:00<00:02, 21.29it/s]
 27%|██▋       | 16/60 [00:00<00:02, 21.99it/s]
 32%|███▏      | 19/60 [00:00<00:01, 22.63it/s]
 37%|███▋      | 22/60 [00:01<00:01, 23.54it/s]
 42%|████▏     | 25/60 [00:01<00:01, 23.98it/s]
 47%|████▋     | 28/60 [00:01<00:01, 24.06it/s]
 52%|█████▏    | 31/60 [00:01<00:01, 24.84it/s]
 57%|█████▋    | 34/60 [00:01<00:01, 24.60it/s]
 62%|██████▏   | 37/60 [00:01<00:00, 25.07it/s]
 67%|██████▋   | 40/60 [00:01<00:00, 24.67it/s]
 72%|███████▏  | 43/60 [00:01<00:00, 24.50it/s]
 77%|███████▋  | 46/60 [00:01<00:00, 24.70it/s]
 82%|████████▏ | 49/60 [00:02<00:00, 25.36it/s]
 87%|████████▋ | 52/60 [00:02<00:00, 25.30it/s]
 92%|█████████▏| 55/60 [00:02<00:00, 25.01it/s]
 97%|█████████▋| 58/60 [00:02<00:00, 25.07it/s]
100%|██████████| 60/60 [00:02<00:00, 23.81it/s]
wandb: WARNING `fps` argument does not affect the frame rate of the video when providing a file path or raw bytes.
477757440: reward=15.391
487587840: mean episode reward=15.042
507904000: mean episode reward=13.978
528220160: mean episode reward=14.663

  0%|          | 0/60 [00:00<?, ?it/s]
  3%|▎         | 2/60 [00:00<00:03, 16.84it/s]
  8%|▊         | 5/60 [00:00<00:02, 19.98it/s]
 13%|█▎        | 8/60 [00:00<00:02, 19.91it/s]
 18%|█▊        | 11/60 [00:00<00:02, 20.79it/s]
 23%|██▎       | 14/60 [00:00<00:02, 21.00it/s]
 28%|██▊       | 17/60 [00:00<00:01, 21.86it/s]
 33%|███▎      | 20/60 [00:00<00:01, 21.94it/s]
 38%|███▊      | 23/60 [00:01<00:01, 21.43it/s]
 43%|████▎     | 26/60 [00:01<00:01, 20.88it/s]
 48%|████▊     | 29/60 [00:01<00:01, 20.71it/s]
 53%|█████▎    | 32/60 [00:01<00:01, 20.43it/s]
 58%|█████▊    | 35/60 [00:01<00:01, 20.37it/s]
 63%|██████▎   | 38/60 [00:01<00:01, 21.06it/s]
 68%|██████▊   | 41/60 [00:01<00:00, 20.99it/s]
 73%|███████▎  | 44/60 [00:02<00:00, 22.03it/s]
 78%|███████▊  | 47/60 [00:02<00:00, 22.62it/s]
 83%|████████▎ | 50/60 [00:02<00:00, 23.13it/s]
 88%|████████▊ | 53/60 [00:02<00:00, 23.37it/s]
 93%|█████████▎| 56/60 [00:02<00:00, 22.48it/s]
 98%|█████████▊| 59/60 [00:02<00:00, 22.92it/s]
100%|██████████| 60/60 [00:02<00:00, 21.66it/s]
wandb: WARNING `fps` argument does not affect the frame rate of the video when providing a file path or raw bytes.
530841600: reward=15.487
548536320: mean episode reward=14.598
568852480: mean episode reward=16.681

  0%|          | 0/60 [00:00<?, ?it/s]
  3%|▎         | 2/60 [00:00<00:03, 16.38it/s]
  8%|▊         | 5/60 [00:00<00:02, 20.69it/s]
 13%|█▎        | 8/60 [00:00<00:02, 22.71it/s]
 18%|█▊        | 11/60 [00:00<00:02, 23.85it/s]
 23%|██▎       | 14/60 [00:00<00:01, 24.50it/s]
 28%|██▊       | 17/60 [00:00<00:01, 25.49it/s]
 33%|███▎      | 20/60 [00:00<00:01, 25.85it/s]
 38%|███▊      | 23/60 [00:00<00:01, 26.06it/s]
 43%|████▎     | 26/60 [00:01<00:01, 26.32it/s]
 48%|████▊     | 29/60 [00:01<00:01, 26.37it/s]
 53%|█████▎    | 32/60 [00:01<00:01, 25.82it/s]
 58%|█████▊    | 35/60 [00:01<00:00, 25.64it/s]
 63%|██████▎   | 38/60 [00:01<00:00, 25.90it/s]
 68%|██████▊   | 41/60 [00:01<00:00, 26.45it/s]
 73%|███████▎  | 44/60 [00:01<00:00, 26.20it/s]
 78%|███████▊  | 47/60 [00:01<00:00, 26.06it/s]
 83%|████████▎ | 50/60 [00:01<00:00, 25.48it/s]
 88%|████████▊ | 53/60 [00:02<00:00, 24.91it/s]
 93%|█████████▎| 56/60 [00:02<00:00, 24.92it/s]
 98%|█████████▊| 59/60 [00:02<00:00, 25.16it/s]
100%|██████████| 60/60 [00:02<00:00, 25.18it/s]
wandb: WARNING `fps` argument does not affect the frame rate of the video when providing a file path or raw bytes.
583925760: reward=16.035
589168640: mean episode reward=16.392
609484800: mean episode reward=15.984
629800960: mean episode reward=17.620

  0%|          | 0/60 [00:00<?, ?it/s]
  3%|▎         | 2/60 [00:00<00:03, 18.42it/s]
  8%|▊         | 5/60 [00:00<00:02, 23.54it/s]
 13%|█▎        | 8/60 [00:00<00:02, 23.90it/s]
 18%|█▊        | 11/60 [00:00<00:01, 24.66it/s]
 23%|██▎       | 14/60 [00:00<00:01, 25.37it/s]
 28%|██▊       | 17/60 [00:00<00:01, 25.24it/s]
 33%|███▎      | 20/60 [00:00<00:01, 25.07it/s]
 38%|███▊      | 23/60 [00:00<00:01, 25.16it/s]
 43%|████▎     | 26/60 [00:01<00:01, 25.12it/s]
 48%|████▊     | 29/60 [00:01<00:01, 25.17it/s]
 53%|█████▎    | 32/60 [00:01<00:01, 25.18it/s]
 58%|█████▊    | 35/60 [00:01<00:00, 25.51it/s]
 63%|██████▎   | 38/60 [00:01<00:00, 26.06it/s]
 68%|██████▊   | 41/60 [00:01<00:00, 26.28it/s]
 73%|███████▎  | 44/60 [00:01<00:00, 26.27it/s]
 78%|███████▊  | 47/60 [00:01<00:00, 26.57it/s]
 83%|████████▎ | 50/60 [00:01<00:00, 26.39it/s]
 88%|████████▊ | 53/60 [00:02<00:00, 26.33it/s]
 93%|█████████▎| 56/60 [00:02<00:00, 26.06it/s]
 98%|█████████▊| 59/60 [00:02<00:00, 26.08it/s]
100%|██████████| 60/60 [00:02<00:00, 25.54it/s]
wandb: WARNING `fps` argument does not affect the frame rate of the video when providing a file path or raw bytes.
637009920: reward=17.268
650117120: mean episode reward=15.878
670433280: mean episode reward=16.683

  0%|          | 0/60 [00:00<?, ?it/s]
  3%|▎         | 2/60 [00:00<00:03, 17.29it/s]
  8%|▊         | 5/60 [00:00<00:02, 21.98it/s]
 13%|█▎        | 8/60 [00:00<00:02, 23.46it/s]
 18%|█▊        | 11/60 [00:00<00:01, 24.78it/s]
 23%|██▎       | 14/60 [00:00<00:01, 26.13it/s]
 28%|██▊       | 17/60 [00:00<00:01, 26.36it/s]
 33%|███▎      | 20/60 [00:00<00:01, 26.69it/s]
 38%|███▊      | 23/60 [00:00<00:01, 26.55it/s]
 43%|████▎     | 26/60 [00:01<00:01, 26.06it/s]
 48%|████▊     | 29/60 [00:01<00:01, 25.96it/s]
 53%|█████▎    | 32/60 [00:01<00:01, 26.16it/s]
 58%|█████▊    | 35/60 [00:01<00:00, 26.62it/s]
 63%|██████▎   | 38/60 [00:01<00:00, 27.24it/s]
 68%|██████▊   | 41/60 [00:01<00:00, 27.48it/s]
 73%|███████▎  | 44/60 [00:01<00:00, 27.07it/s]
 78%|███████▊  | 47/60 [00:01<00:00, 27.33it/s]
 83%|████████▎ | 50/60 [00:01<00:00, 27.19it/s]
 88%|████████▊ | 53/60 [00:02<00:00, 27.41it/s]
 93%|█████████▎| 56/60 [00:02<00:00, 28.00it/s]
 98%|█████████▊| 59/60 [00:02<00:00, 27.79it/s]
100%|██████████| 60/60 [00:02<00:00, 26.44it/s]
wandb: WARNING `fps` argument does not affect the frame rate of the video when providing a file path or raw bytes.
690094080: reward=17.539
690749440: mean episode reward=18.227
711065600: mean episode reward=18.711
731381760: mean episode reward=16.585

  0%|          | 0/60 [00:00<?, ?it/s]
  3%|▎         | 2/60 [00:00<00:03, 16.80it/s]
  8%|▊         | 5/60 [00:00<00:02, 18.91it/s]
 12%|█▏        | 7/60 [00:00<00:02, 18.89it/s]
 15%|█▌        | 9/60 [00:00<00:02, 19.06it/s]
 20%|██        | 12/60 [00:00<00:02, 19.40it/s]
 25%|██▌       | 15/60 [00:00<00:02, 19.71it/s]
 30%|███       | 18/60 [00:00<00:02, 20.51it/s]
 35%|███▌      | 21/60 [00:01<00:01, 20.82it/s]
 40%|████      | 24/60 [00:01<00:01, 20.97it/s]
 45%|████▌     | 27/60 [00:01<00:01, 21.22it/s]
 50%|█████     | 30/60 [00:01<00:01, 21.85it/s]
 55%|█████▌    | 33/60 [00:01<00:01, 21.68it/s]
 60%|██████    | 36/60 [00:01<00:01, 21.39it/s]
 65%|██████▌   | 39/60 [00:01<00:01, 20.96it/s]
 70%|███████   | 42/60 [00:02<00:00, 19.93it/s]
 75%|███████▌  | 45/60 [00:02<00:00, 19.78it/s]
 80%|████████  | 48/60 [00:02<00:00, 20.46it/s]
 85%|████████▌ | 51/60 [00:02<00:00, 21.19it/s]
 90%|█████████ | 54/60 [00:02<00:00, 21.77it/s]
 95%|█████████▌| 57/60 [00:02<00:00, 21.47it/s]
100%|██████████| 60/60 [00:02<00:00, 20.48it/s]
100%|██████████| 60/60 [00:02<00:00, 20.57it/s]
wandb: WARNING `fps` argument does not affect the frame rate of the video when providing a file path or raw bytes.
743178240: reward=17.003
751697920: mean episode reward=16.650
772014080: mean episode reward=17.326
792330240: mean episode reward=17.822

  0%|          | 0/60 [00:00<?, ?it/s]
  3%|▎         | 2/60 [00:00<00:03, 15.85it/s]
  8%|▊         | 5/60 [00:00<00:02, 19.02it/s]
 13%|█▎        | 8/60 [00:00<00:02, 20.10it/s]
 18%|█▊        | 11/60 [00:00<00:02, 20.63it/s]
 23%|██▎       | 14/60 [00:00<00:02, 21.29it/s]
 28%|██▊       | 17/60 [00:00<00:02, 21.17it/s]
 33%|███▎      | 20/60 [00:00<00:01, 21.55it/s]
 38%|███▊      | 23/60 [00:01<00:01, 21.75it/s]
 43%|████▎     | 26/60 [00:01<00:01, 21.48it/s]
 48%|████▊     | 29/60 [00:01<00:01, 21.59it/s]
 53%|█████▎    | 32/60 [00:01<00:01, 21.83it/s]
 58%|█████▊    | 35/60 [00:01<00:01, 22.08it/s]
 63%|██████▎   | 38/60 [00:01<00:00, 22.42it/s]
 68%|██████▊   | 41/60 [00:01<00:00, 23.07it/s]
 73%|███████▎  | 44/60 [00:02<00:00, 22.94it/s]
 78%|███████▊  | 47/60 [00:02<00:00, 22.81it/s]
 83%|████████▎ | 50/60 [00:02<00:00, 22.52it/s]
 88%|████████▊ | 53/60 [00:02<00:00, 22.23it/s]
 93%|█████████▎| 56/60 [00:02<00:00, 22.19it/s]
 98%|█████████▊| 59/60 [00:02<00:00, 22.23it/s]
100%|██████████| 60/60 [00:02<00:00, 21.81it/s]
wandb: WARNING `fps` argument does not affect the frame rate of the video when providing a file path or raw bytes.
796262400: reward=17.574
812646400: mean episode reward=17.151
832962560: mean episode reward=15.725

  0%|          | 0/60 [00:00<?, ?it/s]
  3%|▎         | 2/60 [00:00<00:03, 16.64it/s]
  8%|▊         | 5/60 [00:00<00:02, 20.53it/s]
 13%|█▎        | 8/60 [00:00<00:02, 21.48it/s]
 18%|█▊        | 11/60 [00:00<00:02, 21.81it/s]
 23%|██▎       | 14/60 [00:00<00:02, 22.12it/s]
 28%|██▊       | 17/60 [00:00<00:01, 22.25it/s]
 33%|███▎      | 20/60 [00:00<00:01, 22.51it/s]
 38%|███▊      | 23/60 [00:01<00:01, 22.57it/s]
 43%|████▎     | 26/60 [00:01<00:01, 22.29it/s]
 48%|████▊     | 29/60 [00:01<00:01, 22.05it/s]
 53%|█████▎    | 32/60 [00:01<00:01, 22.66it/s]
 58%|█████▊    | 35/60 [00:01<00:01, 22.97it/s]
 63%|██████▎   | 38/60 [00:01<00:00, 23.06it/s]
 68%|██████▊   | 41/60 [00:01<00:00, 23.09it/s]
 73%|███████▎  | 44/60 [00:01<00:00, 23.77it/s]
 78%|███████▊  | 47/60 [00:02<00:00, 23.25it/s]
 83%|████████▎ | 50/60 [00:02<00:00, 23.33it/s]
 88%|████████▊ | 53/60 [00:02<00:00, 23.50it/s]
 93%|█████████▎| 56/60 [00:02<00:00, 23.88it/s]
 98%|█████████▊| 59/60 [00:02<00:00, 23.51it/s]
100%|██████████| 60/60 [00:02<00:00, 22.79it/s]
wandb: WARNING `fps` argument does not affect the frame rate of the video when providing a file path or raw bytes.
849346560: reward=16.995
853278720: mean episode reward=15.366
873594880: mean episode reward=16.263
893911040: mean episode reward=16.668

  0%|          | 0/60 [00:00<?, ?it/s]
  3%|▎         | 2/60 [00:00<00:03, 15.97it/s]
  7%|▋         | 4/60 [00:00<00:03, 17.71it/s]
 12%|█▏        | 7/60 [00:00<00:02, 20.28it/s]
 17%|█▋        | 10/60 [00:00<00:02, 22.24it/s]
 22%|██▏       | 13/60 [00:00<00:02, 21.72it/s]
 27%|██▋       | 16/60 [00:00<00:02, 21.45it/s]
 32%|███▏      | 19/60 [00:00<00:01, 21.41it/s]
 37%|███▋      | 22/60 [00:01<00:01, 21.22it/s]
 42%|████▏     | 25/60 [00:01<00:01, 21.37it/s]
 47%|████▋     | 28/60 [00:01<00:01, 21.52it/s]
 52%|█████▏    | 31/60 [00:01<00:01, 21.41it/s]
 57%|█████▋    | 34/60 [00:01<00:01, 21.84it/s]
 62%|██████▏   | 37/60 [00:01<00:01, 22.05it/s]
 67%|██████▋   | 40/60 [00:01<00:00, 21.55it/s]
 72%|███████▏  | 43/60 [00:02<00:00, 21.51it/s]
 77%|███████▋  | 46/60 [00:02<00:00, 21.65it/s]
 82%|████████▏ | 49/60 [00:02<00:00, 22.10it/s]
 87%|████████▋ | 52/60 [00:02<00:00, 22.46it/s]
 92%|█████████▏| 55/60 [00:02<00:00, 22.95it/s]
 97%|█████████▋| 58/60 [00:02<00:00, 23.20it/s]
100%|██████████| 60/60 [00:02<00:00, 21.86it/s]
wandb: WARNING `fps` argument does not affect the frame rate of the video when providing a file path or raw bytes.
902430720: reward=17.308
914227200: mean episode reward=16.559
934543360: mean episode reward=18.154
954859520: mean episode reward=16.727

  0%|          | 0/60 [00:00<?, ?it/s]
  3%|▎         | 2/60 [00:00<00:03, 16.62it/s]
  8%|▊         | 5/60 [00:00<00:02, 20.90it/s]
 13%|█▎        | 8/60 [00:00<00:02, 21.98it/s]
 18%|█▊        | 11/60 [00:00<00:02, 22.64it/s]
 23%|██▎       | 14/60 [00:00<00:01, 23.84it/s]
 28%|██▊       | 17/60 [00:00<00:01, 24.70it/s]
 33%|███▎      | 20/60 [00:00<00:01, 25.20it/s]
 38%|███▊      | 23/60 [00:00<00:01, 25.00it/s]
 43%|████▎     | 26/60 [00:01<00:01, 25.04it/s]
 48%|████▊     | 29/60 [00:01<00:01, 24.95it/s]
 53%|█████▎    | 32/60 [00:01<00:01, 24.83it/s]
 58%|█████▊    | 35/60 [00:01<00:01, 24.91it/s]
 63%|██████▎   | 38/60 [00:01<00:00, 25.00it/s]
 68%|██████▊   | 41/60 [00:01<00:00, 24.80it/s]
 73%|███████▎  | 44/60 [00:01<00:00, 24.91it/s]
 78%|███████▊  | 47/60 [00:01<00:00, 24.99it/s]
 83%|████████▎ | 50/60 [00:02<00:00, 24.88it/s]
 88%|████████▊ | 53/60 [00:02<00:00, 24.42it/s]
 93%|█████████▎| 56/60 [00:02<00:00, 24.43it/s]
 98%|█████████▊| 59/60 [00:02<00:00, 24.60it/s]
100%|██████████| 60/60 [00:02<00:00, 24.38it/s]
wandb: WARNING `fps` argument does not affect the frame rate of the video when providing a file path or raw bytes.
955514880: reward=17.219
975175680: mean episode reward=15.364
995491840: mean episode reward=17.117

  0%|          | 0/60 [00:00<?, ?it/s]
  3%|▎         | 2/60 [00:00<00:03, 15.32it/s]
  8%|▊         | 5/60 [00:00<00:02, 20.85it/s]
 13%|█▎        | 8/60 [00:00<00:02, 20.88it/s]
 18%|█▊        | 11/60 [00:00<00:02, 21.46it/s]
 23%|██▎       | 14/60 [00:00<00:02, 22.45it/s]
 28%|██▊       | 17/60 [00:00<00:01, 23.02it/s]
 33%|███▎      | 20/60 [00:00<00:01, 23.62it/s]
 38%|███▊      | 23/60 [00:01<00:01, 24.91it/s]
 43%|████▎     | 26/60 [00:01<00:01, 25.28it/s]
 48%|████▊     | 29/60 [00:01<00:01, 25.59it/s]
 53%|█████▎    | 32/60 [00:01<00:01, 25.70it/s]
 58%|█████▊    | 35/60 [00:01<00:00, 26.13it/s]
 63%|██████▎   | 38/60 [00:01<00:00, 26.42it/s]
 68%|██████▊   | 41/60 [00:01<00:00, 25.93it/s]
 73%|███████▎  | 44/60 [00:01<00:00, 24.67it/s]
 78%|███████▊  | 47/60 [00:01<00:00, 24.27it/s]
 83%|████████▎ | 50/60 [00:02<00:00, 24.70it/s]
 88%|████████▊ | 53/60 [00:02<00:00, 24.70it/s]
 93%|█████████▎| 56/60 [00:02<00:00, 24.03it/s]
 98%|█████████▊| 59/60 [00:02<00:00, 23.49it/s]
100%|██████████| 60/60 [00:02<00:00, 23.94it/s]
wandb: WARNING `fps` argument does not affect the frame rate of the video when providing a file path or raw bytes.
1008599040: reward=17.631
Done training.
Time to JIT compile: 22.36948572844267
Time to train: 6610.2554483264685
Starting inference...
FPS for rendering: 10.0

  0%|          | 0/500 [00:00<?, ?it/s]
  0%|          | 2/500 [00:00<00:29, 16.99it/s]
  1%|          | 5/500 [00:00<00:25, 19.64it/s]
  2%|▏         | 8/500 [00:00<00:22, 21.45it/s]
  2%|▏         | 11/500 [00:00<00:21, 22.66it/s]
  3%|▎         | 14/500 [00:00<00:21, 23.12it/s]
  3%|▎         | 17/500 [00:00<00:21, 22.04it/s]
  4%|▍         | 20/500 [00:00<00:21, 22.31it/s]
  5%|▍         | 23/500 [00:01<00:20, 23.38it/s]
  5%|▌         | 26/500 [00:01<00:19, 23.83it/s]
  6%|▌         | 29/500 [00:01<00:19, 24.36it/s]
  6%|▋         | 32/500 [00:01<00:19, 23.74it/s]
  7%|▋         | 35/500 [00:01<00:20, 23.22it/s]
  8%|▊         | 38/500 [00:01<00:20, 22.67it/s]
  8%|▊         | 41/500 [00:01<00:20, 22.37it/s]
  9%|▉         | 44/500 [00:01<00:20, 22.05it/s]
  9%|▉         | 47/500 [00:02<00:20, 21.63it/s]
 10%|█         | 50/500 [00:02<00:21, 21.27it/s]
 11%|█         | 53/500 [00:02<00:21, 21.09it/s]
 11%|█         | 56/500 [00:02<00:21, 20.93it/s]
 12%|█▏        | 59/500 [00:02<00:21, 20.67it/s]
 12%|█▏        | 62/500 [00:02<00:20, 21.20it/s]
 13%|█▎        | 65/500 [00:02<00:20, 21.40it/s]
 14%|█▎        | 68/500 [00:03<00:20, 20.88it/s]
 14%|█▍        | 71/500 [00:03<00:20, 20.91it/s]
 15%|█▍        | 74/500 [00:03<00:19, 21.75it/s]
 15%|█▌        | 77/500 [00:03<00:18, 22.32it/s]
 16%|█▌        | 80/500 [00:03<00:18, 22.44it/s]
 17%|█▋        | 83/500 [00:03<00:18, 22.34it/s]
 17%|█▋        | 86/500 [00:03<00:18, 21.97it/s]
 18%|█▊        | 89/500 [00:04<00:18, 22.40it/s]
 18%|█▊        | 92/500 [00:04<00:18, 21.51it/s]
 19%|█▉        | 95/500 [00:04<00:19, 21.19it/s]
 20%|█▉        | 98/500 [00:04<00:19, 21.10it/s]
 20%|██        | 101/500 [00:04<00:19, 20.82it/s]
 21%|██        | 104/500 [00:04<00:19, 20.68it/s]
 21%|██▏       | 107/500 [00:04<00:18, 20.71it/s]
 22%|██▏       | 110/500 [00:05<00:18, 20.92it/s]
 23%|██▎       | 113/500 [00:05<00:18, 21.05it/s]
 23%|██▎       | 116/500 [00:05<00:18, 21.09it/s]
 24%|██▍       | 119/500 [00:05<00:18, 21.10it/s]
 24%|██▍       | 122/500 [00:05<00:18, 20.85it/s]
 25%|██▌       | 125/500 [00:05<00:17, 21.00it/s]
 26%|██▌       | 128/500 [00:05<00:17, 20.75it/s]
 26%|██▌       | 131/500 [00:06<00:18, 20.42it/s]
 27%|██▋       | 134/500 [00:06<00:18, 20.29it/s]
 27%|██▋       | 137/500 [00:06<00:17, 20.58it/s]
 28%|██▊       | 140/500 [00:06<00:17, 20.24it/s]
 29%|██▊       | 143/500 [00:06<00:17, 20.49it/s]
 29%|██▉       | 146/500 [00:06<00:17, 20.24it/s]
 30%|██▉       | 149/500 [00:06<00:17, 20.27it/s]
 30%|███       | 152/500 [00:07<00:17, 20.32it/s]
 31%|███       | 155/500 [00:07<00:16, 20.40it/s]
 32%|███▏      | 158/500 [00:07<00:16, 20.20it/s]
 32%|███▏      | 161/500 [00:07<00:16, 20.35it/s]
 33%|███▎      | 164/500 [00:07<00:16, 20.65it/s]
 33%|███▎      | 167/500 [00:07<00:15, 20.84it/s]
 34%|███▍      | 170/500 [00:07<00:15, 21.05it/s]
 35%|███▍      | 173/500 [00:08<00:15, 21.20it/s]
 35%|███▌      | 176/500 [00:08<00:15, 21.16it/s]
 36%|███▌      | 179/500 [00:08<00:15, 21.01it/s]
 36%|███▋      | 182/500 [00:08<00:15, 20.46it/s]
 37%|███▋      | 185/500 [00:08<00:15, 20.35it/s]
 38%|███▊      | 188/500 [00:08<00:15, 20.27it/s]
 38%|███▊      | 191/500 [00:08<00:14, 20.80it/s]
 39%|███▉      | 194/500 [00:09<00:14, 20.58it/s]
 39%|███▉      | 197/500 [00:09<00:15, 20.04it/s]
 40%|████      | 200/500 [00:09<00:14, 20.02it/s]
 41%|████      | 203/500 [00:09<00:14, 19.85it/s]
 41%|████      | 206/500 [00:09<00:14, 20.48it/s]
 42%|████▏     | 209/500 [00:09<00:13, 21.31it/s]
 42%|████▏     | 212/500 [00:09<00:12, 22.21it/s]
 43%|████▎     | 215/500 [00:10<00:12, 22.93it/s]
 44%|████▎     | 218/500 [00:10<00:11, 23.59it/s]
 44%|████▍     | 221/500 [00:10<00:12, 23.06it/s]
 45%|████▍     | 224/500 [00:10<00:12, 22.12it/s]
 45%|████▌     | 227/500 [00:10<00:12, 21.59it/s]
 46%|████▌     | 230/500 [00:10<00:12, 21.16it/s]
 47%|████▋     | 233/500 [00:10<00:12, 21.09it/s]
 47%|████▋     | 236/500 [00:11<00:12, 20.74it/s]
 48%|████▊     | 239/500 [00:11<00:12, 20.71it/s]
 48%|████▊     | 242/500 [00:11<00:12, 20.53it/s]
 49%|████▉     | 245/500 [00:11<00:12, 20.16it/s]
 50%|████▉     | 248/500 [00:11<00:12, 20.31it/s]
 50%|█████     | 251/500 [00:11<00:12, 20.70it/s]
 51%|█████     | 254/500 [00:11<00:11, 20.79it/s]
 51%|█████▏    | 257/500 [00:12<00:11, 20.55it/s]
 52%|█████▏    | 260/500 [00:12<00:11, 20.79it/s]
 53%|█████▎    | 263/500 [00:12<00:11, 20.71it/s]
 53%|█████▎    | 266/500 [00:12<00:11, 20.92it/s]
 54%|█████▍    | 269/500 [00:12<00:11, 20.82it/s]
 54%|█████▍    | 272/500 [00:12<00:10, 20.94it/s]
 55%|█████▌    | 275/500 [00:12<00:10, 21.18it/s]
 56%|█████▌    | 278/500 [00:13<00:10, 21.04it/s]
 56%|█████▌    | 281/500 [00:13<00:10, 20.45it/s]
 57%|█████▋    | 284/500 [00:13<00:10, 20.15it/s]
 57%|█████▋    | 287/500 [00:13<00:10, 20.62it/s]
 58%|█████▊    | 290/500 [00:13<00:10, 20.51it/s]
 59%|█████▊    | 293/500 [00:13<00:10, 20.32it/s]
 59%|█████▉    | 296/500 [00:14<00:10, 20.23it/s]
 60%|█████▉    | 299/500 [00:14<00:09, 20.30it/s]
 60%|██████    | 302/500 [00:14<00:09, 20.81it/s]
 61%|██████    | 305/500 [00:14<00:09, 20.63it/s]
 62%|██████▏   | 308/500 [00:14<00:09, 20.67it/s]
 62%|██████▏   | 311/500 [00:14<00:08, 21.28it/s]
 63%|██████▎   | 314/500 [00:14<00:08, 22.09it/s]
 63%|██████▎   | 317/500 [00:14<00:08, 22.31it/s]
 64%|██████▍   | 320/500 [00:15<00:08, 22.49it/s]
 65%|██████▍   | 323/500 [00:15<00:07, 22.81it/s]
 65%|██████▌   | 326/500 [00:15<00:07, 22.90it/s]
 66%|██████▌   | 329/500 [00:15<00:07, 22.26it/s]
 66%|██████▋   | 332/500 [00:15<00:07, 21.85it/s]
 67%|██████▋   | 335/500 [00:15<00:07, 21.45it/s]
 68%|██████▊   | 338/500 [00:15<00:07, 22.03it/s]
 68%|██████▊   | 341/500 [00:16<00:07, 22.53it/s]
 69%|██████▉   | 344/500 [00:16<00:06, 22.39it/s]
 69%|██████▉   | 347/500 [00:16<00:06, 22.07it/s]
 70%|███████   | 350/500 [00:16<00:06, 21.71it/s]
 71%|███████   | 353/500 [00:16<00:06, 21.43it/s]
 71%|███████   | 356/500 [00:16<00:06, 21.31it/s]
 72%|███████▏  | 359/500 [00:16<00:06, 21.48it/s]
 72%|███████▏  | 362/500 [00:17<00:06, 21.40it/s]
 73%|███████▎  | 365/500 [00:17<00:06, 21.29it/s]
 74%|███████▎  | 368/500 [00:17<00:06, 21.87it/s]
 74%|███████▍  | 371/500 [00:17<00:05, 22.29it/s]
 75%|███████▍  | 374/500 [00:17<00:05, 22.59it/s]
 75%|███████▌  | 377/500 [00:17<00:05, 22.76it/s]
 76%|███████▌  | 380/500 [00:17<00:05, 23.55it/s]
 77%|███████▋  | 383/500 [00:17<00:04, 23.61it/s]
 77%|███████▋  | 386/500 [00:18<00:04, 23.96it/s]
 78%|███████▊  | 389/500 [00:18<00:04, 23.83it/s]
 78%|███████▊  | 392/500 [00:18<00:04, 23.92it/s]
 79%|███████▉  | 395/500 [00:18<00:04, 23.94it/s]
 80%|███████▉  | 398/500 [00:18<00:04, 23.33it/s]
 80%|████████  | 401/500 [00:18<00:04, 22.95it/s]
 81%|████████  | 404/500 [00:18<00:04, 22.17it/s]
 81%|████████▏ | 407/500 [00:18<00:04, 22.43it/s]
 82%|████████▏ | 410/500 [00:19<00:03, 22.84it/s]
 83%|████████▎ | 413/500 [00:19<00:03, 22.40it/s]
 83%|████████▎ | 416/500 [00:19<00:03, 21.94it/s]
 84%|████████▍ | 419/500 [00:19<00:03, 21.78it/s]
 84%|████████▍ | 422/500 [00:19<00:03, 21.41it/s]
 85%|████████▌ | 425/500 [00:19<00:03, 22.27it/s]
 86%|████████▌ | 428/500 [00:19<00:03, 22.11it/s]
 86%|████████▌ | 431/500 [00:20<00:03, 22.11it/s]
 87%|████████▋ | 434/500 [00:20<00:02, 22.45it/s]
 87%|████████▋ | 437/500 [00:20<00:02, 22.73it/s]
 88%|████████▊ | 440/500 [00:20<00:02, 22.98it/s]
 89%|████████▊ | 443/500 [00:20<00:02, 23.41it/s]
 89%|████████▉ | 446/500 [00:20<00:02, 23.92it/s]
 90%|████████▉ | 449/500 [00:20<00:02, 23.99it/s]
 90%|█████████ | 452/500 [00:20<00:01, 24.03it/s]
 91%|█████████ | 455/500 [00:21<00:01, 23.76it/s]
 92%|█████████▏| 458/500 [00:21<00:01, 23.55it/s]
 92%|█████████▏| 461/500 [00:21<00:01, 23.82it/s]
 93%|█████████▎| 464/500 [00:21<00:01, 24.10it/s]
 93%|█████████▎| 467/500 [00:21<00:01, 23.78it/s]
 94%|█████████▍| 470/500 [00:21<00:01, 23.11it/s]
 95%|█████████▍| 473/500 [00:21<00:01, 23.23it/s]
 95%|█████████▌| 476/500 [00:21<00:01, 23.16it/s]
 96%|█████████▌| 479/500 [00:22<00:00, 23.00it/s]
 96%|█████████▋| 482/500 [00:22<00:00, 23.44it/s]
 97%|█████████▋| 485/500 [00:22<00:00, 23.64it/s]
 98%|█████████▊| 488/500 [00:22<00:00, 24.13it/s]
 98%|█████████▊| 491/500 [00:22<00:00, 24.49it/s]
 99%|█████████▉| 494/500 [00:22<00:00, 23.83it/s]
 99%|█████████▉| 497/500 [00:22<00:00, 24.20it/s]
100%|██████████| 500/500 [00:22<00:00, 23.56it/s]
100%|██████████| 500/500 [00:22<00:00, 21.75it/s]
Rollout video saved as 'rollout0.mp4'.
[1;34mwandb[0m: 
[1;34mwandb[0m: 🚀 View run [33mTesolloDownwardsRotateZ-20260626-014823-downwardsrotatez_sb_propriodelta_s1[0m at: [34mhttps://wandb.ai/nikolastaykov/mjxrl/runs/ko5u9bnu[0m
[1;34mwandb[0m: Find logs at: [1;35mwandb/run-20260626_014823-ko5u9bnu/logs[0m
