E0623 14:56:33.422285 1624952 cuda_executor.cc:1273] [0] Failed to allocate device memory: INTERNAL: [0] Failed to allocate 17.66GiB (18967216128 bytes) of device memory: : CUDA_ERROR_OUT_OF_MEMORY: out of memory
E0623 14:56:33.422546 1624952 cuda_executor.cc:1273] [0] Failed to allocate device memory: INTERNAL: [0] Failed to allocate 15.90GiB (17070493696 bytes) of device memory: : CUDA_ERROR_OUT_OF_MEMORY: out of memory
E0623 14:56:33.422804 1624952 cuda_executor.cc:1273] [0] Failed to allocate device memory: INTERNAL: [0] Failed to allocate 14.31GiB (15363443712 bytes) of device memory: : CUDA_ERROR_OUT_OF_MEMORY: out of memory
E0623 14:56:33.423044 1624952 cuda_executor.cc:1273] [0] Failed to allocate device memory: INTERNAL: [0] Failed to allocate 12.88GiB (13827098624 bytes) of device memory: : CUDA_ERROR_OUT_OF_MEMORY: out of memory
Warp 1.12.1 initialized:
   CUDA Toolkit 12.9, Driver 12.5
   Devices:
     "cpu"      : "x86_64"
     "cuda:0"   : "NVIDIA GeForce RTX 4090" (24 GiB, sm_89, mempool enabled)
   Kernel cache:
     /home/nstaykov/.cache/warp/1.12.1
Warp DeprecationWarning: The symbol `warp.types.warp_type_to_np_dtype` will soon be removed from the public API. It can still be accessed from `warp._src.types.warp_type_to_np_dtype` but might be changed or removed without notice.
/local/home/nstaykov/workspace/mujoco_playground/mujoco_playground/_src/manipulation/tesollo_hand/obs.py:161: UserWarning: obs_noise.scales has keys not in active obs spec: {'fingertip_forces', 'fingertip_force_dirs'}
  warnings.warn(
Environment Config:
action_repeat: 1
ctrl_dt: 0.05
cube_pos_offset:
- 0.0
- 0.0
cube_size_scale: 1.0
domain_rand:
  actuator_kp:
  - 1.0
  - 1.0
  cube_mass:
  - 1.0
  - 1.0
  cube_pos:
  - 0.0
  - 0.0
  cube_size:
  - 0.85
  - 1.15
ema_alpha: 0.15
episode_length: 80
force_target_period: 2.0
force_target_range:
- 2.0
- 5.0
force_target_sinusoid: true
force_tolerance: 0.75
ghost_cube: false
impl: warp
nconmax: 204800
njmax: 1024
obs_noise:
  bias_scales:
    fingertip_force_dirs: 0.0
    fingertip_forces: 0.0
    joint_pos: 0.0
    joint_vel: 0.0
    motor_targets: 0.0
  level: 0.0
  scales:
    fingertip_force_dirs: 0.0
    fingertip_forces: 0.0
    joint_pos: 0.001
    joint_vel: 0.01
    motor_targets: 0.0
pert_config:
  angular_velocity_pert:
  - 0.0
  - 0.5
  enable: false
  linear_velocity_pert:
  - 0.0
  - 3.0
  pert_duration_steps:
  - 1
  - 100
  pert_wait_steps:
  - 60
  - 150
pid_gains:
  enable: false
  finger_kp: 3.0
  finger_kv: 0.0
  kp_per_actuator: []
  kv_per_actuator: []
reward_config:
  scales:
    action_rate: -0.005
    cube_force: 5.0
    fingertip_pos_per_tip: 2.0
    joint_vel: -0.01
  success_reward: 10.0
sensor_bundle: proprio.target
sim_dt: 0.01
success_hold_time: 0.5
use_ctrl_delta: false
weld_cube: true

PPO Training Parameters:
action_repeat: 1
batch_size: 256
discounting: 0.995
entropy_cost: 0.01
episode_length: 80
learning_rate: 0.0001
log_training_metrics: true
max_grad_norm: 1.0
network_factory:
  policy_hidden_layer_sizes: &id001 !!python/tuple
  - 256
  - 128
  - 64
  policy_obs_key: state
  value_hidden_layer_sizes: *id001
  value_obs_key: privileged_state
normalize_observations: true
num_envs: 4096
num_evals: 10
num_minibatches: 64
num_resets_per_eval: 1
num_timesteps: 300000000
num_updates_per_batch: 4
reward_scaling: 1.0
training_metrics_steps: 10000000
unroll_length: 40

CLI overrides: {
  "env_name": "TesolloCubePinch",
  "suffix": "cubepinch_sb_propriotarget_s1",
  "use_wandb": true,
  "log_video_to_wandb": true,
  "domain_randomization": true,
  "seed": 1,
  "num_timesteps": 300000000,
  "num_envs": 4096,
  "log_training_metrics": true,
  "training_metrics_steps": 10000000,
  "env_overrides_file": "logs/_queue/pinch_sweep_size_rand_sinusoid-20260623-133237/run-06-TesolloCubePinch-cubepinch_sb_propriotarget_s1-overrides.yaml"
}
Experiment name: TesolloCubePinch-20260623-145638-cubepinch_sb_propriotarget_s1
Logs are being stored in: /local/home/nstaykov/workspace/mujoco_playground/logs/TesolloCubePinch-20260623-145638-cubepinch_sb_propriotarget_s1
wandb: [wandb.login()] Loaded credentials for https://api.wandb.ai from WANDB_API_KEY.
wandb: Currently logged in as: nstaykov (nikolastaykov) to https://api.wandb.ai. Use `wandb login --relogin` to force relogin
wandb: Tracking run with wandb version 0.26.1
wandb: Run data is saved locally in /local/home/nstaykov/workspace/mujoco_playground/wandb/run-20260623_145638-8bobw4fi
wandb: Run `wandb offline` to turn off syncing.
wandb: Syncing run TesolloCubePinch-20260623-145638-cubepinch_sb_propriotarget_s1
wandb: ⭐️ View project at https://wandb.ai/nikolastaykov/mjxrl
wandb: 🚀 View run at https://wandb.ai/nikolastaykov/mjxrl/runs/8bobw4fi
No checkpoint path provided, not restoring from checkpoint
Checkpoint path: /local/home/nstaykov/workspace/mujoco_playground/logs/TesolloCubePinch-20260623-145638-cubepinch_sb_propriotarget_s1/checkpoints
/local/home/nstaykov/workspace/mujoco_playground/mujoco_playground/_src/manipulation/tesollo_hand/obs.py:161: UserWarning: obs_noise.scales has keys not in active obs spec: {'fingertip_forces', 'fingertip_force_dirs'}
  warnings.warn(
Module mujoco.mjx.warp.ffi 98d2031 load on device 'cuda:0' took 0.52 ms  (cached)
Module mujoco.mjx.third_party.mujoco_warp._src.smooth 26bbc02 load on device 'cuda:0' took 7.63 ms  (cached)
Module mujoco.mjx.third_party.mujoco_warp._src.collision_driver 88f7770 load on device 'cuda:0' took 0.36 ms  (cached)
Module _nxn_broadphase__locals__kernel_c763f4cb c763f4c load on device 'cuda:0' took 1.97 ms  (cached)
Module _primitive_narrowphase__locals__primitive_narrowphase_072e9f5e 072e9f5 load on device 'cuda:0' took 0.55 ms  (cached)
Module mujoco.mjx.third_party.mujoco_warp._src.constraint c567367 load on device 'cuda:0' took 1.09 ms  (cached)
Module mujoco.mjx.third_party.mujoco_warp._src.sensor 18a78e5 load on device 'cuda:0' took 1.44 ms  (cached)
Module mujoco.mjx.third_party.mujoco_warp._src.forward 16fbac8 load on device 'cuda:0' took 1.21 ms  (cached)
Module mujoco.mjx.third_party.mujoco_warp._src.passive 8bfe11c load on device 'cuda:0' took 2.56 ms  (cached)
Module mujoco.mjx.third_party.mujoco_warp._src.forward 8f5355c load on device 'cuda:0' took 0.90 ms  (cached)
Module mujoco.mjx.third_party.mujoco_warp._src.support dd3f924 load on device 'cuda:0' took 1.57 ms  (cached)
Module _tile_cholesky_factorize_solve__locals__cholesky_factorize_solve_fb56ecff 06a1263 load on device 'cuda:0' took 25.96 ms  (cached)
Module mujoco.mjx.third_party.mujoco_warp._src.solver b116efb load on device 'cuda:0' took 2.30 ms  (cached)
Module solve_init_jaref__locals__kernel_92ac5104 92ac510 load on device 'cuda:0' took 0.65 ms  (cached)
Module mul_m_dense__locals___mul_m_dense_4674517e 4674517 load on device 'cuda:0' took 1.30 ms  (cached)
Module update_constraint_efc__locals__kernel_81015163 8101516 load on device 'cuda:0' took 1.52 ms  (cached)
Module update_constraint_gauss_cost__locals__kernel_266b2051 266b205 load on device 'cuda:0' took 153.76 ms  (cached)
Module update_gradient_JTDAJ_dense_tiled__locals__kernel_f57d3998 abf76dd load on device 'cuda:0' took 2.03 ms  (cached)
Module update_gradient_cholesky__locals__kernel_84e35302 9d5b72e load on device 'cuda:0' took 28.86 ms  (cached)
Module linesearch_iterative__locals__kernel_94acdc55 9c914fd load on device 'cuda:0' took 0.51 ms  (cached)
Module update_constraint_efc__locals__kernel_25737258 2573725 load on device 'cuda:0' took 0.83 ms  (cached)
Module _contact_sort__locals__contact_sort_44d31eb2 de954a2 load on device 'cuda:0' took 0.42 ms  (cached)
0: reward=6.893

  0%|          | 0/40 [00:00<?, ?it/s]
  5%|▌         | 2/40 [00:00<00:02, 17.65it/s]
 12%|█▎        | 5/40 [00:00<00:01, 22.08it/s]
 20%|██        | 8/40 [00:00<00:01, 22.63it/s]
 28%|██▊       | 11/40 [00:00<00:01, 22.24it/s]
 35%|███▌      | 14/40 [00:00<00:01, 22.26it/s]
 42%|████▎     | 17/40 [00:00<00:01, 22.31it/s]
 50%|█████     | 20/40 [00:00<00:00, 22.03it/s]
 57%|█████▊    | 23/40 [00:01<00:00, 22.10it/s]
 65%|██████▌   | 26/40 [00:01<00:00, 22.60it/s]
 72%|███████▎  | 29/40 [00:01<00:00, 23.46it/s]
 80%|████████  | 32/40 [00:01<00:00, 23.86it/s]
 88%|████████▊ | 35/40 [00:01<00:00, 23.88it/s]
 95%|█████████▌| 38/40 [00:01<00:00, 23.73it/s]
100%|██████████| 40/40 [00:01<00:00, 22.91it/s]
wandb: WARNING `fps` argument does not affect the frame rate of the video when providing a file path or raw bytes.
10485760: mean episode reward=10.288
20971520: mean episode reward=10.902
31457280: mean episode reward=12.444

  0%|          | 0/40 [00:00<?, ?it/s]
  5%|▌         | 2/40 [00:00<00:02, 17.17it/s]
 12%|█▎        | 5/40 [00:00<00:01, 22.09it/s]
 20%|██        | 8/40 [00:00<00:01, 22.49it/s]
 28%|██▊       | 11/40 [00:00<00:01, 22.13it/s]
 35%|███▌      | 14/40 [00:00<00:01, 22.59it/s]
 42%|████▎     | 17/40 [00:00<00:01, 22.82it/s]
 50%|█████     | 20/40 [00:00<00:00, 23.59it/s]
 57%|█████▊    | 23/40 [00:00<00:00, 23.99it/s]
 65%|██████▌   | 26/40 [00:01<00:00, 24.45it/s]
 72%|███████▎  | 29/40 [00:01<00:00, 24.09it/s]
 80%|████████  | 32/40 [00:01<00:00, 24.85it/s]
 88%|████████▊ | 35/40 [00:01<00:00, 24.98it/s]
 95%|█████████▌| 38/40 [00:01<00:00, 25.40it/s]
100%|██████████| 40/40 [00:01<00:00, 24.05it/s]
wandb: WARNING `fps` argument does not affect the frame rate of the video when providing a file path or raw bytes.
33423360: reward=11.427
41943040: mean episode reward=15.102
52428800: mean episode reward=17.541
62914560: mean episode reward=19.517

  0%|          | 0/40 [00:00<?, ?it/s]
  5%|▌         | 2/40 [00:00<00:02, 17.00it/s]
 12%|█▎        | 5/40 [00:00<00:01, 20.55it/s]
 20%|██        | 8/40 [00:00<00:01, 20.60it/s]
 28%|██▊       | 11/40 [00:00<00:01, 21.30it/s]
 35%|███▌      | 14/40 [00:00<00:01, 22.03it/s]
 42%|████▎     | 17/40 [00:00<00:01, 21.93it/s]
 50%|█████     | 20/40 [00:00<00:00, 21.90it/s]
 57%|█████▊    | 23/40 [00:01<00:00, 22.99it/s]
 65%|██████▌   | 26/40 [00:01<00:00, 23.60it/s]
 72%|███████▎  | 29/40 [00:01<00:00, 23.37it/s]
 80%|████████  | 32/40 [00:01<00:00, 23.23it/s]
 88%|████████▊ | 35/40 [00:01<00:00, 23.01it/s]
 95%|█████████▌| 38/40 [00:01<00:00, 23.12it/s]
100%|██████████| 40/40 [00:01<00:00, 22.54it/s]
wandb: WARNING `fps` argument does not affect the frame rate of the video when providing a file path or raw bytes.
66846720: reward=18.381
73400320: mean episode reward=21.329
83886080: mean episode reward=23.507
94371840: mean episode reward=26.691

  0%|          | 0/40 [00:00<?, ?it/s]
  5%|▌         | 2/40 [00:00<00:02, 17.96it/s]
 12%|█▎        | 5/40 [00:00<00:01, 22.51it/s]
 20%|██        | 8/40 [00:00<00:01, 22.83it/s]
 28%|██▊       | 11/40 [00:00<00:01, 22.57it/s]
 35%|███▌      | 14/40 [00:00<00:01, 22.25it/s]
 42%|████▎     | 17/40 [00:00<00:01, 22.33it/s]
 50%|█████     | 20/40 [00:00<00:00, 22.73it/s]
 57%|█████▊    | 23/40 [00:01<00:00, 23.95it/s]
 65%|██████▌   | 26/40 [00:01<00:00, 24.60it/s]
 72%|███████▎  | 29/40 [00:01<00:00, 24.49it/s]
 80%|████████  | 32/40 [00:01<00:00, 23.95it/s]
 88%|████████▊ | 35/40 [00:01<00:00, 23.92it/s]
 95%|█████████▌| 38/40 [00:01<00:00, 24.16it/s]
100%|██████████| 40/40 [00:01<00:00, 23.45it/s]
wandb: WARNING `fps` argument does not affect the frame rate of the video when providing a file path or raw bytes.
100270080: reward=22.010
104857600: mean episode reward=27.127
115343360: mean episode reward=27.510
125829120: mean episode reward=26.844

  0%|          | 0/40 [00:00<?, ?it/s]
  5%|▌         | 2/40 [00:00<00:02, 18.43it/s]
 12%|█▎        | 5/40 [00:00<00:01, 22.85it/s]
 20%|██        | 8/40 [00:00<00:01, 23.67it/s]
 28%|██▊       | 11/40 [00:00<00:01, 23.24it/s]
 35%|███▌      | 14/40 [00:00<00:01, 23.36it/s]
 42%|████▎     | 17/40 [00:00<00:00, 23.72it/s]
 50%|█████     | 20/40 [00:00<00:00, 23.85it/s]
 57%|█████▊    | 23/40 [00:00<00:00, 23.28it/s]
 65%|██████▌   | 26/40 [00:01<00:00, 24.28it/s]
 72%|███████▎  | 29/40 [00:01<00:00, 24.57it/s]
 80%|████████  | 32/40 [00:01<00:00, 24.97it/s]
 88%|████████▊ | 35/40 [00:01<00:00, 25.15it/s]
 95%|█████████▌| 38/40 [00:01<00:00, 24.78it/s]
100%|██████████| 40/40 [00:01<00:00, 24.07it/s]
wandb: WARNING `fps` argument does not affect the frame rate of the video when providing a file path or raw bytes.
133693440: reward=23.243
136314880: mean episode reward=27.096
146800640: mean episode reward=27.363
157286400: mean episode reward=27.687

  0%|          | 0/40 [00:00<?, ?it/s]
  5%|▌         | 2/40 [00:00<00:02, 18.45it/s]
 12%|█▎        | 5/40 [00:00<00:01, 22.65it/s]
 20%|██        | 8/40 [00:00<00:01, 24.08it/s]
 28%|██▊       | 11/40 [00:00<00:01, 24.30it/s]
 35%|███▌      | 14/40 [00:00<00:01, 24.38it/s]
 42%|████▎     | 17/40 [00:00<00:00, 24.03it/s]
 50%|█████     | 20/40 [00:00<00:00, 25.26it/s]
 57%|█████▊    | 23/40 [00:00<00:00, 25.29it/s]
 65%|██████▌   | 26/40 [00:01<00:00, 25.66it/s]
 72%|███████▎  | 29/40 [00:01<00:00, 25.94it/s]
 80%|████████  | 32/40 [00:01<00:00, 25.76it/s]
 88%|████████▊ | 35/40 [00:01<00:00, 25.66it/s]
 95%|█████████▌| 38/40 [00:01<00:00, 26.39it/s]
100%|██████████| 40/40 [00:01<00:00, 25.23it/s]
wandb: WARNING `fps` argument does not affect the frame rate of the video when providing a file path or raw bytes.
167116800: reward=26.457
167772160: mean episode reward=29.251
178257920: mean episode reward=30.022
188743680: mean episode reward=29.087
199229440: mean episode reward=29.098

  0%|          | 0/40 [00:00<?, ?it/s]
  5%|▌         | 2/40 [00:00<00:02, 17.30it/s]
 12%|█▎        | 5/40 [00:00<00:01, 20.91it/s]
 20%|██        | 8/40 [00:00<00:01, 21.29it/s]
 28%|██▊       | 11/40 [00:00<00:01, 21.94it/s]
 35%|███▌      | 14/40 [00:00<00:01, 21.83it/s]
 42%|████▎     | 17/40 [00:00<00:01, 21.81it/s]
 50%|█████     | 20/40 [00:00<00:00, 22.08it/s]
 57%|█████▊    | 23/40 [00:01<00:00, 21.61it/s]
 65%|██████▌   | 26/40 [00:01<00:00, 21.40it/s]
 72%|███████▎  | 29/40 [00:01<00:00, 22.28it/s]
 80%|████████  | 32/40 [00:01<00:00, 23.17it/s]
 88%|████████▊ | 35/40 [00:01<00:00, 23.52it/s]
 95%|█████████▌| 38/40 [00:01<00:00, 22.93it/s]
100%|██████████| 40/40 [00:01<00:00, 22.14it/s]
wandb: WARNING `fps` argument does not affect the frame rate of the video when providing a file path or raw bytes.
200540160: reward=28.119
209715200: mean episode reward=28.506
220200960: mean episode reward=29.455
230686720: mean episode reward=27.596

  0%|          | 0/40 [00:00<?, ?it/s]
  5%|▌         | 2/40 [00:00<00:02, 16.33it/s]
 12%|█▎        | 5/40 [00:00<00:01, 20.87it/s]
 20%|██        | 8/40 [00:00<00:01, 21.65it/s]
 28%|██▊       | 11/40 [00:00<00:01, 22.27it/s]
 35%|███▌      | 14/40 [00:00<00:01, 22.54it/s]
 42%|████▎     | 17/40 [00:00<00:00, 23.37it/s]
 50%|█████     | 20/40 [00:00<00:00, 23.63it/s]
 57%|█████▊    | 23/40 [00:01<00:00, 23.28it/s]
 65%|██████▌   | 26/40 [00:01<00:00, 22.94it/s]
 72%|███████▎  | 29/40 [00:01<00:00, 22.61it/s]
 80%|████████  | 32/40 [00:01<00:00, 23.11it/s]
 88%|████████▊ | 35/40 [00:01<00:00, 22.81it/s]
 95%|█████████▌| 38/40 [00:01<00:00, 21.90it/s]
100%|██████████| 40/40 [00:01<00:00, 22.47it/s]
wandb: WARNING `fps` argument does not affect the frame rate of the video when providing a file path or raw bytes.
233963520: reward=27.193
241172480: mean episode reward=27.953
251658240: mean episode reward=29.138
262144000: mean episode reward=28.631

  0%|          | 0/40 [00:00<?, ?it/s]
  5%|▌         | 2/40 [00:00<00:02, 16.85it/s]
 12%|█▎        | 5/40 [00:00<00:01, 21.81it/s]
 20%|██        | 8/40 [00:00<00:01, 23.13it/s]
 28%|██▊       | 11/40 [00:00<00:01, 23.23it/s]
 35%|███▌      | 14/40 [00:00<00:01, 24.21it/s]
 45%|████▌     | 18/40 [00:00<00:00, 26.27it/s]
 52%|█████▎    | 21/40 [00:00<00:00, 26.74it/s]
 60%|██████    | 24/40 [00:00<00:00, 27.50it/s]
 68%|██████▊   | 27/40 [00:01<00:00, 27.06it/s]
 75%|███████▌  | 30/40 [00:01<00:00, 26.43it/s]
 82%|████████▎ | 33/40 [00:01<00:00, 25.43it/s]
 90%|█████████ | 36/40 [00:01<00:00, 25.55it/s]
 98%|█████████▊| 39/40 [00:01<00:00, 25.18it/s]
100%|██████████| 40/40 [00:01<00:00, 25.18it/s]
wandb: WARNING `fps` argument does not affect the frame rate of the video when providing a file path or raw bytes.
267386880: reward=27.609
272629760: mean episode reward=27.795
283115520: mean episode reward=27.878
293601280: mean episode reward=28.424

  0%|          | 0/40 [00:00<?, ?it/s]
  5%|▌         | 2/40 [00:00<00:02, 17.39it/s]
 12%|█▎        | 5/40 [00:00<00:01, 22.48it/s]
 20%|██        | 8/40 [00:00<00:01, 23.78it/s]
 28%|██▊       | 11/40 [00:00<00:01, 24.31it/s]
 35%|███▌      | 14/40 [00:00<00:01, 24.95it/s]
 42%|████▎     | 17/40 [00:00<00:00, 24.72it/s]
 50%|█████     | 20/40 [00:00<00:00, 24.94it/s]
 57%|█████▊    | 23/40 [00:00<00:00, 24.95it/s]
 65%|██████▌   | 26/40 [00:01<00:00, 25.97it/s]
 72%|███████▎  | 29/40 [00:01<00:00, 26.67it/s]
 80%|████████  | 32/40 [00:01<00:00, 26.95it/s]
 88%|████████▊ | 35/40 [00:01<00:00, 26.86it/s]
 95%|█████████▌| 38/40 [00:01<00:00, 26.19it/s]
100%|██████████| 40/40 [00:01<00:00, 25.24it/s]
wandb: WARNING `fps` argument does not affect the frame rate of the video when providing a file path or raw bytes.
300810240: reward=27.535
Done training.
Time to JIT compile: 17.96858647465706
Time to train: 789.0004857778549
Starting inference...
FPS for rendering: 10.0

  0%|          | 0/500 [00:00<?, ?it/s]
  0%|          | 2/500 [00:00<00:30, 16.55it/s]
  1%|          | 5/500 [00:00<00:24, 19.84it/s]
  2%|▏         | 8/500 [00:00<00:23, 20.90it/s]
  2%|▏         | 11/500 [00:00<00:23, 21.23it/s]
  3%|▎         | 14/500 [00:00<00:22, 21.63it/s]
  3%|▎         | 17/500 [00:00<00:22, 21.74it/s]
  4%|▍         | 20/500 [00:00<00:21, 21.90it/s]
  5%|▍         | 23/500 [00:01<00:21, 22.08it/s]
  5%|▌         | 26/500 [00:01<00:20, 22.62it/s]
  6%|▌         | 29/500 [00:01<00:20, 22.91it/s]
  6%|▋         | 32/500 [00:01<00:19, 24.37it/s]
  7%|▋         | 35/500 [00:01<00:18, 25.02it/s]
  8%|▊         | 38/500 [00:01<00:18, 25.58it/s]
  8%|▊         | 41/500 [00:01<00:17, 25.69it/s]
  9%|▉         | 44/500 [00:01<00:18, 24.92it/s]
  9%|▉         | 47/500 [00:02<00:18, 25.00it/s]
 10%|█         | 50/500 [00:02<00:18, 24.23it/s]
 11%|█         | 53/500 [00:02<00:18, 23.60it/s]
 11%|█         | 56/500 [00:02<00:18, 23.69it/s]
 12%|█▏        | 59/500 [00:02<00:18, 24.01it/s]
 12%|█▏        | 62/500 [00:02<00:18, 23.88it/s]
 13%|█▎        | 65/500 [00:02<00:18, 23.27it/s]
 14%|█▎        | 68/500 [00:02<00:18, 23.20it/s]
 14%|█▍        | 71/500 [00:03<00:18, 22.94it/s]
 15%|█▍        | 74/500 [00:03<00:19, 22.40it/s]
 15%|█▌        | 77/500 [00:03<00:18, 22.49it/s]
 16%|█▌        | 80/500 [00:03<00:18, 22.11it/s]
 17%|█▋        | 83/500 [00:03<00:18, 22.49it/s]
 17%|█▋        | 86/500 [00:03<00:17, 23.21it/s]
 18%|█▊        | 89/500 [00:03<00:17, 23.98it/s]
 18%|█▊        | 92/500 [00:03<00:16, 24.27it/s]
 19%|█▉        | 95/500 [00:04<00:16, 23.98it/s]
 20%|█▉        | 98/500 [00:04<00:16, 23.72it/s]
 20%|██        | 101/500 [00:04<00:16, 23.67it/s]
 21%|██        | 104/500 [00:04<00:16, 23.35it/s]
 21%|██▏       | 107/500 [00:04<00:16, 23.25it/s]
 22%|██▏       | 110/500 [00:04<00:16, 24.26it/s]
 23%|██▎       | 113/500 [00:04<00:15, 25.06it/s]
 23%|██▎       | 116/500 [00:04<00:15, 25.12it/s]
 24%|██▍       | 119/500 [00:05<00:15, 24.46it/s]
 24%|██▍       | 122/500 [00:05<00:15, 23.78it/s]
 25%|██▌       | 125/500 [00:05<00:16, 23.31it/s]
 26%|██▌       | 128/500 [00:05<00:15, 23.53it/s]
 26%|██▌       | 131/500 [00:05<00:15, 23.58it/s]
 27%|██▋       | 134/500 [00:05<00:15, 23.72it/s]
 27%|██▋       | 137/500 [00:05<00:15, 23.64it/s]
 28%|██▊       | 140/500 [00:05<00:14, 24.19it/s]
 29%|██▊       | 143/500 [00:06<00:14, 24.72it/s]
 29%|██▉       | 146/500 [00:06<00:14, 24.80it/s]
 30%|██▉       | 149/500 [00:06<00:14, 24.83it/s]
 30%|███       | 152/500 [00:06<00:13, 25.12it/s]
 31%|███       | 155/500 [00:06<00:13, 25.28it/s]
 32%|███▏      | 158/500 [00:06<00:13, 25.03it/s]
 32%|███▏      | 161/500 [00:06<00:13, 25.21it/s]
 33%|███▎      | 164/500 [00:06<00:13, 24.40it/s]
 33%|███▎      | 167/500 [00:07<00:13, 24.55it/s]
 34%|███▍      | 170/500 [00:07<00:13, 24.31it/s]
 35%|███▍      | 173/500 [00:07<00:13, 24.11it/s]
 35%|███▌      | 176/500 [00:07<00:13, 24.20it/s]
 36%|███▌      | 179/500 [00:07<00:14, 22.55it/s]
 36%|███▋      | 182/500 [00:07<00:14, 21.86it/s]
 37%|███▋      | 185/500 [00:07<00:14, 21.89it/s]
 38%|███▊      | 188/500 [00:08<00:14, 21.59it/s]
 38%|███▊      | 191/500 [00:08<00:14, 22.06it/s]
 39%|███▉      | 194/500 [00:08<00:13, 22.59it/s]
 39%|███▉      | 197/500 [00:08<00:13, 22.71it/s]
 40%|████      | 200/500 [00:08<00:13, 22.48it/s]
 41%|████      | 203/500 [00:08<00:12, 23.53it/s]
 41%|████      | 206/500 [00:08<00:12, 24.34it/s]
 42%|████▏     | 209/500 [00:08<00:12, 23.90it/s]
 42%|████▏     | 212/500 [00:09<00:12, 23.94it/s]
 43%|████▎     | 215/500 [00:09<00:11, 24.22it/s]
 44%|████▎     | 218/500 [00:09<00:11, 24.77it/s]
 44%|████▍     | 221/500 [00:09<00:11, 25.09it/s]
 45%|████▍     | 224/500 [00:09<00:11, 24.79it/s]
 45%|████▌     | 227/500 [00:09<00:11, 24.18it/s]
 46%|████▌     | 230/500 [00:09<00:11, 24.48it/s]
 47%|████▋     | 233/500 [00:09<00:10, 24.84it/s]
 47%|████▋     | 236/500 [00:09<00:10, 24.96it/s]
 48%|████▊     | 239/500 [00:10<00:10, 24.64it/s]
 48%|████▊     | 242/500 [00:10<00:10, 24.72it/s]
 49%|████▉     | 245/500 [00:10<00:10, 24.91it/s]
 50%|████▉     | 248/500 [00:10<00:10, 24.52it/s]
 50%|█████     | 251/500 [00:10<00:10, 24.50it/s]
 51%|█████     | 254/500 [00:10<00:10, 24.03it/s]
 51%|█████▏    | 257/500 [00:10<00:10, 22.91it/s]
 52%|█████▏    | 260/500 [00:11<00:10, 22.27it/s]
 53%|█████▎    | 263/500 [00:11<00:10, 21.73it/s]
 53%|█████▎    | 266/500 [00:11<00:10, 21.58it/s]
 54%|█████▍    | 269/500 [00:11<00:10, 23.06it/s]
 54%|█████▍    | 272/500 [00:11<00:09, 23.84it/s]
 55%|█████▌    | 275/500 [00:11<00:09, 23.38it/s]
 56%|█████▌    | 278/500 [00:11<00:09, 23.07it/s]
 56%|█████▌    | 281/500 [00:11<00:09, 22.56it/s]
 57%|█████▋    | 284/500 [00:12<00:09, 22.27it/s]
 57%|█████▋    | 287/500 [00:12<00:09, 21.71it/s]
 58%|█████▊    | 290/500 [00:12<00:09, 21.49it/s]
 59%|█████▊    | 293/500 [00:12<00:09, 21.45it/s]
 59%|█████▉    | 296/500 [00:12<00:09, 21.19it/s]
 60%|█████▉    | 299/500 [00:12<00:09, 21.05it/s]
 60%|██████    | 302/500 [00:12<00:09, 21.37it/s]
 61%|██████    | 305/500 [00:13<00:08, 21.95it/s]
 62%|██████▏   | 308/500 [00:13<00:08, 21.98it/s]
 62%|██████▏   | 311/500 [00:13<00:08, 21.90it/s]
 63%|██████▎   | 314/500 [00:13<00:08, 21.72it/s]
 63%|██████▎   | 317/500 [00:13<00:08, 21.95it/s]
 64%|██████▍   | 320/500 [00:13<00:08, 21.59it/s]
 65%|██████▍   | 323/500 [00:13<00:08, 21.39it/s]
 65%|██████▌   | 326/500 [00:14<00:08, 21.25it/s]
 66%|██████▌   | 329/500 [00:14<00:07, 21.48it/s]
 66%|██████▋   | 332/500 [00:14<00:07, 21.62it/s]
 67%|██████▋   | 335/500 [00:14<00:07, 21.74it/s]
 68%|██████▊   | 338/500 [00:14<00:07, 22.23it/s]
 68%|██████▊   | 341/500 [00:14<00:06, 23.03it/s]
 69%|██████▉   | 344/500 [00:14<00:06, 23.52it/s]
 69%|██████▉   | 347/500 [00:14<00:06, 23.13it/s]
 70%|███████   | 350/500 [00:15<00:06, 22.75it/s]
 71%|███████   | 353/500 [00:15<00:06, 22.57it/s]
 71%|███████   | 356/500 [00:15<00:06, 22.01it/s]
 72%|███████▏  | 359/500 [00:15<00:06, 21.67it/s]
 72%|███████▏  | 362/500 [00:15<00:06, 21.40it/s]
 73%|███████▎  | 365/500 [00:15<00:06, 21.22it/s]
 74%|███████▎  | 368/500 [00:15<00:06, 21.27it/s]
 74%|███████▍  | 371/500 [00:16<00:05, 21.67it/s]
 75%|███████▍  | 374/500 [00:16<00:05, 21.37it/s]
 75%|███████▌  | 377/500 [00:16<00:05, 21.24it/s]
 76%|███████▌  | 380/500 [00:16<00:05, 20.79it/s]
 77%|███████▋  | 383/500 [00:16<00:05, 20.62it/s]
 77%|███████▋  | 386/500 [00:16<00:05, 20.80it/s]
 78%|███████▊  | 389/500 [00:16<00:05, 20.77it/s]
 78%|███████▊  | 392/500 [00:17<00:05, 20.68it/s]
 79%|███████▉  | 395/500 [00:17<00:04, 21.51it/s]
 80%|███████▉  | 398/500 [00:17<00:04, 22.09it/s]
 80%|████████  | 401/500 [00:17<00:04, 22.06it/s]
 81%|████████  | 404/500 [00:17<00:04, 21.44it/s]
 81%|████████▏ | 407/500 [00:17<00:04, 21.23it/s]
 82%|████████▏ | 410/500 [00:17<00:04, 21.38it/s]
 83%|████████▎ | 413/500 [00:18<00:03, 21.79it/s]
 83%|████████▎ | 416/500 [00:18<00:03, 22.16it/s]
 84%|████████▍ | 419/500 [00:18<00:03, 22.00it/s]
 84%|████████▍ | 422/500 [00:18<00:03, 22.14it/s]
 85%|████████▌ | 425/500 [00:18<00:03, 23.23it/s]
 86%|████████▌ | 428/500 [00:18<00:03, 23.50it/s]
 86%|████████▌ | 431/500 [00:18<00:02, 23.69it/s]
 87%|████████▋ | 434/500 [00:18<00:02, 23.64it/s]
 87%|████████▋ | 437/500 [00:19<00:02, 23.53it/s]
 88%|████████▊ | 440/500 [00:19<00:02, 23.49it/s]
 89%|████████▊ | 443/500 [00:19<00:02, 23.62it/s]
 89%|████████▉ | 446/500 [00:19<00:02, 23.21it/s]
 90%|████████▉ | 449/500 [00:19<00:02, 23.81it/s]
 90%|█████████ | 452/500 [00:19<00:01, 24.18it/s]
 91%|█████████ | 455/500 [00:19<00:01, 24.39it/s]
 92%|█████████▏| 458/500 [00:19<00:01, 24.88it/s]
 92%|█████████▏| 461/500 [00:20<00:01, 24.73it/s]
 93%|█████████▎| 464/500 [00:20<00:01, 24.10it/s]
 93%|█████████▎| 467/500 [00:20<00:01, 23.43it/s]
 94%|█████████▍| 470/500 [00:20<00:01, 23.05it/s]
 95%|█████████▍| 473/500 [00:20<00:01, 22.23it/s]
 95%|█████████▌| 476/500 [00:20<00:01, 21.77it/s]
 96%|█████████▌| 479/500 [00:20<00:00, 21.92it/s]
 96%|█████████▋| 482/500 [00:21<00:00, 21.57it/s]
 97%|█████████▋| 485/500 [00:21<00:00, 21.52it/s]
 98%|█████████▊| 488/500 [00:21<00:00, 21.44it/s]
 98%|█████████▊| 491/500 [00:21<00:00, 22.39it/s]
 99%|█████████▉| 494/500 [00:21<00:00, 23.24it/s]
 99%|█████████▉| 497/500 [00:21<00:00, 23.49it/s]
100%|██████████| 500/500 [00:21<00:00, 24.01it/s]
100%|██████████| 500/500 [00:21<00:00, 22.97it/s]
Rollout video saved as 'rollout0.mp4'.
[1;34mwandb[0m: 
[1;34mwandb[0m: 🚀 View run [33mTesolloCubePinch-20260623-145638-cubepinch_sb_propriotarget_s1[0m at: [34mhttps://wandb.ai/nikolastaykov/mjxrl/runs/8bobw4fi[0m
[1;34mwandb[0m: Find logs at: [1;35mwandb/run-20260623_145638-8bobw4fi/logs[0m
