E0623 16:07:38.691012 1744485 cuda_executor.cc:1273] [0] Failed to allocate device memory: INTERNAL: [0] Failed to allocate 17.66GiB (18967216128 bytes) of device memory: : CUDA_ERROR_OUT_OF_MEMORY: out of memory
E0623 16:07:38.691265 1744485 cuda_executor.cc:1273] [0] Failed to allocate device memory: INTERNAL: [0] Failed to allocate 15.90GiB (17070493696 bytes) of device memory: : CUDA_ERROR_OUT_OF_MEMORY: out of memory
E0623 16:07:38.691495 1744485 cuda_executor.cc:1273] [0] Failed to allocate device memory: INTERNAL: [0] Failed to allocate 14.31GiB (15363443712 bytes) of device memory: : CUDA_ERROR_OUT_OF_MEMORY: out of memory
E0623 16:07:38.691725 1744485 cuda_executor.cc:1273] [0] Failed to allocate device memory: INTERNAL: [0] Failed to allocate 12.88GiB (13827098624 bytes) of device memory: : CUDA_ERROR_OUT_OF_MEMORY: out of memory
Warp 1.12.1 initialized:
   CUDA Toolkit 12.9, Driver 12.5
   Devices:
     "cpu"      : "x86_64"
     "cuda:0"   : "NVIDIA GeForce RTX 4090" (24 GiB, sm_89, mempool enabled)
   Kernel cache:
     /home/nstaykov/.cache/warp/1.12.1
Warp DeprecationWarning: The symbol `warp.types.warp_type_to_np_dtype` will soon be removed from the public API. It can still be accessed from `warp._src.types.warp_type_to_np_dtype` but might be changed or removed without notice.
/local/home/nstaykov/workspace/mujoco_playground/mujoco_playground/_src/manipulation/tesollo_hand/obs.py:161: UserWarning: obs_noise.scales has keys not in active obs spec: {'fingertip_force_dirs', 'motor_targets'}
  warnings.warn(
Environment Config:
action_repeat: 1
ctrl_dt: 0.05
cube_pos_offset:
- 0.0
- 0.0
cube_size_scale: 1.0
domain_rand:
  actuator_kp:
  - 1.0
  - 1.0
  cube_mass:
  - 1.0
  - 1.0
  cube_pos:
  - 0.0
  - 0.0
  cube_size:
  - 0.85
  - 1.15
ema_alpha: 0.15
episode_length: 80
force_target_period: 2.0
force_target_range:
- 2.0
- 5.0
force_target_sinusoid: true
force_tolerance: 0.75
ghost_cube: false
impl: warp
nconmax: 204800
njmax: 1024
obs_noise:
  bias_scales:
    fingertip_force_dirs: 0.0
    fingertip_forces: 0.0
    joint_pos: 0.0
    joint_vel: 0.0
    motor_targets: 0.0
  level: 0.0
  scales:
    fingertip_force_dirs: 0.0
    fingertip_forces: 0.0
    joint_pos: 0.001
    joint_vel: 0.01
    motor_targets: 0.0
pert_config:
  angular_velocity_pert:
  - 0.0
  - 0.5
  enable: false
  linear_velocity_pert:
  - 0.0
  - 3.0
  pert_duration_steps:
  - 1
  - 100
  pert_wait_steps:
  - 60
  - 150
pid_gains:
  enable: false
  finger_kp: 3.0
  finger_kv: 0.0
  kp_per_actuator: []
  kv_per_actuator: []
reward_config:
  scales:
    action_rate: -0.005
    cube_force: 5.0
    fingertip_pos_per_tip: 2.0
    joint_vel: -0.01
  success_reward: 10.0
sensor_bundle: force.magnitude
sim_dt: 0.01
success_hold_time: 0.5
use_ctrl_delta: false
weld_cube: true

PPO Training Parameters:
action_repeat: 1
batch_size: 256
discounting: 0.995
entropy_cost: 0.01
episode_length: 80
learning_rate: 0.0001
log_training_metrics: true
max_grad_norm: 1.0
network_factory:
  policy_hidden_layer_sizes: &id001 !!python/tuple
  - 256
  - 128
  - 64
  policy_obs_key: state
  value_hidden_layer_sizes: *id001
  value_obs_key: privileged_state
normalize_observations: true
num_envs: 4096
num_evals: 10
num_minibatches: 64
num_resets_per_eval: 1
num_timesteps: 300000000
num_updates_per_batch: 4
reward_scaling: 1.0
training_metrics_steps: 10000000
unroll_length: 40

CLI overrides: {
  "env_name": "TesolloCubePinch",
  "suffix": "cubepinch_sb_forcemagnitude_s3",
  "use_wandb": true,
  "log_video_to_wandb": true,
  "domain_randomization": true,
  "seed": 3,
  "num_timesteps": 300000000,
  "num_envs": 4096,
  "log_training_metrics": true,
  "training_metrics_steps": 10000000,
  "env_overrides_file": "logs/_queue/pinch_sweep_size_rand_sinusoid-20260623-133237/run-11-TesolloCubePinch-cubepinch_sb_forcemagnitude_s3-overrides.yaml"
}
Experiment name: TesolloCubePinch-20260623-160743-cubepinch_sb_forcemagnitude_s3
Logs are being stored in: /local/home/nstaykov/workspace/mujoco_playground/logs/TesolloCubePinch-20260623-160743-cubepinch_sb_forcemagnitude_s3
wandb: [wandb.login()] Loaded credentials for https://api.wandb.ai from WANDB_API_KEY.
wandb: Currently logged in as: nstaykov (nikolastaykov) to https://api.wandb.ai. Use `wandb login --relogin` to force relogin
wandb: Tracking run with wandb version 0.26.1
wandb: Run data is saved locally in /local/home/nstaykov/workspace/mujoco_playground/wandb/run-20260623_160743-hu1c5qe3
wandb: Run `wandb offline` to turn off syncing.
wandb: Syncing run TesolloCubePinch-20260623-160743-cubepinch_sb_forcemagnitude_s3
wandb: ⭐️ View project at https://wandb.ai/nikolastaykov/mjxrl
wandb: 🚀 View run at https://wandb.ai/nikolastaykov/mjxrl/runs/hu1c5qe3
No checkpoint path provided, not restoring from checkpoint
Checkpoint path: /local/home/nstaykov/workspace/mujoco_playground/logs/TesolloCubePinch-20260623-160743-cubepinch_sb_forcemagnitude_s3/checkpoints
/local/home/nstaykov/workspace/mujoco_playground/mujoco_playground/_src/manipulation/tesollo_hand/obs.py:161: UserWarning: obs_noise.scales has keys not in active obs spec: {'fingertip_force_dirs', 'motor_targets'}
  warnings.warn(
Module mujoco.mjx.warp.ffi 98d2031 load on device 'cuda:0' took 0.51 ms  (cached)
Module mujoco.mjx.third_party.mujoco_warp._src.smooth 26bbc02 load on device 'cuda:0' took 7.05 ms  (cached)
Module mujoco.mjx.third_party.mujoco_warp._src.collision_driver 88f7770 load on device 'cuda:0' took 0.50 ms  (cached)
Module _nxn_broadphase__locals__kernel_c763f4cb c763f4c load on device 'cuda:0' took 0.77 ms  (cached)
Module _primitive_narrowphase__locals__primitive_narrowphase_072e9f5e 072e9f5 load on device 'cuda:0' took 0.43 ms  (cached)
Module mujoco.mjx.third_party.mujoco_warp._src.constraint c567367 load on device 'cuda:0' took 1.27 ms  (cached)
Module mujoco.mjx.third_party.mujoco_warp._src.sensor 18a78e5 load on device 'cuda:0' took 2.41 ms  (cached)
Module mujoco.mjx.third_party.mujoco_warp._src.forward 16fbac8 load on device 'cuda:0' took 2.20 ms  (cached)
Module mujoco.mjx.third_party.mujoco_warp._src.passive 8bfe11c load on device 'cuda:0' took 0.44 ms  (cached)
Module mujoco.mjx.third_party.mujoco_warp._src.forward 8f5355c load on device 'cuda:0' took 0.44 ms  (cached)
Module mujoco.mjx.third_party.mujoco_warp._src.support dd3f924 load on device 'cuda:0' took 0.35 ms  (cached)
Module _tile_cholesky_factorize_solve__locals__cholesky_factorize_solve_fb56ecff 06a1263 load on device 'cuda:0' took 24.33 ms  (cached)
Module mujoco.mjx.third_party.mujoco_warp._src.solver b116efb load on device 'cuda:0' took 0.51 ms  (cached)
Module solve_init_jaref__locals__kernel_92ac5104 92ac510 load on device 'cuda:0' took 0.48 ms  (cached)
Module mul_m_dense__locals___mul_m_dense_4674517e 4674517 load on device 'cuda:0' took 0.46 ms  (cached)
Module update_constraint_efc__locals__kernel_81015163 8101516 load on device 'cuda:0' took 0.36 ms  (cached)
Module update_constraint_gauss_cost__locals__kernel_266b2051 266b205 load on device 'cuda:0' took 0.54 ms  (cached)
Module update_gradient_JTDAJ_dense_tiled__locals__kernel_f57d3998 abf76dd load on device 'cuda:0' took 0.66 ms  (cached)
Module update_gradient_cholesky__locals__kernel_84e35302 9d5b72e load on device 'cuda:0' took 28.18 ms  (cached)
Module linesearch_iterative__locals__kernel_94acdc55 9c914fd load on device 'cuda:0' took 0.55 ms  (cached)
Module update_constraint_efc__locals__kernel_25737258 2573725 load on device 'cuda:0' took 0.36 ms  (cached)
Module _contact_sort__locals__contact_sort_44d31eb2 de954a2 load on device 'cuda:0' took 0.79 ms  (cached)
0: reward=7.367

  0%|          | 0/40 [00:00<?, ?it/s]
  5%|▌         | 2/40 [00:00<00:02, 17.37it/s]
 12%|█▎        | 5/40 [00:00<00:01, 20.42it/s]
 20%|██        | 8/40 [00:00<00:01, 22.08it/s]
 28%|██▊       | 11/40 [00:00<00:01, 22.24it/s]
 35%|███▌      | 14/40 [00:00<00:01, 21.53it/s]
 42%|████▎     | 17/40 [00:00<00:01, 21.39it/s]
 50%|█████     | 20/40 [00:00<00:00, 21.78it/s]
 57%|█████▊    | 23/40 [00:01<00:00, 21.72it/s]
 65%|██████▌   | 26/40 [00:01<00:00, 21.66it/s]
 72%|███████▎  | 29/40 [00:01<00:00, 22.46it/s]
 80%|████████  | 32/40 [00:01<00:00, 23.70it/s]
 88%|████████▊ | 35/40 [00:01<00:00, 24.64it/s]
 95%|█████████▌| 38/40 [00:01<00:00, 24.86it/s]
100%|██████████| 40/40 [00:01<00:00, 22.81it/s]
wandb: WARNING `fps` argument does not affect the frame rate of the video when providing a file path or raw bytes.
10485760: mean episode reward=10.779
20971520: mean episode reward=14.856
31457280: mean episode reward=18.634

  0%|          | 0/40 [00:00<?, ?it/s]
  5%|▌         | 2/40 [00:00<00:02, 16.85it/s]
 12%|█▎        | 5/40 [00:00<00:01, 20.01it/s]
 20%|██        | 8/40 [00:00<00:01, 21.80it/s]
 28%|██▊       | 11/40 [00:00<00:01, 21.68it/s]
 35%|███▌      | 14/40 [00:00<00:01, 21.62it/s]
 42%|████▎     | 17/40 [00:00<00:01, 22.15it/s]
 50%|█████     | 20/40 [00:00<00:00, 22.84it/s]
 57%|█████▊    | 23/40 [00:01<00:00, 22.85it/s]
 65%|██████▌   | 26/40 [00:01<00:00, 22.57it/s]
 72%|███████▎  | 29/40 [00:01<00:00, 21.99it/s]
 80%|████████  | 32/40 [00:01<00:00, 21.42it/s]
 88%|████████▊ | 35/40 [00:01<00:00, 21.51it/s]
 95%|█████████▌| 38/40 [00:01<00:00, 21.74it/s]
100%|██████████| 40/40 [00:01<00:00, 21.72it/s]
wandb: WARNING `fps` argument does not affect the frame rate of the video when providing a file path or raw bytes.
33423360: reward=19.385
41943040: mean episode reward=21.032
52428800: mean episode reward=22.299
62914560: mean episode reward=22.896

  0%|          | 0/40 [00:00<?, ?it/s]
  5%|▌         | 2/40 [00:00<00:02, 16.14it/s]
 12%|█▎        | 5/40 [00:00<00:01, 20.89it/s]
 20%|██        | 8/40 [00:00<00:01, 22.21it/s]
 28%|██▊       | 11/40 [00:00<00:01, 22.27it/s]
 35%|███▌      | 14/40 [00:00<00:01, 22.61it/s]
 42%|████▎     | 17/40 [00:00<00:01, 22.52it/s]
 50%|█████     | 20/40 [00:00<00:00, 22.69it/s]
 57%|█████▊    | 23/40 [00:01<00:00, 22.80it/s]
 65%|██████▌   | 26/40 [00:01<00:00, 23.60it/s]
 72%|███████▎  | 29/40 [00:01<00:00, 23.38it/s]
 80%|████████  | 32/40 [00:01<00:00, 23.33it/s]
 88%|████████▊ | 35/40 [00:01<00:00, 23.87it/s]
 95%|█████████▌| 38/40 [00:01<00:00, 23.87it/s]
100%|██████████| 40/40 [00:01<00:00, 22.89it/s]
wandb: WARNING `fps` argument does not affect the frame rate of the video when providing a file path or raw bytes.
66846720: reward=23.095
73400320: mean episode reward=24.010
83886080: mean episode reward=24.572
94371840: mean episode reward=24.916

  0%|          | 0/40 [00:00<?, ?it/s]
  5%|▌         | 2/40 [00:00<00:02, 17.01it/s]
 12%|█▎        | 5/40 [00:00<00:01, 21.59it/s]
 20%|██        | 8/40 [00:00<00:01, 21.89it/s]
 28%|██▊       | 11/40 [00:00<00:01, 21.33it/s]
 35%|███▌      | 14/40 [00:00<00:01, 21.33it/s]
 42%|████▎     | 17/40 [00:00<00:01, 21.45it/s]
 50%|█████     | 20/40 [00:00<00:00, 21.55it/s]
 57%|█████▊    | 23/40 [00:01<00:00, 21.87it/s]
 65%|██████▌   | 26/40 [00:01<00:00, 21.98it/s]
 72%|███████▎  | 29/40 [00:01<00:00, 22.45it/s]
 80%|████████  | 32/40 [00:01<00:00, 22.31it/s]
 88%|████████▊ | 35/40 [00:01<00:00, 22.09it/s]
 95%|█████████▌| 38/40 [00:01<00:00, 21.54it/s]
100%|██████████| 40/40 [00:01<00:00, 21.67it/s]
wandb: WARNING `fps` argument does not affect the frame rate of the video when providing a file path or raw bytes.
100270080: reward=23.293
104857600: mean episode reward=24.510
115343360: mean episode reward=25.784
125829120: mean episode reward=25.739

  0%|          | 0/40 [00:00<?, ?it/s]
  5%|▌         | 2/40 [00:00<00:02, 16.14it/s]
 12%|█▎        | 5/40 [00:00<00:01, 20.67it/s]
 20%|██        | 8/40 [00:00<00:01, 22.74it/s]
 28%|██▊       | 11/40 [00:00<00:01, 23.17it/s]
 35%|███▌      | 14/40 [00:00<00:01, 23.51it/s]
 42%|████▎     | 17/40 [00:00<00:00, 23.04it/s]
 50%|█████     | 20/40 [00:00<00:00, 22.87it/s]
 57%|█████▊    | 23/40 [00:01<00:00, 22.25it/s]
 65%|██████▌   | 26/40 [00:01<00:00, 22.38it/s]
 72%|███████▎  | 29/40 [00:01<00:00, 23.14it/s]
 80%|████████  | 32/40 [00:01<00:00, 23.39it/s]
 88%|████████▊ | 35/40 [00:01<00:00, 23.33it/s]
 95%|█████████▌| 38/40 [00:01<00:00, 23.56it/s]
100%|██████████| 40/40 [00:01<00:00, 22.98it/s]
wandb: WARNING `fps` argument does not affect the frame rate of the video when providing a file path or raw bytes.
133693440: reward=24.365
136314880: mean episode reward=26.244
146800640: mean episode reward=25.730
157286400: mean episode reward=26.846

  0%|          | 0/40 [00:00<?, ?it/s]
  5%|▌         | 2/40 [00:00<00:02, 14.12it/s]
 10%|█         | 4/40 [00:00<00:02, 16.91it/s]
 15%|█▌        | 6/40 [00:00<00:01, 17.69it/s]
 22%|██▎       | 9/40 [00:00<00:01, 19.51it/s]
 30%|███       | 12/40 [00:00<00:01, 20.77it/s]
 38%|███▊      | 15/40 [00:00<00:01, 21.25it/s]
 45%|████▌     | 18/40 [00:00<00:01, 21.51it/s]
 52%|█████▎    | 21/40 [00:01<00:00, 21.70it/s]
 60%|██████    | 24/40 [00:01<00:00, 21.53it/s]
 68%|██████▊   | 27/40 [00:01<00:00, 21.92it/s]
 75%|███████▌  | 30/40 [00:01<00:00, 23.38it/s]
 82%|████████▎ | 33/40 [00:01<00:00, 23.57it/s]
 90%|█████████ | 36/40 [00:01<00:00, 23.32it/s]
 98%|█████████▊| 39/40 [00:01<00:00, 23.10it/s]
100%|██████████| 40/40 [00:01<00:00, 21.72it/s]
wandb: WARNING `fps` argument does not affect the frame rate of the video when providing a file path or raw bytes.
167116800: reward=24.032
167772160: mean episode reward=25.349
178257920: mean episode reward=25.997
188743680: mean episode reward=25.841
199229440: mean episode reward=25.543

  0%|          | 0/40 [00:00<?, ?it/s]
  5%|▌         | 2/40 [00:00<00:02, 17.32it/s]
 12%|█▎        | 5/40 [00:00<00:01, 21.78it/s]
 20%|██        | 8/40 [00:00<00:01, 24.18it/s]
 28%|██▊       | 11/40 [00:00<00:01, 24.36it/s]
 35%|███▌      | 14/40 [00:00<00:01, 23.78it/s]
 42%|████▎     | 17/40 [00:00<00:00, 23.30it/s]
 50%|█████     | 20/40 [00:00<00:00, 22.62it/s]
 57%|█████▊    | 23/40 [00:01<00:00, 22.45it/s]
 65%|██████▌   | 26/40 [00:01<00:00, 21.73it/s]
 72%|███████▎  | 29/40 [00:01<00:00, 21.93it/s]
 80%|████████  | 32/40 [00:01<00:00, 21.22it/s]
 88%|████████▊ | 35/40 [00:01<00:00, 20.84it/s]
 95%|█████████▌| 38/40 [00:01<00:00, 20.78it/s]
100%|██████████| 40/40 [00:01<00:00, 21.78it/s]
wandb: WARNING `fps` argument does not affect the frame rate of the video when providing a file path or raw bytes.
200540160: reward=24.580
209715200: mean episode reward=26.100
220200960: mean episode reward=28.095
230686720: mean episode reward=27.672

  0%|          | 0/40 [00:00<?, ?it/s]
  5%|▌         | 2/40 [00:00<00:02, 17.02it/s]
 12%|█▎        | 5/40 [00:00<00:01, 21.17it/s]
 20%|██        | 8/40 [00:00<00:01, 22.14it/s]
 28%|██▊       | 11/40 [00:00<00:01, 22.66it/s]
 35%|███▌      | 14/40 [00:00<00:01, 22.99it/s]
 42%|████▎     | 17/40 [00:00<00:01, 22.52it/s]
 50%|█████     | 20/40 [00:00<00:00, 22.50it/s]
 57%|█████▊    | 23/40 [00:01<00:00, 22.56it/s]
 65%|██████▌   | 26/40 [00:01<00:00, 22.30it/s]
 72%|███████▎  | 29/40 [00:01<00:00, 22.96it/s]
 80%|████████  | 32/40 [00:01<00:00, 23.68it/s]
 88%|████████▊ | 35/40 [00:01<00:00, 23.28it/s]
 95%|█████████▌| 38/40 [00:01<00:00, 23.15it/s]
100%|██████████| 40/40 [00:01<00:00, 22.73it/s]
wandb: WARNING `fps` argument does not affect the frame rate of the video when providing a file path or raw bytes.
233963520: reward=25.953
241172480: mean episode reward=27.995
251658240: mean episode reward=28.222
262144000: mean episode reward=28.238

  0%|          | 0/40 [00:00<?, ?it/s]
  5%|▌         | 2/40 [00:00<00:02, 15.01it/s]
 12%|█▎        | 5/40 [00:00<00:01, 19.43it/s]
 20%|██        | 8/40 [00:00<00:01, 20.37it/s]
 28%|██▊       | 11/40 [00:00<00:01, 20.65it/s]
 35%|███▌      | 14/40 [00:00<00:01, 21.09it/s]
 42%|████▎     | 17/40 [00:00<00:01, 21.56it/s]
 50%|█████     | 20/40 [00:00<00:00, 21.05it/s]
 57%|█████▊    | 23/40 [00:01<00:00, 20.46it/s]
 65%|██████▌   | 26/40 [00:01<00:00, 20.75it/s]
 72%|███████▎  | 29/40 [00:01<00:00, 21.02it/s]
 80%|████████  | 32/40 [00:01<00:00, 20.96it/s]
 88%|████████▊ | 35/40 [00:01<00:00, 20.96it/s]
 95%|█████████▌| 38/40 [00:01<00:00, 20.81it/s]
100%|██████████| 40/40 [00:01<00:00, 20.71it/s]
wandb: WARNING `fps` argument does not affect the frame rate of the video when providing a file path or raw bytes.
267386880: reward=26.001
272629760: mean episode reward=28.202
283115520: mean episode reward=28.124
293601280: mean episode reward=28.482

  0%|          | 0/40 [00:00<?, ?it/s]
  5%|▌         | 2/40 [00:00<00:02, 16.16it/s]
 12%|█▎        | 5/40 [00:00<00:01, 19.41it/s]
 20%|██        | 8/40 [00:00<00:01, 20.89it/s]
 28%|██▊       | 11/40 [00:00<00:01, 21.65it/s]
 35%|███▌      | 14/40 [00:00<00:01, 22.44it/s]
 42%|████▎     | 17/40 [00:00<00:01, 22.90it/s]
 50%|█████     | 20/40 [00:00<00:00, 22.89it/s]
 57%|█████▊    | 23/40 [00:01<00:00, 22.93it/s]
 65%|██████▌   | 26/40 [00:01<00:00, 23.18it/s]
 72%|███████▎  | 29/40 [00:01<00:00, 23.68it/s]
 80%|████████  | 32/40 [00:01<00:00, 23.30it/s]
 88%|████████▊ | 35/40 [00:01<00:00, 22.77it/s]
 95%|█████████▌| 38/40 [00:01<00:00, 22.89it/s]
100%|██████████| 40/40 [00:01<00:00, 22.56it/s]
wandb: WARNING `fps` argument does not affect the frame rate of the video when providing a file path or raw bytes.
300810240: reward=26.605
Done training.
Time to JIT compile: 17.775906063616276
Time to train: 782.1393449753523
Starting inference...
FPS for rendering: 10.0

  0%|          | 0/500 [00:00<?, ?it/s]
  0%|          | 2/500 [00:00<00:32, 15.32it/s]
  1%|          | 5/500 [00:00<00:26, 18.64it/s]
  1%|▏         | 7/500 [00:00<00:26, 18.84it/s]
  2%|▏         | 10/500 [00:00<00:24, 20.32it/s]
  3%|▎         | 13/500 [00:00<00:22, 21.63it/s]
  3%|▎         | 16/500 [00:00<00:21, 22.61it/s]
  4%|▍         | 19/500 [00:00<00:21, 22.29it/s]
  4%|▍         | 22/500 [00:01<00:21, 22.19it/s]
  5%|▌         | 25/500 [00:01<00:21, 21.64it/s]
  6%|▌         | 28/500 [00:01<00:22, 21.13it/s]
  6%|▌         | 31/500 [00:01<00:22, 21.03it/s]
  7%|▋         | 34/500 [00:01<00:22, 20.61it/s]
  7%|▋         | 37/500 [00:01<00:22, 20.86it/s]
  8%|▊         | 40/500 [00:01<00:21, 21.18it/s]
  9%|▊         | 43/500 [00:02<00:21, 21.32it/s]
  9%|▉         | 46/500 [00:02<00:20, 22.55it/s]
 10%|▉         | 49/500 [00:02<00:19, 23.22it/s]
 10%|█         | 52/500 [00:02<00:18, 23.60it/s]
 11%|█         | 55/500 [00:02<00:18, 23.62it/s]
 12%|█▏        | 58/500 [00:02<00:18, 23.46it/s]
 12%|█▏        | 61/500 [00:02<00:18, 23.67it/s]
 13%|█▎        | 64/500 [00:02<00:18, 23.43it/s]
 13%|█▎        | 67/500 [00:03<00:19, 22.56it/s]
 14%|█▍        | 70/500 [00:03<00:19, 21.82it/s]
 15%|█▍        | 73/500 [00:03<00:19, 22.02it/s]
 15%|█▌        | 76/500 [00:03<00:18, 22.56it/s]
 16%|█▌        | 79/500 [00:03<00:18, 22.50it/s]
 16%|█▋        | 82/500 [00:03<00:18, 22.74it/s]
 17%|█▋        | 85/500 [00:03<00:18, 22.39it/s]
 18%|█▊        | 88/500 [00:03<00:18, 22.36it/s]
 18%|█▊        | 91/500 [00:04<00:18, 22.26it/s]
 19%|█▉        | 94/500 [00:04<00:18, 22.23it/s]
 19%|█▉        | 97/500 [00:04<00:18, 21.60it/s]
 20%|██        | 100/500 [00:04<00:18, 21.81it/s]
 21%|██        | 103/500 [00:04<00:18, 21.80it/s]
 21%|██        | 106/500 [00:04<00:17, 22.23it/s]
 22%|██▏       | 109/500 [00:04<00:17, 22.73it/s]
 22%|██▏       | 112/500 [00:05<00:17, 22.45it/s]
 23%|██▎       | 115/500 [00:05<00:16, 22.91it/s]
 24%|██▎       | 118/500 [00:05<00:17, 22.38it/s]
 24%|██▍       | 121/500 [00:05<00:17, 22.00it/s]
 25%|██▍       | 124/500 [00:05<00:17, 21.74it/s]
 25%|██▌       | 127/500 [00:05<00:16, 21.97it/s]
 26%|██▌       | 130/500 [00:05<00:16, 21.87it/s]
 27%|██▋       | 133/500 [00:06<00:16, 21.64it/s]
 27%|██▋       | 136/500 [00:06<00:16, 21.46it/s]
 28%|██▊       | 139/500 [00:06<00:16, 21.77it/s]
 28%|██▊       | 142/500 [00:06<00:16, 22.09it/s]
 29%|██▉       | 145/500 [00:06<00:15, 22.46it/s]
 30%|██▉       | 148/500 [00:06<00:15, 22.84it/s]
 30%|███       | 151/500 [00:06<00:15, 22.53it/s]
 31%|███       | 154/500 [00:06<00:15, 22.46it/s]
 31%|███▏      | 157/500 [00:07<00:14, 23.54it/s]
 32%|███▏      | 160/500 [00:07<00:13, 24.29it/s]
 33%|███▎      | 163/500 [00:07<00:13, 24.82it/s]
 33%|███▎      | 166/500 [00:07<00:13, 25.02it/s]
 34%|███▍      | 169/500 [00:07<00:13, 24.42it/s]
 34%|███▍      | 172/500 [00:07<00:13, 23.61it/s]
 35%|███▌      | 175/500 [00:07<00:13, 23.22it/s]
 36%|███▌      | 178/500 [00:07<00:13, 23.04it/s]
 36%|███▌      | 181/500 [00:08<00:14, 22.48it/s]
 37%|███▋      | 184/500 [00:08<00:14, 21.94it/s]
 37%|███▋      | 187/500 [00:08<00:14, 22.19it/s]
 38%|███▊      | 190/500 [00:08<00:13, 22.28it/s]
 39%|███▊      | 193/500 [00:08<00:13, 21.96it/s]
 39%|███▉      | 196/500 [00:08<00:14, 21.46it/s]
 40%|███▉      | 199/500 [00:08<00:13, 21.74it/s]
 40%|████      | 202/500 [00:09<00:13, 21.82it/s]
 41%|████      | 205/500 [00:09<00:13, 22.53it/s]
 42%|████▏     | 208/500 [00:09<00:13, 22.17it/s]
 42%|████▏     | 211/500 [00:09<00:13, 21.85it/s]
 43%|████▎     | 214/500 [00:09<00:13, 21.91it/s]
 43%|████▎     | 217/500 [00:09<00:12, 22.34it/s]
 44%|████▍     | 220/500 [00:09<00:12, 22.19it/s]
 45%|████▍     | 223/500 [00:10<00:12, 21.86it/s]
 45%|████▌     | 226/500 [00:10<00:12, 22.40it/s]
 46%|████▌     | 229/500 [00:10<00:12, 22.26it/s]
 46%|████▋     | 232/500 [00:10<00:12, 22.31it/s]
 47%|████▋     | 235/500 [00:10<00:12, 21.69it/s]
 48%|████▊     | 238/500 [00:10<00:11, 21.87it/s]
 48%|████▊     | 241/500 [00:10<00:12, 21.47it/s]
 49%|████▉     | 244/500 [00:10<00:11, 21.64it/s]
 49%|████▉     | 247/500 [00:11<00:11, 21.30it/s]
 50%|█████     | 250/500 [00:11<00:11, 21.81it/s]
 51%|█████     | 253/500 [00:11<00:11, 22.00it/s]
 51%|█████     | 256/500 [00:11<00:10, 22.45it/s]
 52%|█████▏    | 259/500 [00:11<00:10, 22.81it/s]
 52%|█████▏    | 262/500 [00:11<00:10, 22.18it/s]
 53%|█████▎    | 265/500 [00:11<00:10, 22.69it/s]
 54%|█████▎    | 268/500 [00:12<00:10, 22.78it/s]
 54%|█████▍    | 271/500 [00:12<00:09, 23.14it/s]
 55%|█████▍    | 274/500 [00:12<00:09, 23.16it/s]
 55%|█████▌    | 277/500 [00:12<00:09, 23.07it/s]
 56%|█████▌    | 280/500 [00:12<00:09, 22.48it/s]
 57%|█████▋    | 283/500 [00:12<00:09, 21.82it/s]
 57%|█████▋    | 286/500 [00:12<00:10, 21.34it/s]
 58%|█████▊    | 289/500 [00:13<00:09, 21.42it/s]
 58%|█████▊    | 292/500 [00:13<00:09, 21.38it/s]
 59%|█████▉    | 295/500 [00:13<00:09, 20.89it/s]
 60%|█████▉    | 298/500 [00:13<00:09, 20.79it/s]
 60%|██████    | 301/500 [00:13<00:09, 20.37it/s]
 61%|██████    | 304/500 [00:13<00:09, 20.20it/s]
 61%|██████▏   | 307/500 [00:13<00:09, 20.37it/s]
 62%|██████▏   | 310/500 [00:14<00:09, 19.97it/s]
 63%|██████▎   | 313/500 [00:14<00:09, 20.40it/s]
 63%|██████▎   | 316/500 [00:14<00:09, 20.24it/s]
 64%|██████▍   | 319/500 [00:14<00:08, 20.49it/s]
 64%|██████▍   | 322/500 [00:14<00:08, 20.28it/s]
 65%|██████▌   | 325/500 [00:14<00:08, 20.10it/s]
 66%|██████▌   | 328/500 [00:14<00:08, 20.22it/s]
 66%|██████▌   | 331/500 [00:15<00:08, 20.00it/s]
 67%|██████▋   | 334/500 [00:15<00:08, 20.03it/s]
 67%|██████▋   | 337/500 [00:15<00:08, 19.91it/s]
 68%|██████▊   | 340/500 [00:15<00:07, 20.20it/s]
 69%|██████▊   | 343/500 [00:15<00:07, 20.09it/s]
 69%|██████▉   | 346/500 [00:15<00:07, 20.09it/s]
 70%|██████▉   | 349/500 [00:15<00:07, 20.43it/s]
 70%|███████   | 352/500 [00:16<00:07, 20.24it/s]
 71%|███████   | 355/500 [00:16<00:07, 20.53it/s]
 72%|███████▏  | 358/500 [00:16<00:06, 20.43it/s]
 72%|███████▏  | 361/500 [00:16<00:06, 20.51it/s]
 73%|███████▎  | 364/500 [00:16<00:06, 20.34it/s]
 73%|███████▎  | 367/500 [00:16<00:06, 20.52it/s]
 74%|███████▍  | 370/500 [00:17<00:06, 20.42it/s]
 75%|███████▍  | 373/500 [00:17<00:06, 20.31it/s]
 75%|███████▌  | 376/500 [00:17<00:05, 21.26it/s]
 76%|███████▌  | 379/500 [00:17<00:05, 21.84it/s]
 76%|███████▋  | 382/500 [00:17<00:05, 22.50it/s]
 77%|███████▋  | 385/500 [00:17<00:05, 21.95it/s]
 78%|███████▊  | 388/500 [00:17<00:05, 21.67it/s]
 78%|███████▊  | 391/500 [00:17<00:05, 21.19it/s]
 79%|███████▉  | 394/500 [00:18<00:04, 21.58it/s]
 79%|███████▉  | 397/500 [00:18<00:04, 20.88it/s]
 80%|████████  | 400/500 [00:18<00:04, 20.54it/s]
 81%|████████  | 403/500 [00:18<00:04, 20.50it/s]
 81%|████████  | 406/500 [00:18<00:04, 20.70it/s]
 82%|████████▏ | 409/500 [00:18<00:04, 20.54it/s]
 82%|████████▏ | 412/500 [00:19<00:04, 20.07it/s]
 83%|████████▎ | 415/500 [00:19<00:04, 20.28it/s]
 84%|████████▎ | 418/500 [00:19<00:04, 20.18it/s]
 84%|████████▍ | 421/500 [00:19<00:03, 20.49it/s]
 85%|████████▍ | 424/500 [00:19<00:03, 19.88it/s]
 85%|████████▌ | 427/500 [00:19<00:03, 20.15it/s]
 86%|████████▌ | 430/500 [00:19<00:03, 20.12it/s]
 87%|████████▋ | 433/500 [00:20<00:03, 20.40it/s]
 87%|████████▋ | 436/500 [00:20<00:03, 20.29it/s]
 88%|████████▊ | 439/500 [00:20<00:02, 20.97it/s]
 88%|████████▊ | 442/500 [00:20<00:02, 20.76it/s]
 89%|████████▉ | 445/500 [00:20<00:02, 20.95it/s]
 90%|████████▉ | 448/500 [00:20<00:02, 21.40it/s]
 90%|█████████ | 451/500 [00:20<00:02, 21.37it/s]
 91%|█████████ | 454/500 [00:21<00:02, 21.24it/s]
 91%|█████████▏| 457/500 [00:21<00:02, 21.10it/s]
 92%|█████████▏| 460/500 [00:21<00:01, 21.49it/s]
 93%|█████████▎| 463/500 [00:21<00:01, 21.75it/s]
 93%|█████████▎| 466/500 [00:21<00:01, 21.91it/s]
 94%|█████████▍| 469/500 [00:21<00:01, 21.69it/s]
 94%|█████████▍| 472/500 [00:21<00:01, 21.20it/s]
 95%|█████████▌| 475/500 [00:22<00:01, 21.25it/s]
 96%|█████████▌| 478/500 [00:22<00:01, 21.37it/s]
 96%|█████████▌| 481/500 [00:22<00:00, 22.19it/s]
 97%|█████████▋| 484/500 [00:22<00:00, 22.72it/s]
 97%|█████████▋| 487/500 [00:22<00:00, 22.64it/s]
 98%|█████████▊| 490/500 [00:22<00:00, 22.59it/s]
 99%|█████████▊| 493/500 [00:22<00:00, 23.14it/s]
 99%|█████████▉| 496/500 [00:22<00:00, 23.30it/s]
100%|█████████▉| 499/500 [00:23<00:00, 23.64it/s]
100%|██████████| 500/500 [00:23<00:00, 21.67it/s]
Rollout video saved as 'rollout0.mp4'.
[1;34mwandb[0m: 
[1;34mwandb[0m: 🚀 View run [33mTesolloCubePinch-20260623-160743-cubepinch_sb_forcemagnitude_s3[0m at: [34mhttps://wandb.ai/nikolastaykov/mjxrl/runs/hu1c5qe3[0m
[1;34mwandb[0m: Find logs at: [1;35mwandb/run-20260623_160743-hu1c5qe3/logs[0m
